Archive member included because of file (symbol)

/Applications/Simplicity Studio.app/Contents/Eclipse/developer/sdks/gecko_sdk_suite/v1.1//protocol/bluetooth_2.4/lib/EFR32BG1B/GCC/bgapi.a(gecko_bgapi_hardware.c.obj)
                              ./main.o (gecko_bgapi_class_hardware_init)
/Applications/Simplicity Studio.app/Contents/Eclipse/developer/sdks/gecko_sdk_suite/v1.1//protocol/bluetooth_2.4/lib/EFR32BG1B/GCC/bgapi.a(gecko_bgapi_test.c.obj)
                              ./main.o (gecko_bgapi_class_test_init)
/Applications/Simplicity Studio.app/Contents/Eclipse/developer/sdks/gecko_sdk_suite/v1.1//protocol/bluetooth_2.4/lib/EFR32BG1B/GCC/bgapi.a(gecko_bgapi_dfu.c.obj)
                              ./main.o (gecko_bgapi_class_dfu_init)
/Applications/Simplicity Studio.app/Contents/Eclipse/developer/sdks/gecko_sdk_suite/v1.1//protocol/bluetooth_2.4/lib/EFR32BG1B/GCC/bgapi.a(gecko_bgapi_gap.c.obj)
                              ./main.o (gecko_bgapi_class_le_gap_init)
/Applications/Simplicity Studio.app/Contents/Eclipse/developer/sdks/gecko_sdk_suite/v1.1//protocol/bluetooth_2.4/lib/EFR32BG1B/GCC/bgapi.a(gecko_bgapi_gatt.c.obj)
                              ./main.o (gecko_bgapi_class_gatt_init)
/Applications/Simplicity Studio.app/Contents/Eclipse/developer/sdks/gecko_sdk_suite/v1.1//protocol/bluetooth_2.4/lib/EFR32BG1B/GCC/bgapi.a(gecko_bgapi_gatt_server.c.obj)
                              ./main.o (gecko_bgapi_class_gatt_server_init)
/Applications/Simplicity Studio.app/Contents/Eclipse/developer/sdks/gecko_sdk_suite/v1.1//protocol/bluetooth_2.4/lib/EFR32BG1B/GCC/bgapi.a(gecko_bgapi_flash.c.obj)
                              ./main.o (gecko_bgapi_class_flash_init)
/Applications/Simplicity Studio.app/Contents/Eclipse/developer/sdks/gecko_sdk_suite/v1.1//protocol/bluetooth_2.4/lib/EFR32BG1B/GCC/bgapi.a(gecko_bgapi_sm.c.obj)
                              ./main.o (gecko_bgapi_class_sm_init)
/Applications/Simplicity Studio.app/Contents/Eclipse/developer/sdks/gecko_sdk_suite/v1.1//protocol/bluetooth_2.4/lib/EFR32BG1B/GCC/bgapi.a(gecko_bgapi_system.c.obj)
                              ./main.o (gecko_bgapi_class_system_init)
/Applications/Simplicity Studio.app/Contents/Eclipse/developer/sdks/gecko_sdk_suite/v1.1//protocol/bluetooth_2.4/lib/EFR32BG1B/GCC/bgapi.a(gecko_bgapi_endpoint.c.obj)
                              ./main.o (gecko_bgapi_class_endpoint_init)
/Applications/Simplicity Studio.app/Contents/Eclipse/developer/sdks/gecko_sdk_suite/v1.1//protocol/bluetooth_2.4/lib/EFR32BG1B/GCC/bgapi.a(gecko_bgapi_le_connection.c.obj)
                              ./main.o (gecko_bgapi_class_le_connection_init)
/Applications/Simplicity Studio.app/Contents/Eclipse/developer/sdks/gecko_sdk_suite/v1.1//protocol/bluetooth_2.4/lib/EFR32BG1B/GCC/bgapi.a(bgapi_hardware.c.obj)
                              /Applications/Simplicity Studio.app/Contents/Eclipse/developer/sdks/gecko_sdk_suite/v1.1//protocol/bluetooth_2.4/lib/EFR32BG1B/GCC/bgapi.a(gecko_bgapi_hardware.c.obj) (lib_hardware_handler_init)
/Applications/Simplicity Studio.app/Contents/Eclipse/developer/sdks/gecko_sdk_suite/v1.1//protocol/bluetooth_2.4/lib/EFR32BG1B/GCC/bgapi.a(bgapi_test_lib.c.obj)
                              /Applications/Simplicity Studio.app/Contents/Eclipse/developer/sdks/gecko_sdk_suite/v1.1//protocol/bluetooth_2.4/lib/EFR32BG1B/GCC/bgapi.a(gecko_bgapi_test.c.obj) (lib_test_handler_init)
/Applications/Simplicity Studio.app/Contents/Eclipse/developer/sdks/gecko_sdk_suite/v1.1//protocol/bluetooth_2.4/lib/EFR32BG1B/GCC/bgapi.a(bgapi_dfu.c.obj)
                              /Applications/Simplicity Studio.app/Contents/Eclipse/developer/sdks/gecko_sdk_suite/v1.1//protocol/bluetooth_2.4/lib/EFR32BG1B/GCC/bgapi.a(gecko_bgapi_dfu.c.obj) (lib_dfu_handler_init)
/Applications/Simplicity Studio.app/Contents/Eclipse/developer/sdks/gecko_sdk_suite/v1.1//protocol/bluetooth_2.4/lib/EFR32BG1B/GCC/bgapi.a(bgapi_gap.c.obj)
                              /Applications/Simplicity Studio.app/Contents/Eclipse/developer/sdks/gecko_sdk_suite/v1.1//protocol/bluetooth_2.4/lib/EFR32BG1B/GCC/bgapi.a(gecko_bgapi_gap.c.obj) (lib_le_gap_handler_init)
/Applications/Simplicity Studio.app/Contents/Eclipse/developer/sdks/gecko_sdk_suite/v1.1//protocol/bluetooth_2.4/lib/EFR32BG1B/GCC/bgapi.a(bgapi_gatt_lib.c.obj)
                              /Applications/Simplicity Studio.app/Contents/Eclipse/developer/sdks/gecko_sdk_suite/v1.1//protocol/bluetooth_2.4/lib/EFR32BG1B/GCC/bgapi.a(gecko_bgapi_gatt.c.obj) (lib_gatt_handler_init)
/Applications/Simplicity Studio.app/Contents/Eclipse/developer/sdks/gecko_sdk_suite/v1.1//protocol/bluetooth_2.4/lib/EFR32BG1B/GCC/bgapi.a(bgapi_ps.c.obj)
                              /Applications/Simplicity Studio.app/Contents/Eclipse/developer/sdks/gecko_sdk_suite/v1.1//protocol/bluetooth_2.4/lib/EFR32BG1B/GCC/bgapi.a(gecko_bgapi_flash.c.obj) (lib_flash_handler_init)
[...]
Memory Configuration

Name             Origin             Length             Attributes
FLASH_BOOTLOADER 0x0000000000000000 0x0000000000004000 xr
FLASH            0x0000000000004000 0x000000000003b000 xr
RAM              0x0000000020003000 0x0000000000004bfc xrw
*default*        0x0000000000000000 0xffffffffffffffff

Linker script and memory map

LOAD /Applications/Simplicity Studio.app/Contents/Eclipse/developer/toolchains/gnu_arm/4.9_2015q3/bin/../lib/gcc/arm-none-eabi/4.9.3/armv7e-m/fpu/crti.o
LOAD /Applications/Simplicity Studio.app/Contents/Eclipse/developer/toolchains/gnu_arm/4.9_2015q3/bin/../lib/gcc/arm-none-eabi/4.9.3/armv7e-m/fpu/crtbegin.o
LOAD /Applications/Simplicity Studio.app/Contents/Eclipse/developer/toolchains/gnu_arm/4.9_2015q3/bin/../lib/gcc/arm-none-eabi/4.9.3/../../../../arm-none-eabi/lib/armv7e-m/fpu/crt0.o
LOAD ./application_properties.o
LOAD ./gatt_db.o
LOAD ./main.o
LOAD ./bgapi/dmadrv.o
LOAD ./bgapi/em_adc.o
LOAD ./bgapi/em_ldma.o
LOAD ./bgapi/em_leuart.o
LOAD ./device/EFR32_B_1_1_B/gcc/startup_efr32bg1b.o
LOAD ./emlib/em_cmu.o
LOAD ./emlib/em_gpio.o
LOAD ./emlib/em_i2c.o
LOAD ./emlib/em_letimer.o
LOAD ./emlib/em_msc.o
LOAD ./emlib/em_rtcc.o
LOAD ./emlib/em_system.o
LOAD ./emlib/em_timer.o
LOAD ./emlib/em_usart.o
LOAD ./kit_flashpwr/BRD4302A/mx25flash_spi.o
LOAD ./src/InitDevice.o
LOAD ./src/adc.o
LOAD ./src/cmu.o
LOAD ./src/gpio.o
LOAD ./src/i2c.o
LOAD ./src/letimer.o
LOAD ./src/sleep.o
LOAD ./src/timer.o
LOAD ./src/usart.o
LOAD /Applications/Simplicity Studio.app/Contents/Eclipse/developer/sdks/gecko_sdk_suite/v1.1//protocol/bluetooth_2.4/lib/EFR32BG1B/EABI/stack.a
LOAD /Applications/Simplicity Studio.app/Contents/Eclipse/developer/sdks/gecko_sdk_suite/v1.1//protocol/bluetooth_2.4/lib/EFR32BG1B/EABI/binstack.o
LOAD /Applications/Simplicity Studio.app/Contents/Eclipse/developer/sdks/gecko_sdk_suite/v1.1//protocol/bluetooth_2.4/lib/EFR32BG1B/EABI/binbootloader.o
LOAD /Applications/Simplicity Studio.app/Contents/Eclipse/developer/sdks/gecko_sdk_suite/v1.1//protocol/bluetooth_2.4/lib/EFR32BG1B/GCC/bgapi.a
LOAD /Applications/Simplicity Studio.app/Contents/Eclipse/developer/toolchains/gnu_arm/4.9_2015q3/bin/../lib/gcc/arm-none-eabi/4.9.3/../../../../arm-none-eabi/lib/armv7e-m/fpu/libm.a
START GROUP
LOAD /Applications/Simplicity Studio.app/Contents/Eclipse/developer/toolchains/gnu_arm/4.9_2015q3/bin/../lib/gcc/arm-none-eabi/4.9.3/armv7e-m/fpu/libgcc.a
LOAD /Applications/Simplicity Studio.app/Contents/Eclipse/developer/toolchains/gnu_arm/4.9_2015q3/bin/../lib/gcc/arm-none-eabi/4.9.3/../../../../arm-none-eabi/lib/armv7e-m/fpu/libc.a
LOAD /Applications/Simplicity Studio.app/Contents/Eclipse/developer/toolchains/gnu_arm/4.9_2015q3/bin/../lib/gcc/arm-none-eabi/4.9.3/../../../../arm-none-eabi/lib/armv7e-m/fpu/libnosys.a
END GROUP
START GROUP
LOAD /Applications/Simplicity Studio.app/Contents/Eclipse/developer/toolchains/gnu_arm/4.9_2015q3/bin/../lib/gcc/arm-none-eabi/4.9.3/armv7e-m/fpu/libgcc.a
LOAD /Applications/Simplicity Studio.app/Contents/Eclipse/developer/toolchains/gnu_arm/4.9_2015q3/bin/../lib/gcc/arm-none-eabi/4.9.3/../../../../arm-none-eabi/lib/armv7e-m/fpu/libg.a
LOAD /Applications/Simplicity Studio.app/Contents/Eclipse/developer/toolchains/gnu_arm/4.9_2015q3/bin/../lib/gcc/arm-none-eabi/4.9.3/../../../../arm-none-eabi/lib/armv7e-m/fpu/libc.a
END GROUP
LOAD /Applications/Simplicity Studio.app/Contents/Eclipse/developer/toolchains/gnu_arm/4.9_2015q3/bin/../lib/gcc/arm-none-eabi/4.9.3/armv7e-m/fpu/crtend.o
LOAD /Applications/Simplicity Studio.app/Contents/Eclipse/developer/toolchains/gnu_arm/4.9_2015q3/bin/../lib/gcc/arm-none-eabi/4.9.3/armv7e-m/fpu/crtn.o

.text_bootloader
                0x0000000000000000     0x4000
 *(.binbootloader*)
 .binbootloader
                0x0000000000000000      0x31c /Applications/Simplicity Studio.app/Contents/Eclipse/developer/sdks/gecko_sdk_suite/v1.1//protocol/bluetooth_2.4/lib/EFR32BG1B/EABI/binbootloader.o
                0x0000000000004000                . = ALIGN (0x4000)
 *fill*         0x000000000000031c     0x3ce4 

.text_stack_bin
                0x0000000000004000    0x1cee3
 *(.binstack*)
 .binstack      0x0000000000004000    0x1cee3 /Applications/Simplicity Studio.app/Contents/Eclipse/developer/sdks/gecko_sdk_suite/v1.1//protocol/bluetooth_2.4/lib/EFR32BG1B/EABI/binstack.o

.text_signature
                0x0000000000020ee3      0x11d
                0x0000000000020f23                . = (. + 0x40)
 *fill*         0x0000000000020ee3       0x40 
                0x0000000000021000                . = ALIGN (0x800)
 *fill*         0x0000000000020f23       0xdd 
                0x0000000000021000                __text_start__ = .

.text_app       0x0000000000021000     0x849c
 *(.AAT)
 .AAT           0x0000000000021000       0x80 ./main.o
                0x0000000000021000                AppAddressTable
 *(.vectors)
 .vectors       0x0000000000021080       0xc8 ./device/EFR32_B_1_1_B/gcc/startup_efr32bg1b.o
                0x0000000000021080                __Vectors
                0x0000000000021148                __Vectors_End = .
                0x00000000000000c8                __Vectors_Size = (__Vectors_End - __Vectors)
                0x0000000000021148                __end__ = .
 *(.gecko_configuration)
 *(.xo_configuration)
 *(.gatt_header)
 .gatt_header   0x0000000000021148       0x34 ./gatt_db.o
                0x0000000000021148                bg_gattdb_data
 *(.gatt_data)
 .gatt_data     0x000000000002117c      0x1d5 ./gatt_db.o
                0x000000000002117c                bg_gattdb_data_uuidtable_16_map
                0x0000000000021198                bg_gattdb_data_uuidtable_128_map
                0x00000000000211b8                bg_gattdb_data_attribute_field_18
                0x00000000000211c0                bg_gattdb_data_attribute_field_17
                0x00000000000211d8                bg_gattdb_data_attribute_field_16
                0x00000000000211ec                bg_gattdb_data_attribute_field_15
                0x00000000000211f4                bg_gattdb_data_attribute_field_14
                0x00000000000211fc                bg_gattdb_data_attribute_field_13
                0x0000000000021208                bg_gattdb_data_attribute_field_12
                0x0000000000021210                bg_gattdb_data_attribute_field_11
                0x0000000000021220                bg_gattdb_data_attribute_field_10
                0x0000000000021228                bg_gattdb_data_attribute_field_9
                0x000000000002122c                bg_gattdb_data_attribute_field_8
                0x0000000000021230                bg_gattdb_data_attribute_field_7
                0x0000000000021238                bg_gattdb_data_attribute_field_6
                0x0000000000021240                bg_gattdb_data_attribute_field_5
                0x0000000000021248                bg_gattdb_data_attribute_field_4
                0x000000000002124c                bg_gattdb_data_attribute_field_2
                0x0000000000021254                bg_gattdb_data_attribute_field_1
                0x000000000002125c                bg_gattdb_data_attribute_field_0
                0x0000000000021260                bg_gattdb_data_attributes_map
                0x0000000000021344                bg_gattdb_data_attributes_dynamic_mapping_map
                0x000000000002134c                bg_gattdb_data_adv_uuid16_map
                0x0000000000021350                bg_gattdb_data_adv_uuid128_map
 *(.application_properties)
 *fill*         0x0000000000021351        0x3 
 .application_properties
                0x0000000000021354       0x38 ./application_properties.o
                0x0000000000021354                applicationProperties
 *(.text*)
 .text          0x000000000002138c       0x5c /Applications/Simplicity Studio.app/Contents/Eclipse/developer/toolchains/gnu_arm/4.9_2015q3/bin/../lib/gcc/arm-none-eabi/4.9.3/armv7e-m/fpu/crtbegin.o
 .text          0x00000000000213e8       0x74 /Applications/Simplicity Studio.app/Contents/Eclipse/developer/toolchains/gnu_arm/4.9_2015q3/bin/../lib/gcc/arm-none-eabi/4.9.3/../../../../arm-none-eabi/lib/armv7e-m/fpu/crt0.o
                0x00000000000213e8                _mainCRTStartup
                0x00000000000213e8                _start
 .text.gecko_init
                0x000000000002145c       0x40 ./main.o
 .text.main     0x000000000002149c       0x64 ./main.o
                0x000000000002149c                main
 .text.LDMA_IRQHandler
                0x0000000000021500       0xe0 ./bgapi/dmadrv.o
                0x0000000000021500                LDMA_IRQHandler
 .text.ADC_IntClear
                0x00000000000215e0       0x1c ./bgapi/em_adc.o
 .text.BUS_RegBitWrite
                0x00000000000215fc       0x2c ./bgapi/em_adc.o
 .text.BUS_RegMaskedSet
                0x0000000000021628       0x24 ./bgapi/em_adc.o
 .text.BUS_RegMaskedClear
                0x000000000002164c       0x24 ./bgapi/em_adc.o
 .text.BUS_RegMaskedWrite
                0x0000000000021670       0x24 ./bgapi/em_adc.o
 .text.ADC_LoadDevinfoCal
                0x0000000000021694      0x1b8 ./bgapi/em_adc.o
 .text.ADC_Init
                0x000000000002184c       0x90 ./bgapi/em_adc.o
                0x000000000002184c                ADC_Init
 .text.ADC_InitSingle
                0x00000000000218dc      0x150 ./bgapi/em_adc.o
                0x00000000000218dc                ADC_InitSingle
 .text.ADC_PrescaleCalc
                0x0000000000021a2c       0x64 ./bgapi/em_adc.o
                0x0000000000021a2c                ADC_PrescaleCalc
 .text.ADC_TimebaseCalc
                0x0000000000021a90       0x50 ./bgapi/em_adc.o
                0x0000000000021a90                ADC_TimebaseCalc
 .text.Reset_Handler
                0x0000000000021ae0       0x38 ./device/EFR32_B_1_1_B/gcc/startup_efr32bg1b.o
                0x0000000000021ae0                Reset_Handler
 .text.Default_Handler
                0x0000000000021b18        0x8 ./device/EFR32_B_1_1_B/gcc/startup_efr32bg1b.o
                0x0000000000021b18                IDAC0_IRQHandler
                0x0000000000021b18                USART0_TX_IRQHandler
                0x0000000000021b18                I2C0_IRQHandler
                0x0000000000021b18                HardFault_Handler
                0x0000000000021b18                SysTick_Handler
                0x0000000000021b18                USART1_RX_IRQHandler
                0x0000000000021b18                PendSV_Handler
                0x0000000000021b18                NMI_Handler
                0x0000000000021b18                SYNTH_IRQHandler
                0x0000000000021b18                WDOG0_IRQHandler
                0x0000000000021b18                USART1_TX_IRQHandler
                0x0000000000021b18                MSC_IRQHandler
                0x0000000000021b18                UsageFault_Handler
                0x0000000000021b18                LEUART0_IRQHandler
                0x0000000000021b18                FPUEH_IRQHandler
                0x0000000000021b18                GPIO_EVEN_IRQHandler
                0x0000000000021b18                TIMER1_IRQHandler
                0x0000000000021b18                RFSENSE_IRQHandler
                0x0000000000021b18                BUFC_IRQHandler
                0x0000000000021b18                MODEM_IRQHandler
                0x0000000000021b18                Default_Handler
                0x0000000000021b18                RAC_SEQ_IRQHandler
                0x0000000000021b18                FRC_PRI_IRQHandler
                0x0000000000021b18                FRC_IRQHandler
                0x0000000000021b18                CRYOTIMER_IRQHandler
                0x0000000000021b18                PCNT0_IRQHandler
                0x0000000000021b18                AGC_IRQHandler
                0x0000000000021b18                ACMP0_IRQHandler
                0x0000000000021b18                USART0_RX_IRQHandler
                0x0000000000021b18                MemManage_Handler
                0x0000000000021b18                SVC_Handler
                0x0000000000021b18                RTCC_IRQHandler
                0x0000000000021b18                CRYPTO_IRQHandler
                0x0000000000021b18                CMU_IRQHandler
                0x0000000000021b18                RAC_RSM_IRQHandler
                0x0000000000021b18                PROTIMER_IRQHandler
                0x0000000000021b18                BusFault_Handler
                0x0000000000021b18                DebugMon_Handler
 .text.BUS_RegBitWrite
                0x0000000000021b20       0x2c ./emlib/em_cmu.o
 .text.BUS_RegBitRead
                0x0000000000021b4c       0x2c ./emlib/em_cmu.o
 .text.BUS_RegMaskedSet
                0x0000000000021b78       0x24 ./emlib/em_cmu.o
 .text.BUS_RegMaskedClear
                0x0000000000021b9c       0x24 ./emlib/em_cmu.o
 .text.BUS_RegMaskedWrite
                0x0000000000021bc0       0x24 ./emlib/em_cmu.o
 .text.CMU_Log2ToDiv
                0x0000000000021be4       0x1c ./emlib/em_cmu.o
 .text.setHfLeConfig
                0x0000000000021c00       0x64 ./emlib/em_cmu.o
 .text.auxClkGet
                0x0000000000021c64       0x20 ./emlib/em_cmu.o
 .text.hfSrcClkGet
                0x0000000000021c84       0x2c ./emlib/em_cmu.o
 .text.dbgClkGet
                0x0000000000021cb0       0x3c ./emlib/em_cmu.o
 .text.adcAsyncClkGet
                0x0000000000021cec       0x80 ./emlib/em_cmu.o
 .text.flashWaitStateControl
                0x0000000000021d6c       0x7c ./emlib/em_cmu.o
 .text.flashWaitStateMax
                0x0000000000021de8       0x14 ./emlib/em_cmu.o
 .text.CMU_UpdateWaitStates
                0x0000000000021dfc       0x18 ./emlib/em_cmu.o
                0x0000000000021dfc                CMU_UpdateWaitStates
 .text.getRegIshUpperVal
                0x0000000000021e14       0x38 ./emlib/em_cmu.o
 .text.getHfxoTuningMode
                0x0000000000021e4c       0x1c ./emlib/em_cmu.o
 .text.setHfxoTuningMode
                0x0000000000021e68       0x28 ./emlib/em_cmu.o
 .text.lfClkGet
                0x0000000000021e90       0xe8 ./emlib/em_cmu.o
 .text.syncReg  0x0000000000021f78       0x38 ./emlib/em_cmu.o
 .text.CMU_AUXHFRCODevinfoGet
                0x0000000000021fb0       0xdc ./emlib/em_cmu.o
 .text.CMU_AUXHFRCOBandSet
                0x000000000002208c       0x98 ./emlib/em_cmu.o
                0x000000000002208c                CMU_AUXHFRCOBandSet
 .text.CMU_ClockEnable
                0x0000000000022124       0xcc ./emlib/em_cmu.o
                0x0000000000022124                CMU_ClockEnable
 .text.CMU_ClockFreqGet
                0x00000000000221f0      0x198 ./emlib/em_cmu.o
                0x00000000000221f0                CMU_ClockFreqGet
 .text.CMU_ClockSelectGet
                0x0000000000022388      0x190 ./emlib/em_cmu.o
                0x0000000000022388                CMU_ClockSelectGet
 .text.CMU_ClockSelectSet
                0x0000000000022518      0x25c ./emlib/em_cmu.o
                0x0000000000022518                CMU_ClockSelectSet
 .text.CMU_HFRCODevinfoGet
                0x0000000000022774       0xdc ./emlib/em_cmu.o
 .text.CMU_HFRCOBandSet
                0x0000000000022850       0xec ./emlib/em_cmu.o
                0x0000000000022850                CMU_HFRCOBandSet
 .text.CMU_HFXOAutostartEnable
                0x000000000002293c       0x7c ./emlib/em_cmu.o
                0x000000000002293c                CMU_HFXOAutostartEnable
 .text.CMU_HFXOInit
                0x00000000000229b8       0xf4 ./emlib/em_cmu.o
                0x00000000000229b8                CMU_HFXOInit
 .text.CMU_LFXOInit
                0x0000000000022aac       0x50 ./emlib/em_cmu.o
                0x0000000000022aac                CMU_LFXOInit
 .text.CMU_OscillatorEnable
                0x0000000000022afc      0x174 ./emlib/em_cmu.o
                0x0000000000022afc                CMU_OscillatorEnable
 .text.CMU_OscillatorTuningGet
                0x0000000000022c70       0x74 ./emlib/em_cmu.o
                0x0000000000022c70                CMU_OscillatorTuningGet
 .text.CMU_OscillatorTuningSet
                0x0000000000022ce4       0xfc ./emlib/em_cmu.o
                0x0000000000022ce4                CMU_OscillatorTuningSet
 .text.CMU_OscillatorTuningWait
                0x0000000000022de0       0x8c ./emlib/em_cmu.o
                0x0000000000022de0                CMU_OscillatorTuningWait
 .text.CMU_OscillatorTuningOptimize
                0x0000000000022e6c       0x4c ./emlib/em_cmu.o
                0x0000000000022e6c                CMU_OscillatorTuningOptimize
 .text.BUS_RegBitWrite
                0x0000000000022eb8       0x2c ./emlib/em_gpio.o
 .text.BUS_RegMaskedSet
                0x0000000000022ee4       0x24 ./emlib/em_gpio.o
 .text.BUS_RegMaskedClear
                0x0000000000022f08       0x24 ./emlib/em_gpio.o
 .text.BUS_RegMaskedWrite
                0x0000000000022f2c       0x24 ./emlib/em_gpio.o
 .text.GPIO_PinOutClear
                0x0000000000022f50       0x58 ./emlib/em_gpio.o
 .text.GPIO_PinOutSet
                0x0000000000022fa8       0x58 ./emlib/em_gpio.o
 .text.GPIO_DriveStrengthSet
                0x0000000000023000       0x60 ./emlib/em_gpio.o
                0x0000000000023000                GPIO_DriveStrengthSet
 .text.GPIO_ExtIntConfig
                0x0000000000023060      0x128 ./emlib/em_gpio.o
                0x0000000000023060                GPIO_ExtIntConfig
 .text.GPIO_PinModeSet
                0x0000000000023188      0x108 ./emlib/em_gpio.o
                0x0000000000023188                GPIO_PinModeSet
 .text.BUS_RegBitWrite
                0x0000000000023290       0x2c ./emlib/em_i2c.o
 .text.BUS_RegMaskedSet
                0x00000000000232bc       0x24 ./emlib/em_i2c.o
 .text.BUS_RegMaskedClear
                0x00000000000232e0       0x24 ./emlib/em_i2c.o
 .text.BUS_RegMaskedWrite
                0x0000000000023304       0x24 ./emlib/em_i2c.o
 .text.I2C_BusFreqSet
                0x0000000000023328       0xfc ./emlib/em_i2c.o
                0x0000000000023328                I2C_BusFreqSet
 .text.I2C_Enable
                0x0000000000023424       0x20 ./emlib/em_i2c.o
                0x0000000000023424                I2C_Enable
 .text.I2C_Init
                0x0000000000023444       0x5c ./emlib/em_i2c.o
                0x0000000000023444                I2C_Init
 .text.LETIMER_CompareGet
                0x00000000000234a0       0x50 ./emlib/em_letimer.o
                0x00000000000234a0                LETIMER_CompareGet
 .text.LETIMER_CompareSet
                0x00000000000234f0       0x58 ./emlib/em_letimer.o
                0x00000000000234f0                LETIMER_CompareSet
 .text.LETIMER_Enable
                0x0000000000023548       0x2c ./emlib/em_letimer.o
                0x0000000000023548                LETIMER_Enable
 .text.LETIMER_Init
                0x0000000000023574       0xcc ./emlib/em_letimer.o
                0x0000000000023574                LETIMER_Init
 .text.RTCC_Init
                0x0000000000023640       0x60 ./emlib/em_rtcc.o
                0x0000000000023640                RTCC_Init
 .text.SYSTEM_ChipRevisionGet
                0x00000000000236a0       0x74 ./emlib/em_system.o
                0x00000000000236a0                SYSTEM_ChipRevisionGet
 .text.TIMER_Valid
                0x0000000000023714       0x38 ./emlib/em_timer.o
 .text.TIMER_Init
                0x000000000002374c       0xdc ./emlib/em_timer.o
                0x000000000002374c                TIMER_Init
 .text.TIMER_InitCC
                0x0000000000023828       0x9c ./emlib/em_timer.o
                0x0000000000023828                TIMER_InitCC
 .text.USART_BaudrateSyncSet
                0x00000000000238c4       0x40 ./emlib/em_usart.o
                0x00000000000238c4                USART_BaudrateSyncSet
 .text.USART_Enable
                0x0000000000023904       0x4c ./emlib/em_usart.o
                0x0000000000023904                USART_Enable
 .text.USART_InitSync
                0x0000000000023950       0xec ./emlib/em_usart.o
                0x0000000000023950                USART_InitSync
 .text.USART_Reset
                0x0000000000023a3c       0x94 ./emlib/em_usart.o
                0x0000000000023a3c                USART_Reset
 .text.USART_SpiTransfer
                0x0000000000023ad0       0x40 ./emlib/em_usart.o
                0x0000000000023ad0                USART_SpiTransfer
 .text.BUS_RegMaskedSet
                0x0000000000023b10       0x24 ./kit_flashpwr/BRD4302A/mx25flash_spi.o
 .text.BUS_RegMaskedClear
                0x0000000000023b34       0x24 ./kit_flashpwr/BRD4302A/mx25flash_spi.o
 .text.GPIO_PinOutClear
                0x0000000000023b58       0x58 ./kit_flashpwr/BRD4302A/mx25flash_spi.o
 .text.GPIO_PinOutSet
                0x0000000000023bb0       0x58 ./kit_flashpwr/BRD4302A/mx25flash_spi.o
 .text.MX25_init
                0x0000000000023c08       0x98 ./kit_flashpwr/BRD4302A/mx25flash_spi.o
                0x0000000000023c08                MX25_init
 .text.Wait_Flash_WarmUp
                0x0000000000023ca0       0x24 ./kit_flashpwr/BRD4302A/mx25flash_spi.o
                0x0000000000023ca0                Wait_Flash_WarmUp
 .text.Initial_Spi
                0x0000000000023cc4        0xc ./kit_flashpwr/BRD4302A/mx25flash_spi.o
                0x0000000000023cc4                Initial_Spi
 .text.CS_Low   0x0000000000023cd0       0x10 ./kit_flashpwr/BRD4302A/mx25flash_spi.o
                0x0000000000023cd0                CS_Low
 .text.CS_High  0x0000000000023ce0       0x10 ./kit_flashpwr/BRD4302A/mx25flash_spi.o
                0x0000000000023ce0                CS_High
 .text.SendByte
                0x0000000000023cf0       0x3c ./kit_flashpwr/BRD4302A/mx25flash_spi.o
                0x0000000000023cf0                SendByte
 .text.MX25_DP  0x0000000000023d2c       0x1c ./kit_flashpwr/BRD4302A/mx25flash_spi.o
                0x0000000000023d2c                MX25_DP
 .text.SYSTEM_GetProdRev
                0x0000000000023d48       0x1c ./src/InitDevice.o
 .text.BUS_RegBitWrite
                0x0000000000023d64       0x2c ./src/InitDevice.o
 .text.CHIP_Init
                0x0000000000023d90       0xb4 ./src/InitDevice.o
 .text.enter_DefaultMode_from_RESET
                0x0000000000023e44       0x2c ./src/InitDevice.o
                0x0000000000023e44                enter_DefaultMode_from_RESET
 .text.EMU_enter_DefaultMode_from_RESET
                0x0000000000023e70       0x94 ./src/InitDevice.o
                0x0000000000023e70                EMU_enter_DefaultMode_from_RESET
 .text.LFXO_enter_DefaultMode_from_RESET
                0x0000000000023f04        0xc ./src/InitDevice.o
                0x0000000000023f04                LFXO_enter_DefaultMode_from_RESET
 .text.CMU_enter_DefaultMode_from_RESET
                0x0000000000023f10      0x128 ./src/InitDevice.o
                0x0000000000023f10                CMU_enter_DefaultMode_from_RESET
 .text.RTCC_enter_DefaultMode_from_RESET
                0x0000000000024038       0x4c ./src/InitDevice.o
                0x0000000000024038                RTCC_enter_DefaultMode_from_RESET
 .text.GPCRC_enter_DefaultMode_from_RESET
                0x0000000000024084        0xc ./src/InitDevice.o
                0x0000000000024084                GPCRC_enter_DefaultMode_from_RESET
 .text.LDMA_enter_DefaultMode_from_RESET
                0x0000000000024090        0xc ./src/InitDevice.o
                0x0000000000024090                LDMA_enter_DefaultMode_from_RESET
 .text.PRS_enter_DefaultMode_from_RESET
                0x000000000002409c       0x20 ./src/InitDevice.o
                0x000000000002409c                PRS_enter_DefaultMode_from_RESET
 .text.PORTIO_enter_DefaultMode_from_RESET
                0x00000000000240bc        0xc ./src/InitDevice.o
                0x00000000000240bc                PORTIO_enter_DefaultMode_from_RESET
 .text.NVIC_EnableIRQ
                0x00000000000240c8       0x2c ./src/adc.o
 .text.NVIC_ClearPendingIRQ
                0x00000000000240f4       0x30 ./src/adc.o
 .text.ADC_IntClear
                0x0000000000024124       0x1c ./src/adc.o
 .text.ADC_IntEnable
                0x0000000000024140       0x20 ./src/adc.o
 .text.ADC_IntGet
                0x0000000000024160       0x18 ./src/adc.o
 .text.ADC0_setup
                0x0000000000024178      0x138 ./src/adc.o
                0x0000000000024178                ADC0_setup
 .text.ADC0_IRQHandler
                0x00000000000242b0      0x244 ./src/adc.o
                0x00000000000242b0                ADC0_IRQHandler
 .text.cmu_init
                0x00000000000244f4       0xf8 ./src/cmu.o
                0x00000000000244f4                cmu_init
 .text.BUS_RegMaskedSet
                0x00000000000245ec       0x24 ./src/gpio.o
 .text.BUS_RegMaskedClear
                0x0000000000024610       0x24 ./src/gpio.o
 .text.GPIO_PinOutClear
                0x0000000000024634       0x58 ./src/gpio.o
 .text.GPIO_PinOutSet
                0x000000000002468c       0x58 ./src/gpio.o
 .text.gpio_init
                0x00000000000246e4       0x4c ./src/gpio.o
                0x00000000000246e4                gpio_init
 .text.led0_on  0x0000000000024730       0x10 ./src/gpio.o
                0x0000000000024730                led0_on
 .text.led0_off
                0x0000000000024740       0x10 ./src/gpio.o
                0x0000000000024740                led0_off
 .text.led1_on  0x0000000000024750       0x10 ./src/gpio.o
                0x0000000000024750                led1_on
 .text.led1_off
                0x0000000000024760       0x10 ./src/gpio.o
                0x0000000000024760                led1_off
 .text.BUS_RegMaskedSet
                0x0000000000024770       0x24 ./src/i2c.o
 .text.BUS_RegMaskedClear
                0x0000000000024794       0x24 ./src/i2c.o
 .text.GPIO_PinOutClear
                0x00000000000247b8       0x58 ./src/i2c.o
 .text.GPIO_PinOutSet
                0x0000000000024810       0x58 ./src/i2c.o
 .text.I2C0_setup
                0x0000000000024868       0x8c ./src/i2c.o
                0x0000000000024868                I2C0_setup
 .text.i2c_enable
                0x00000000000248f4       0x3c ./src/i2c.o
                0x00000000000248f4                i2c_enable
 .text.I2C0_read
                0x0000000000024930       0xc0 ./src/i2c.o
                0x0000000000024930                I2C0_read
 .text.NVIC_EnableIRQ
                0x00000000000249f0       0x2c ./src/letimer.o
 .text.LETIMER_IntClear
                0x0000000000024a1c       0x1c ./src/letimer.o
 .text.LETIMER_IntGet
                0x0000000000024a38       0x18 ./src/letimer.o
 .text.LETIMER0_setup
                0x0000000000024a50      0x1c0 ./src/letimer.o
                0x0000000000024a50                LETIMER0_setup
 .text.LETIMER0_IRQHandler
                0x0000000000024c10       0x48 ./src/letimer.o
                0x0000000000024c10                LETIMER0_IRQHandler
 .text.EMU_EnterEM1
                0x0000000000024c58       0x20 ./src/sleep.o
 .text.sleep    0x0000000000024c78       0x3c ./src/sleep.o
                0x0000000000024c78                sleep
 .text.blockSleepMode
                0x0000000000024cb4       0x2c ./src/sleep.o
                0x0000000000024cb4                blockSleepMode
 .text.unblockSleepMode
                0x0000000000024ce0       0x38 ./src/sleep.o
                0x0000000000024ce0                unblockSleepMode
 .text.NVIC_EnableIRQ
                0x0000000000024d18       0x2c ./src/timer.o
 .text.NVIC_SetPriority
                0x0000000000024d44       0x4c ./src/timer.o
 .text.TIMER_Valid
                0x0000000000024d90       0x38 ./src/timer.o
 .text.TIMER_MaxCount
                0x0000000000024dc8       0x18 ./src/timer.o
 .text.TIMER_Enable
                0x0000000000024de0       0x2c ./src/timer.o
 .text.TIMER_IntClear
                0x0000000000024e0c       0x1c ./src/timer.o
 .text.TIMER_IntEnable
                0x0000000000024e28       0x20 ./src/timer.o
 .text.TIMER_TopSet
                0x0000000000024e48       0x1c ./src/timer.o
 .text.TIMER0_setup
                0x0000000000024e64       0xa0 ./src/timer.o
                0x0000000000024e64                TIMER0_setup
 .text.TIMER0_IRQHandler
                0x0000000000024f04       0x30 ./src/timer.o
                0x0000000000024f04                TIMER0_IRQHandler
 .text.NVIC_EnableIRQ
                0x0000000000024f34       0x2c ./src/usart.o
 .text.TIMER_Valid
                0x0000000000024f60       0x38 ./src/usart.o
 .text.TIMER_Enable
                0x0000000000024f98       0x2c ./src/usart.o
 .text.GPIO_IntConfig
                0x0000000000024fc4       0x34 ./src/usart.o
 .text.USART1_setup
                0x0000000000024ff8       0x84 ./src/usart.o
                0x0000000000024ff8                USART1_setup
 .text.bma_wakeup
                0x000000000002507c       0x1c ./src/usart.o
                0x000000000002507c                bma_wakeup
 .text.bma280_write_byte
                0x0000000000025098       0x84 ./src/usart.o
                0x0000000000025098                bma280_write_byte
 .text.normal_to_suspend
                0x000000000002511c       0x1c ./src/usart.o
                0x000000000002511c                normal_to_suspend
 .text.suspend_to_normal
                0x0000000000025138       0x18 ./src/usart.o
                0x0000000000025138                suspend_to_normal
 .text.BMA280_enable
                0x0000000000025150       0x70 ./src/usart.o
                0x0000000000025150                BMA280_enable
 .text.BMA280_disable
                0x00000000000251c0        0xc ./src/usart.o
                0x00000000000251c0                BMA280_disable
 .text.GPIO_ODD_IRQHandler
                0x00000000000251cc      0x134 ./src/usart.o
                0x00000000000251cc                GPIO_ODD_IRQHandler
 .text          0x0000000000025300       0x18 /Applications/Simplicity Studio.app/Contents/Eclipse/developer/sdks/gecko_sdk_suite/v1.1//protocol/bluetooth_2.4/lib/EFR32BG1B/GCC/bgapi.a(gecko_bgapi_hardware.c.obj)
                0x0000000000025300                gecko_bgapi_class_hardware_init
 .text          0x0000000000025318       0x18 /Applications/Simplicity Studio.app/Contents/Eclipse/developer/sdks/gecko_sdk_suite/v1.1//protocol/bluetooth_2.4/lib/EFR32BG1B/GCC/bgapi.a(gecko_bgapi_test.c.obj)
                0x0000000000025318                gecko_bgapi_class_test_init
 .text          0x0000000000025330       0x18 /Applications/Simplicity Studio.app/Contents/Eclipse/developer/sdks/gecko_sdk_suite/v1.1//protocol/bluetooth_2.4/lib/EFR32BG1B/GCC/bgapi.a(gecko_bgapi_dfu.c.obj)
                0x0000000000025330                gecko_bgapi_class_dfu_init
 .text          0x0000000000025348       0x18 /Applications/Simplicity Studio.app/Contents/Eclipse/developer/sdks/gecko_sdk_suite/v1.1//protocol/bluetooth_2.4/lib/EFR32BG1B/GCC/bgapi.a(gecko_bgapi_gap.c.obj)
                0x0000000000025348                gecko_bgapi_class_le_gap_init
 .text          0x0000000000025360       0x18 /Applications/Simplicity Studio.app/Contents/Eclipse/developer/sdks/gecko_sdk_suite/v1.1//protocol/bluetooth_2.4/lib/EFR32BG1B/GCC/bgapi.a(gecko_bgapi_gatt.c.obj)
                0x0000000000025360                gecko_bgapi_class_gatt_init
 .text          0x0000000000025378       0x18 /Applications/Simplicity Studio.app/Contents/Eclipse/developer/sdks/gecko_sdk_suite/v1.1//protocol/bluetooth_2.4/lib/EFR32BG1B/GCC/bgapi.a(gecko_bgapi_gatt_server.c.obj)
                0x0000000000025378                gecko_bgapi_class_gatt_server_init
 .text          0x0000000000025390       0x18 /Applications/Simplicity Studio.app/Contents/Eclipse/developer/sdks/gecko_sdk_suite/v1.1//protocol/bluetooth_2.4/lib/EFR32BG1B/GCC/bgapi.a(gecko_bgapi_flash.c.obj)
                0x0000000000025390                gecko_bgapi_class_flash_init
 .text          0x00000000000253a8       0x18 /Applications/Simplicity Studio.app/Contents/Eclipse/developer/sdks/gecko_sdk_suite/v1.1//protocol/bluetooth_2.4/lib/EFR32BG1B/GCC/bgapi.a(gecko_bgapi_sm.c.obj)
                0x00000000000253a8                gecko_bgapi_class_sm_init
 .text          0x00000000000253c0       0x18 /Applications/Simplicity Studio.app/Contents/Eclipse/developer/sdks/gecko_sdk_suite/v1.1//protocol/bluetooth_2.4/lib/EFR32BG1B/GCC/bgapi.a(gecko_bgapi_system.c.obj)
                0x00000000000253c0                gecko_bgapi_class_system_init
 .text          0x00000000000253d8       0x18 /Applications/Simplicity Studio.app/Contents/Eclipse/developer/sdks/gecko_sdk_suite/v1.1//protocol/bluetooth_2.4/lib/EFR32BG1B/GCC/bgapi.a(gecko_bgapi_endpoint.c.obj)
                0x00000000000253d8                gecko_bgapi_class_endpoint_init
 .text          0x00000000000253f0       0x18 /Applications/Simplicity Studio.app/Contents/Eclipse/developer/sdks/gecko_sdk_suite/v1.1//protocol/bluetooth_2.4/lib/EFR32BG1B/GCC/bgapi.a(gecko_bgapi_le_connection.c.obj)
                0x00000000000253f0                gecko_bgapi_class_le_connection_init
 .text          0x0000000000025408      0x1d0 /Applications/Simplicity Studio.app/Contents/Eclipse/developer/sdks/gecko_sdk_suite/v1.1//protocol/bluetooth_2.4/lib/EFR32BG1B/GCC/bgapi.a(bgapi_hardware.c.obj)
                0x0000000000025408                soft_timer_comparison
                0x000000000002549c                bgapi_hardware_soft_timer_listener
                0x00000000000254dc                lib_hardware_handler_init
                0x00000000000254f0                gecko_cmd_hardware_set_soft_timer
                0x0000000000025530                gecko_cmd_hardware_set_lazy_soft_timer
                0x0000000000025570                gecko_cmd_hardware_get_time
                0x00000000000255a4                gecko_cmd_hardware_enable_dcdc
 .text          0x00000000000255d8      0x330 /Applications/Simplicity Studio.app/Contents/Eclipse/developer/sdks/gecko_sdk_suite/v1.1//protocol/bluetooth_2.4/lib/EFR32BG1B/GCC/bgapi.a(bgapi_test_lib.c.obj)
                0x00000000000255d8                bgapi_test_lib_msg_handler
                0x0000000000025630                lib_test_handler_init
                0x0000000000025650                disable_interrupts
                0x0000000000025674                gecko_cmd_test_dtm_tx
                0x0000000000025708                gecko_cmd_test_dtm_rx
                0x0000000000025754                gecko_cmd_test_dtm_end
                0x00000000000257bc                gecko_cmd_test_debug_command
                0x000000000002588c                gecko_cmd_test_debug_counter
 .text          0x0000000000025908       0x8c /Applications/Simplicity Studio.app/Contents/Eclipse/developer/sdks/gecko_sdk_suite/v1.1//protocol/bluetooth_2.4/lib/EFR32BG1B/GCC/bgapi.a(bgapi_dfu.c.obj)
                0x0000000000025908                lib_dfu_handler_init
                0x000000000002590a                gecko_cmd_dfu_reset
                0x0000000000025910                gecko_cmd_dfu_flash_set_address
                0x000000000002593c                gecko_cmd_dfu_flash_upload
                0x0000000000025968                gecko_cmd_dfu_flash_upload_finish
 .text          0x0000000000025994      0x34c /Applications/Simplicity Studio.app/Contents/Eclipse/developer/sdks/gecko_sdk_suite/v1.1//protocol/bluetooth_2.4/lib/EFR32BG1B/GCC/bgapi.a(bgapi_gap.c.obj)
                0x0000000000025994                lib_le_gap_handler_init
                0x0000000000025996                gecko_cmd_le_gap_set_mode
                0x00000000000259dc                gecko_cmd_le_gap_bt5_set_mode
                0x0000000000025a20                gecko_cmd_le_gap_set_adv_data
                0x0000000000025a68                gecko_cmd_le_gap_bt5_set_adv_data
                0x0000000000025a9c                gecko_cmd_le_gap_set_adv_timeout
                0x0000000000025af0                gecko_cmd_le_gap_open
                0x0000000000025b54                gecko_cmd_le_gap_discover
                0x0000000000025b80                gecko_cmd_le_gap_end_procedure
                0x0000000000025bac                gecko_cmd_le_gap_set_adv_parameters
                0x0000000000025be0                gecko_cmd_le_gap_bt5_set_adv_parameters
                0x0000000000025c1c                gecko_cmd_le_gap_set_scan_parameters
                0x0000000000025c4c                gecko_cmd_le_gap_set_conn_parameters
                0x0000000000025c84                gecko_cmd_le_gap_set_phy
                0x0000000000025cb0                gecko_cmd_le_gap_set_privacy_mode
 .text          0x0000000000025ce0      0x6c4 /Applications/Simplicity Studio.app/Contents/Eclipse/developer/sdks/gecko_sdk_suite/v1.1//protocol/bluetooth_2.4/lib/EFR32BG1B/GCC/bgapi.a(bgapi_gatt_lib.c.obj)
                0x0000000000025ce0                lib_gatt_handler_init
                0x0000000000025ce4                lib_gatt_server_handler_init
                0x0000000000025ce6                gecko_cmd_gatt_set_max_mtu
                0x0000000000025d20                gecko_cmd_gatt_discover_primary_services
                0x0000000000025d50                gecko_cmd_gatt_discover_primary_services_by_uuid
                0x0000000000025d8c                gecko_cmd_gatt_find_included_services
                0x0000000000025dc0                gecko_cmd_gatt_discover_characteristics
                0x0000000000025df4                gecko_cmd_gatt_discover_characteristics_by_uuid
                0x0000000000025e34                gecko_cmd_gatt_read_characteristic_value
                0x0000000000025e6c                gecko_cmd_gatt_read_characteristic_value_from_offset
                0x0000000000025ea8                gecko_cmd_gatt_read_characteristic_value_by_uuid
                0x0000000000025ee8                gecko_cmd_gatt_read_multiple_characteristic_values
                0x0000000000025f1c                gecko_cmd_gatt_write_characteristic_value
                0x0000000000025f54                gecko_cmd_gatt_write_characteristic_value_without_response
                0x0000000000025f98                gecko_cmd_gatt_prepare_characteristic_value_write
                0x0000000000025fe8                gecko_cmd_gatt_execute_characteristic_value_write
                0x000000000002601c                gecko_cmd_gatt_set_characteristic_notification
                0x0000000000026054                gecko_cmd_gatt_discover_descriptors
                0x0000000000026088                gecko_cmd_gatt_read_descriptor_value
                0x00000000000260bc                gecko_cmd_gatt_write_descriptor_value
                0x00000000000260f4                gecko_cmd_gatt_server_read_attribute_value
                0x000000000002613c                gecko_cmd_gatt_server_read_attribute_type
                0x0000000000026180                gecko_cmd_gatt_server_find_attribute
                0x00000000000261bc                gecko_cmd_gatt_server_write_attribute_value
                0x00000000000261f0                gecko_cmd_gatt_server_send_user_read_response
                0x0000000000026240                gecko_cmd_gatt_server_send_user_write_response
                0x0000000000026278                gecko_cmd_gatt_server_send_characteristic_notification
                0x00000000000262c4                gecko_cmd_gatt_send_characteristic_confirmation
                0x00000000000262f4                gecko_cmd_gatt_server_set_database
                0x0000000000026324                gecko_cmd_gatt_server_set_capabilities
                0x0000000000026354                gecko_cmd_gatt_prepare_characteristic_value_reliable_write
 .text          0x00000000000263a4      0x1d0 /Applications/Simplicity Studio.app/Contents/Eclipse/developer/sdks/gecko_sdk_suite/v1.1//protocol/bluetooth_2.4/lib/EFR32BG1B/GCC/bgapi.a(bgapi_ps.c.obj)
                0x00000000000263a4                bgapi_ps_dump_listener
                0x00000000000263e4                lib_flash_handler_init
                0x00000000000263f8                gecko_cmd_flash_ps_dump
                0x0000000000026490                gecko_cmd_flash_ps_erase_all
                0x00000000000264c0                gecko_cmd_flash_ps_save
                0x00000000000264fc                gecko_cmd_flash_ps_load
                0x0000000000026540                gecko_cmd_flash_ps_erase
 .text          0x0000000000026574      0x3cc /Applications/Simplicity Studio.app/Contents/Eclipse/developer/sdks/gecko_sdk_suite/v1.1//protocol/bluetooth_2.4/lib/EFR32BG1B/GCC/bgapi.a(bgapi_sm.c.obj)
                0x000000000002663c                lib_sm_handler_init
                0x0000000000026650                gecko_cmd_sm_list_all_bondings
                0x0000000000026688                gecko_cmd_sm_increase_security
                0x00000000000266b8                gecko_cmd_sm_set_bondable_mode
                0x00000000000266e4                gecko_cmd_sm_delete_bonding
                0x0000000000026714                gecko_cmd_sm_delete_bondings
                0x0000000000026744                gecko_cmd_sm_configure
                0x0000000000026774                gecko_cmd_sm_enter_passkey
                0x00000000000267a8                gecko_cmd_sm_set_passkey
                0x00000000000267d4                gecko_cmd_sm_passkey_confirm
                0x0000000000026808                gecko_cmd_sm_set_oob_data
                0x0000000000026838                gecko_cmd_sm_set_sc_remote_oob_data
                0x0000000000026868                gecko_cmd_sm_use_sc_oob
                0x00000000000268a8                gecko_cmd_sm_store_bonding_configuration
                0x00000000000268dc                gecko_cmd_sm_bonding_confirm
                0x0000000000026910                gecko_cmd_sm_set_debug_mode
 .text          0x0000000000026940      0x1d8 /Applications/Simplicity Studio.app/Contents/Eclipse/developer/sdks/gecko_sdk_suite/v1.1//protocol/bluetooth_2.4/lib/EFR32BG1B/GCC/bgapi.a(bgapi_system.c.obj)
                0x0000000000026940                bgapi_system_listener
                0x0000000000026970                lib_system_handler_init
                0x0000000000026984                gecko_cmd_system_get_bt_address
                0x00000000000269bc                gecko_cmd_system_set_bt_address
                0x00000000000269f0                gecko_cmd_system_set_device_name
                0x0000000000026a2c                gecko_cmd_system_get_random_data
                0x0000000000026a74                gecko_cmd_system_halt
                0x0000000000026aa8                gecko_cmd_system_set_tx_power
                0x0000000000026ad8                gecko_cmd_system_hello
                0x0000000000026b00                gecko_cmd_system_reset
                0x0000000000026b06                gecko_send_system_awake
 .text          0x0000000000026b18      0x1ac /Applications/Simplicity Studio.app/Contents/Eclipse/developer/sdks/gecko_sdk_suite/v1.1//protocol/bluetooth_2.4/lib/EFR32BG1B/GCC/bgapi.a(bgapi_endpoint.c.obj)
                0x0000000000026b18                lib_endpoint_handler_init
                0x0000000000026b1a                gecko_cmd_endpoint_send
                0x0000000000026bc4                gecko_cmd_endpoint_set_streaming_destination
                0x0000000000026c1c                gecko_cmd_endpoint_close
                0x0000000000026c78                gecko_cmd_endpoint_set_flags
                0x0000000000026c7a                gecko_cmd_endpoint_clr_flags
                0x0000000000026c7c                gecko_cmd_endpoint_read_counters
 .text          0x0000000000026cc4      0x104 /Applications/Simplicity Studio.app/Contents/Eclipse/developer/sdks/gecko_sdk_suite/v1.1//protocol/bluetooth_2.4/lib/EFR32BG1B/GCC/bgapi.a(bgapi_le_connection.c.obj)
                0x0000000000026cc4                lib_le_connection_handler_init
                0x0000000000026cc6                gecko_cmd_le_connection_set_parameters
                0x0000000000026d14                gecko_cmd_le_connection_get_rssi
                0x0000000000026d44                gecko_cmd_le_connection_disable_slave_latency
                0x0000000000026d8c                gecko_cmd_le_connection_set_phy
 .text          0x0000000000026dc8      0xdf0 /Applications/Simplicity Studio.app/Contents/Eclipse/developer/sdks/gecko_sdk_suite/v1.1//protocol/bluetooth_2.4/lib/EFR32BG1B/GCC/bgapi.a(gatt_client.c.obj)
                0x0000000000027030                gatt_discover_primary_services
                0x000000000002706e                gatt_discover_primary_services_by_uuid
                0x00000000000270c4                gatt_find_included_services
                0x0000000000027114                gatt_find_included_services_handler
                0x00000000000271c4                gatt_discover_characteristics
                0x00000000000271e6                gatt_discover_characteristics_by_uuid
                0x0000000000027228                gatt_discover_descriptors
                0x0000000000027264                gatt_read_characteristic_value
                0x000000000002729c                gatt_read_characteristic_value_by_uuid
                0x00000000000272d6                gatt_read_multiple_characteristic_values
                0x00000000000272fa                gatt_write_characteristic_value
                0x0000000000027320                gatt_write_characteristic_value_without_response
                0x000000000002733a                gatt_prepare_characteristic_value_write
                0x00000000000273b0                gatt_execute_characteristic_value_write
                0x00000000000273d2                gatt_set_characteristic_notification
                0x0000000000027412                gatt_read_descriptor_value
                0x000000000002743a                gatt_write_descriptor_value
                0x0000000000027460                gatt_handle_exchange_mtu_rsp
                0x000000000002747c                gatt_handle_find_information_response
                0x00000000000275ce                gatt_handle_find_by_type_value_response
                0x000000000002766a                gatt_handle_read_response
                0x00000000000277c8                gatt_handle_read_blob_response
                0x00000000000277fe                gatt_handle_read_multiple_response
                0x000000000002783a                gatt_handle_read_by_type_response
                0x0000000000027984                gatt_handle_read_by_group_type_response
                0x0000000000027a2c                gatt_handle_write_response
                0x0000000000027a40                gatt_handle_prepare_write_response
                0x0000000000027b32                gatt_handle_execute_write_response
                0x0000000000027b6a                gatt_client_handle_value_notification
                0x0000000000027b7c                gatt_client_handle_value_indication
                0x0000000000027b90                gatt_send_characteristic_confirmation
                0x0000000000027bae                gatt_client_init
 .text          0x0000000000027bb8      0x250 /Applications/Simplicity Studio.app/Contents/Eclipse/developer/sdks/gecko_sdk_suite/v1.1//protocol/bluetooth_2.4/lib/EFR32BG1B/GCC/bgapi.a(ubt_gatt_client.c.obj)
                0x0000000000027bb8                ubt_gatt_discover_primary_services
                0x0000000000027bce                ubt_gatt_discover_primary_services_by_uuid
                0x0000000000027bfa                ubt_gatt_find_included_services
                0x0000000000027c14                ubt_gatt_discover_characteristics
                0x0000000000027c2e                ubt_gatt_discover_characteristics_by_uuid
                0x0000000000027c5e                ubt_gatt_discover_descriptors
                0x0000000000027c78                ubt_gatt_read_characteristic_value
                0x0000000000027c9a                ubt_gatt_read_characteristic_value_by_uuid
                0x0000000000027cca                ubt_gatt_read_multiple_characteristic_values
                0x0000000000027ce8                ubt_gatt_write_characteristic_value
                0x0000000000027d0a                ubt_gatt_write_characteristic_value_without_response
                0x0000000000027d44                ubt_gatt_prepare_characteristic_value_write
                0x0000000000027d7e                ubt_gatt_execute_characteristic_value_write
                0x0000000000027d98                ubt_gatt_send_characteristic_confirmation
                0x0000000000027dae                ubt_gatt_read_descriptor_value
                0x0000000000027dc8                ubt_gatt_write_descriptor_value
                0x0000000000027dea                ubt_gatt_set_characteristic_notification
 .text          0x0000000000027e08      0x4ec /Applications/Simplicity Studio.app/Contents/Eclipse/developer/sdks/gecko_sdk_suite/v1.1//protocol/bluetooth_2.4/lib/EFR32BG1B/GCC/bgapi.a(att_client.c.obj)
                0x0000000000027e08                att_send_find_information_request
                0x0000000000027e2e                att_send_find_by_type_value_request
                0x0000000000027e60                att_send_read_by_type_request
                0x0000000000027e8c                att_send_read_request
                0x0000000000027eac                att_send_read_blob_request
                0x0000000000027ed2                att_send_read_multiple_request
                0x0000000000027efe                att_send_read_by_group_type_request
                0x0000000000027f2a                att_send_write_request
                0x0000000000027f56                att_send_write_command
                0x0000000000027f82                att_send_signed_write_command
                0x0000000000027fbc                att_send_prepare_write_request
                0x0000000000027ff8                att_send_execute_write_request
                0x0000000000028016                att_send_handle_value_confirmation
                0x000000000002802e                validate_gatt_client_pdu_len
                0x00000000000280e8                att_gatt_client_handler
 .text          0x00000000000282f4      0x370 /Applications/Simplicity Studio.app/Contents/Eclipse/developer/toolchains/gnu_arm/4.9_2015q3/bin/../lib/gcc/arm-none-eabi/4.9.3/armv7e-m/fpu/libgcc.a(_arm_addsubdf3.o)
                0x00000000000282f4                __aeabi_drsub
                0x00000000000282fc                __subdf3
                0x00000000000282fc                __aeabi_dsub
                0x0000000000028300                __aeabi_dadd
                0x0000000000028300                __adddf3
                0x0000000000028578                __aeabi_ui2d
                0x0000000000028578                __floatunsidf
                0x0000000000028598                __floatsidf
                0x0000000000028598                __aeabi_i2d
                0x00000000000285bc                __extendsfdf2
                0x00000000000285bc                __aeabi_f2d
                0x00000000000285f8                __aeabi_ul2d
                0x00000000000285f8                __floatundidf
                0x0000000000028608                __aeabi_l2d
                0x0000000000028608                __floatdidf
 .text          0x0000000000028664      0x424 /Applications/Simplicity Studio.app/Contents/Eclipse/developer/toolchains/gnu_arm/4.9_2015q3/bin/../lib/gcc/arm-none-eabi/4.9.3/armv7e-m/fpu/libgcc.a(_arm_muldivdf3.o)
                0x0000000000028664                __aeabi_dmul
                0x0000000000028664                __muldf3
                0x00000000000288b8                __aeabi_ddiv
                0x00000000000288b8                __divdf3
 .text          0x0000000000028a88       0x40 /Applications/Simplicity Studio.app/Contents/Eclipse/developer/toolchains/gnu_arm/4.9_2015q3/bin/../lib/gcc/arm-none-eabi/4.9.3/armv7e-m/fpu/libgcc.a(_arm_fixunsdfsi.o)
                0x0000000000028a88                __fixunsdfsi
                0x0000000000028a88                __aeabi_d2uiz
 .text          0x0000000000028ac8       0xa0 /Applications/Simplicity Studio.app/Contents/Eclipse/developer/toolchains/gnu_arm/4.9_2015q3/bin/../lib/gcc/arm-none-eabi/4.9.3/armv7e-m/fpu/libgcc.a(_arm_truncdfsf2.o)
                0x0000000000028ac8                __aeabi_d2f
                0x0000000000028ac8                __truncdfsf2
 .text.exit     0x0000000000028b68       0x20 /Applications/Simplicity Studio.app/Contents/Eclipse/developer/toolchains/gnu_arm/4.9_2015q3/bin/../lib/gcc/arm-none-eabi/4.9.3/../../../../arm-none-eabi/lib/armv7e-m/fpu/libc.a(lib_a-exit.o)
                0x0000000000028b68                exit
 .text.__libc_init_array
                0x0000000000028b88       0x50 /Applications/Simplicity Studio.app/Contents/Eclipse/developer/toolchains/gnu_arm/4.9_2015q3/bin/../lib/gcc/arm-none-eabi/4.9.3/../../../../arm-none-eabi/lib/armv7e-m/fpu/libc.a(lib_a-init.o)
                0x0000000000028b88                __libc_init_array
 .text.memcmp   0x0000000000028bd8       0x64 /Applications/Simplicity Studio.app/Contents/Eclipse/developer/toolchains/gnu_arm/4.9_2015q3/bin/../lib/gcc/arm-none-eabi/4.9.3/../../../../arm-none-eabi/lib/armv7e-m/fpu/libc.a(lib_a-memcmp.o)
                0x0000000000028bd8                memcmp
 .text          0x0000000000028c3c      0x134 /Applications/Simplicity Studio.app/Contents/Eclipse/developer/toolchains/gnu_arm/4.9_2015q3/bin/../lib/gcc/arm-none-eabi/4.9.3/../../../../arm-none-eabi/lib/armv7e-m/fpu/libc.a(lib_a-memcpy.o)
                0x0000000000028c3c                memcpy
 .text.memset   0x0000000000028d70       0x9c /Applications/Simplicity Studio.app/Contents/Eclipse/developer/toolchains/gnu_arm/4.9_2015q3/bin/../lib/gcc/arm-none-eabi/4.9.3/../../../../arm-none-eabi/lib/armv7e-m/fpu/libc.a(lib_a-memset.o)
                0x0000000000028d70                memset
 .text.startup.register_fini
                0x0000000000028e0c       0x14 /Applications/Simplicity Studio.app/Contents/Eclipse/developer/toolchains/gnu_arm/4.9_2015q3/bin/../lib/gcc/arm-none-eabi/4.9.3/../../../../arm-none-eabi/lib/armv7e-m/fpu/libc.a(lib_a-__call_atexit.o)
 .text.__call_exitprocs
                0x0000000000028e20       0xd4 /Applications/Simplicity Studio.app/Contents/Eclipse/developer/toolchains/gnu_arm/4.9_2015q3/bin/../lib/gcc/arm-none-eabi/4.9.3/../../../../arm-none-eabi/lib/armv7e-m/fpu/libc.a(lib_a-__call_atexit.o)
                0x0000000000028e20                __call_exitprocs
 .text.atexit   0x0000000000028ef4        0xc /Applications/Simplicity Studio.app/Contents/Eclipse/developer/toolchains/gnu_arm/4.9_2015q3/bin/../lib/gcc/arm-none-eabi/4.9.3/../../../../arm-none-eabi/lib/armv7e-m/fpu/libc.a(lib_a-atexit.o)
                0x0000000000028ef4                atexit
 .text.__libc_fini_array
                0x0000000000028f00       0x2c /Applications/Simplicity Studio.app/Contents/Eclipse/developer/toolchains/gnu_arm/4.9_2015q3/bin/../lib/gcc/arm-none-eabi/4.9.3/../../../../arm-none-eabi/lib/armv7e-m/fpu/libc.a(lib_a-fini.o)
                0x0000000000028f00                __libc_fini_array
 .text.__register_exitproc
                0x0000000000028f2c       0xa4 /Applications/Simplicity Studio.app/Contents/Eclipse/developer/toolchains/gnu_arm/4.9_2015q3/bin/../lib/gcc/arm-none-eabi/4.9.3/../../../../arm-none-eabi/lib/armv7e-m/fpu/libc.a(lib_a-__atexit.o)
                0x0000000000028f2c                __register_exitproc
 .text._exit    0x0000000000028fd0        0x4 /Applications/Simplicity Studio.app/Contents/Eclipse/developer/toolchains/gnu_arm/4.9_2015q3/bin/../lib/gcc/arm-none-eabi/4.9.3/../../../../arm-none-eabi/lib/armv7e-m/fpu/libnosys.a(_exit.o)
                0x0000000000028fd0                _exit
 *(.init)
 .init          0x0000000000028fd4        0x4 /Applications/Simplicity Studio.app/Contents/Eclipse/developer/toolchains/gnu_arm/4.9_2015q3/bin/../lib/gcc/arm-none-eabi/4.9.3/armv7e-m/fpu/crti.o
                0x0000000000028fd4                _init
 .init          0x0000000000028fd8        0x8 /Applications/Simplicity Studio.app/Contents/Eclipse/developer/toolchains/gnu_arm/4.9_2015q3/bin/../lib/gcc/arm-none-eabi/4.9.3/armv7e-m/fpu/crtn.o
 *(.fini)
 .fini          0x0000000000028fe0        0x4 /Applications/Simplicity Studio.app/Contents/Eclipse/developer/toolchains/gnu_arm/4.9_2015q3/bin/../lib/gcc/arm-none-eabi/4.9.3/armv7e-m/fpu/crti.o
                0x0000000000028fe0                _fini
 .fini          0x0000000000028fe4        0x8 /Applications/Simplicity Studio.app/Contents/Eclipse/developer/toolchains/gnu_arm/4.9_2015q3/bin/../lib/gcc/arm-none-eabi/4.9.3/armv7e-m/fpu/crtn.o
 *crtbegin.o(.ctors)
 *crtbegin?.o(.ctors)
 *(EXCLUDE_FILE(*crtend.o *crtend?.o) .ctors)
 *(SORT(.ctors.*))
 *(.ctors)
 *crtbegin.o(.dtors)
 *crtbegin?.o(.dtors)
 *(EXCLUDE_FILE(*crtend.o *crtend?.o) .dtors)
 *(SORT(.dtors.*))
 *(.dtors)
 *(.rodata*)
 .rodata.ptiInit
                0x0000000000028fec       0x24 ./main.o
 .rodata        0x0000000000029010        0x4 ./main.o
 .rodata.config
                0x0000000000029014       0x38 ./main.o
 .rodata.i2cNSum
                0x000000000002904c        0x4 ./emlib/em_i2c.o
 .rodata        0x0000000000029050       0x24 ./kit_flashpwr/BRD4302A/mx25flash_spi.o
 .rodata        0x0000000000029074       0x50 ./src/InitDevice.o
 .rodata        0x00000000000290c4       0x10 ./src/i2c.o
 .rodata        0x00000000000290d4       0x14 ./src/letimer.o
 .rodata        0x00000000000290e8       0x20 ./src/timer.o
 .rodata        0x0000000000029108       0x24 ./src/usart.o
 .rodata        0x000000000002912c       0x28 /Applications/Simplicity Studio.app/Contents/Eclipse/developer/sdks/gecko_sdk_suite/v1.1//protocol/bluetooth_2.4/lib/EFR32BG1B/GCC/bgapi.a(gecko_bgapi_hardware.c.obj)
 .rodata        0x0000000000029154       0x30 /Applications/Simplicity Studio.app/Contents/Eclipse/developer/sdks/gecko_sdk_suite/v1.1//protocol/bluetooth_2.4/lib/EFR32BG1B/GCC/bgapi.a(gecko_bgapi_test.c.obj)
 .rodata        0x0000000000029184       0x28 /Applications/Simplicity Studio.app/Contents/Eclipse/developer/sdks/gecko_sdk_suite/v1.1//protocol/bluetooth_2.4/lib/EFR32BG1B/GCC/bgapi.a(gecko_bgapi_dfu.c.obj)
 .rodata        0x00000000000291ac       0x78 /Applications/Simplicity Studio.app/Contents/Eclipse/developer/sdks/gecko_sdk_suite/v1.1//protocol/bluetooth_2.4/lib/EFR32BG1B/GCC/bgapi.a(gecko_bgapi_gap.c.obj)
 .rodata        0x0000000000029224       0xa8 /Applications/Simplicity Studio.app/Contents/Eclipse/developer/sdks/gecko_sdk_suite/v1.1//protocol/bluetooth_2.4/lib/EFR32BG1B/GCC/bgapi.a(gecko_bgapi_gatt.c.obj)
 .rodata        0x00000000000292cc       0x50 /Applications/Simplicity Studio.app/Contents/Eclipse/developer/sdks/gecko_sdk_suite/v1.1//protocol/bluetooth_2.4/lib/EFR32BG1B/GCC/bgapi.a(gecko_bgapi_gatt_server.c.obj)
 .rodata        0x000000000002931c       0x30 /Applications/Simplicity Studio.app/Contents/Eclipse/developer/sdks/gecko_sdk_suite/v1.1//protocol/bluetooth_2.4/lib/EFR32BG1B/GCC/bgapi.a(gecko_bgapi_flash.c.obj)
 .rodata        0x000000000002934c       0x80 /Applications/Simplicity Studio.app/Contents/Eclipse/developer/sdks/gecko_sdk_suite/v1.1//protocol/bluetooth_2.4/lib/EFR32BG1B/GCC/bgapi.a(gecko_bgapi_sm.c.obj)
 .rodata        0x00000000000293cc       0x48 /Applications/Simplicity Studio.app/Contents/Eclipse/developer/sdks/gecko_sdk_suite/v1.1//protocol/bluetooth_2.4/lib/EFR32BG1B/GCC/bgapi.a(gecko_bgapi_system.c.obj)
 .rodata        0x0000000000029414       0x38 /Applications/Simplicity Studio.app/Contents/Eclipse/developer/sdks/gecko_sdk_suite/v1.1//protocol/bluetooth_2.4/lib/EFR32BG1B/GCC/bgapi.a(gecko_bgapi_endpoint.c.obj)
 .rodata        0x000000000002944c       0x28 /Applications/Simplicity Studio.app/Contents/Eclipse/developer/sdks/gecko_sdk_suite/v1.1//protocol/bluetooth_2.4/lib/EFR32BG1B/GCC/bgapi.a(gecko_bgapi_le_connection.c.obj)
 .rodata        0x0000000000029474       0x18 /Applications/Simplicity Studio.app/Contents/Eclipse/developer/sdks/gecko_sdk_suite/v1.1//protocol/bluetooth_2.4/lib/EFR32BG1B/GCC/bgapi.a(bgapi_sm.c.obj)
 .rodata        0x000000000002948c        0x4 /Applications/Simplicity Studio.app/Contents/Eclipse/developer/sdks/gecko_sdk_suite/v1.1//protocol/bluetooth_2.4/lib/EFR32BG1B/GCC/bgapi.a(gatt_client.c.obj)
 .rodata.str1.4
                0x0000000000029490        0x4 /Applications/Simplicity Studio.app/Contents/Eclipse/developer/toolchains/gnu_arm/4.9_2015q3/bin/../lib/gcc/arm-none-eabi/4.9.3/../../../../arm-none-eabi/lib/armv7e-m/fpu/libc.a(lib_a-impure.o)
                                          0x2 (size before relaxing)
 .rodata._global_impure_ptr
                0x0000000000029494        0x4 /Applications/Simplicity Studio.app/Contents/Eclipse/developer/toolchains/gnu_arm/4.9_2015q3/bin/../lib/gcc/arm-none-eabi/4.9.3/../../../../arm-none-eabi/lib/armv7e-m/fpu/libc.a(lib_a-impure.o)
                0x0000000000029494                _global_impure_ptr
 *(.eh_frame*)
 .eh_frame      0x0000000000029498        0x0 /Applications/Simplicity Studio.app/Contents/Eclipse/developer/toolchains/gnu_arm/4.9_2015q3/bin/../lib/gcc/arm-none-eabi/4.9.3/armv7e-m/fpu/crtbegin.o
 .eh_frame      0x0000000000029498        0x4 /Applications/Simplicity Studio.app/Contents/Eclipse/developer/toolchains/gnu_arm/4.9_2015q3/bin/../lib/gcc/arm-none-eabi/4.9.3/armv7e-m/fpu/crtend.o
                0x000000000002949c                . = ALIGN (0x4)

.glue_7         0x000000000002949c        0x0
 .glue_7        0x0000000000000000        0x0 linker stubs

.glue_7t        0x000000000002949c        0x0
 .glue_7t       0x0000000000000000        0x0 linker stubs

.vfp11_veneer   0x000000000002949c        0x0
 .vfp11_veneer  0x0000000000000000        0x0 linker stubs

.v4_bx          0x000000000002949c        0x0
 .v4_bx         0x0000000000000000        0x0 linker stubs

.iplt           0x000000000002949c        0x0
 .iplt          0x0000000000000000        0x0 /Applications/Simplicity Studio.app/Contents/Eclipse/developer/toolchains/gnu_arm/4.9_2015q3/bin/../lib/gcc/arm-none-eabi/4.9.3/armv7e-m/fpu/crtbegin.o

.igot.plt       0x000000000002949c        0x0
 .igot.plt      0x0000000000000000        0x0 /Applications/Simplicity Studio.app/Contents/Eclipse/developer/toolchains/gnu_arm/4.9_2015q3/bin/../lib/gcc/arm-none-eabi/4.9.3/armv7e-m/fpu/crtbegin.o

.text_app_ARM.extab
 *(.ARM.extab* .gnu.linkonce.armextab.*)
                0x000000000002949c                __exidx_start = .

.text_app_ARM.exidx
                0x000000000002949c        0x8
 *(.ARM.exidx* .gnu.linkonce.armexidx.*)
 .ARM.exidx     0x000000000002949c        0x8 /Applications/Simplicity Studio.app/Contents/Eclipse/developer/toolchains/gnu_arm/4.9_2015q3/bin/../lib/gcc/arm-none-eabi/4.9.3/../../../../arm-none-eabi/lib/armv7e-m/fpu/crt0.o
                0x00000000000294a4                __exidx_end = .
                0x00000000000294a4                __etext = .

.rel.dyn        0x00000000000294a4        0x0
 .rel.iplt      0x0000000000000000        0x0 /Applications/Simplicity Studio.app/Contents/Eclipse/developer/toolchains/gnu_arm/4.9_2015q3/bin/../lib/gcc/arm-none-eabi/4.9.3/armv7e-m/fpu/crtbegin.o

.text_app_data  0x0000000020003000      0x450 load address 0x00000000000294a4
                0x0000000020003000                __data_start__ = .
 *(vtable)
 *(.data*)
 .data.bg_gattdb_data_attribute_field_6_data
                0x0000000020003000        0xd ./gatt_db.o
                0x0000000020003000                bg_gattdb_data_attribute_field_6_data
 *fill*         0x000000002000300d        0x3 
 .data.auxHfrcoFreq
                0x0000000020003010        0x4 ./emlib/em_cmu.o
 *fill*         0x0000000020003014        0x4 
 .data.impure_data
                0x0000000020003018      0x428 /Applications/Simplicity Studio.app/Contents/Eclipse/developer/toolchains/gnu_arm/4.9_2015q3/bin/../lib/gcc/arm-none-eabi/4.9.3/../../../../arm-none-eabi/lib/armv7e-m/fpu/libc.a(lib_a-impure.o)
                0x0000000020003440                . = ALIGN (0x4)
 *(.ram)
                0x0000000020003440                . = ALIGN (0x4)
                0x0000000020003440                PROVIDE (__preinit_array_start, .)
 *(.preinit_array)
                0x0000000020003440                PROVIDE (__preinit_array_end, .)
                0x0000000020003440                . = ALIGN (0x4)
                0x0000000020003440                PROVIDE (__init_array_start, .)
 *(SORT(.init_array.*))
 .init_array.00000
                0x0000000020003440        0x4 /Applications/Simplicity Studio.app/Contents/Eclipse/developer/toolchains/gnu_arm/4.9_2015q3/bin/../lib/gcc/arm-none-eabi/4.9.3/../../../../arm-none-eabi/lib/armv7e-m/fpu/libc.a(lib_a-__call_atexit.o)
 *(.init_array)
 .init_array    0x0000000020003444        0x4 /Applications/Simplicity Studio.app/Contents/Eclipse/developer/toolchains/gnu_arm/4.9_2015q3/bin/../lib/gcc/arm-none-eabi/4.9.3/armv7e-m/fpu/crtbegin.o
                0x0000000020003448                PROVIDE (__init_array_end, .)
                0x0000000020003448                . = ALIGN (0x4)
                0x0000000020003448                PROVIDE (__fini_array_start, .)
 *(SORT(.fini_array.*))
 *(.fini_array)
 .fini_array    0x0000000020003448        0x4 /Applications/Simplicity Studio.app/Contents/Eclipse/developer/toolchains/gnu_arm/4.9_2015q3/bin/../lib/gcc/arm-none-eabi/4.9.3/armv7e-m/fpu/crtbegin.o
                0x000000002000344c                PROVIDE (__fini_array_end, .)
 *(.jcr*)
 .jcr           0x000000002000344c        0x0 /Applications/Simplicity Studio.app/Contents/Eclipse/developer/toolchains/gnu_arm/4.9_2015q3/bin/../lib/gcc/arm-none-eabi/4.9.3/armv7e-m/fpu/crtbegin.o
 .jcr           0x000000002000344c        0x4 /Applications/Simplicity Studio.app/Contents/Eclipse/developer/toolchains/gnu_arm/4.9_2015q3/bin/../lib/gcc/arm-none-eabi/4.9.3/armv7e-m/fpu/crtend.o
                0x0000000020003450                . = ALIGN (0x4)
                0x0000000020003450                __data_end__ = .

.bss            0x0000000020003450     0x1ac4 load address 0x00000000000298f4
                0x0000000020003450                . = ALIGN (0x4)
                0x0000000020003450                __bss_start__ = .
 *(.bss*)
 .bss           0x0000000020003450       0x1c /Applications/Simplicity Studio.app/Contents/Eclipse/developer/toolchains/gnu_arm/4.9_2015q3/bin/../lib/gcc/arm-none-eabi/4.9.3/armv7e-m/fpu/crtbegin.o
 .bss.bg_gattdb_data_attribute_field_2_data
                0x000000002000346c        0x4 ./gatt_db.o
                0x000000002000346c                bg_gattdb_data_attribute_field_2_data
 .bss.chTable   0x0000000020003470       0xa0 ./bgapi/dmadrv.o
 .bss.dmaXfer   0x0000000020003510      0x100 ./bgapi/dmadrv.o
 .bss.gpio_flag
                0x0000000020003610        0x4 ./src/usart.o
                0x0000000020003610                gpio_flag
 .bss           0x0000000020003614        0x4 /Applications/Simplicity Studio.app/Contents/Eclipse/developer/sdks/gecko_sdk_suite/v1.1//protocol/bluetooth_2.4/lib/EFR32BG1B/GCC/bgapi.a(bgapi_hardware.c.obj)
 .bss           0x0000000020003618        0x4 /Applications/Simplicity Studio.app/Contents/Eclipse/developer/sdks/gecko_sdk_suite/v1.1//protocol/bluetooth_2.4/lib/EFR32BG1B/GCC/bgapi.a(bgapi_test_lib.c.obj)
 .bss           0x000000002000361c        0x2 /Applications/Simplicity Studio.app/Contents/Eclipse/developer/sdks/gecko_sdk_suite/v1.1//protocol/bluetooth_2.4/lib/EFR32BG1B/GCC/bgapi.a(bgapi_gap.c.obj)
                0x000000002000361c                legacy_maxadv_events
 *fill*         0x000000002000361e        0x2 
 .bss           0x0000000020003620        0x4 /Applications/Simplicity Studio.app/Contents/Eclipse/developer/sdks/gecko_sdk_suite/v1.1//protocol/bluetooth_2.4/lib/EFR32BG1B/GCC/bgapi.a(bgapi_ps.c.obj)
 .bss           0x0000000020003624        0x4 /Applications/Simplicity Studio.app/Contents/Eclipse/developer/sdks/gecko_sdk_suite/v1.1//protocol/bluetooth_2.4/lib/EFR32BG1B/GCC/bgapi.a(bgapi_sm.c.obj)
 .bss           0x0000000020003628        0x4 /Applications/Simplicity Studio.app/Contents/Eclipse/developer/sdks/gecko_sdk_suite/v1.1//protocol/bluetooth_2.4/lib/EFR32BG1B/GCC/bgapi.a(bgapi_system.c.obj)
 *(COMMON)
 COMMON         0x000000002000362c     0x18d0 ./main.o
                0x000000002000362c                bluetooth_stack_heap
 COMMON         0x0000000020004efc       0x14 ./src/sleep.o
                0x0000000020004efc                sleep_block_counter
 COMMON         0x0000000020004f10        0x4 /Applications/Simplicity Studio.app/Contents/Eclipse/developer/sdks/gecko_sdk_suite/v1.1//protocol/bluetooth_2.4/lib/EFR32BG1B/GCC/bgapi.a(bgapi_test_lib.c.obj)
                0x0000000020004f10                msg_sender
                0x0000000020004f14                . = ALIGN (0x4)
                0x0000000020004f14                __bss_end__ = .

.heap           0x0000000020004f18      0xc00
                0x0000000020004f18                __HeapBase = .
                0x0000000020004f18                __end__ = .
                0x0000000020004f18                end = __end__
                0x0000000020004f18                _end = __end__
 *(.heap*)
 .heap          0x0000000020004f18      0xc00 ./device/EFR32_B_1_1_B/gcc/startup_efr32bg1b.o
                0x0000000020005b18                __HeapLimit = .

.stack_dummy    0x0000000020005b18      0x400
 *(.stack*)
 .stack         0x0000000020005b18      0x400 ./device/EFR32_B_1_1_B/gcc/startup_efr32bg1b.o
                0x0000000020007bfc                __StackTop = (ORIGIN (RAM) + 0x4bfc)
                0x00000000200077fc                __StackLimit = (__StackTop - SIZEOF (.stack_dummy))
                0x0000000020007bfc                PROVIDE (__stack, __StackTop)
                0x0000000000000001                ASSERT ((__StackLimit >= __HeapLimit), region RAM overflowed with stack)
OUTPUT(LED_Blinking.axf elf32-littlearm)

.ARM.attributes
                0x0000000000000000       0x30
 .ARM.attributes
                0x0000000000000000       0x22 /Applications/Simplicity Studio.app/Contents/Eclipse/developer/toolchains/gnu_arm/4.9_2015q3/bin/../lib/gcc/arm-none-eabi/4.9.3/armv7e-m/fpu/crti.o
 .ARM.attributes
                0x0000000000000022       0x34 /Applications/Simplicity Studio.app/Contents/Eclipse/developer/toolchains/gnu_arm/4.9_2015q3/bin/../lib/gcc/arm-none-eabi/4.9.3/armv7e-m/fpu/crtbegin.o
 .ARM.attributes
                0x0000000000000056       0x20 /Applications/Simplicity Studio.app/Contents/Eclipse/developer/toolchains/gnu_arm/4.9_2015q3/bin/../lib/gcc/arm-none-eabi/4.9.3/../../../../arm-none-eabi/lib/armv7e-m/fpu/crt0.o
 .ARM.attributes
                0x0000000000000076       0x39 ./application_properties.o
 .ARM.attributes
                0x00000000000000af       0x39 ./gatt_db.o
 .ARM.attributes
                0x00000000000000e8       0x39 ./main.o
 .ARM.attributes
                0x0000000000000121       0x39 ./bgapi/dmadrv.o
 .ARM.attributes
                0x000000000000015a       0x39 ./bgapi/em_adc.o
 .ARM.attributes
                0x0000000000000193       0x39 ./device/EFR32_B_1_1_B/gcc/startup_efr32bg1b.o
 .ARM.attributes
                0x00000000000001cc       0x39 ./emlib/em_cmu.o
 .ARM.attributes
                0x0000000000000205       0x39 ./emlib/em_gpio.o
 .ARM.attributes
                0x000000000000023e       0x39 ./emlib/em_i2c.o
 .ARM.attributes
                0x0000000000000277       0x39 ./emlib/em_letimer.o
 .ARM.attributes
                0x00000000000002b0       0x39 ./emlib/em_rtcc.o
 .ARM.attributes
                0x00000000000002e9       0x39 ./emlib/em_system.o
 .ARM.attributes
                0x0000000000000322       0x39 ./emlib/em_timer.o
 .ARM.attributes
                0x000000000000035b       0x39 ./emlib/em_usart.o
 .ARM.attributes
                0x0000000000000394       0x39 ./kit_flashpwr/BRD4302A/mx25flash_spi.o
 .ARM.attributes
                0x00000000000003cd       0x39 ./src/InitDevice.o
 .ARM.attributes
                0x0000000000000406       0x39 ./src/adc.o
 .ARM.attributes
                0x000000000000043f       0x39 ./src/cmu.o
 .ARM.attributes
                0x0000000000000478       0x39 ./src/gpio.o
 .ARM.attributes
                0x00000000000004b1       0x39 ./src/i2c.o
 .ARM.attributes
                0x00000000000004ea       0x39 ./src/letimer.o
 .ARM.attributes
                0x0000000000000523       0x39 ./src/sleep.o
 .ARM.attributes
                0x000000000000055c       0x39 ./src/timer.o
 .ARM.attributes
                0x0000000000000595       0x39 ./src/usart.o
 .ARM.attributes
                0x00000000000005ce       0x1c /Applications/Simplicity Studio.app/Contents/Eclipse/developer/sdks/gecko_sdk_suite/v1.1//protocol/bluetooth_2.4/lib/EFR32BG1B/EABI/binstack.o
 .ARM.attributes
                0x00000000000005ea       0x1c /Applications/Simplicity Studio.app/Contents/Eclipse/developer/sdks/gecko_sdk_suite/v1.1//protocol/bluetooth_2.4/lib/EFR32BG1B/EABI/binbootloader.o
 .ARM.attributes
                0x0000000000000606       0x39 /Applications/Simplicity Studio.app/Contents/Eclipse/developer/sdks/gecko_sdk_suite/v1.1//protocol/bluetooth_2.4/lib/EFR32BG1B/GCC/bgapi.a(gecko_bgapi_hardware.c.obj)
 .ARM.attributes
                0x000000000000063f       0x39 /Applications/Simplicity Studio.app/Contents/Eclipse/developer/sdks/gecko_sdk_suite/v1.1//protocol/bluetooth_2.4/lib/EFR32BG1B/GCC/bgapi.a(gecko_bgapi_test.c.obj)
 .ARM.attributes
                0x0000000000000678       0x39 /Applications/Simplicity Studio.app/Contents/Eclipse/developer/sdks/gecko_sdk_suite/v1.1//protocol/bluetooth_2.4/lib/EFR32BG1B/GCC/bgapi.a(gecko_bgapi_dfu.c.obj)
 .ARM.attributes
                0x00000000000006b1       0x39 /Applications/Simplicity Studio.app/Contents/Eclipse/developer/sdks/gecko_sdk_suite/v1.1//protocol/bluetooth_2.4/lib/EFR32BG1B/GCC/bgapi.a(gecko_bgapi_gap.c.obj)
 .ARM.attributes
                0x00000000000006ea       0x39 /Applications/Simplicity Studio.app/Contents/Eclipse/developer/sdks/gecko_sdk_suite/v1.1//protocol/bluetooth_2.4/lib/EFR32BG1B/GCC/bgapi.a(gecko_bgapi_gatt.c.obj)
 .ARM.attributes
                0x0000000000000723       0x39 /Applications/Simplicity Studio.app/Contents/Eclipse/developer/sdks/gecko_sdk_suite/v1.1//protocol/bluetooth_2.4/lib/EFR32BG1B/GCC/bgapi.a(gecko_bgapi_gatt_server.c.obj)
 .ARM.attributes
                0x000000000000075c       0x39 /Applications/Simplicity Studio.app/Contents/Eclipse/developer/sdks/gecko_sdk_suite/v1.1//protocol/bluetooth_2.4/lib/EFR32BG1B/GCC/bgapi.a(gecko_bgapi_flash.c.obj)
 .ARM.attributes
                0x0000000000000795       0x39 /Applications/Simplicity Studio.app/Contents/Eclipse/developer/sdks/gecko_sdk_suite/v1.1//protocol/bluetooth_2.4/lib/EFR32BG1B/GCC/bgapi.a(gecko_bgapi_sm.c.obj)
 .ARM.attributes
                0x00000000000007ce       0x39 /Applications/Simplicity Studio.app/Contents/Eclipse/developer/sdks/gecko_sdk_suite/v1.1//protocol/bluetooth_2.4/lib/EFR32BG1B/GCC/bgapi.a(gecko_bgapi_system.c.obj)
 .ARM.attributes
                0x0000000000000807       0x39 /Applications/Simplicity Studio.app/Contents/Eclipse/developer/sdks/gecko_sdk_suite/v1.1//protocol/bluetooth_2.4/lib/EFR32BG1B/GCC/bgapi.a(gecko_bgapi_endpoint.c.obj)
 .ARM.attributes
                0x0000000000000840       0x39 /Applications/Simplicity Studio.app/Contents/Eclipse/developer/sdks/gecko_sdk_suite/v1.1//protocol/bluetooth_2.4/lib/EFR32BG1B/GCC/bgapi.a(gecko_bgapi_le_connection.c.obj)
 .ARM.attributes
                0x0000000000000879       0x39 /Applications/Simplicity Studio.app/Contents/Eclipse/developer/sdks/gecko_sdk_suite/v1.1//protocol/bluetooth_2.4/lib/EFR32BG1B/GCC/bgapi.a(bgapi_hardware.c.obj)
 .ARM.attributes
                0x00000000000008b2       0x39 /Applications/Simplicity Studio.app/Contents/Eclipse/developer/sdks/gecko_sdk_suite/v1.1//protocol/bluetooth_2.4/lib/EFR32BG1B/GCC/bgapi.a(bgapi_test_lib.c.obj)
 .ARM.attributes
                0x00000000000008eb       0x39 /Applications/Simplicity Studio.app/Contents/Eclipse/developer/sdks/gecko_sdk_suite/v1.1//protocol/bluetooth_2.4/lib/EFR32BG1B/GCC/bgapi.a(bgapi_dfu.c.obj)
 .ARM.attributes
                0x0000000000000924       0x39 /Applications/Simplicity Studio.app/Contents/Eclipse/developer/sdks/gecko_sdk_suite/v1.1//protocol/bluetooth_2.4/lib/EFR32BG1B/GCC/bgapi.a(bgapi_gap.c.obj)
 .ARM.attributes
                0x000000000000095d       0x39 /Applications/Simplicity Studio.app/Contents/Eclipse/developer/sdks/gecko_sdk_suite/v1.1//protocol/bluetooth_2.4/lib/EFR32BG1B/GCC/bgapi.a(bgapi_gatt_lib.c.obj)
 .ARM.attributes
                0x0000000000000996       0x39 /Applications/Simplicity Studio.app/Contents/Eclipse/developer/sdks/gecko_sdk_suite/v1.1//protocol/bluetooth_2.4/lib/EFR32BG1B/GCC/bgapi.a(bgapi_ps.c.obj)
 .ARM.attributes
                0x00000000000009cf       0x39 /Applications/Simplicity Studio.app/Contents/Eclipse/developer/sdks/gecko_sdk_suite/v1.1//protocol/bluetooth_2.4/lib/EFR32BG1B/GCC/bgapi.a(bgapi_sm.c.obj)
 .ARM.attributes
                0x0000000000000a08       0x39 /Applications/Simplicity Studio.app/Contents/Eclipse/developer/sdks/gecko_sdk_suite/v1.1//protocol/bluetooth_2.4/lib/EFR32BG1B/GCC/bgapi.a(bgapi_system.c.obj)
 .ARM.attributes
                0x0000000000000a41       0x39 /Applications/Simplicity Studio.app/Contents/Eclipse/developer/sdks/gecko_sdk_suite/v1.1//protocol/bluetooth_2.4/lib/EFR32BG1B/GCC/bgapi.a(bgapi_endpoint.c.obj)
 .ARM.attributes
                0x0000000000000a7a       0x39 /Applications/Simplicity Studio.app/Contents/Eclipse/developer/sdks/gecko_sdk_suite/v1.1//protocol/bluetooth_2.4/lib/EFR32BG1B/GCC/bgapi.a(bgapi_le_connection.c.obj)
 .ARM.attributes
                0x0000000000000ab3       0x39 /Applications/Simplicity Studio.app/Contents/Eclipse/developer/sdks/gecko_sdk_suite/v1.1//protocol/bluetooth_2.4/lib/EFR32BG1B/GCC/bgapi.a(gatt_client.c.obj)
 .ARM.attributes
                0x0000000000000aec       0x39 /Applications/Simplicity Studio.app/Contents/Eclipse/developer/sdks/gecko_sdk_suite/v1.1//protocol/bluetooth_2.4/lib/EFR32BG1B/GCC/bgapi.a(ubt_gatt_client.c.obj)
 .ARM.attributes
                0x0000000000000b25       0x39 /Applications/Simplicity Studio.app/Contents/Eclipse/developer/sdks/gecko_sdk_suite/v1.1//protocol/bluetooth_2.4/lib/EFR32BG1B/GCC/bgapi.a(att_client.c.obj)
 .ARM.attributes
                0x0000000000000b5e       0x22 /Applications/Simplicity Studio.app/Contents/Eclipse/developer/toolchains/gnu_arm/4.9_2015q3/bin/../lib/gcc/arm-none-eabi/4.9.3/armv7e-m/fpu/libgcc.a(_arm_addsubdf3.o)
 .ARM.attributes
                0x0000000000000b80       0x22 /Applications/Simplicity Studio.app/Contents/Eclipse/developer/toolchains/gnu_arm/4.9_2015q3/bin/../lib/gcc/arm-none-eabi/4.9.3/armv7e-m/fpu/libgcc.a(_arm_muldivdf3.o)
 .ARM.attributes
                0x0000000000000ba2       0x22 /Applications/Simplicity Studio.app/Contents/Eclipse/developer/toolchains/gnu_arm/4.9_2015q3/bin/../lib/gcc/arm-none-eabi/4.9.3/armv7e-m/fpu/libgcc.a(_arm_fixunsdfsi.o)
 .ARM.attributes
                0x0000000000000bc4       0x22 /Applications/Simplicity Studio.app/Contents/Eclipse/developer/toolchains/gnu_arm/4.9_2015q3/bin/../lib/gcc/arm-none-eabi/4.9.3/armv7e-m/fpu/libgcc.a(_arm_truncdfsf2.o)
 .ARM.attributes
                0x0000000000000be6       0x34 /Applications/Simplicity Studio.app/Contents/Eclipse/developer/toolchains/gnu_arm/4.9_2015q3/bin/../lib/gcc/arm-none-eabi/4.9.3/../../../../arm-none-eabi/lib/armv7e-m/fpu/libc.a(lib_a-exit.o)
 .ARM.attributes
                0x0000000000000c1a       0x34 /Applications/Simplicity Studio.app/Contents/Eclipse/developer/toolchains/gnu_arm/4.9_2015q3/bin/../lib/gcc/arm-none-eabi/4.9.3/../../../../arm-none-eabi/lib/armv7e-m/fpu/libc.a(lib_a-impure.o)
 .ARM.attributes
                0x0000000000000c4e       0x34 /Applications/Simplicity Studio.app/Contents/Eclipse/developer/toolchains/gnu_arm/4.9_2015q3/bin/../lib/gcc/arm-none-eabi/4.9.3/../../../../arm-none-eabi/lib/armv7e-m/fpu/libc.a(lib_a-init.o)
 .ARM.attributes
                0x0000000000000c82       0x34 /Applications/Simplicity Studio.app/Contents/Eclipse/developer/toolchains/gnu_arm/4.9_2015q3/bin/../lib/gcc/arm-none-eabi/4.9.3/../../../../arm-none-eabi/lib/armv7e-m/fpu/libc.a(lib_a-memcmp.o)
 .ARM.attributes
                0x0000000000000cb6       0x20 /Applications/Simplicity Studio.app/Contents/Eclipse/developer/toolchains/gnu_arm/4.9_2015q3/bin/../lib/gcc/arm-none-eabi/4.9.3/../../../../arm-none-eabi/lib/armv7e-m/fpu/libc.a(lib_a-memcpy.o)
 .ARM.attributes
                0x0000000000000cd6       0x34 /Applications/Simplicity Studio.app/Contents/Eclipse/developer/toolchains/gnu_arm/4.9_2015q3/bin/../lib/gcc/arm-none-eabi/4.9.3/../../../../arm-none-eabi/lib/armv7e-m/fpu/libc.a(lib_a-memset.o)
 .ARM.attributes
                0x0000000000000d0a       0x34 /Applications/Simplicity Studio.app/Contents/Eclipse/developer/toolchains/gnu_arm/4.9_2015q3/bin/../lib/gcc/arm-none-eabi/4.9.3/../../../../arm-none-eabi/lib/armv7e-m/fpu/libc.a(lib_a-__call_atexit.o)
 .ARM.attributes
                0x0000000000000d3e       0x34 /Applications/Simplicity Studio.app/Contents/Eclipse/developer/toolchains/gnu_arm/4.9_2015q3/bin/../lib/gcc/arm-none-eabi/4.9.3/../../../../arm-none-eabi/lib/armv7e-m/fpu/libc.a(lib_a-atexit.o)
 .ARM.attributes
                0x0000000000000d72       0x34 /Applications/Simplicity Studio.app/Contents/Eclipse/developer/toolchains/gnu_arm/4.9_2015q3/bin/../lib/gcc/arm-none-eabi/4.9.3/../../../../arm-none-eabi/lib/armv7e-m/fpu/libc.a(lib_a-fini.o)
 .ARM.attributes
                0x0000000000000da6       0x34 /Applications/Simplicity Studio.app/Contents/Eclipse/developer/toolchains/gnu_arm/4.9_2015q3/bin/../lib/gcc/arm-none-eabi/4.9.3/../../../../arm-none-eabi/lib/armv7e-m/fpu/libc.a(lib_a-__atexit.o)
 .ARM.attributes
                0x0000000000000dda       0x34 /Applications/Simplicity Studio.app/Contents/Eclipse/developer/toolchains/gnu_arm/4.9_2015q3/bin/../lib/gcc/arm-none-eabi/4.9.3/../../../../arm-none-eabi/lib/armv7e-m/fpu/libnosys.a(_exit.o)
 .ARM.attributes
                0x0000000000000e0e       0x34 /Applications/Simplicity Studio.app/Contents/Eclipse/developer/toolchains/gnu_arm/4.9_2015q3/bin/../lib/gcc/arm-none-eabi/4.9.3/armv7e-m/fpu/crtend.o
 .ARM.attributes
                0x0000000000000e42       0x22 /Applications/Simplicity Studio.app/Contents/Eclipse/developer/toolchains/gnu_arm/4.9_2015q3/bin/../lib/gcc/arm-none-eabi/4.9.3/armv7e-m/fpu/crtn.o

.comment        0x0000000000000000       0xde
 .comment       0x0000000000000000       0x70 ./application_properties.o
                                         0x71 (size before relaxing)
 .comment       0x0000000000000000       0x71 ./gatt_db.o
 .comment       0x0000000000000000       0x71 ./main.o
 .comment       0x0000000000000000       0x71 ./bgapi/dmadrv.o
 .comment       0x0000000000000000       0x71 ./bgapi/em_adc.o
 .comment       0x0000000000000000       0x71 ./device/EFR32_B_1_1_B/gcc/startup_efr32bg1b.o
 .comment       0x0000000000000000       0x71 ./emlib/em_cmu.o
 .comment       0x0000000000000000       0x71 ./emlib/em_gpio.o
 .comment       0x0000000000000000       0x71 ./emlib/em_i2c.o
 .comment       0x0000000000000000       0x71 ./emlib/em_letimer.o
 .comment       0x0000000000000000       0x71 ./emlib/em_rtcc.o
 .comment       0x0000000000000000       0x71 ./emlib/em_system.o
 .comment       0x0000000000000000       0x71 ./emlib/em_timer.o
 .comment       0x0000000000000000       0x71 ./emlib/em_usart.o
 .comment       0x0000000000000000       0x71 ./kit_flashpwr/BRD4302A/mx25flash_spi.o
 .comment       0x0000000000000000       0x71 ./src/InitDevice.o
 .comment       0x0000000000000000       0x71 ./src/adc.o
 .comment       0x0000000000000000       0x71 ./src/cmu.o
 .comment       0x0000000000000000       0x71 ./src/gpio.o
 .comment       0x0000000000000000       0x71 ./src/i2c.o
 .comment       0x0000000000000000       0x71 ./src/letimer.o
 .comment       0x0000000000000000       0x71 ./src/sleep.o
 .comment       0x0000000000000000       0x71 ./src/timer.o
 .comment       0x0000000000000000       0x71 ./src/usart.o
 .comment       0x0000000000000070       0x6e /Applications/Simplicity Studio.app/Contents/Eclipse/developer/sdks/gecko_sdk_suite/v1.1//protocol/bluetooth_2.4/lib/EFR32BG1B/GCC/bgapi.a(gecko_bgapi_hardware.c.obj)
                                         0x6f (size before relaxing)
 .comment       0x0000000000000000       0x6f /Applications/Simplicity Studio.app/Contents/Eclipse/developer/sdks/gecko_sdk_suite/v1.1//protocol/bluetooth_2.4/lib/EFR32BG1B/GCC/bgapi.a(gecko_bgapi_test.c.obj)
 .comment       0x0000000000000000       0x6f /Applications/Simplicity Studio.app/Contents/Eclipse/developer/sdks/gecko_sdk_suite/v1.1//protocol/bluetooth_2.4/lib/EFR32BG1B/GCC/bgapi.a(gecko_bgapi_dfu.c.obj)
 .comment       0x0000000000000000       0x6f /Applications/Simplicity Studio.app/Contents/Eclipse/developer/sdks/gecko_sdk_suite/v1.1//protocol/bluetooth_2.4/lib/EFR32BG1B/GCC/bgapi.a(gecko_bgapi_gap.c.obj)
 .comment       0x0000000000000000       0x6f /Applications/Simplicity Studio.app/Contents/Eclipse/developer/sdks/gecko_sdk_suite/v1.1//protocol/bluetooth_2.4/lib/EFR32BG1B/GCC/bgapi.a(gecko_bgapi_gatt.c.obj)
 .comment       0x0000000000000000       0x6f /Applications/Simplicity Studio.app/Contents/Eclipse/developer/sdks/gecko_sdk_suite/v1.1//protocol/bluetooth_2.4/lib/EFR32BG1B/GCC/bgapi.a(gecko_bgapi_gatt_server.c.obj)
 .comment       0x0000000000000000       0x6f /Applications/Simplicity Studio.app/Contents/Eclipse/developer/sdks/gecko_sdk_suite/v1.1//protocol/bluetooth_2.4/lib/EFR32BG1B/GCC/bgapi.a(gecko_bgapi_flash.c.obj)
 .comment       0x0000000000000000       0x6f /Applications/Simplicity Studio.app/Contents/Eclipse/developer/sdks/gecko_sdk_suite/v1.1//protocol/bluetooth_2.4/lib/EFR32BG1B/GCC/bgapi.a(gecko_bgapi_sm.c.obj)
 .comment       0x0000000000000000       0x6f /Applications/Simplicity Studio.app/Contents/Eclipse/developer/sdks/gecko_sdk_suite/v1.1//protocol/bluetooth_2.4/lib/EFR32BG1B/GCC/bgapi.a(gecko_bgapi_system.c.obj)
 .comment       0x0000000000000000       0x6f /Applications/Simplicity Studio.app/Contents/Eclipse/developer/sdks/gecko_sdk_suite/v1.1//protocol/bluetooth_2.4/lib/EFR32BG1B/GCC/bgapi.a(gecko_bgapi_endpoint.c.obj)
 .comment       0x0000000000000000       0x6f /Applications/Simplicity Studio.app/Contents/Eclipse/developer/sdks/gecko_sdk_suite/v1.1//protocol/bluetooth_2.4/lib/EFR32BG1B/GCC/bgapi.a(gecko_bgapi_le_connection.c.obj)
 .comment       0x0000000000000000       0x6f /Applications/Simplicity Studio.app/Contents/Eclipse/developer/sdks/gecko_sdk_suite/v1.1//protocol/bluetooth_2.4/lib/EFR32BG1B/GCC/bgapi.a(bgapi_hardware.c.obj)
 .comment       0x0000000000000000       0x6f /Applications/Simplicity Studio.app/Contents/Eclipse/developer/sdks/gecko_sdk_suite/v1.1//protocol/bluetooth_2.4/lib/EFR32BG1B/GCC/bgapi.a(bgapi_test_lib.c.obj)
 .comment       0x0000000000000000       0x6f /Applications/Simplicity Studio.app/Contents/Eclipse/developer/sdks/gecko_sdk_suite/v1.1//protocol/bluetooth_2.4/lib/EFR32BG1B/GCC/bgapi.a(bgapi_dfu.c.obj)
 .comment       0x0000000000000000       0x6f /Applications/Simplicity Studio.app/Contents/Eclipse/developer/sdks/gecko_sdk_suite/v1.1//protocol/bluetooth_2.4/lib/EFR32BG1B/GCC/bgapi.a(bgapi_gap.c.obj)
 .comment       0x0000000000000000       0x6f /Applications/Simplicity Studio.app/Contents/Eclipse/developer/sdks/gecko_sdk_suite/v1.1//protocol/bluetooth_2.4/lib/EFR32BG1B/GCC/bgapi.a(bgapi_gatt_lib.c.obj)
 .comment       0x0000000000000000       0x6f /Applications/Simplicity Studio.app/Contents/Eclipse/developer/sdks/gecko_sdk_suite/v1.1//protocol/bluetooth_2.4/lib/EFR32BG1B/GCC/bgapi.a(bgapi_ps.c.obj)
 .comment       0x0000000000000000       0x6f /Applications/Simplicity Studio.app/Contents/Eclipse/developer/sdks/gecko_sdk_suite/v1.1//protocol/bluetooth_2.4/lib/EFR32BG1B/GCC/bgapi.a(bgapi_sm.c.obj)
 .comment       0x0000000000000000       0x6f /Applications/Simplicity Studio.app/Contents/Eclipse/developer/sdks/gecko_sdk_suite/v1.1//protocol/bluetooth_2.4/lib/EFR32BG1B/GCC/bgapi.a(bgapi_system.c.obj)
 .comment       0x0000000000000000       0x6f /Applications/Simplicity Studio.app/Contents/Eclipse/developer/sdks/gecko_sdk_suite/v1.1//protocol/bluetooth_2.4/lib/EFR32BG1B/GCC/bgapi.a(bgapi_endpoint.c.obj)
 .comment       0x0000000000000000       0x6f /Applications/Simplicity Studio.app/Contents/Eclipse/developer/sdks/gecko_sdk_suite/v1.1//protocol/bluetooth_2.4/lib/EFR32BG1B/GCC/bgapi.a(bgapi_le_connection.c.obj)
 .comment       0x0000000000000000       0x6f /Applications/Simplicity Studio.app/Contents/Eclipse/developer/sdks/gecko_sdk_suite/v1.1//protocol/bluetooth_2.4/lib/EFR32BG1B/GCC/bgapi.a(gatt_client.c.obj)
 .comment       0x0000000000000000       0x6f /Applications/Simplicity Studio.app/Contents/Eclipse/developer/sdks/gecko_sdk_suite/v1.1//protocol/bluetooth_2.4/lib/EFR32BG1B/GCC/bgapi.a(ubt_gatt_client.c.obj)
 .comment       0x0000000000000000       0x6f /Applications/Simplicity Studio.app/Contents/Eclipse/developer/sdks/gecko_sdk_suite/v1.1//protocol/bluetooth_2.4/lib/EFR32BG1B/GCC/bgapi.a(att_client.c.obj)

.debug_info     0x0000000000000000    0x15128
 .debug_info    0x0000000000000000      0x168 ./application_properties.o
 .debug_info    0x0000000000000168      0x58e ./gatt_db.o
 .debug_info    0x00000000000006f6     0x4144 ./main.o
 .debug_info    0x000000000000483a     0x13f4 ./bgapi/dmadrv.o
 .debug_info    0x0000000000005c2e     0x1a66 ./bgapi/em_adc.o
 .debug_info    0x0000000000007694      0x1b4 ./device/EFR32_B_1_1_B/gcc/startup_efr32bg1b.o
 .debug_info    0x0000000000007848     0x1b9c ./emlib/em_cmu.o
 .debug_info    0x00000000000093e4      0xa05 ./emlib/em_gpio.o
 .debug_info    0x0000000000009de9      0x8d7 ./emlib/em_i2c.o
 .debug_info    0x000000000000a6c0      0x507 ./emlib/em_letimer.o
 .debug_info    0x000000000000abc7      0x6b8 ./emlib/em_rtcc.o
 .debug_info    0x000000000000b27f      0x276 ./emlib/em_system.o
 .debug_info    0x000000000000b4f5      0x94f ./emlib/em_timer.o
 .debug_info    0x000000000000be44      0xf55 ./emlib/em_usart.o
 .debug_info    0x000000000000cd99     0x15b7 ./kit_flashpwr/BRD4302A/mx25flash_spi.o
 .debug_info    0x000000000000e350     0x185d ./src/InitDevice.o
 .debug_info    0x000000000000fbad     0x1630 ./src/adc.o
 .debug_info    0x00000000000111dd      0x7e6 ./src/cmu.o
 .debug_info    0x00000000000119c3      0x645 ./src/gpio.o
 .debug_info    0x0000000000012008      0x799 ./src/i2c.o
 .debug_info    0x00000000000127a1      0xb3d ./src/letimer.o
 .debug_info    0x00000000000132de      0x380 ./src/sleep.o
 .debug_info    0x000000000001365e      0xc5a ./src/timer.o
 .debug_info    0x00000000000142b8      0xe70 ./src/usart.o

.debug_abbrev   0x0000000000000000     0x2900
 .debug_abbrev  0x0000000000000000       0x97 ./application_properties.o
 .debug_abbrev  0x0000000000000097       0xbd ./gatt_db.o
 .debug_abbrev  0x0000000000000154      0x203 ./main.o
 .debug_abbrev  0x0000000000000357      0x25f ./bgapi/dmadrv.o
 .debug_abbrev  0x00000000000005b6      0x223 ./bgapi/em_adc.o
 .debug_abbrev  0x00000000000007d9       0xdb ./device/EFR32_B_1_1_B/gcc/startup_efr32bg1b.o
 .debug_abbrev  0x00000000000008b4      0x2de ./emlib/em_cmu.o
 .debug_abbrev  0x0000000000000b92      0x1da ./emlib/em_gpio.o
 .debug_abbrev  0x0000000000000d6c      0x259 ./emlib/em_i2c.o
 .debug_abbrev  0x0000000000000fc5      0x189 ./emlib/em_letimer.o
 .debug_abbrev  0x000000000000114e      0x177 ./emlib/em_rtcc.o
 .debug_abbrev  0x00000000000012c5      0x109 ./emlib/em_system.o
 .debug_abbrev  0x00000000000013ce      0x174 ./emlib/em_timer.o
 .debug_abbrev  0x0000000000001542      0x1d9 ./emlib/em_usart.o
 .debug_abbrev  0x000000000000171b      0x29a ./kit_flashpwr/BRD4302A/mx25flash_spi.o
 .debug_abbrev  0x00000000000019b5      0x1dd ./src/InitDevice.o
 .debug_abbrev  0x0000000000001b92      0x1c9 ./src/adc.o
 .debug_abbrev  0x0000000000001d5b       0xfb ./src/cmu.o
 .debug_abbrev  0x0000000000001e56      0x179 ./src/gpio.o
 .debug_abbrev  0x0000000000001fcf      0x20a ./src/i2c.o
 .debug_abbrev  0x00000000000021d9      0x1cb ./src/letimer.o
 .debug_abbrev  0x00000000000023a4      0x151 ./src/sleep.o
 .debug_abbrev  0x00000000000024f5      0x1d4 ./src/timer.o
 .debug_abbrev  0x00000000000026c9      0x237 ./src/usart.o

.debug_aranges  0x0000000000000000      0xb70
 .debug_aranges
                0x0000000000000000       0x18 ./application_properties.o
 .debug_aranges
                0x0000000000000018       0x18 ./gatt_db.o
 .debug_aranges
                0x0000000000000030       0x28 ./main.o
 .debug_aranges
                0x0000000000000058       0xa0 ./bgapi/dmadrv.o
 .debug_aranges
                0x00000000000000f8       0x98 ./bgapi/em_adc.o
 .debug_aranges
                0x0000000000000190       0x28 ./device/EFR32_B_1_1_B/gcc/startup_efr32bg1b.o
 .debug_aranges
                0x00000000000001b8      0x1a8 ./emlib/em_cmu.o
 .debug_aranges
                0x0000000000000360       0x88 ./emlib/em_gpio.o
 .debug_aranges
                0x00000000000003e8       0x70 ./emlib/em_i2c.o
 .debug_aranges
                0x0000000000000458       0x50 ./emlib/em_letimer.o
 .debug_aranges
                0x00000000000004a8       0x50 ./emlib/em_rtcc.o
 .debug_aranges
                0x00000000000004f8       0x28 ./emlib/em_system.o
 .debug_aranges
                0x0000000000000520       0x58 ./emlib/em_timer.o
 .debug_aranges
                0x0000000000000578       0xb8 ./emlib/em_usart.o
 .debug_aranges
                0x0000000000000630      0x1c0 ./kit_flashpwr/BRD4302A/mx25flash_spi.o
 .debug_aranges
                0x00000000000007f0       0xe8 ./src/InitDevice.o
 .debug_aranges
                0x00000000000008d8       0x50 ./src/adc.o
 .debug_aranges
                0x0000000000000928       0x20 ./src/cmu.o
 .debug_aranges
                0x0000000000000948       0x60 ./src/gpio.o
 .debug_aranges
                0x00000000000009a8       0x68 ./src/i2c.o
 .debug_aranges
                0x0000000000000a10       0x40 ./src/letimer.o
 .debug_aranges