Archive member included because of file (symbol)

/Applications/Simplicity Studio.app/Contents/Eclipse/developer/sdks/gecko_sdk_suite/v1.1//protocol/bluetooth_2.4/lib/EFR32BG1B/GCC/bgapi.a(gecko_bgapi_hardware.c.obj)
                              ./main.o (gecko_bgapi_class_hardware_init)
/Applications/Simplicity Studio.app/Contents/Eclipse/developer/sdks/gecko_sdk_suite/v1.1//protocol/bluetooth_2.4/lib/EFR32BG1B/GCC/bgapi.a(gecko_bgapi_test.c.obj)
                              ./main.o (gecko_bgapi_class_test_init)
/Applications/Simplicity Studio.app/Contents/Eclipse/developer/sdks/gecko_sdk_suite/v1.1//protocol/bluetooth_2.4/lib/EFR32BG1B/GCC/bgapi.a(gecko_bgapi_dfu.c.obj)
                              ./main.o (gecko_bgapi_class_dfu_init)
/Applications/Simplicity Studio.app/Contents/Eclipse/developer/sdks/gecko_sdk_suite/v1.1//protocol/bluetooth_2.4/lib/EFR32BG1B/GCC/bgapi.a(gecko_bgapi_gap.c.obj)
                              ./main.o (gecko_bgapi_class_le_gap_init)
/Applications/Simplicity Studio.app/Contents/Eclipse/developer/sdks/gecko_sdk_suite/v1.1//protocol/bluetooth_2.4/lib/EFR32BG1B/GCC/bgapi.a(gecko_bgapi_gatt.c.obj)
                              ./main.o (gecko_bgapi_class_gatt_init)
/Applications/Simplicity Studio.app/Contents/Eclipse/developer/sdks/gecko_sdk_suite/v1.1//protocol/bluetooth_2.4/lib/EFR32BG1B/GCC/bgapi.a(gecko_bgapi_gatt_server.c.obj)
                              ./main.o (gecko_bgapi_class_gatt_server_init)
/Applications/Simplicity Studio.app/Contents/Eclipse/developer/sdks/gecko_sdk_suite/v1.1//protocol/bluetooth_2.4/lib/EFR32BG1B/GCC/bgapi.a(gecko_bgapi_flash.c.obj)
                              ./main.o (gecko_bgapi_class_flash_init)
/Applications/Simplicity Studio.app/Contents/Eclipse/developer/sdks/gecko_sdk_suite/v1.1//protocol/bluetooth_2.4/lib/EFR32BG1B/GCC/bgapi.a(gecko_bgapi_sm.c.obj)
                              ./main.o (gecko_bgapi_class_sm_init)
/Applications/Simplicity Studio.app/Contents/Eclipse/developer/sdks/gecko_sdk_suite/v1.1//protocol/bluetooth_2.4/lib/EFR32BG1B/GCC/bgapi.a(gecko_bgapi_system.c.obj)
                              ./main.o (gecko_bgapi_class_system_init)
/Applications/Simplicity Studio.app/Contents/Eclipse/developer/sdks/gecko_sdk_suite/v1.1//protocol/bluetooth_2.4/lib/EFR32BG1B/GCC/bgapi.a(gecko_bgapi_endpoint.c.obj)
                              ./main.o (gecko_bgapi_class_endpoint_init)
/Applications/Simplicity Studio.app/Contents/Eclipse/developer/sdks/gecko_sdk_suite/v1.1//protocol/bluetooth_2.4/lib/EFR32BG1B/GCC/bgapi.a(gecko_bgapi_le_connection.c.obj)
                              ./main.o (gecko_bgapi_class_le_connection_init)
/Applications/Simplicity Studio.app/Contents/Eclipse/developer/sdks/gecko_sdk_suite/v1.1//protocol/bluetooth_2.4/lib/EFR32BG1B/GCC/bgapi.a(bgapi_hardware.c.obj)
                              /Applications/Simplicity Studio.app/Contents/Eclipse/developer/sdks/gecko_sdk_suite/v1.1//protocol/bluetooth_2.4/lib/EFR32BG1B/GCC/bgapi.a(gecko_bgapi_hardware.c.obj) (lib_hardware_handler_init)
/Applications/Simplicity Studio.app/Contents/Eclipse/developer/sdks/gecko_sdk_suite/v1.1//protocol/bluetooth_2.4/lib/EFR32BG1B/GCC/bgapi.a(bgapi_test_lib.c.obj)
                              /Applications/Simplicity Studio.app/Contents/Eclipse/developer/sdks/gecko_sdk_suite/v1.1//protocol/bluetooth_2.4/lib/EFR32BG1B/GCC/bgapi.a(gecko_bgapi_test.c.obj) (lib_test_handler_init)
/Applications/Simplicity Studio.app/Contents/Eclipse/developer/sdks/gecko_sdk_suite/v1.1//protocol/bluetooth_2.4/lib/EFR32BG1B/GCC/bgapi.a(bgapi_dfu.c.obj)
                              /Applications/Simplicity Studio.app/Contents/Eclipse/developer/sdks/gecko_sdk_suite/v1.1//protocol/bluetooth_2.4/lib/EFR32BG1B/GCC/bgapi.a(gecko_bgapi_dfu.c.obj) (lib_dfu_handler_init)
/Applications/Simplicity Studio.app/Contents/Eclipse/developer/sdks/gecko_sdk_suite/v1.1//protocol/bluetooth_2.4/lib/EFR32BG1B/GCC/bgapi.a(bgapi_gap.c.obj)
                              /Applications/Simplicity Studio.app/Contents/Eclipse/developer/sdks/gecko_sdk_suite/v1.1//protocol/bluetooth_2.4/lib/EFR32BG1B/GCC/bgapi.a(gecko_bgapi_gap.c.obj) (lib_le_gap_handler_init)
/Applications/Simplicity Studio.app/Contents/Eclipse/developer/sdks/gecko_sdk_suite/v1.1//protocol/bluetooth_2.4/lib/EFR32BG1B/GCC/bgapi.a(bgapi_gatt_lib.c.obj)
                              /Applications/Simplicity Studio.app/Contents/Eclipse/developer/sdks/gecko_sdk_suite/v1.1//protocol/bluetooth_2.4/lib/EFR32BG1B/GCC/bgapi.a(gecko_bgapi_gatt.c.obj) (lib_gatt_handler_init)
/Applications/Simplicity Studio.app/Contents/Eclipse/developer/sdks/gecko_sdk_suite/v1.1//protocol/bluetooth_2.4/lib/EFR32BG1B/GCC/bgapi.a(bgapi_ps.c.obj)
                              /Applications/Simplicity Studio.app/Contents/Eclipse/developer/sdks/gecko_sdk_suite/v1.1//protocol/bluetooth_2.4/lib/EFR32BG1B/GCC/bgapi.a(gecko_bgapi_flash.c.obj) (lib_flash_handler_init)
[...]
Memory Configuration

Name             Origin             Length             Attributes
FLASH_BOOTLOADER 0x0000000000000000 0x0000000000004000 xr
FLASH            0x0000000000004000 0x000000000003b000 xr
RAM              0x0000000020003000 0x0000000000004bfc xrw
*default*        0x0000000000000000 0xffffffffffffffff

Linker script and memory map

LOAD /Applications/Simplicity Studio.app/Contents/Eclipse/developer/toolchains/gnu_arm/4.9_2015q3/bin/../lib/gcc/arm-none-eabi/4.9.3/armv7e-m/fpu/crti.o
LOAD /Applications/Simplicity Studio.app/Contents/Eclipse/developer/toolchains/gnu_arm/4.9_2015q3/bin/../lib/gcc/arm-none-eabi/4.9.3/armv7e-m/fpu/crtbegin.o
LOAD /Applications/Simplicity Studio.app/Contents/Eclipse/developer/toolchains/gnu_arm/4.9_2015q3/bin/../lib/gcc/arm-none-eabi/4.9.3/../../../../arm-none-eabi/lib/armv7e-m/fpu/crt0.o
LOAD ./application_properties.o
LOAD ./gatt_db.o
LOAD ./main.o
LOAD ./bgapi/dmadrv.o
LOAD ./bgapi/em_adc.o
LOAD ./bgapi/em_ldma.o
LOAD ./bgapi/em_leuart.o
LOAD ./device/EFR32_B_1_1_B/gcc/startup_efr32bg1b.o
LOAD ./emlib/em_cmu.o
LOAD ./emlib/em_gpio.o
LOAD ./emlib/em_letimer.o
LOAD ./emlib/em_msc.o
LOAD ./emlib/em_rtcc.o
LOAD ./emlib/em_system.o
LOAD ./emlib/em_usart.o
LOAD ./kit_flashpwr/BRD4302A/mx25flash_spi.o
LOAD ./src/InitDevice.o
LOAD ./src/cmu.o
LOAD ./src/gpio.o
LOAD ./src/letimer.o
LOAD ./src/sleep.o
LOAD /Applications/Simplicity Studio.app/Contents/Eclipse/developer/sdks/gecko_sdk_suite/v1.1//protocol/bluetooth_2.4/lib/EFR32BG1B/EABI/stack.a
LOAD /Applications/Simplicity Studio.app/Contents/Eclipse/developer/sdks/gecko_sdk_suite/v1.1//protocol/bluetooth_2.4/lib/EFR32BG1B/EABI/binstack.o
LOAD /Applications/Simplicity Studio.app/Contents/Eclipse/developer/sdks/gecko_sdk_suite/v1.1//protocol/bluetooth_2.4/lib/EFR32BG1B/EABI/binbootloader.o
LOAD /Applications/Simplicity Studio.app/Contents/Eclipse/developer/sdks/gecko_sdk_suite/v1.1//protocol/bluetooth_2.4/lib/EFR32BG1B/GCC/bgapi.a
LOAD /Applications/Simplicity Studio.app/Contents/Eclipse/developer/toolchains/gnu_arm/4.9_2015q3/bin/../lib/gcc/arm-none-eabi/4.9.3/../../../../arm-none-eabi/lib/armv7e-m/fpu/libm.a
START GROUP
LOAD /Applications/Simplicity Studio.app/Contents/Eclipse/developer/toolchains/gnu_arm/4.9_2015q3/bin/../lib/gcc/arm-none-eabi/4.9.3/armv7e-m/fpu/libgcc.a
LOAD /Applications/Simplicity Studio.app/Contents/Eclipse/developer/toolchains/gnu_arm/4.9_2015q3/bin/../lib/gcc/arm-none-eabi/4.9.3/../../../../arm-none-eabi/lib/armv7e-m/fpu/libc.a
LOAD /Applications/Simplicity Studio.app/Contents/Eclipse/developer/toolchains/gnu_arm/4.9_2015q3/bin/../lib/gcc/arm-none-eabi/4.9.3/../../../../arm-none-eabi/lib/armv7e-m/fpu/libnosys.a
END GROUP
START GROUP
LOAD /Applications/Simplicity Studio.app/Contents/Eclipse/developer/toolchains/gnu_arm/4.9_2015q3/bin/../lib/gcc/arm-none-eabi/4.9.3/armv7e-m/fpu/libgcc.a
LOAD /Applications/Simplicity Studio.app/Contents/Eclipse/developer/toolchains/gnu_arm/4.9_2015q3/bin/../lib/gcc/arm-none-eabi/4.9.3/../../../../arm-none-eabi/lib/armv7e-m/fpu/libg.a
LOAD /Applications/Simplicity Studio.app/Contents/Eclipse/developer/toolchains/gnu_arm/4.9_2015q3/bin/../lib/gcc/arm-none-eabi/4.9.3/../../../../arm-none-eabi/lib/armv7e-m/fpu/libc.a
END GROUP
LOAD /Applications/Simplicity Studio.app/Contents/Eclipse/developer/toolchains/gnu_arm/4.9_2015q3/bin/../lib/gcc/arm-none-eabi/4.9.3/armv7e-m/fpu/crtend.o
LOAD /Applications/Simplicity Studio.app/Contents/Eclipse/developer/toolchains/gnu_arm/4.9_2015q3/bin/../lib/gcc/arm-none-eabi/4.9.3/armv7e-m/fpu/crtn.o

.text_bootloader
                0x0000000000000000     0x4000
 *(.binbootloader*)
 .binbootloader
                0x0000000000000000      0x31c /Applications/Simplicity Studio.app/Contents/Eclipse/developer/sdks/gecko_sdk_suite/v1.1//protocol/bluetooth_2.4/lib/EFR32BG1B/EABI/binbootloader.o
                0x0000000000004000                . = ALIGN (0x4000)
 *fill*         0x000000000000031c     0x3ce4 

.text_stack_bin
                0x0000000000004000    0x1cee3
 *(.binstack*)
 .binstack      0x0000000000004000    0x1cee3 /Applications/Simplicity Studio.app/Contents/Eclipse/developer/sdks/gecko_sdk_suite/v1.1//protocol/bluetooth_2.4/lib/EFR32BG1B/EABI/binstack.o

.text_signature
                0x0000000000020ee3      0x11d
                0x0000000000020f23                . = (. + 0x40)
 *fill*         0x0000000000020ee3       0x40 
                0x0000000000021000                . = ALIGN (0x800)
 *fill*         0x0000000000020f23       0xdd 
                0x0000000000021000                __text_start__ = .

.text_app       0x0000000000021000     0x69ec
 *(.AAT)
 .AAT           0x0000000000021000       0x80 ./main.o
                0x0000000000021000                AppAddressTable
 *(.vectors)
 .vectors       0x0000000000021080       0xc8 ./device/EFR32_B_1_1_B/gcc/startup_efr32bg1b.o
                0x0000000000021080                __Vectors
                0x0000000000021148                __Vectors_End = .
                0x00000000000000c8                __Vectors_Size = (__Vectors_End - __Vectors)
                0x0000000000021148                __end__ = .
 *(.gecko_configuration)
 *(.xo_configuration)
 *(.gatt_header)
 .gatt_header   0x0000000000021148       0x34 ./gatt_db.o
                0x0000000000021148                bg_gattdb_data
 *(.gatt_data)
 .gatt_data     0x000000000002117c      0x1d5 ./gatt_db.o
                0x000000000002117c                bg_gattdb_data_uuidtable_16_map
                0x0000000000021198                bg_gattdb_data_uuidtable_128_map
                0x00000000000211b8                bg_gattdb_data_attribute_field_18
                0x00000000000211c0                bg_gattdb_data_attribute_field_17
                0x00000000000211d8                bg_gattdb_data_attribute_field_16
                0x00000000000211ec                bg_gattdb_data_attribute_field_15
                0x00000000000211f4                bg_gattdb_data_attribute_field_14
                0x00000000000211fc                bg_gattdb_data_attribute_field_13
                0x0000000000021208                bg_gattdb_data_attribute_field_12
                0x0000000000021210                bg_gattdb_data_attribute_field_11
                0x0000000000021220                bg_gattdb_data_attribute_field_10
                0x0000000000021228                bg_gattdb_data_attribute_field_9
                0x000000000002122c                bg_gattdb_data_attribute_field_8
                0x0000000000021230                bg_gattdb_data_attribute_field_7
                0x0000000000021238                bg_gattdb_data_attribute_field_6
                0x0000000000021240                bg_gattdb_data_attribute_field_5
                0x0000000000021248                bg_gattdb_data_attribute_field_4
                0x000000000002124c                bg_gattdb_data_attribute_field_2
                0x0000000000021254                bg_gattdb_data_attribute_field_1
                0x000000000002125c                bg_gattdb_data_attribute_field_0
                0x0000000000021260                bg_gattdb_data_attributes_map
                0x0000000000021344                bg_gattdb_data_attributes_dynamic_mapping_map
                0x000000000002134c                bg_gattdb_data_adv_uuid16_map
                0x0000000000021350                bg_gattdb_data_adv_uuid128_map
 *(.application_properties)
 *fill*         0x0000000000021351        0x3 
 .application_properties
                0x0000000000021354       0x38 ./application_properties.o
                0x0000000000021354                applicationProperties
 *(.text*)
 .text          0x000000000002138c       0x5c /Applications/Simplicity Studio.app/Contents/Eclipse/developer/toolchains/gnu_arm/4.9_2015q3/bin/../lib/gcc/arm-none-eabi/4.9.3/armv7e-m/fpu/crtbegin.o
 .text          0x00000000000213e8       0x74 /Applications/Simplicity Studio.app/Contents/Eclipse/developer/toolchains/gnu_arm/4.9_2015q3/bin/../lib/gcc/arm-none-eabi/4.9.3/../../../../arm-none-eabi/lib/armv7e-m/fpu/crt0.o
                0x00000000000213e8                _mainCRTStartup
                0x00000000000213e8                _start
 .text.gecko_init
                0x000000000002145c       0x40 ./main.o
 .text.main     0x000000000002149c       0x40 ./main.o
                0x000000000002149c                main
 .text.LDMA_IRQHandler
                0x00000000000214dc       0xe0 ./bgapi/dmadrv.o
                0x00000000000214dc                LDMA_IRQHandler
 .text.Reset_Handler
                0x00000000000215bc       0x38 ./device/EFR32_B_1_1_B/gcc/startup_efr32bg1b.o
                0x00000000000215bc                Reset_Handler
 .text.Default_Handler
                0x00000000000215f4        0x8 ./device/EFR32_B_1_1_B/gcc/startup_efr32bg1b.o
                0x00000000000215f4                IDAC0_IRQHandler
                0x00000000000215f4                USART0_TX_IRQHandler
                0x00000000000215f4                I2C0_IRQHandler
                0x00000000000215f4                HardFault_Handler
                0x00000000000215f4                SysTick_Handler
                0x00000000000215f4                USART1_RX_IRQHandler
                0x00000000000215f4                PendSV_Handler
                0x00000000000215f4                NMI_Handler
                0x00000000000215f4                SYNTH_IRQHandler
                0x00000000000215f4                WDOG0_IRQHandler
                0x00000000000215f4                USART1_TX_IRQHandler
                0x00000000000215f4                MSC_IRQHandler
                0x00000000000215f4                ADC0_IRQHandler
                0x00000000000215f4                UsageFault_Handler
                0x00000000000215f4                LEUART0_IRQHandler
                0x00000000000215f4                FPUEH_IRQHandler
                0x00000000000215f4                GPIO_EVEN_IRQHandler
                0x00000000000215f4                TIMER0_IRQHandler
                0x00000000000215f4                TIMER1_IRQHandler
                0x00000000000215f4                RFSENSE_IRQHandler
                0x00000000000215f4                BUFC_IRQHandler
                0x00000000000215f4                MODEM_IRQHandler
                0x00000000000215f4                Default_Handler
                0x00000000000215f4                RAC_SEQ_IRQHandler
                0x00000000000215f4                FRC_PRI_IRQHandler
                0x00000000000215f4                FRC_IRQHandler
                0x00000000000215f4                CRYOTIMER_IRQHandler
                0x00000000000215f4                PCNT0_IRQHandler
                0x00000000000215f4                AGC_IRQHandler
                0x00000000000215f4                ACMP0_IRQHandler
                0x00000000000215f4                USART0_RX_IRQHandler
                0x00000000000215f4                MemManage_Handler
                0x00000000000215f4                SVC_Handler
                0x00000000000215f4                RTCC_IRQHandler
                0x00000000000215f4                CRYPTO_IRQHandler
                0x00000000000215f4                CMU_IRQHandler
                0x00000000000215f4                RAC_RSM_IRQHandler
                0x00000000000215f4                GPIO_ODD_IRQHandler
                0x00000000000215f4                PROTIMER_IRQHandler
                0x00000000000215f4                BusFault_Handler
                0x00000000000215f4                DebugMon_Handler
 .text.BUS_RegBitWrite
                0x00000000000215fc       0x2c ./emlib/em_cmu.o
 .text.BUS_RegBitRead
                0x0000000000021628       0x2c ./emlib/em_cmu.o
 .text.BUS_RegMaskedSet
                0x0000000000021654       0x24 ./emlib/em_cmu.o
 .text.BUS_RegMaskedClear
                0x0000000000021678       0x24 ./emlib/em_cmu.o
 .text.BUS_RegMaskedWrite
                0x000000000002169c       0x24 ./emlib/em_cmu.o
 .text.CMU_Log2ToDiv
                0x00000000000216c0       0x1c ./emlib/em_cmu.o
 .text.setHfLeConfig
                0x00000000000216dc       0x64 ./emlib/em_cmu.o
 .text.auxClkGet
                0x0000000000021740       0x20 ./emlib/em_cmu.o
 .text.hfSrcClkGet
                0x0000000000021760       0x2c ./emlib/em_cmu.o
 .text.dbgClkGet
                0x000000000002178c       0x3c ./emlib/em_cmu.o
 .text.adcAsyncClkGet
                0x00000000000217c8       0x80 ./emlib/em_cmu.o
 .text.flashWaitStateControl
                0x0000000000021848       0x7c ./emlib/em_cmu.o
 .text.flashWaitStateMax
                0x00000000000218c4       0x14 ./emlib/em_cmu.o
 .text.CMU_UpdateWaitStates
                0x00000000000218d8       0x18 ./emlib/em_cmu.o
                0x00000000000218d8                CMU_UpdateWaitStates
 .text.getRegIshUpperVal
                0x00000000000218f0       0x38 ./emlib/em_cmu.o
 .text.getHfxoTuningMode
                0x0000000000021928       0x1c ./emlib/em_cmu.o
 .text.setHfxoTuningMode
                0x0000000000021944       0x28 ./emlib/em_cmu.o
 .text.lfClkGet
                0x000000000002196c       0xe8 ./emlib/em_cmu.o
 .text.syncReg  0x0000000000021a54       0x38 ./emlib/em_cmu.o
 .text.CMU_ClockEnable
                0x0000000000021a8c       0xcc ./emlib/em_cmu.o
                0x0000000000021a8c                CMU_ClockEnable
 .text.CMU_ClockFreqGet
                0x0000000000021b58      0x198 ./emlib/em_cmu.o
                0x0000000000021b58                CMU_ClockFreqGet
 .text.CMU_ClockSelectGet
                0x0000000000021cf0      0x190 ./emlib/em_cmu.o
                0x0000000000021cf0                CMU_ClockSelectGet
 .text.CMU_ClockSelectSet
                0x0000000000021e80      0x25c ./emlib/em_cmu.o
                0x0000000000021e80                CMU_ClockSelectSet
 .text.CMU_HFRCODevinfoGet
                0x00000000000220dc       0xdc ./emlib/em_cmu.o
 .text.CMU_HFRCOBandSet
                0x00000000000221b8       0xec ./emlib/em_cmu.o
                0x00000000000221b8                CMU_HFRCOBandSet
 .text.CMU_HFXOAutostartEnable
                0x00000000000222a4       0x7c ./emlib/em_cmu.o
                0x00000000000222a4                CMU_HFXOAutostartEnable
 .text.CMU_HFXOInit
                0x0000000000022320       0xf4 ./emlib/em_cmu.o
                0x0000000000022320                CMU_HFXOInit
 .text.CMU_LFXOInit
                0x0000000000022414       0x50 ./emlib/em_cmu.o
                0x0000000000022414                CMU_LFXOInit
 .text.CMU_OscillatorEnable
                0x0000000000022464      0x174 ./emlib/em_cmu.o
                0x0000000000022464                CMU_OscillatorEnable
 .text.CMU_OscillatorTuningGet
                0x00000000000225d8       0x74 ./emlib/em_cmu.o
                0x00000000000225d8                CMU_OscillatorTuningGet
 .text.CMU_OscillatorTuningSet
                0x000000000002264c       0xfc ./emlib/em_cmu.o
                0x000000000002264c                CMU_OscillatorTuningSet
 .text.CMU_OscillatorTuningWait
                0x0000000000022748       0x8c ./emlib/em_cmu.o
                0x0000000000022748                CMU_OscillatorTuningWait
 .text.CMU_OscillatorTuningOptimize
                0x00000000000227d4       0x4c ./emlib/em_cmu.o
                0x00000000000227d4                CMU_OscillatorTuningOptimize
 .text.BUS_RegMaskedSet
                0x0000000000022820       0x24 ./emlib/em_gpio.o
 .text.BUS_RegMaskedClear
                0x0000000000022844       0x24 ./emlib/em_gpio.o
 .text.BUS_RegMaskedWrite
                0x0000000000022868       0x24 ./emlib/em_gpio.o
 .text.GPIO_PinOutClear
                0x000000000002288c       0x58 ./emlib/em_gpio.o
 .text.GPIO_PinOutSet
                0x00000000000228e4       0x58 ./emlib/em_gpio.o
 .text.GPIO_DriveStrengthSet
                0x000000000002293c       0x60 ./emlib/em_gpio.o
                0x000000000002293c                GPIO_DriveStrengthSet
 .text.GPIO_PinModeSet
                0x000000000002299c      0x108 ./emlib/em_gpio.o
                0x000000000002299c                GPIO_PinModeSet
 .text.LETIMER_CompareSet
                0x0000000000022aa4       0x58 ./emlib/em_letimer.o
                0x0000000000022aa4                LETIMER_CompareSet
 .text.LETIMER_Enable
                0x0000000000022afc       0x2c ./emlib/em_letimer.o
                0x0000000000022afc                LETIMER_Enable
 .text.LETIMER_Init
                0x0000000000022b28       0xcc ./emlib/em_letimer.o
                0x0000000000022b28                LETIMER_Init
 .text.RTCC_Init
                0x0000000000022bf4       0x60 ./emlib/em_rtcc.o
                0x0000000000022bf4                RTCC_Init
 .text.SYSTEM_ChipRevisionGet
                0x0000000000022c54       0x74 ./emlib/em_system.o
                0x0000000000022c54                SYSTEM_ChipRevisionGet
 .text.USART_BaudrateSyncSet
                0x0000000000022cc8       0x40 ./emlib/em_usart.o
                0x0000000000022cc8                USART_BaudrateSyncSet
 .text.USART_InitSync
                0x0000000000022d08       0xec ./emlib/em_usart.o
                0x0000000000022d08                USART_InitSync
 .text.USART_Reset
                0x0000000000022df4       0x94 ./emlib/em_usart.o
                0x0000000000022df4                USART_Reset
 .text.USART_SpiTransfer
                0x0000000000022e88       0x40 ./emlib/em_usart.o
                0x0000000000022e88                USART_SpiTransfer
 .text.BUS_RegMaskedSet
                0x0000000000022ec8       0x24 ./kit_flashpwr/BRD4302A/mx25flash_spi.o
 .text.BUS_RegMaskedClear
                0x0000000000022eec       0x24 ./kit_flashpwr/BRD4302A/mx25flash_spi.o
 .text.GPIO_PinOutClear
                0x0000000000022f10       0x58 ./kit_flashpwr/BRD4302A/mx25flash_spi.o
 .text.GPIO_PinOutSet
                0x0000000000022f68       0x58 ./kit_flashpwr/BRD4302A/mx25flash_spi.o
 .text.MX25_init
                0x0000000000022fc0       0x98 ./kit_flashpwr/BRD4302A/mx25flash_spi.o
                0x0000000000022fc0                MX25_init
 .text.Wait_Flash_WarmUp
                0x0000000000023058       0x24 ./kit_flashpwr/BRD4302A/mx25flash_spi.o
                0x0000000000023058                Wait_Flash_WarmUp
 .text.Initial_Spi
                0x000000000002307c        0xc ./kit_flashpwr/BRD4302A/mx25flash_spi.o
                0x000000000002307c                Initial_Spi
 .text.CS_Low   0x0000000000023088       0x10 ./kit_flashpwr/BRD4302A/mx25flash_spi.o
                0x0000000000023088                CS_Low
 .text.CS_High  0x0000000000023098       0x10 ./kit_flashpwr/BRD4302A/mx25flash_spi.o
                0x0000000000023098                CS_High
 .text.SendByte
                0x00000000000230a8       0x3c ./kit_flashpwr/BRD4302A/mx25flash_spi.o
                0x00000000000230a8                SendByte
 .text.MX25_DP  0x00000000000230e4       0x1c ./kit_flashpwr/BRD4302A/mx25flash_spi.o
                0x00000000000230e4                MX25_DP
 .text.SYSTEM_GetProdRev
                0x0000000000023100       0x1c ./src/InitDevice.o
 .text.BUS_RegBitWrite
                0x000000000002311c       0x2c ./src/InitDevice.o
 .text.CHIP_Init
                0x0000000000023148       0xb4 ./src/InitDevice.o
 .text.enter_DefaultMode_from_RESET
                0x00000000000231fc       0x2c ./src/InitDevice.o
                0x00000000000231fc                enter_DefaultMode_from_RESET
 .text.EMU_enter_DefaultMode_from_RESET
                0x0000000000023228       0x94 ./src/InitDevice.o
                0x0000000000023228                EMU_enter_DefaultMode_from_RESET
 .text.LFXO_enter_DefaultMode_from_RESET
                0x00000000000232bc        0xc ./src/InitDevice.o
                0x00000000000232bc                LFXO_enter_DefaultMode_from_RESET
 .text.CMU_enter_DefaultMode_from_RESET
                0x00000000000232c8      0x128 ./src/InitDevice.o
                0x00000000000232c8                CMU_enter_DefaultMode_from_RESET
 .text.RTCC_enter_DefaultMode_from_RESET
                0x00000000000233f0       0x4c ./src/InitDevice.o
                0x00000000000233f0                RTCC_enter_DefaultMode_from_RESET
 .text.GPCRC_enter_DefaultMode_from_RESET
                0x000000000002343c        0xc ./src/InitDevice.o
                0x000000000002343c                GPCRC_enter_DefaultMode_from_RESET
 .text.LDMA_enter_DefaultMode_from_RESET
                0x0000000000023448        0xc ./src/InitDevice.o
                0x0000000000023448                LDMA_enter_DefaultMode_from_RESET
 .text.PRS_enter_DefaultMode_from_RESET
                0x0000000000023454       0x20 ./src/InitDevice.o
                0x0000000000023454                PRS_enter_DefaultMode_from_RESET
 .text.PORTIO_enter_DefaultMode_from_RESET
                0x0000000000023474        0xc ./src/InitDevice.o
                0x0000000000023474                PORTIO_enter_DefaultMode_from_RESET
 .text.cmu_init
                0x0000000000023480       0x94 ./src/cmu.o
                0x0000000000023480                cmu_init
 .text.BUS_RegMaskedSet
                0x0000000000023514       0x24 ./src/gpio.o
 .text.BUS_RegMaskedClear
                0x0000000000023538       0x24 ./src/gpio.o
 .text.GPIO_PinOutClear
                0x000000000002355c       0x58 ./src/gpio.o
 .text.GPIO_PinOutSet
                0x00000000000235b4       0x58 ./src/gpio.o
 .text.gpio_init
                0x000000000002360c       0x28 ./src/gpio.o
                0x000000000002360c                gpio_init
 .text.led0_on  0x0000000000023634       0x10 ./src/gpio.o
                0x0000000000023634                led0_on
 .text.led0_off
                0x0000000000023644       0x10 ./src/gpio.o
                0x0000000000023644                led0_off
 .text.NVIC_EnableIRQ
                0x0000000000023654       0x2c ./src/letimer.o
 .text.LETIMER_IntClear
                0x0000000000023680       0x1c ./src/letimer.o
 .text.LETIMER_IntGet
                0x000000000002369c       0x18 ./src/letimer.o
 *fill*         0x00000000000236b4        0x4 
 .text.LETIMER_setup
                0x00000000000236b8      0x1c0 ./src/letimer.o
                0x00000000000236b8                LETIMER_setup
 .text.LETIMER0_IRQHandler
                0x0000000000023878       0x48 ./src/letimer.o
                0x0000000000023878                LETIMER0_IRQHandler
 .text.EMU_EnterEM1
                0x00000000000238c0       0x20 ./src/sleep.o
 .text.sleep    0x00000000000238e0       0x3c ./src/sleep.o
                0x00000000000238e0                sleep
 .text.blockSleepMode
                0x000000000002391c       0x2c ./src/sleep.o
                0x000000000002391c                blockSleepMode
 .text          0x0000000000023948       0x18 /Applications/Simplicity Studio.app/Contents/Eclipse/developer/sdks/gecko_sdk_suite/v1.1//protocol/bluetooth_2.4/lib/EFR32BG1B/GCC/bgapi.a(gecko_bgapi_hardware.c.obj)
                0x0000000000023948                gecko_bgapi_class_hardware_init
 .text          0x0000000000023960       0x18 /Applications/Simplicity Studio.app/Contents/Eclipse/developer/sdks/gecko_sdk_suite/v1.1//protocol/bluetooth_2.4/lib/EFR32BG1B/GCC/bgapi.a(gecko_bgapi_test.c.obj)
                0x0000000000023960                gecko_bgapi_class_test_init
 .text          0x0000000000023978       0x18 /Applications/Simplicity Studio.app/Contents/Eclipse/developer/sdks/gecko_sdk_suite/v1.1//protocol/bluetooth_2.4/lib/EFR32BG1B/GCC/bgapi.a(gecko_bgapi_dfu.c.obj)
                0x0000000000023978                gecko_bgapi_class_dfu_init
 .text          0x0000000000023990       0x18 /Applications/Simplicity Studio.app/Contents/Eclipse/developer/sdks/gecko_sdk_suite/v1.1//protocol/bluetooth_2.4/lib/EFR32BG1B/GCC/bgapi.a(gecko_bgapi_gap.c.obj)
                0x0000000000023990                gecko_bgapi_class_le_gap_init
 .text          0x00000000000239a8       0x18 /Applications/Simplicity Studio.app/Contents/Eclipse/developer/sdks/gecko_sdk_suite/v1.1//protocol/bluetooth_2.4/lib/EFR32BG1B/GCC/bgapi.a(gecko_bgapi_gatt.c.obj)
                0x00000000000239a8                gecko_bgapi_class_gatt_init
 .text          0x00000000000239c0       0x18 /Applications/Simplicity Studio.app/Contents/Eclipse/developer/sdks/gecko_sdk_suite/v1.1//protocol/bluetooth_2.4/lib/EFR32BG1B/GCC/bgapi.a(gecko_bgapi_gatt_server.c.obj)
                0x00000000000239c0                gecko_bgapi_class_gatt_server_init
 .text          0x00000000000239d8       0x18 /Applications/Simplicity Studio.app/Contents/Eclipse/developer/sdks/gecko_sdk_suite/v1.1//protocol/bluetooth_2.4/lib/EFR32BG1B/GCC/bgapi.a(gecko_bgapi_flash.c.obj)
                0x00000000000239d8                gecko_bgapi_class_flash_init
 .text          0x00000000000239f0       0x18 /Applications/Simplicity Studio.app/Contents/Eclipse/developer/sdks/gecko_sdk_suite/v1.1//protocol/bluetooth_2.4/lib/EFR32BG1B/GCC/bgapi.a(gecko_bgapi_sm.c.obj)
                0x00000000000239f0                gecko_bgapi_class_sm_init
 .text          0x0000000000023a08       0x18 /Applications/Simplicity Studio.app/Contents/Eclipse/developer/sdks/gecko_sdk_suite/v1.1//protocol/bluetooth_2.4/lib/EFR32BG1B/GCC/bgapi.a(gecko_bgapi_system.c.obj)
                0x0000000000023a08                gecko_bgapi_class_system_init
 .text          0x0000000000023a20       0x18 /Applications/Simplicity Studio.app/Contents/Eclipse/developer/sdks/gecko_sdk_suite/v1.1//protocol/bluetooth_2.4/lib/EFR32BG1B/GCC/bgapi.a(gecko_bgapi_endpoint.c.obj)
                0x0000000000023a20                gecko_bgapi_class_endpoint_init
 .text          0x0000000000023a38       0x18 /Applications/Simplicity Studio.app/Contents/Eclipse/developer/sdks/gecko_sdk_suite/v1.1//protocol/bluetooth_2.4/lib/EFR32BG1B/GCC/bgapi.a(gecko_bgapi_le_connection.c.obj)
                0x0000000000023a38                gecko_bgapi_class_le_connection_init
 .text          0x0000000000023a50      0x1d0 /Applications/Simplicity Studio.app/Contents/Eclipse/developer/sdks/gecko_sdk_suite/v1.1//protocol/bluetooth_2.4/lib/EFR32BG1B/GCC/bgapi.a(bgapi_hardware.c.obj)
                0x0000000000023a50                soft_timer_comparison
                0x0000000000023ae4                bgapi_hardware_soft_timer_listener
                0x0000000000023b24                lib_hardware_handler_init
                0x0000000000023b38                gecko_cmd_hardware_set_soft_timer
                0x0000000000023b78                gecko_cmd_hardware_set_lazy_soft_timer
                0x0000000000023bb8                gecko_cmd_hardware_get_time
                0x0000000000023bec                gecko_cmd_hardware_enable_dcdc
 .text          0x0000000000023c20      0x330 /Applications/Simplicity Studio.app/Contents/Eclipse/developer/sdks/gecko_sdk_suite/v1.1//protocol/bluetooth_2.4/lib/EFR32BG1B/GCC/bgapi.a(bgapi_test_lib.c.obj)
                0x0000000000023c20                bgapi_test_lib_msg_handler
                0x0000000000023c78                lib_test_handler_init
                0x0000000000023c98                disable_interrupts
                0x0000000000023cbc                gecko_cmd_test_dtm_tx
                0x0000000000023d50                gecko_cmd_test_dtm_rx
                0x0000000000023d9c                gecko_cmd_test_dtm_end
                0x0000000000023e04                gecko_cmd_test_debug_command
                0x0000000000023ed4                gecko_cmd_test_debug_counter
 .text          0x0000000000023f50       0x8c /Applications/Simplicity Studio.app/Contents/Eclipse/developer/sdks/gecko_sdk_suite/v1.1//protocol/bluetooth_2.4/lib/EFR32BG1B/GCC/bgapi.a(bgapi_dfu.c.obj)
                0x0000000000023f50                lib_dfu_handler_init
                0x0000000000023f52                gecko_cmd_dfu_reset
                0x0000000000023f58                gecko_cmd_dfu_flash_set_address
                0x0000000000023f84                gecko_cmd_dfu_flash_upload
                0x0000000000023fb0                gecko_cmd_dfu_flash_upload_finish
 .text          0x0000000000023fdc      0x34c /Applications/Simplicity Studio.app/Contents/Eclipse/developer/sdks/gecko_sdk_suite/v1.1//protocol/bluetooth_2.4/lib/EFR32BG1B/GCC/bgapi.a(bgapi_gap.c.obj)
                0x0000000000023fdc                lib_le_gap_handler_init
                0x0000000000023fde                gecko_cmd_le_gap_set_mode
                0x0000000000024024                gecko_cmd_le_gap_bt5_set_mode
                0x0000000000024068                gecko_cmd_le_gap_set_adv_data
                0x00000000000240b0                gecko_cmd_le_gap_bt5_set_adv_data
                0x00000000000240e4                gecko_cmd_le_gap_set_adv_timeout
                0x0000000000024138                gecko_cmd_le_gap_open
                0x000000000002419c                gecko_cmd_le_gap_discover
                0x00000000000241c8                gecko_cmd_le_gap_end_procedure
                0x00000000000241f4                gecko_cmd_le_gap_set_adv_parameters
                0x0000000000024228                gecko_cmd_le_gap_bt5_set_adv_parameters
                0x0000000000024264                gecko_cmd_le_gap_set_scan_parameters
                0x0000000000024294                gecko_cmd_le_gap_set_conn_parameters
                0x00000000000242cc                gecko_cmd_le_gap_set_phy
                0x00000000000242f8                gecko_cmd_le_gap_set_privacy_mode
 .text          0x0000000000024328      0x6c4 /Applications/Simplicity Studio.app/Contents/Eclipse/developer/sdks/gecko_sdk_suite/v1.1//protocol/bluetooth_2.4/lib/EFR32BG1B/GCC/bgapi.a(bgapi_gatt_lib.c.obj)
                0x0000000000024328                lib_gatt_handler_init
                0x000000000002432c                lib_gatt_server_handler_init
                0x000000000002432e                gecko_cmd_gatt_set_max_mtu
                0x0000000000024368                gecko_cmd_gatt_discover_primary_services
                0x0000000000024398                gecko_cmd_gatt_discover_primary_services_by_uuid
                0x00000000000243d4                gecko_cmd_gatt_find_included_services
                0x0000000000024408                gecko_cmd_gatt_discover_characteristics
                0x000000000002443c                gecko_cmd_gatt_discover_characteristics_by_uuid
                0x000000000002447c                gecko_cmd_gatt_read_characteristic_value
                0x00000000000244b4                gecko_cmd_gatt_read_characteristic_value_from_offset
                0x00000000000244f0                gecko_cmd_gatt_read_characteristic_value_by_uuid
                0x0000000000024530                gecko_cmd_gatt_read_multiple_characteristic_values
                0x0000000000024564                gecko_cmd_gatt_write_characteristic_value
                0x000000000002459c                gecko_cmd_gatt_write_characteristic_value_without_response
                0x00000000000245e0                gecko_cmd_gatt_prepare_characteristic_value_write
                0x0000000000024630                gecko_cmd_gatt_execute_characteristic_value_write
                0x0000000000024664                gecko_cmd_gatt_set_characteristic_notification
                0x000000000002469c                gecko_cmd_gatt_discover_descriptors
                0x00000000000246d0                gecko_cmd_gatt_read_descriptor_value
                0x0000000000024704                gecko_cmd_gatt_write_descriptor_value
                0x000000000002473c                gecko_cmd_gatt_server_read_attribute_value
                0x0000000000024784                gecko_cmd_gatt_server_read_attribute_type
                0x00000000000247c8                gecko_cmd_gatt_server_find_attribute
                0x0000000000024804                gecko_cmd_gatt_server_write_attribute_value
                0x0000000000024838                gecko_cmd_gatt_server_send_user_read_response
                0x0000000000024888                gecko_cmd_gatt_server_send_user_write_response
                0x00000000000248c0                gecko_cmd_gatt_server_send_characteristic_notification
                0x000000000002490c                gecko_cmd_gatt_send_characteristic_confirmation
                0x000000000002493c                gecko_cmd_gatt_server_set_database
                0x000000000002496c                gecko_cmd_gatt_server_set_capabilities
                0x000000000002499c                gecko_cmd_gatt_prepare_characteristic_value_reliable_write
 .text          0x00000000000249ec      0x1d0 /Applications/Simplicity Studio.app/Contents/Eclipse/developer/sdks/gecko_sdk_suite/v1.1//protocol/bluetooth_2.4/lib/EFR32BG1B/GCC/bgapi.a(bgapi_ps.c.obj)
                0x00000000000249ec                bgapi_ps_dump_listener
                0x0000000000024a2c                lib_flash_handler_init
                0x0000000000024a40                gecko_cmd_flash_ps_dump
                0x0000000000024ad8                gecko_cmd_flash_ps_erase_all
                0x0000000000024b08                gecko_cmd_flash_ps_save
                0x0000000000024b44                gecko_cmd_flash_ps_load
                0x0000000000024b88                gecko_cmd_flash_ps_erase
 .text          0x0000000000024bbc      0x3cc /Applications/Simplicity Studio.app/Contents/Eclipse/developer/sdks/gecko_sdk_suite/v1.1//protocol/bluetooth_2.4/lib/EFR32BG1B/GCC/bgapi.a(bgapi_sm.c.obj)
                0x0000000000024c84                lib_sm_handler_init
                0x0000000000024c98                gecko_cmd_sm_list_all_bondings
                0x0000000000024cd0                gecko_cmd_sm_increase_security
                0x0000000000024d00                gecko_cmd_sm_set_bondable_mode
                0x0000000000024d2c                gecko_cmd_sm_delete_bonding
                0x0000000000024d5c                gecko_cmd_sm_delete_bondings
                0x0000000000024d8c                gecko_cmd_sm_configure
                0x0000000000024dbc                gecko_cmd_sm_enter_passkey
                0x0000000000024df0                gecko_cmd_sm_set_passkey
                0x0000000000024e1c                gecko_cmd_sm_passkey_confirm
                0x0000000000024e50                gecko_cmd_sm_set_oob_data
                0x0000000000024e80                gecko_cmd_sm_set_sc_remote_oob_data
                0x0000000000024eb0                gecko_cmd_sm_use_sc_oob
                0x0000000000024ef0                gecko_cmd_sm_store_bonding_configuration
                0x0000000000024f24                gecko_cmd_sm_bonding_confirm
                0x0000000000024f58                gecko_cmd_sm_set_debug_mode
 .text          0x0000000000024f88      0x1d8 /Applications/Simplicity Studio.app/Contents/Eclipse/developer/sdks/gecko_sdk_suite/v1.1//protocol/bluetooth_2.4/lib/EFR32BG1B/GCC/bgapi.a(bgapi_system.c.obj)
                0x0000000000024f88                bgapi_system_listener
                0x0000000000024fb8                lib_system_handler_init
                0x0000000000024fcc                gecko_cmd_system_get_bt_address
                0x0000000000025004                gecko_cmd_system_set_bt_address
                0x0000000000025038                gecko_cmd_system_set_device_name
                0x0000000000025074                gecko_cmd_system_get_random_data
                0x00000000000250bc                gecko_cmd_system_halt
                0x00000000000250f0                gecko_cmd_system_set_tx_power
                0x0000000000025120                gecko_cmd_system_hello
                0x0000000000025148                gecko_cmd_system_reset
                0x000000000002514e                gecko_send_system_awake
 .text          0x0000000000025160      0x1ac /Applications/Simplicity Studio.app/Contents/Eclipse/developer/sdks/gecko_sdk_suite/v1.1//protocol/bluetooth_2.4/lib/EFR32BG1B/GCC/bgapi.a(bgapi_endpoint.c.obj)
                0x0000000000025160                lib_endpoint_handler_init
                0x0000000000025162                gecko_cmd_endpoint_send
                0x000000000002520c                gecko_cmd_endpoint_set_streaming_destination
                0x0000000000025264                gecko_cmd_endpoint_close
                0x00000000000252c0                gecko_cmd_endpoint_set_flags
                0x00000000000252c2                gecko_cmd_endpoint_clr_flags
                0x00000000000252c4                gecko_cmd_endpoint_read_counters
 .text          0x000000000002530c      0x104 /Applications/Simplicity Studio.app/Contents/Eclipse/developer/sdks/gecko_sdk_suite/v1.1//protocol/bluetooth_2.4/lib/EFR32BG1B/GCC/bgapi.a(bgapi_le_connection.c.obj)
                0x000000000002530c                lib_le_connection_handler_init
                0x000000000002530e                gecko_cmd_le_connection_set_parameters
                0x000000000002535c                gecko_cmd_le_connection_get_rssi
                0x000000000002538c                gecko_cmd_le_connection_disable_slave_latency
                0x00000000000253d4                gecko_cmd_le_connection_set_phy
 .text          0x0000000000025410      0xdf0 /Applications/Simplicity Studio.app/Contents/Eclipse/developer/sdks/gecko_sdk_suite/v1.1//protocol/bluetooth_2.4/lib/EFR32BG1B/GCC/bgapi.a(gatt_client.c.obj)
                0x0000000000025678                gatt_discover_primary_services
                0x00000000000256b6                gatt_discover_primary_services_by_uuid
                0x000000000002570c                gatt_find_included_services
                0x000000000002575c                gatt_find_included_services_handler
                0x000000000002580c                gatt_discover_characteristics
                0x000000000002582e                gatt_discover_characteristics_by_uuid
                0x0000000000025870                gatt_discover_descriptors
                0x00000000000258ac                gatt_read_characteristic_value
                0x00000000000258e4                gatt_read_characteristic_value_by_uuid
                0x000000000002591e                gatt_read_multiple_characteristic_values
                0x0000000000025942                gatt_write_characteristic_value
                0x0000000000025968                gatt_write_characteristic_value_without_response
                0x0000000000025982                gatt_prepare_characteristic_value_write
                0x00000000000259f8                gatt_execute_characteristic_value_write
                0x0000000000025a1a                gatt_set_characteristic_notification
                0x0000000000025a5a                gatt_read_descriptor_value
                0x0000000000025a82                gatt_write_descriptor_value
                0x0000000000025aa8                gatt_handle_exchange_mtu_rsp
                0x0000000000025ac4                gatt_handle_find_information_response
                0x0000000000025c16                gatt_handle_find_by_type_value_response
                0x0000000000025cb2                gatt_handle_read_response
                0x0000000000025e10                gatt_handle_read_blob_response
                0x0000000000025e46                gatt_handle_read_multiple_response
                0x0000000000025e82                gatt_handle_read_by_type_response
                0x0000000000025fcc                gatt_handle_read_by_group_type_response
                0x0000000000026074                gatt_handle_write_response
                0x0000000000026088                gatt_handle_prepare_write_response
                0x000000000002617a                gatt_handle_execute_write_response
                0x00000000000261b2                gatt_client_handle_value_notification
                0x00000000000261c4                gatt_client_handle_value_indication
                0x00000000000261d8                gatt_send_characteristic_confirmation
                0x00000000000261f6                gatt_client_init
 .text          0x0000000000026200      0x250 /Applications/Simplicity Studio.app/Contents/Eclipse/developer/sdks/gecko_sdk_suite/v1.1//protocol/bluetooth_2.4/lib/EFR32BG1B/GCC/bgapi.a(ubt_gatt_client.c.obj)
                0x0000000000026200                ubt_gatt_discover_primary_services
                0x0000000000026216                ubt_gatt_discover_primary_services_by_uuid
                0x0000000000026242                ubt_gatt_find_included_services
                0x000000000002625c                ubt_gatt_discover_characteristics
                0x0000000000026276                ubt_gatt_discover_characteristics_by_uuid
                0x00000000000262a6                ubt_gatt_discover_descriptors
                0x00000000000262c0                ubt_gatt_read_characteristic_value
                0x00000000000262e2                ubt_gatt_read_characteristic_value_by_uuid
                0x0000000000026312                ubt_gatt_read_multiple_characteristic_values
                0x0000000000026330                ubt_gatt_write_characteristic_value
                0x0000000000026352                ubt_gatt_write_characteristic_value_without_response
                0x000000000002638c                ubt_gatt_prepare_characteristic_value_write
                0x00000000000263c6                ubt_gatt_execute_characteristic_value_write
                0x00000000000263e0                ubt_gatt_send_characteristic_confirmation
                0x00000000000263f6                ubt_gatt_read_descriptor_value
                0x0000000000026410                ubt_gatt_write_descriptor_value
                0x0000000000026432                ubt_gatt_set_characteristic_notification
 .text          0x0000000000026450      0x4ec /Applications/Simplicity Studio.app/Contents/Eclipse/developer/sdks/gecko_sdk_suite/v1.1//protocol/bluetooth_2.4/lib/EFR32BG1B/GCC/bgapi.a(att_client.c.obj)
                0x0000000000026450                att_send_find_information_request
                0x0000000000026476                att_send_find_by_type_value_request
                0x00000000000264a8                att_send_read_by_type_request
                0x00000000000264d4                att_send_read_request
                0x00000000000264f4                att_send_read_blob_request
                0x000000000002651a                att_send_read_multiple_request
                0x0000000000026546                att_send_read_by_group_type_request
                0x0000000000026572                att_send_write_request
                0x000000000002659e                att_send_write_command
                0x00000000000265ca                att_send_signed_write_command
                0x0000000000026604                att_send_prepare_write_request
                0x0000000000026640                att_send_execute_write_request
                0x000000000002665e                att_send_handle_value_confirmation
                0x0000000000026676                validate_gatt_client_pdu_len
                0x0000000000026730                att_gatt_client_handler
 .text          0x000000000002693c      0x370 /Applications/Simplicity Studio.app/Contents/Eclipse/developer/toolchains/gnu_arm/4.9_2015q3/bin/../lib/gcc/arm-none-eabi/4.9.3/armv7e-m/fpu/libgcc.a(_arm_addsubdf3.o)
                0x000000000002693c                __aeabi_drsub
                0x0000000000026944                __subdf3
                0x0000000000026944                __aeabi_dsub
                0x0000000000026948                __aeabi_dadd
                0x0000000000026948                __adddf3
                0x0000000000026bc0                __aeabi_ui2d
                0x0000000000026bc0                __floatunsidf
                0x0000000000026be0                __floatsidf
                0x0000000000026be0                __aeabi_i2d
                0x0000000000026c04                __extendsfdf2
                0x0000000000026c04                __aeabi_f2d
                0x0000000000026c40                __aeabi_ul2d
                0x0000000000026c40                __floatundidf
                0x0000000000026c50                __aeabi_l2d
                0x0000000000026c50                __floatdidf
 .text          0x0000000000026cac      0x424 /Applications/Simplicity Studio.app/Contents/Eclipse/developer/toolchains/gnu_arm/4.9_2015q3/bin/../lib/gcc/arm-none-eabi/4.9.3/armv7e-m/fpu/libgcc.a(_arm_muldivdf3.o)
                0x0000000000026cac                __aeabi_dmul
                0x0000000000026cac                __muldf3
                0x0000000000026f00                __aeabi_ddiv
                0x0000000000026f00                __divdf3
 .text          0x00000000000270d0       0x40 /Applications/Simplicity Studio.app/Contents/Eclipse/developer/toolchains/gnu_arm/4.9_2015q3/bin/../lib/gcc/arm-none-eabi/4.9.3/armv7e-m/fpu/libgcc.a(_arm_fixunsdfsi.o)
                0x00000000000270d0                __fixunsdfsi
                0x00000000000270d0                __aeabi_d2uiz
 .text.exit     0x0000000000027110       0x20 /Applications/Simplicity Studio.app/Contents/Eclipse/developer/toolchains/gnu_arm/4.9_2015q3/bin/../lib/gcc/arm-none-eabi/4.9.3/../../../../arm-none-eabi/lib/armv7e-m/fpu/libc.a(lib_a-exit.o)
                0x0000000000027110                exit
 .text.__libc_init_array
                0x0000000000027130       0x50 /Applications/Simplicity Studio.app/Contents/Eclipse/developer/toolchains/gnu_arm/4.9_2015q3/bin/../lib/gcc/arm-none-eabi/4.9.3/../../../../arm-none-eabi/lib/armv7e-m/fpu/libc.a(lib_a-init.o)
                0x0000000000027130                __libc_init_array
 .text.memcmp   0x0000000000027180       0x64 /Applications/Simplicity Studio.app/Contents/Eclipse/developer/toolchains/gnu_arm/4.9_2015q3/bin/../lib/gcc/arm-none-eabi/4.9.3/../../../../arm-none-eabi/lib/armv7e-m/fpu/libc.a(lib_a-memcmp.o)
                0x0000000000027180                memcmp
 .text          0x00000000000271e4      0x134 /Applications/Simplicity Studio.app/Contents/Eclipse/developer/toolchains/gnu_arm/4.9_2015q3/bin/../lib/gcc/arm-none-eabi/4.9.3/../../../../arm-none-eabi/lib/armv7e-m/fpu/libc.a(lib_a-memcpy.o)
                0x00000000000271e4                memcpy
 .text.memset   0x0000000000027318       0x9c /Applications/Simplicity Studio.app/Contents/Eclipse/developer/toolchains/gnu_arm/4.9_2015q3/bin/../lib/gcc/arm-none-eabi/4.9.3/../../../../arm-none-eabi/lib/armv7e-m/fpu/libc.a(lib_a-memset.o)
                0x0000000000027318                memset
 .text.startup.register_fini
                0x00000000000273b4       0x14 /Applications/Simplicity Studio.app/Contents/Eclipse/developer/toolchains/gnu_arm/4.9_2015q3/bin/../lib/gcc/arm-none-eabi/4.9.3/../../../../arm-none-eabi/lib/armv7e-m/fpu/libc.a(lib_a-__call_atexit.o)
 .text.__call_exitprocs
                0x00000000000273c8       0xd4 /Applications/Simplicity Studio.app/Contents/Eclipse/developer/toolchains/gnu_arm/4.9_2015q3/bin/../lib/gcc/arm-none-eabi/4.9.3/../../../../arm-none-eabi/lib/armv7e-m/fpu/libc.a(lib_a-__call_atexit.o)
                0x00000000000273c8                __call_exitprocs
 .text.atexit   0x000000000002749c        0xc /Applications/Simplicity Studio.app/Contents/Eclipse/developer/toolchains/gnu_arm/4.9_2015q3/bin/../lib/gcc/arm-none-eabi/4.9.3/../../../../arm-none-eabi/lib/armv7e-m/fpu/libc.a(lib_a-atexit.o)
                0x000000000002749c                atexit
 .text.__libc_fini_array
                0x00000000000274a8       0x2c /Applications/Simplicity Studio.app/Contents/Eclipse/developer/toolchains/gnu_arm/4.9_2015q3/bin/../lib/gcc/arm-none-eabi/4.9.3/../../../../arm-none-eabi/lib/armv7e-m/fpu/libc.a(lib_a-fini.o)
                0x00000000000274a8                __libc_fini_array
 .text.__register_exitproc
                0x00000000000274d4       0xa4 /Applications/Simplicity Studio.app/Contents/Eclipse/developer/toolchains/gnu_arm/4.9_2015q3/bin/../lib/gcc/arm-none-eabi/4.9.3/../../../../arm-none-eabi/lib/armv7e-m/fpu/libc.a(lib_a-__atexit.o)
                0x00000000000274d4                __register_exitproc
 .text._exit    0x0000000000027578        0x4 /Applications/Simplicity Studio.app/Contents/Eclipse/developer/toolchains/gnu_arm/4.9_2015q3/bin/../lib/gcc/arm-none-eabi/4.9.3/../../../../arm-none-eabi/lib/armv7e-m/fpu/libnosys.a(_exit.o)
                0x0000000000027578                _exit
 *(.init)
 .init          0x000000000002757c        0x4 /Applications/Simplicity Studio.app/Contents/Eclipse/developer/toolchains/gnu_arm/4.9_2015q3/bin/../lib/gcc/arm-none-eabi/4.9.3/armv7e-m/fpu/crti.o
                0x000000000002757c                _init
 .init          0x0000000000027580        0x8 /Applications/Simplicity Studio.app/Contents/Eclipse/developer/toolchains/gnu_arm/4.9_2015q3/bin/../lib/gcc/arm-none-eabi/4.9.3/armv7e-m/fpu/crtn.o
 *(.fini)
 .fini          0x0000000000027588        0x4 /Applications/Simplicity Studio.app/Contents/Eclipse/developer/toolchains/gnu_arm/4.9_2015q3/bin/../lib/gcc/arm-none-eabi/4.9.3/armv7e-m/fpu/crti.o
                0x0000000000027588                _fini
 .fini          0x000000000002758c        0x8 /Applications/Simplicity Studio.app/Contents/Eclipse/developer/toolchains/gnu_arm/4.9_2015q3/bin/../lib/gcc/arm-none-eabi/4.9.3/armv7e-m/fpu/crtn.o
 *crtbegin.o(.ctors)
 *crtbegin?.o(.ctors)
 *(EXCLUDE_FILE(*crtend.o *crtend?.o) .ctors)
 *(SORT(.ctors.*))
 *(.ctors)
 *crtbegin.o(.dtors)
 *crtbegin?.o(.dtors)
 *(EXCLUDE_FILE(*crtend.o *crtend?.o) .dtors)
 *(SORT(.dtors.*))
 *(.dtors)
 *(.rodata*)
 .rodata.ptiInit
                0x0000000000027594       0x24 ./main.o
 .rodata        0x00000000000275b8        0x4 ./main.o
 .rodata.config
                0x00000000000275bc       0x38 ./main.o
 .rodata        0x00000000000275f4       0x24 ./kit_flashpwr/BRD4302A/mx25flash_spi.o
 .rodata        0x0000000000027618       0x50 ./src/InitDevice.o
 .rodata        0x0000000000027668       0x14 ./src/letimer.o
 .rodata        0x000000000002767c       0x28 /Applications/Simplicity Studio.app/Contents/Eclipse/developer/sdks/gecko_sdk_suite/v1.1//protocol/bluetooth_2.4/lib/EFR32BG1B/GCC/bgapi.a(gecko_bgapi_hardware.c.obj)
 .rodata        0x00000000000276a4       0x30 /Applications/Simplicity Studio.app/Contents/Eclipse/developer/sdks/gecko_sdk_suite/v1.1//protocol/bluetooth_2.4/lib/EFR32BG1B/GCC/bgapi.a(gecko_bgapi_test.c.obj)
 .rodata        0x00000000000276d4       0x28 /Applications/Simplicity Studio.app/Contents/Eclipse/developer/sdks/gecko_sdk_suite/v1.1//protocol/bluetooth_2.4/lib/EFR32BG1B/GCC/bgapi.a(gecko_bgapi_dfu.c.obj)
 .rodata        0x00000000000276fc       0x78 /Applications/Simplicity Studio.app/Contents/Eclipse/developer/sdks/gecko_sdk_suite/v1.1//protocol/bluetooth_2.4/lib/EFR32BG1B/GCC/bgapi.a(gecko_bgapi_gap.c.obj)
 .rodata        0x0000000000027774       0xa8 /Applications/Simplicity Studio.app/Contents/Eclipse/developer/sdks/gecko_sdk_suite/v1.1//protocol/bluetooth_2.4/lib/EFR32BG1B/GCC/bgapi.a(gecko_bgapi_gatt.c.obj)
 .rodata        0x000000000002781c       0x50 /Applications/Simplicity Studio.app/Contents/Eclipse/developer/sdks/gecko_sdk_suite/v1.1//protocol/bluetooth_2.4/lib/EFR32BG1B/GCC/bgapi.a(gecko_bgapi_gatt_server.c.obj)
 .rodata        0x000000000002786c       0x30 /Applications/Simplicity Studio.app/Contents/Eclipse/developer/sdks/gecko_sdk_suite/v1.1//protocol/bluetooth_2.4/lib/EFR32BG1B/GCC/bgapi.a(gecko_bgapi_flash.c.obj)
 .rodata        0x000000000002789c       0x80 /Applications/Simplicity Studio.app/Contents/Eclipse/developer/sdks/gecko_sdk_suite/v1.1//protocol/bluetooth_2.4/lib/EFR32BG1B/GCC/bgapi.a(gecko_bgapi_sm.c.obj)
 .rodata        0x000000000002791c       0x48 /Applications/Simplicity Studio.app/Contents/Eclipse/developer/sdks/gecko_sdk_suite/v1.1//protocol/bluetooth_2.4/lib/EFR32BG1B/GCC/bgapi.a(gecko_bgapi_system.c.obj)
 .rodata        0x0000000000027964       0x38 /Applications/Simplicity Studio.app/Contents/Eclipse/developer/sdks/gecko_sdk_suite/v1.1//protocol/bluetooth_2.4/lib/EFR32BG1B/GCC/bgapi.a(gecko_bgapi_endpoint.c.obj)
 .rodata        0x000000000002799c       0x28 /Applications/Simplicity Studio.app/Contents/Eclipse/developer/sdks/gecko_sdk_suite/v1.1//protocol/bluetooth_2.4/lib/EFR32BG1B/GCC/bgapi.a(gecko_bgapi_le_connection.c.obj)
 .rodata        0x00000000000279c4       0x18 /Applications/Simplicity Studio.app/Contents/Eclipse/developer/sdks/gecko_sdk_suite/v1.1//protocol/bluetooth_2.4/lib/EFR32BG1B/GCC/bgapi.a(bgapi_sm.c.obj)
 .rodata        0x00000000000279dc        0x4 /Applications/Simplicity Studio.app/Contents/Eclipse/developer/sdks/gecko_sdk_suite/v1.1//protocol/bluetooth_2.4/lib/EFR32BG1B/GCC/bgapi.a(gatt_client.c.obj)
 .rodata.str1.4
                0x00000000000279e0        0x4 /Applications/Simplicity Studio.app/Contents/Eclipse/developer/toolchains/gnu_arm/4.9_2015q3/bin/../lib/gcc/arm-none-eabi/4.9.3/../../../../arm-none-eabi/lib/armv7e-m/fpu/libc.a(lib_a-impure.o)
                                          0x2 (size before relaxing)
 .rodata._global_impure_ptr
                0x00000000000279e4        0x4 /Applications/Simplicity Studio.app/Contents/Eclipse/developer/toolchains/gnu_arm/4.9_2015q3/bin/../lib/gcc/arm-none-eabi/4.9.3/../../../../arm-none-eabi/lib/armv7e-m/fpu/libc.a(lib_a-impure.o)
                0x00000000000279e4                _global_impure_ptr
 *(.eh_frame*)
 .eh_frame      0x00000000000279e8        0x0 /Applications/Simplicity Studio.app/Contents/Eclipse/developer/toolchains/gnu_arm/4.9_2015q3/bin/../lib/gcc/arm-none-eabi/4.9.3/armv7e-m/fpu/crtbegin.o
 .eh_frame      0x00000000000279e8        0x4 /Applications/Simplicity Studio.app/Contents/Eclipse/developer/toolchains/gnu_arm/4.9_2015q3/bin/../lib/gcc/arm-none-eabi/4.9.3/armv7e-m/fpu/crtend.o
                0x00000000000279ec                . = ALIGN (0x4)

.glue_7         0x00000000000279ec        0x0
 .glue_7        0x0000000000000000        0x0 linker stubs

.glue_7t        0x00000000000279ec        0x0
 .glue_7t       0x0000000000000000        0x0 linker stubs

.vfp11_veneer   0x00000000000279ec        0x0
 .vfp11_veneer  0x0000000000000000        0x0 linker stubs

.v4_bx          0x00000000000279ec        0x0
 .v4_bx         0x0000000000000000        0x0 linker stubs

.iplt           0x00000000000279ec        0x0
 .iplt          0x0000000000000000        0x0 /Applications/Simplicity Studio.app/Contents/Eclipse/developer/toolchains/gnu_arm/4.9_2015q3/bin/../lib/gcc/arm-none-eabi/4.9.3/armv7e-m/fpu/crtbegin.o

.igot.plt       0x00000000000279ec        0x0
 .igot.plt      0x0000000000000000        0x0 /Applications/Simplicity Studio.app/Contents/Eclipse/developer/toolchains/gnu_arm/4.9_2015q3/bin/../lib/gcc/arm-none-eabi/4.9.3/armv7e-m/fpu/crtbegin.o

.text_app_ARM.extab
 *(.ARM.extab* .gnu.linkonce.armextab.*)
                0x00000000000279ec                __exidx_start = .

.text_app_ARM.exidx
                0x00000000000279ec        0x8
 *(.ARM.exidx* .gnu.linkonce.armexidx.*)
 .ARM.exidx     0x00000000000279ec        0x8 /Applications/Simplicity Studio.app/Contents/Eclipse/developer/toolchains/gnu_arm/4.9_2015q3/bin/../lib/gcc/arm-none-eabi/4.9.3/../../../../arm-none-eabi/lib/armv7e-m/fpu/crt0.o
                0x00000000000279f4                __exidx_end = .
                0x00000000000279f4                __etext = .

.rel.dyn        0x00000000000279f4        0x0
 .rel.iplt      0x0000000000000000        0x0 /Applications/Simplicity Studio.app/Contents/Eclipse/developer/toolchains/gnu_arm/4.9_2015q3/bin/../lib/gcc/arm-none-eabi/4.9.3/armv7e-m/fpu/crtbegin.o

.text_app_data  0x0000000020003000      0x450 load address 0x00000000000279f4
                0x0000000020003000                __data_start__ = .
 *(vtable)
 *(.data*)
 .data.bg_gattdb_data_attribute_field_6_data
                0x0000000020003000        0xd ./gatt_db.o
                0x0000000020003000                bg_gattdb_data_attribute_field_6_data
 *fill*         0x000000002000300d        0x3 
 .data.auxHfrcoFreq
                0x0000000020003010        0x4 ./emlib/em_cmu.o
 *fill*         0x0000000020003014        0x4 
 .data.impure_data
                0x0000000020003018      0x428 /Applications/Simplicity Studio.app/Contents/Eclipse/developer/toolchains/gnu_arm/4.9_2015q3/bin/../lib/gcc/arm-none-eabi/4.9.3/../../../../arm-none-eabi/lib/armv7e-m/fpu/libc.a(lib_a-impure.o)
                0x0000000020003440                . = ALIGN (0x4)
 *(.ram)
                0x0000000020003440                . = ALIGN (0x4)
                0x0000000020003440                PROVIDE (__preinit_array_start, .)
 *(.preinit_array)
                0x0000000020003440                PROVIDE (__preinit_array_end, .)
                0x0000000020003440                . = ALIGN (0x4)
                0x0000000020003440                PROVIDE (__init_array_start, .)
 *(SORT(.init_array.*))
 .init_array.00000
                0x0000000020003440        0x4 /Applications/Simplicity Studio.app/Contents/Eclipse/developer/toolchains/gnu_arm/4.9_2015q3/bin/../lib/gcc/arm-none-eabi/4.9.3/../../../../arm-none-eabi/lib/armv7e-m/fpu/libc.a(lib_a-__call_atexit.o)
 *(.init_array)
 .init_array    0x0000000020003444        0x4 /Applications/Simplicity Studio.app/Contents/Eclipse/developer/toolchains/gnu_arm/4.9_2015q3/bin/../lib/gcc/arm-none-eabi/4.9.3/armv7e-m/fpu/crtbegin.o
                0x0000000020003448                PROVIDE (__init_array_end, .)
                0x0000000020003448                . = ALIGN (0x4)
                0x0000000020003448                PROVIDE (__fini_array_start, .)
 *(SORT(.fini_array.*))
 *(.fini_array)
 .fini_array    0x0000000020003448        0x4 /Applications/Simplicity Studio.app/Contents/Eclipse/developer/toolchains/gnu_arm/4.9_2015q3/bin/../lib/gcc/arm-none-eabi/4.9.3/armv7e-m/fpu/crtbegin.o
                0x000000002000344c                PROVIDE (__fini_array_end, .)
 *(.jcr*)
 .jcr           0x000000002000344c        0x0 /Applications/Simplicity Studio.app/Contents/Eclipse/developer/toolchains/gnu_arm/4.9_2015q3/bin/../lib/gcc/arm-none-eabi/4.9.3/armv7e-m/fpu/crtbegin.o
 .jcr           0x000000002000344c        0x4 /Applications/Simplicity Studio.app/Contents/Eclipse/developer/toolchains/gnu_arm/4.9_2015q3/bin/../lib/gcc/arm-none-eabi/4.9.3/armv7e-m/fpu/crtend.o
                0x0000000020003450                . = ALIGN (0x4)
                0x0000000020003450                __data_end__ = .

.bss            0x0000000020003450     0x1ac0 load address 0x0000000000027e44
                0x0000000020003450                . = ALIGN (0x4)
                0x0000000020003450                __bss_start__ = .
 *(.bss*)
 .bss           0x0000000020003450       0x1c /Applications/Simplicity Studio.app/Contents/Eclipse/developer/toolchains/gnu_arm/4.9_2015q3/bin/../lib/gcc/arm-none-eabi/4.9.3/armv7e-m/fpu/crtbegin.o
 .bss.bg_gattdb_data_attribute_field_2_data
                0x000000002000346c        0x4 ./gatt_db.o
                0x000000002000346c                bg_gattdb_data_attribute_field_2_data
 .bss.chTable   0x0000000020003470       0xa0 ./bgapi/dmadrv.o
 .bss.dmaXfer   0x0000000020003510      0x100 ./bgapi/dmadrv.o
 .bss           0x0000000020003610        0x4 /Applications/Simplicity Studio.app/Contents/Eclipse/developer/sdks/gecko_sdk_suite/v1.1//protocol/bluetooth_2.4/lib/EFR32BG1B/GCC/bgapi.a(bgapi_hardware.c.obj)
 .bss           0x0000000020003614        0x4 /Applications/Simplicity Studio.app/Contents/Eclipse/developer/sdks/gecko_sdk_suite/v1.1//protocol/bluetooth_2.4/lib/EFR32BG1B/GCC/bgapi.a(bgapi_test_lib.c.obj)
 .bss           0x0000000020003618        0x2 /Applications/Simplicity Studio.app/Contents/Eclipse/developer/sdks/gecko_sdk_suite/v1.1//protocol/bluetooth_2.4/lib/EFR32BG1B/GCC/bgapi.a(bgapi_gap.c.obj)
                0x0000000020003618                legacy_maxadv_events
 *fill*         0x000000002000361a        0x2 
 .bss           0x000000002000361c        0x4 /Applications/Simplicity Studio.app/Contents/Eclipse/developer/sdks/gecko_sdk_suite/v1.1//protocol/bluetooth_2.4/lib/EFR32BG1B/GCC/bgapi.a(bgapi_ps.c.obj)
 .bss           0x0000000020003620        0x4 /Applications/Simplicity Studio.app/Contents/Eclipse/developer/sdks/gecko_sdk_suite/v1.1//protocol/bluetooth_2.4/lib/EFR32BG1B/GCC/bgapi.a(bgapi_sm.c.obj)
 .bss           0x0000000020003624        0x4 /Applications/Simplicity Studio.app/Contents/Eclipse/developer/sdks/gecko_sdk_suite/v1.1//protocol/bluetooth_2.4/lib/EFR32BG1B/GCC/bgapi.a(bgapi_system.c.obj)
 *(COMMON)
 COMMON         0x0000000020003628     0x18d0 ./main.o
                0x0000000020003628                bluetooth_stack_heap
 COMMON         0x0000000020004ef8       0x14 ./src/sleep.o
                0x0000000020004ef8                sleep_block_counter
 COMMON         0x0000000020004f0c        0x4 /Applications/Simplicity Studio.app/Contents/Eclipse/developer/sdks/gecko_sdk_suite/v1.1//protocol/bluetooth_2.4/lib/EFR32BG1B/GCC/bgapi.a(bgapi_test_lib.c.obj)
                0x0000000020004f0c                msg_sender
                0x0000000020004f10                . = ALIGN (0x4)
                0x0000000020004f10                __bss_end__ = .

.heap           0x0000000020004f10      0xc00
                0x0000000020004f10                __HeapBase = .
                0x0000000020004f10                __end__ = .
                0x0000000020004f10                end = __end__
                0x0000000020004f10                _end = __end__
 *(.heap*)
 .heap          0x0000000020004f10      0xc00 ./device/EFR32_B_1_1_B/gcc/startup_efr32bg1b.o
                0x0000000020005b10                __HeapLimit = .

.stack_dummy    0x0000000020005b10      0x400
 *(.stack*)
 .stack         0x0000000020005b10      0x400 ./device/EFR32_B_1_1_B/gcc/startup_efr32bg1b.o
                0x0000000020007bfc                __StackTop = (ORIGIN (RAM) + 0x4bfc)
                0x00000000200077fc                __StackLimit = (__StackTop - SIZEOF (.stack_dummy))
                0x0000000020007bfc                PROVIDE (__stack, __StackTop)
                0x0000000000000001                ASSERT ((__StackLimit >= __HeapLimit), region RAM overflowed with stack)
OUTPUT(LED_Blinking.axf elf32-littlearm)

.ARM.attributes
                0x0000000000000000       0x30
 .ARM.attributes
                0x0000000000000000       0x22 /Applications/Simplicity Studio.app/Contents/Eclipse/developer/toolchains/gnu_arm/4.9_2015q3/bin/../lib/gcc/arm-none-eabi/4.9.3/armv7e-m/fpu/crti.o
 .ARM.attributes
                0x0000000000000022       0x34 /Applications/Simplicity Studio.app/Contents/Eclipse/developer/toolchains/gnu_arm/4.9_2015q3/bin/../lib/gcc/arm-none-eabi/4.9.3/armv7e-m/fpu/crtbegin.o
 .ARM.attributes
                0x0000000000000056       0x20 /Applications/Simplicity Studio.app/Contents/Eclipse/developer/toolchains/gnu_arm/4.9_2015q3/bin/../lib/gcc/arm-none-eabi/4.9.3/../../../../arm-none-eabi/lib/armv7e-m/fpu/crt0.o
 .ARM.attributes
                0x0000000000000076       0x39 ./application_properties.o
 .ARM.attributes
                0x00000000000000af       0x39 ./gatt_db.o
 .ARM.attributes
                0x00000000000000e8       0x39 ./main.o
 .ARM.attributes
                0x0000000000000121       0x39 ./bgapi/dmadrv.o
 .ARM.attributes
                0x000000000000015a       0x39 ./device/EFR32_B_1_1_B/gcc/startup_efr32bg1b.o
 .ARM.attributes
                0x0000000000000193       0x39 ./emlib/em_cmu.o
 .ARM.attributes
                0x00000000000001cc       0x39 ./emlib/em_gpio.o
 .ARM.attributes
                0x0000000000000205       0x39 ./emlib/em_letimer.o
 .ARM.attributes
                0x000000000000023e       0x39 ./emlib/em_rtcc.o
 .ARM.attributes
                0x0000000000000277       0x39 ./emlib/em_system.o
 .ARM.attributes
                0x00000000000002b0       0x39 ./emlib/em_usart.o
 .ARM.attributes
                0x00000000000002e9       0x39 ./kit_flashpwr/BRD4302A/mx25flash_spi.o
 .ARM.attributes
                0x0000000000000322       0x39 ./src/InitDevice.o
 .ARM.attributes
                0x000000000000035b       0x39 ./src/cmu.o
 .ARM.attributes
                0x0000000000000394       0x39 ./src/gpio.o
 .ARM.attributes
                0x00000000000003cd       0x39 ./src/letimer.o
 .ARM.attributes
                0x0000000000000406       0x39 ./src/sleep.o
 .ARM.attributes
                0x000000000000043f       0x1c /Applications/Simplicity Studio.app/Contents/Eclipse/developer/sdks/gecko_sdk_suite/v1.1//protocol/bluetooth_2.4/lib/EFR32BG1B/EABI/binstack.o
 .ARM.attributes
                0x000000000000045b       0x1c /Applications/Simplicity Studio.app/Contents/Eclipse/developer/sdks/gecko_sdk_suite/v1.1//protocol/bluetooth_2.4/lib/EFR32BG1B/EABI/binbootloader.o
 .ARM.attributes
                0x0000000000000477       0x39 /Applications/Simplicity Studio.app/Contents/Eclipse/developer/sdks/gecko_sdk_suite/v1.1//protocol/bluetooth_2.4/lib/EFR32BG1B/GCC/bgapi.a(gecko_bgapi_hardware.c.obj)
 .ARM.attributes
                0x00000000000004b0       0x39 /Applications/Simplicity Studio.app/Contents/Eclipse/developer/sdks/gecko_sdk_suite/v1.1//protocol/bluetooth_2.4/lib/EFR32BG1B/GCC/bgapi.a(gecko_bgapi_test.c.obj)
 .ARM.attributes
                0x00000000000004e9       0x39 /Applications/Simplicity Studio.app/Contents/Eclipse/developer/sdks/gecko_sdk_suite/v1.1//protocol/bluetooth_2.4/lib/EFR32BG1B/GCC/bgapi.a(gecko_bgapi_dfu.c.obj)
 .ARM.attributes
                0x0000000000000522       0x39 /Applications/Simplicity Studio.app/Contents/Eclipse/developer/sdks/gecko_sdk_suite/v1.1//protocol/bluetooth_2.4/lib/EFR32BG1B/GCC/bgapi.a(gecko_bgapi_gap.c.obj)
 .ARM.attributes
                0x000000000000055b       0x39 /Applications/Simplicity Studio.app/Contents/Eclipse/developer/sdks/gecko_sdk_suite/v1.1//protocol/bluetooth_2.4/lib/EFR32BG1B/GCC/bgapi.a(gecko_bgapi_gatt.c.obj)
 .ARM.attributes
                0x0000000000000594       0x39 /Applications/Simplicity Studio.app/Contents/Eclipse/developer/sdks/gecko_sdk_suite/v1.1//protocol/bluetooth_2.4/lib/EFR32BG1B/GCC/bgapi.a(gecko_bgapi_gatt_server.c.obj)
 .ARM.attributes
                0x00000000000005cd       0x39 /Applications/Simplicity Studio.app/Contents/Eclipse/developer/sdks/gecko_sdk_suite/v1.1//protocol/bluetooth_2.4/lib/EFR32BG1B/GCC/bgapi.a(gecko_bgapi_flash.c.obj)
 .ARM.attributes
                0x0000000000000606       0x39 /Applications/Simplicity Studio.app/Contents/Eclipse/developer/sdks/gecko_sdk_suite/v1.1//protocol/bluetooth_2.4/lib/EFR32BG1B/GCC/bgapi.a(gecko_bgapi_sm.c.obj)
 .ARM.attributes
                0x000000000000063f       0x39 /Applications/Simplicity Studio.app/Contents/Eclipse/developer/sdks/gecko_sdk_suite/v1.1//protocol/bluetooth_2.4/lib/EFR32BG1B/GCC/bgapi.a(gecko_bgapi_system.c.obj)
 .ARM.attributes
                0x0000000000000678       0x39 /Applications/Simplicity Studio.app/Contents/Eclipse/developer/sdks/gecko_sdk_suite/v1.1//protocol/bluetooth_2.4/lib/EFR32BG1B/GCC/bgapi.a(gecko_bgapi_endpoint.c.obj)
 .ARM.attributes
                0x00000000000006b1       0x39 /Applications/Simplicity Studio.app/Contents/Eclipse/developer/sdks/gecko_sdk_suite/v1.1//protocol/bluetooth_2.4/lib/EFR32BG1B/GCC/bgapi.a(gecko_bgapi_le_connection.c.obj)
 .ARM.attributes
                0x00000000000006ea       0x39 /Applications/Simplicity Studio.app/Contents/Eclipse/developer/sdks/gecko_sdk_suite/v1.1//protocol/bluetooth_2.4/lib/EFR32BG1B/GCC/bgapi.a(bgapi_hardware.c.obj)
 .ARM.attributes
                0x0000000000000723       0x39 /Applications/Simplicity Studio.app/Contents/Eclipse/developer/sdks/gecko_sdk_suite/v1.1//protocol/bluetooth_2.4/lib/EFR32BG1B/GCC/bgapi.a(bgapi_test_lib.c.obj)
 .ARM.attributes
                0x000000000000075c       0x39 /Applications/Simplicity Studio.app/Contents/Eclipse/developer/sdks/gecko_sdk_suite/v1.1//protocol/bluetooth_2.4/lib/EFR32BG1B/GCC/bgapi.a(bgapi_dfu.c.obj)
 .ARM.attributes
                0x0000000000000795       0x39 /Applications/Simplicity Studio.app/Contents/Eclipse/developer/sdks/gecko_sdk_suite/v1.1//protocol/bluetooth_2.4/lib/EFR32BG1B/GCC/bgapi.a(bgapi_gap.c.obj)
 .ARM.attributes
                0x00000000000007ce       0x39 /Applications/Simplicity Studio.app/Contents/Eclipse/developer/sdks/gecko_sdk_suite/v1.1//protocol/bluetooth_2.4/lib/EFR32BG1B/GCC/bgapi.a(bgapi_gatt_lib.c.obj)
 .ARM.attributes
                0x0000000000000807       0x39 /Applications/Simplicity Studio.app/Contents/Eclipse/developer/sdks/gecko_sdk_suite/v1.1//protocol/bluetooth_2.4/lib/EFR32BG1B/GCC/bgapi.a(bgapi_ps.c.obj)
 .ARM.attributes
                0x0000000000000840       0x39 /Applications/Simplicity Studio.app/Contents/Eclipse/developer/sdks/gecko_sdk_suite/v1.1//protocol/bluetooth_2.4/lib/EFR32BG1B/GCC/bgapi.a(bgapi_sm.c.obj)
 .ARM.attributes
                0x0000000000000879       0x39 /Applications/Simplicity Studio.app/Contents/Eclipse/developer/sdks/gecko_sdk_suite/v1.1//protocol/bluetooth_2.4/lib/EFR32BG1B/GCC/bgapi.a(bgapi_system.c.obj)
 .ARM.attributes
                0x00000000000008b2       0x39 /Applications/Simplicity Studio.app/Contents/Eclipse/developer/sdks/gecko_sdk_suite/v1.1//protocol/bluetooth_2.4/lib/EFR32BG1B/GCC/bgapi.a(bgapi_endpoint.c.obj)
 .ARM.attributes
                0x00000000000008eb       0x39 /Applications/Simplicity Studio.app/Contents/Eclipse/developer/sdks/gecko_sdk_suite/v1.1//protocol/bluetooth_2.4/lib/EFR32BG1B/GCC/bgapi.a(bgapi_le_connection.c.obj)
 .ARM.attributes
                0x0000000000000924       0x39 /Applications/Simplicity Studio.app/Contents/Eclipse/developer/sdks/gecko_sdk_suite/v1.1//protocol/bluetooth_2.4/lib/EFR32BG1B/GCC/bgapi.a(gatt_client.c.obj)
 .ARM.attributes
                0x000000000000095d       0x39 /Applications/Simplicity Studio.app/Contents/Eclipse/developer/sdks/gecko_sdk_suite/v1.1//protocol/bluetooth_2.4/lib/EFR32BG1B/GCC/bgapi.a(ubt_gatt_client.c.obj)
 .ARM.attributes
                0x0000000000000996       0x39 /Applications/Simplicity Studio.app/Contents/Eclipse/developer/sdks/gecko_sdk_suite/v1.1//protocol/bluetooth_2.4/lib/EFR32BG1B/GCC/bgapi.a(att_client.c.obj)
 .ARM.attributes
                0x00000000000009cf       0x22 /Applications/Simplicity Studio.app/Contents/Eclipse/developer/toolchains/gnu_arm/4.9_2015q3/bin/../lib/gcc/arm-none-eabi/4.9.3/armv7e-m/fpu/libgcc.a(_arm_addsubdf3.o)
 .ARM.attributes
                0x00000000000009f1       0x22 /Applications/Simplicity Studio.app/Contents/Eclipse/developer/toolchains/gnu_arm/4.9_2015q3/bin/../lib/gcc/arm-none-eabi/4.9.3/armv7e-m/fpu/libgcc.a(_arm_muldivdf3.o)
 .ARM.attributes
                0x0000000000000a13       0x22 /Applications/Simplicity Studio.app/Contents/Eclipse/developer/toolchains/gnu_arm/4.9_2015q3/bin/../lib/gcc/arm-none-eabi/4.9.3/armv7e-m/fpu/libgcc.a(_arm_fixunsdfsi.o)
 .ARM.attributes
                0x0000000000000a35       0x34 /Applications/Simplicity Studio.app/Contents/Eclipse/developer/toolchains/gnu_arm/4.9_2015q3/bin/../lib/gcc/arm-none-eabi/4.9.3/../../../../arm-none-eabi/lib/armv7e-m/fpu/libc.a(lib_a-exit.o)
 .ARM.attributes
                0x0000000000000a69       0x34 /Applications/Simplicity Studio.app/Contents/Eclipse/developer/toolchains/gnu_arm/4.9_2015q3/bin/../lib/gcc/arm-none-eabi/4.9.3/../../../../arm-none-eabi/lib/armv7e-m/fpu/libc.a(lib_a-impure.o)
 .ARM.attributes
                0x0000000000000a9d       0x34 /Applications/Simplicity Studio.app/Contents/Eclipse/developer/toolchains/gnu_arm/4.9_2015q3/bin/../lib/gcc/arm-none-eabi/4.9.3/../../../../arm-none-eabi/lib/armv7e-m/fpu/libc.a(lib_a-init.o)
 .ARM.attributes
                0x0000000000000ad1       0x34 /Applications/Simplicity Studio.app/Contents/Eclipse/developer/toolchains/gnu_arm/4.9_2015q3/bin/../lib/gcc/arm-none-eabi/4.9.3/../../../../arm-none-eabi/lib/armv7e-m/fpu/libc.a(lib_a-memcmp.o)
 .ARM.attributes
                0x0000000000000b05       0x20 /Applications/Simplicity Studio.app/Contents/Eclipse/developer/toolchains/gnu_arm/4.9_2015q3/bin/../lib/gcc/arm-none-eabi/4.9.3/../../../../arm-none-eabi/lib/armv7e-m/fpu/libc.a(lib_a-memcpy.o)
 .ARM.attributes
                0x0000000000000b25       0x34 /Applications/Simplicity Studio.app/Contents/Eclipse/developer/toolchains/gnu_arm/4.9_2015q3/bin/../lib/gcc/arm-none-eabi/4.9.3/../../../../arm-none-eabi/lib/armv7e-m/fpu/libc.a(lib_a-memset.o)
 .ARM.attributes
                0x0000000000000b59       0x34 /Applications/Simplicity Studio.app/Contents/Eclipse/developer/toolchains/gnu_arm/4.9_2015q3/bin/../lib/gcc/arm-none-eabi/4.9.3/../../../../arm-none-eabi/lib/armv7e-m/fpu/libc.a(lib_a-__call_atexit.o)
 .ARM.attributes
                0x0000000000000b8d       0x34 /Applications/Simplicity Studio.app/Contents/Eclipse/developer/toolchains/gnu_arm/4.9_2015q3/bin/../lib/gcc/arm-none-eabi/4.9.3/../../../../arm-none-eabi/lib/armv7e-m/fpu/libc.a(lib_a-atexit.o)
 .ARM.attributes
                0x0000000000000bc1       0x34 /Applications/Simplicity Studio.app/Contents/Eclipse/developer/toolchains/gnu_arm/4.9_2015q3/bin/../lib/gcc/arm-none-eabi/4.9.3/../../../../arm-none-eabi/lib/armv7e-m/fpu/libc.a(lib_a-fini.o)
 .ARM.attributes
                0x0000000000000bf5       0x34 /Applications/Simplicity Studio.app/Contents/Eclipse/developer/toolchains/gnu_arm/4.9_2015q3/bin/../lib/gcc/arm-none-eabi/4.9.3/../../../../arm-none-eabi/lib/armv7e-m/fpu/libc.a(lib_a-__atexit.o)
 .ARM.attributes
                0x0000000000000c29       0x34 /Applications/Simplicity Studio.app/Contents/Eclipse/developer/toolchains/gnu_arm/4.9_2015q3/bin/../lib/gcc/arm-none-eabi/4.9.3/../../../../arm-none-eabi/lib/armv7e-m/fpu/libnosys.a(_exit.o)
 .ARM.attributes
                0x0000000000000c5d       0x34 /Applications/Simplicity Studio.app/Contents/Eclipse/developer/toolchains/gnu_arm/4.9_2015q3/bin/../lib/gcc/arm-none-eabi/4.9.3/armv7e-m/fpu/crtend.o
 .ARM.attributes
                0x0000000000000c91       0x22 /Applications/Simplicity Studio.app/Contents/Eclipse/developer/toolchains/gnu_arm/4.9_2015q3/bin/../lib/gcc/arm-none-eabi/4.9.3/armv7e-m/fpu/crtn.o

.comment        0x0000000000000000       0xde
 .comment       0x0000000000000000       0x70 ./application_properties.o
                                         0x71 (size before relaxing)
 .comment       0x0000000000000000       0x71 ./gatt_db.o
 .comment       0x0000000000000000       0x71 ./main.o
 .comment       0x0000000000000000       0x71 ./bgapi/dmadrv.o
 .comment       0x0000000000000000       0x71 ./device/EFR32_B_1_1_B/gcc/startup_efr32bg1b.o
 .comment       0x0000000000000000       0x71 ./emlib/em_cmu.o
 .comment       0x0000000000000000       0x71 ./emlib/em_gpio.o
 .comment       0x0000000000000000       0x71 ./emlib/em_letimer.o
 .comment       0x0000000000000000       0x71 ./emlib/em_rtcc.o
 .comment       0x0000000000000000       0x71 ./emlib/em_system.o
 .comment       0x0000000000000000       0x71 ./emlib/em_usart.o
 .comment       0x0000000000000000       0x71 ./kit_flashpwr/BRD4302A/mx25flash_spi.o
 .comment       0x0000000000000000       0x71 ./src/InitDevice.o
 .comment       0x0000000000000000       0x71 ./src/cmu.o
 .comment       0x0000000000000000       0x71 ./src/gpio.o
 .comment       0x0000000000000000       0x71 ./src/letimer.o
 .comment       0x0000000000000000       0x71 ./src/sleep.o
 .comment       0x0000000000000070       0x6e /Applications/Simplicity Studio.app/Contents/Eclipse/developer/sdks/gecko_sdk_suite/v1.1//protocol/bluetooth_2.4/lib/EFR32BG1B/GCC/bgapi.a(gecko_bgapi_hardware.c.obj)
                                         0x6f (size before relaxing)
 .comment       0x0000000000000000       0x6f /Applications/Simplicity Studio.app/Contents/Eclipse/developer/sdks/gecko_sdk_suite/v1.1//protocol/bluetooth_2.4/lib/EFR32BG1B/GCC/bgapi.a(gecko_bgapi_test.c.obj)
 .comment       0x0000000000000000       0x6f /Applications/Simplicity Studio.app/Contents/Eclipse/developer/sdks/gecko_sdk_suite/v1.1//protocol/bluetooth_2.4/lib/EFR32BG1B/GCC/bgapi.a(gecko_bgapi_dfu.c.obj)
 .comment       0x0000000000000000       0x6f /Applications/Simplicity Studio.app/Contents/Eclipse/developer/sdks/gecko_sdk_suite/v1.1//protocol/bluetooth_2.4/lib/EFR32BG1B/GCC/bgapi.a(gecko_bgapi_gap.c.obj)
 .comment       0x0000000000000000       0x6f /Applications/Simplicity Studio.app/Contents/Eclipse/developer/sdks/gecko_sdk_suite/v1.1//protocol/bluetooth_2.4/lib/EFR32BG1B/GCC/bgapi.a(gecko_bgapi_gatt.c.obj)
 .comment       0x0000000000000000       0x6f /Applications/Simplicity Studio.app/Contents/Eclipse/developer/sdks/gecko_sdk_suite/v1.1//protocol/bluetooth_2.4/lib/EFR32BG1B/GCC/bgapi.a(gecko_bgapi_gatt_server.c.obj)
 .comment       0x0000000000000000       0x6f /Applications/Simplicity Studio.app/Contents/Eclipse/developer/sdks/gecko_sdk_suite/v1.1//protocol/bluetooth_2.4/lib/EFR32BG1B/GCC/bgapi.a(gecko_bgapi_flash.c.obj)
 .comment       0x0000000000000000       0x6f /Applications/Simplicity Studio.app/Contents/Eclipse/developer/sdks/gecko_sdk_suite/v1.1//protocol/bluetooth_2.4/lib/EFR32BG1B/GCC/bgapi.a(gecko_bgapi_sm.c.obj)
 .comment       0x0000000000000000       0x6f /Applications/Simplicity Studio.app/Contents/Eclipse/developer/sdks/gecko_sdk_suite/v1.1//protocol/bluetooth_2.4/lib/EFR32BG1B/GCC/bgapi.a(gecko_bgapi_system.c.obj)
 .comment       0x0000000000000000       0x6f /Applications/Simplicity Studio.app/Contents/Eclipse/developer/sdks/gecko_sdk_suite/v1.1//protocol/bluetooth_2.4/lib/EFR32BG1B/GCC/bgapi.a(gecko_bgapi_endpoint.c.obj)
 .comment       0x0000000000000000       0x6f /Applications/Simplicity Studio.app/Contents/Eclipse/developer/sdks/gecko_sdk_suite/v1.1//protocol/bluetooth_2.4/lib/EFR32BG1B/GCC/bgapi.a(gecko_bgapi_le_connection.c.obj)
 .comment       0x0000000000000000       0x6f /Applications/Simplicity Studio.app/Contents/Eclipse/developer/sdks/gecko_sdk_suite/v1.1//protocol/bluetooth_2.4/lib/EFR32BG1B/GCC/bgapi.a(bgapi_hardware.c.obj)
 .comment       0x0000000000000000       0x6f /Applications/Simplicity Studio.app/Contents/Eclipse/developer/sdks/gecko_sdk_suite/v1.1//protocol/bluetooth_2.4/lib/EFR32BG1B/GCC/bgapi.a(bgapi_test_lib.c.obj)
 .comment       0x0000000000000000       0x6f /Applications/Simplicity Studio.app/Contents/Eclipse/developer/sdks/gecko_sdk_suite/v1.1//protocol/bluetooth_2.4/lib/EFR32BG1B/GCC/bgapi.a(bgapi_dfu.c.obj)
 .comment       0x0000000000000000       0x6f /Applications/Simplicity Studio.app/Contents/Eclipse/developer/sdks/gecko_sdk_suite/v1.1//protocol/bluetooth_2.4/lib/EFR32BG1B/GCC/bgapi.a(bgapi_gap.c.obj)
 .comment       0x0000000000000000       0x6f /Applications/Simplicity Studio.app/Contents/Eclipse/developer/sdks/gecko_sdk_suite/v1.1//protocol/bluetooth_2.4/lib/EFR32BG1B/GCC/bgapi.a(bgapi_gatt_lib.c.obj)
 .comment       0x0000000000000000       0x6f /Applications/Simplicity Studio.app/Contents/Eclipse/developer/sdks/gecko_sdk_suite/v1.1//protocol/bluetooth_2.4/lib/EFR32BG1B/GCC/bgapi.a(bgapi_ps.c.obj)
 .comment       0x0000000000000000       0x6f /Applications/Simplicity Studio.app/Contents/Eclipse/developer/sdks/gecko_sdk_suite/v1.1//protocol/bluetooth_2.4/lib/EFR32BG1B/GCC/bgapi.a(bgapi_sm.c.obj)
 .comment       0x0000000000000000       0x6f /Applications/Simplicity Studio.app/Contents/Eclipse/developer/sdks/gecko_sdk_suite/v1.1//protocol/bluetooth_2.4/lib/EFR32BG1B/GCC/bgapi.a(bgapi_system.c.obj)
 .comment       0x0000000000000000       0x6f /Applications/Simplicity Studio.app/Contents/Eclipse/developer/sdks/gecko_sdk_suite/v1.1//protocol/bluetooth_2.4/lib/EFR32BG1B/GCC/bgapi.a(bgapi_endpoint.c.obj)
 .comment       0x0000000000000000       0x6f /Applications/Simplicity Studio.app/Contents/Eclipse/developer/sdks/gecko_sdk_suite/v1.1//protocol/bluetooth_2.4/lib/EFR32BG1B/GCC/bgapi.a(bgapi_le_connection.c.obj)
 .comment       0x0000000000000000       0x6f /Applications/Simplicity Studio.app/Contents/Eclipse/developer/sdks/gecko_sdk_suite/v1.1//protocol/bluetooth_2.4/lib/EFR32BG1B/GCC/bgapi.a(gatt_client.c.obj)
 .comment       0x0000000000000000       0x6f /Applications/Simplicity Studio.app/Contents/Eclipse/developer/sdks/gecko_sdk_suite/v1.1//protocol/bluetooth_2.4/lib/EFR32BG1B/GCC/bgapi.a(ubt_gatt_client.c.obj)
 .comment       0x0000000000000000       0x6f /Applications/Simplicity Studio.app/Contents/Eclipse/developer/sdks/gecko_sdk_suite/v1.1//protocol/bluetooth_2.4/lib/EFR32BG1B/GCC/bgapi.a(att_client.c.obj)

.debug_info     0x0000000000000000     0xe707
 .debug_info    0x0000000000000000      0x168 ./application_properties.o
 .debug_info    0x0000000000000168      0x58e ./gatt_db.o
 .debug_info    0x00000000000006f6     0x4136 ./main.o
 .debug_info    0x000000000000482c     0x13f4 ./bgapi/dmadrv.o
 .debug_info    0x0000000000005c20      0x1b4 ./device/EFR32_B_1_1_B/gcc/startup_efr32bg1b.o
 .debug_info    0x0000000000005dd4     0x1b9c ./emlib/em_cmu.o
 .debug_info    0x0000000000007970      0xa05 ./emlib/em_gpio.o
 .debug_info    0x0000000000008375      0x507 ./emlib/em_letimer.o
 .debug_info    0x000000000000887c      0x6b8 ./emlib/em_rtcc.o
 .debug_info    0x0000000000008f34      0x276 ./emlib/em_system.o
 .debug_info    0x00000000000091aa      0xf55 ./emlib/em_usart.o
 .debug_info    0x000000000000a0ff     0x15b7 ./kit_flashpwr/BRD4302A/mx25flash_spi.o
 .debug_info    0x000000000000b6b6     0x185d ./src/InitDevice.o
 .debug_info    0x000000000000cf13      0x30d ./src/cmu.o
 .debug_info    0x000000000000d220      0x61b ./src/gpio.o
 .debug_info    0x000000000000d83b      0xb4c ./src/letimer.o
 .debug_info    0x000000000000e387      0x380 ./src/sleep.o

.debug_abbrev   0x0000000000000000     0x1aee
 .debug_abbrev  0x0000000000000000       0x97 ./application_properties.o
 .debug_abbrev  0x0000000000000097       0xbd ./gatt_db.o
 .debug_abbrev  0x0000000000000154      0x203 ./main.o
 .debug_abbrev  0x0000000000000357      0x25f ./bgapi/dmadrv.o
 .debug_abbrev  0x00000000000005b6       0xdb ./device/EFR32_B_1_1_B/gcc/startup_efr32bg1b.o
 .debug_abbrev  0x0000000000000691      0x2de ./emlib/em_cmu.o
 .debug_abbrev  0x000000000000096f      0x1da ./emlib/em_gpio.o
 .debug_abbrev  0x0000000000000b49      0x189 ./emlib/em_letimer.o
 .debug_abbrev  0x0000000000000cd2      0x177 ./emlib/em_rtcc.o
 .debug_abbrev  0x0000000000000e49      0x109 ./emlib/em_system.o
 .debug_abbrev  0x0000000000000f52      0x1d9 ./emlib/em_usart.o
 .debug_abbrev  0x000000000000112b      0x29a ./kit_flashpwr/BRD4302A/mx25flash_spi.o
 .debug_abbrev  0x00000000000013c5      0x1dd ./src/InitDevice.o
 .debug_abbrev  0x00000000000015a2       0xb7 ./src/cmu.o
 .debug_abbrev  0x0000000000001659      0x179 ./src/gpio.o
 .debug_abbrev  0x00000000000017d2      0x1cb ./src/letimer.o
 .debug_abbrev  0x000000000000199d      0x151 ./src/sleep.o

.debug_aranges  0x0000000000000000      0x860
 .debug_aranges
                0x0000000000000000       0x18 ./application_properties.o
 .debug_aranges
                0x0000000000000018       0x18 ./gatt_db.o
 .debug_aranges
                0x0000000000000030       0x28 ./main.o
 .debug_aranges
                0x0000000000000058       0xa0 ./bgapi/dmadrv.o
 .debug_aranges
                0x00000000000000f8       0x28 ./device/EFR32_B_1_1_B/gcc/startup_efr32bg1b.o
 .debug_aranges
                0x0000000000000120      0x1a8 ./emlib/em_cmu.o
 .debug_aranges
                0x00000000000002c8       0x88 ./emlib/em_gpio.o
 .debug_aranges
                0x0000000000000350       0x50 ./emlib/em_letimer.o
 .debug_aranges
                0x00000000000003a0       0x50 ./emlib/em_rtcc.o
 .debug_aranges
                0x00000000000003f0       0x28 ./emlib/em_system.o
 .debug_aranges
                0x0000000000000418       0xb8 ./emlib/em_usart.o
 .debug_aranges
                0x00000000000004d0      0x1c0 ./kit_flashpwr/BRD4302A/mx25flash_spi.o
 .debug_aranges
                0x0000000000000690       0xe8 ./src/InitDevice.o
 .debug_aranges
                0x0000000000000778       0x20 ./src/cmu.o
 .debug_aranges
                0x0000000000000798       0x50 ./src/gpio.o
 .debug_aranges
                0x00000000000007e8       0x40 ./src/letimer.o
 .debug_aranges
                0x0000000000000828       0x38 ./src/sleep.o

.debug_line     0x0000000000000000     0x504c
 .debug_line    0x0000000000000000      0x1dd ./application_properties.o
 .debug_line    0x00000000000001dd      0x1d9 ./gatt_db.o
 .debug_line    0x00000000000003b6      0x58d ./main.o
 .debug_line    0x0000000000000943      0x63a ./bgapi/dmadrv.o
 .debug_line    0x0000000000000f7d      0x192 ./device/EFR32_B_1_1_B/gcc/startup_efr32bg1b.o
 .debug_line    0x000000000000110f      0xb81 ./emlib/em_cmu.o
 .debug_line    0x0000000000001c90      0x531 ./emlib/em_gpio.o
 .debug_line    0x00000000000021c1      0x3e1 ./emlib/em_letimer.o
 .debug_line    0x00000000000025a2      0x3ec ./emlib/em_rtcc.o
 .debug_line    0x000000000000298e      0x320 ./emlib/em_system.o
 .debug_line    0x0000000000002cae      0x5ec ./emlib/em_usart.o
 .debug_line    0x000000000000329a      0xaf1 ./kit_flashpwr/BRD4302A/mx25flash_spi.o
 .debug_line    0x0000000000003d8b      0x602 ./src/InitDevice.o
 .debug_line    0x000000000000438d      0x26c ./src/cmu.o
 .debug_line    0x00000000000045f9      0x3e3 ./src/gpio.o
 .debug_line    0x00000000000049dc      0x3aa ./src/letimer.o
 .debug_line    0x0000000000004d86      0x2c6 ./src/sleep.o

.debug_str      0x0000000000000000     0x95cf
 .debug_str     0x0000000000000000      0x257 ./application_properties.o
                                        0x2ae (size before relaxing)
 .debug_str     0x0000000000000257      0x564 ./gatt_db.o
                                        0x75e (size before relaxing)
 .debug_str     0x00000000000007bb     0x49d5 ./main.o
                                       0x4f42 (size before relaxing)
 .debug_str     0x0000000000005190      0xe4b ./bgapi/dmadrv.o
                                       0x10bd (size before relaxing)
 .debug_str     0x0000000000005fdb       0x90 ./device/EFR32_B_1_1_B/gcc/startup_efr32bg1b.o
                                        0x294 (size before relaxing)
 .debug_str     0x000000000000606b     0x10e6 ./emlib/em_cmu.o
                                       0x13db (size before relaxing)
 .debug_str     0x0000000000007151      0x505 ./emlib/em_gpio.o
                                        0x82c (size before relaxing)
 .debug_str     0x0000000000007656      0x1e8 ./emlib/em_letimer.o
                                        0x44f (size before relaxing)
 .debug_str     0x000000000000783e      0x57f ./emlib/em_rtcc.o
                                        0x7f4 (size before relaxing)
 .debug_str     0x0000000000007dbd       0xd6 ./emlib/em_system.o
                                        0x2f9 (size before relaxing)
 .debug_str     0x0000000000007e93      0x8f4 ./emlib/em_usart.o
                                        0xdfa (size before relaxing)
 .debug_str     0x0000000000008787      0x3e6 ./kit_flashpwr/BRD4302A/mx25flash_spi.o
                                        0xe95 (size before relaxing)
 .debug_str     0x0000000000008b6d      0x683 ./src/InitDevice.o
                                       0x162a (size before relaxing)
 .debug_str     0x00000000000091f0       0x26 ./src/cmu.o
                                        0x5e2 (size before relaxing)
 .debug_str     0x0000000000009216       0x29 ./src/gpio.o
                                        0x783 (size before relaxing)
 .debug_str     0x000000000000923f      0x2e9 ./src/letimer.o
                                        0x93d (size before relaxing)
 .debug_str     0x0000000000009528       0xa7 ./src/sleep.o
                                        0x2f1 (size before relaxing)

.debug_loc      0x0000000000000000     0x423e
 .debug_loc     0x0000000000000000       0x7c ./main.o
 .debug_loc     0x000000000000007c      0x568 ./bgapi/dmadrv.o
 .debug_loc     0x00000000000005e4       0x64 ./device/EFR32_B_1_1_B/gcc/startup_efr32bg1b.o
 .debug_loc     0x0000000000000648     0x1000 ./emlib/em_cmu.o
 .debug_loc     0x0000000000001648      0x4b4 ./emlib/em_gpio.o
 .debug_loc     0x0000000000001afc      0x284 ./emlib/em_letimer.o
 .debug_loc     0x0000000000001d80      0x23c ./emlib/em_rtcc.o
 .debug_loc     0x0000000000001fbc       0xb8 ./emlib/em_system.o
 .debug_loc     0x0000000000002074      0x6d2 ./emlib/em_usart.o
 .debug_loc     0x0000000000002746      0xeec ./kit_flashpwr/BRD4302A/mx25flash_spi.o
 .debug_loc     0x0000000000003632      0x71a ./src/InitDevice.o
 .debug_loc     0x0000000000003d4c       0x50 ./src/cmu.o
 .debug_loc     0x0000000000003d9c      0x1dc ./src/gpio.o
 .debug_loc     0x0000000000003f78      0x1b6 ./src/letimer.o
 .debug_loc     0x000000000000412e      0x110 ./src/sleep.o

.debug_ranges   0x0000000000000000      0x740
 .debug_ranges  0x0000000000000000       0x18 ./main.o
 .debug_ranges  0x0000000000000018       0x90 ./bgapi/dmadrv.o
 .debug_ranges  0x00000000000000a8       0x18 ./device/EFR32_B_1_1_B/gcc/startup_efr32bg1b.o
 .debug_ranges  0x00000000000000c0      0x198 ./emlib/em_cmu.o
 .debug_ranges  0x0000000000000258       0x78 ./emlib/em_gpio.o
 .debug_ranges  0x00000000000002d0       0x40 ./emlib/em_letimer.o
 .debug_ranges  0x0000000000000310       0x40 ./emlib/em_rtcc.o
 .debug_ranges  0x0000000000000350       0x18 ./emlib/em_system.o
 .debug_ranges  0x0000000000000368       0xa8 ./emlib/em_usart.o
 .debug_ranges  0x0000000000000410      0x1b0 ./kit_flashpwr/BRD4302A/mx25flash_spi.o
 .debug_ranges  0x00000000000005c0       0xd8 ./src/InitDevice.o
 .debug_ranges  0x0000000000000698       0x10 ./src/cmu.o
 .debug_ranges  0x00000000000006a8       0x40 ./src/gpio.o
 .debug_ranges  0x00000000000006e8       0x30 ./src/letimer.o
 .debug_ranges  0x0000000000000718       0x28 ./src/sleep.o

.debug_frame    0x0000000000000000     0x213c
 .debug_frame   0x0000000000000000       0x50 ./main.o
 .debug_frame   0x0000000000000050      0x280 ./bgapi/dmadrv.o
 .debug_frame   0x00000000000002d0       0x48 ./device/EFR32_B_1_1_B/gcc/startup_efr32bg1b.o
 .debug_frame   0x0000000000000318      0x74c ./emlib/em_cmu.o
 .debug_frame   0x0000000000000a64      0x224 ./emlib/em_gpio.o
 .debug_frame   0x0000000000000c88      0x128 ./emlib/em_letimer.o
 .debug_frame   0x0000000000000db0      0x110 ./emlib/em_rtcc.o
 .debug_frame   0x0000000000000ec0       0x60 ./emlib/em_system.o
 .debug_frame   0x0000000000000f20      0x310 ./emlib/em_usart.o
 .debug_frame   0x0000000000001230      0x74c ./kit_flashpwr/BRD4302A/mx25flash_spi.o
 .debug_frame   0x000000000000197c      0x370 ./src/InitDevice.o
 .debug_frame   0x0000000000001cec       0x34 ./src/cmu.o
 .debug_frame   0x0000000000001d20       0xfc ./src/gpio.o
 .debug_frame   0x0000000000001e1c       0xd4 ./src/letimer.o
 .debug_frame   0x0000000000001ef0       0x94 ./src/sleep.o
 .debug_frame   0x0000000000001f84       0x28 /Applications/Simplicity Studio.app/Contents/Eclipse/developer/toolchains/gnu_arm/4.9_2015q3/bin/../lib/gcc/arm-none-eabi/4.9.3/../../../../arm-none-eabi/lib/armv7e-m/fpu/libc.a(lib_a-exit.o)
 .debug_frame   0x0000000000001fac       0x2c /Applications/Simplicity Studio.app/Contents/Eclipse/developer/toolchains/gnu_arm/4.9_2015q3/bin/../lib/gcc/arm-none-eabi/4.9.3/../../../../arm-none-eabi/lib/armv7e-m/fpu/libc.a(lib_a-init.o)
 .debug_frame   0x0000000000001fd8       0x38 /Applications/Simplicity Studio.app/Contents/Eclipse/developer/toolchains/gnu_arm/4.9_2015q3/bin/../lib/gcc/arm-none-eabi/4.9.3/../../../../arm-none-eabi/lib/armv7e-m/fpu/libc.a(lib_a-memcmp.o)
 .debug_frame   0x0000000000002010       0x34 /Applications/Simplicity Studio.app/Contents/Eclipse/developer/toolchains/gnu_arm/4.9_2015q3/bin/../lib/gcc/arm-none-eabi/4.9.3/../../../../arm-none-eabi/lib/armv7e-m/fpu/libc.a(lib_a-memset.o)
 .debug_frame   0x0000000000002044       0x50 /Applications/Simplicity Studio.app/Contents/Eclipse/developer/toolchains/gnu_arm/4.9_2015q3/bin/../lib/gcc/arm-none-eabi/4.9.3/../../../../arm-none-eabi/lib/armv7e-m/fpu/libc.a(lib_a-__call_atexit.o)
 .debug_frame   0x0000000000002094       0x20 /Applications/Simplicity Studio.app/Contents/Eclipse/developer/toolchains/gnu_arm/4.9_2015q3/bin/../lib/gcc/arm-none-eabi/4.9.3/../../../../arm-none-eabi/lib/armv7e-m/fpu/libc.a(lib_a-atexit.o)
 .debug_frame   0x00000000000020b4       0x34 /Applications/Simplicity Studio.app/Contents/Eclipse/developer/toolchains/gnu_arm/4.9_2015q3/bin/../lib/gcc/arm-none-eabi/4.9.3/../../../../arm-none-eabi/lib/armv7e-m/fpu/libc.a(lib_a-fini.o)
 .debug_frame   0x00000000000020e8       0x34 /Applications/Simplicity Studio.app/Contents/Eclipse/developer/toolchains/gnu_arm/4.9_2015q3/bin/../lib/gcc/arm-none-eabi/4.9.3/../../../../arm-none-eabi/lib/armv7e-m/fpu/libc.a(lib_a-__atexit.o)
 .debug_frame   0x000000000000211c       0x20 /Applications/Simplicity Studio.app/Contents/Eclipse/developer/toolchains/gnu_arm/4.9_2015q3/bin/../lib/gcc/arm-none-eabi/4.9.3/../../../../arm-none-eabi/lib/armv7e-m/fpu/libnosys.a(_exit.o)