Archive member included because of file (symbol)

/Applications/Simplicity Studio.app/Contents/Eclipse/developer/sdks/gecko_sdk_suite/v1.1//protocol/bluetooth_2.4/lib/EFR32BG1B/GCC/bgapi.a(gecko_bgapi_hardware.c.obj)
                              ./main.o (gecko_bgapi_class_hardware_init)
/Applications/Simplicity Studio.app/Contents/Eclipse/developer/sdks/gecko_sdk_suite/v1.1//protocol/bluetooth_2.4/lib/EFR32BG1B/GCC/bgapi.a(gecko_bgapi_test.c.obj)
                              ./main.o (gecko_bgapi_class_test_init)
/Applications/Simplicity Studio.app/Contents/Eclipse/developer/sdks/gecko_sdk_suite/v1.1//protocol/bluetooth_2.4/lib/EFR32BG1B/GCC/bgapi.a(gecko_bgapi_dfu.c.obj)
                              ./main.o (gecko_bgapi_class_dfu_init)
/Applications/Simplicity Studio.app/Contents/Eclipse/developer/sdks/gecko_sdk_suite/v1.1//protocol/bluetooth_2.4/lib/EFR32BG1B/GCC/bgapi.a(gecko_bgapi_gap.c.obj)
                              ./main.o (gecko_bgapi_class_le_gap_init)
/Applications/Simplicity Studio.app/Contents/Eclipse/developer/sdks/gecko_sdk_suite/v1.1//protocol/bluetooth_2.4/lib/EFR32BG1B/GCC/bgapi.a(gecko_bgapi_gatt.c.obj)
                              ./main.o (gecko_bgapi_class_gatt_init)
/Applications/Simplicity Studio.app/Contents/Eclipse/developer/sdks/gecko_sdk_suite/v1.1//protocol/bluetooth_2.4/lib/EFR32BG1B/GCC/bgapi.a(gecko_bgapi_gatt_server.c.obj)
                              ./main.o (gecko_bgapi_class_gatt_server_init)
/Applications/Simplicity Studio.app/Contents/Eclipse/developer/sdks/gecko_sdk_suite/v1.1//protocol/bluetooth_2.4/lib/EFR32BG1B/GCC/bgapi.a(gecko_bgapi_flash.c.obj)
                              ./main.o (gecko_bgapi_class_flash_init)
/Applications/Simplicity Studio.app/Contents/Eclipse/developer/sdks/gecko_sdk_suite/v1.1//protocol/bluetooth_2.4/lib/EFR32BG1B/GCC/bgapi.a(gecko_bgapi_sm.c.obj)
                              ./main.o (gecko_bgapi_class_sm_init)
/Applications/Simplicity Studio.app/Contents/Eclipse/developer/sdks/gecko_sdk_suite/v1.1//protocol/bluetooth_2.4/lib/EFR32BG1B/GCC/bgapi.a(gecko_bgapi_system.c.obj)
                              ./main.o (gecko_bgapi_class_system_init)
/Applications/Simplicity Studio.app/Contents/Eclipse/developer/sdks/gecko_sdk_suite/v1.1//protocol/bluetooth_2.4/lib/EFR32BG1B/GCC/bgapi.a(gecko_bgapi_endpoint.c.obj)
                              ./main.o (gecko_bgapi_class_endpoint_init)
/Applications/Simplicity Studio.app/Contents/Eclipse/developer/sdks/gecko_sdk_suite/v1.1//protocol/bluetooth_2.4/lib/EFR32BG1B/GCC/bgapi.a(gecko_bgapi_le_connection.c.obj)
                              ./main.o (gecko_bgapi_class_le_connection_init)
/Applications/Simplicity Studio.app/Contents/Eclipse/developer/sdks/gecko_sdk_suite/v1.1//protocol/bluetooth_2.4/lib/EFR32BG1B/GCC/bgapi.a(bgapi_hardware.c.obj)
                              /Applications/Simplicity Studio.app/Contents/Eclipse/developer/sdks/gecko_sdk_suite/v1.1//protocol/bluetooth_2.4/lib/EFR32BG1B/GCC/bgapi.a(gecko_bgapi_hardware.c.obj) (lib_hardware_handler_init)
/Applications/Simplicity Studio.app/Contents/Eclipse/developer/sdks/gecko_sdk_suite/v1.1//protocol/bluetooth_2.4/lib/EFR32BG1B/GCC/bgapi.a(bgapi_test_lib.c.obj)
                              /Applications/Simplicity Studio.app/Contents/Eclipse/developer/sdks/gecko_sdk_suite/v1.1//protocol/bluetooth_2.4/lib/EFR32BG1B/GCC/bgapi.a(gecko_bgapi_test.c.obj) (lib_test_handler_init)
/Applications/Simplicity Studio.app/Contents/Eclipse/developer/sdks/gecko_sdk_suite/v1.1//protocol/bluetooth_2.4/lib/EFR32BG1B/GCC/bgapi.a(bgapi_dfu.c.obj)
                              /Applications/Simplicity Studio.app/Contents/Eclipse/developer/sdks/gecko_sdk_suite/v1.1//protocol/bluetooth_2.4/lib/EFR32BG1B/GCC/bgapi.a(gecko_bgapi_dfu.c.obj) (lib_dfu_handler_init)
/Applications/Simplicity Studio.app/Contents/Eclipse/developer/sdks/gecko_sdk_suite/v1.1//protocol/bluetooth_2.4/lib/EFR32BG1B/GCC/bgapi.a(bgapi_gap.c.obj)
                              /Applications/Simplicity Studio.app/Contents/Eclipse/developer/sdks/gecko_sdk_suite/v1.1//protocol/bluetooth_2.4/lib/EFR32BG1B/GCC/bgapi.a(gecko_bgapi_gap.c.obj) (lib_le_gap_handler_init)
/Applications/Simplicity Studio.app/Contents/Eclipse/developer/sdks/gecko_sdk_suite/v1.1//protocol/bluetooth_2.4/lib/EFR32BG1B/GCC/bgapi.a(bgapi_gatt_lib.c.obj)
                              /Applications/Simplicity Studio.app/Contents/Eclipse/developer/sdks/gecko_sdk_suite/v1.1//protocol/bluetooth_2.4/lib/EFR32BG1B/GCC/bgapi.a(gecko_bgapi_gatt.c.obj) (lib_gatt_handler_init)
/Applications/Simplicity Studio.app/Contents/Eclipse/developer/sdks/gecko_sdk_suite/v1.1//protocol/bluetooth_2.4/lib/EFR32BG1B/GCC/bgapi.a(bgapi_ps.c.obj)
                              /Applications/Simplicity Studio.app/Contents/Eclipse/developer/sdks/gecko_sdk_suite/v1.1//protocol/bluetooth_2.4/lib/EFR32BG1B/GCC/bgapi.a(gecko_bgapi_flash.c.obj) (lib_flash_handler_init)
[...]
Memory Configuration

Name             Origin             Length             Attributes
FLASH_BOOTLOADER 0x0000000000000000 0x0000000000004000 xr
FLASH            0x0000000000004000 0x000000000003b000 xr
RAM              0x0000000020003000 0x0000000000004bfc xrw
*default*        0x0000000000000000 0xffffffffffffffff

Linker script and memory map

LOAD /Applications/Simplicity Studio.app/Contents/Eclipse/developer/toolchains/gnu_arm/4.9_2015q3/bin/../lib/gcc/arm-none-eabi/4.9.3/armv7e-m/fpu/crti.o
LOAD /Applications/Simplicity Studio.app/Contents/Eclipse/developer/toolchains/gnu_arm/4.9_2015q3/bin/../lib/gcc/arm-none-eabi/4.9.3/armv7e-m/fpu/crtbegin.o
LOAD /Applications/Simplicity Studio.app/Contents/Eclipse/developer/toolchains/gnu_arm/4.9_2015q3/bin/../lib/gcc/arm-none-eabi/4.9.3/../../../../arm-none-eabi/lib/armv7e-m/fpu/crt0.o
LOAD ./application_properties.o
LOAD ./gatt_db.o
LOAD ./main.o
LOAD ./bgapi/dmadrv.o
LOAD ./bgapi/em_adc.o
LOAD ./bgapi/em_ldma.o
LOAD ./bgapi/em_leuart.o
LOAD ./device/EFR32_B_1_1_B/gcc/startup_efr32bg1b.o
LOAD ./emlib/em_cmu.o
LOAD ./emlib/em_gpio.o
LOAD ./emlib/em_i2c.o
LOAD ./emlib/em_letimer.o
LOAD ./emlib/em_msc.o
LOAD ./emlib/em_rtcc.o
LOAD ./emlib/em_system.o
LOAD ./emlib/em_timer.o
LOAD ./emlib/em_usart.o
LOAD ./kit_flashpwr/BRD4302A/mx25flash_spi.o
LOAD ./src/InitDevice.o
LOAD ./src/adc.o
LOAD ./src/cmu.o
LOAD ./src/gpio.o
LOAD ./src/i2c.o
LOAD ./src/letimer.o
LOAD ./src/sleep.o
LOAD ./src/timer.o
LOAD ./src/usart.o
LOAD /Applications/Simplicity Studio.app/Contents/Eclipse/developer/sdks/gecko_sdk_suite/v1.1//protocol/bluetooth_2.4/lib/EFR32BG1B/EABI/stack.a
LOAD /Applications/Simplicity Studio.app/Contents/Eclipse/developer/sdks/gecko_sdk_suite/v1.1//protocol/bluetooth_2.4/lib/EFR32BG1B/EABI/binstack.o
LOAD /Applications/Simplicity Studio.app/Contents/Eclipse/developer/sdks/gecko_sdk_suite/v1.1//protocol/bluetooth_2.4/lib/EFR32BG1B/EABI/binbootloader.o
LOAD /Applications/Simplicity Studio.app/Contents/Eclipse/developer/sdks/gecko_sdk_suite/v1.1//protocol/bluetooth_2.4/lib/EFR32BG1B/GCC/bgapi.a
LOAD /Applications/Simplicity Studio.app/Contents/Eclipse/developer/toolchains/gnu_arm/4.9_2015q3/bin/../lib/gcc/arm-none-eabi/4.9.3/../../../../arm-none-eabi/lib/armv7e-m/fpu/libm.a
START GROUP
LOAD /Applications/Simplicity Studio.app/Contents/Eclipse/developer/toolchains/gnu_arm/4.9_2015q3/bin/../lib/gcc/arm-none-eabi/4.9.3/armv7e-m/fpu/libgcc.a
LOAD /Applications/Simplicity Studio.app/Contents/Eclipse/developer/toolchains/gnu_arm/4.9_2015q3/bin/../lib/gcc/arm-none-eabi/4.9.3/../../../../arm-none-eabi/lib/armv7e-m/fpu/libc.a
LOAD /Applications/Simplicity Studio.app/Contents/Eclipse/developer/toolchains/gnu_arm/4.9_2015q3/bin/../lib/gcc/arm-none-eabi/4.9.3/../../../../arm-none-eabi/lib/armv7e-m/fpu/libnosys.a
END GROUP
START GROUP
LOAD /Applications/Simplicity Studio.app/Contents/Eclipse/developer/toolchains/gnu_arm/4.9_2015q3/bin/../lib/gcc/arm-none-eabi/4.9.3/armv7e-m/fpu/libgcc.a
LOAD /Applications/Simplicity Studio.app/Contents/Eclipse/developer/toolchains/gnu_arm/4.9_2015q3/bin/../lib/gcc/arm-none-eabi/4.9.3/../../../../arm-none-eabi/lib/armv7e-m/fpu/libg.a
LOAD /Applications/Simplicity Studio.app/Contents/Eclipse/developer/toolchains/gnu_arm/4.9_2015q3/bin/../lib/gcc/arm-none-eabi/4.9.3/../../../../arm-none-eabi/lib/armv7e-m/fpu/libc.a
END GROUP
LOAD /Applications/Simplicity Studio.app/Contents/Eclipse/developer/toolchains/gnu_arm/4.9_2015q3/bin/../lib/gcc/arm-none-eabi/4.9.3/armv7e-m/fpu/crtend.o
LOAD /Applications/Simplicity Studio.app/Contents/Eclipse/developer/toolchains/gnu_arm/4.9_2015q3/bin/../lib/gcc/arm-none-eabi/4.9.3/armv7e-m/fpu/crtn.o

.text_bootloader
                0x0000000000000000     0x4000
 *(.binbootloader*)
 .binbootloader
                0x0000000000000000      0x31c /Applications/Simplicity Studio.app/Contents/Eclipse/developer/sdks/gecko_sdk_suite/v1.1//protocol/bluetooth_2.4/lib/EFR32BG1B/EABI/binbootloader.o
                0x0000000000004000                . = ALIGN (0x4000)
 *fill*         0x000000000000031c     0x3ce4 

.text_stack_bin
                0x0000000000004000    0x1cee3
 *(.binstack*)
 .binstack      0x0000000000004000    0x1cee3 /Applications/Simplicity Studio.app/Contents/Eclipse/developer/sdks/gecko_sdk_suite/v1.1//protocol/bluetooth_2.4/lib/EFR32BG1B/EABI/binstack.o

.text_signature
                0x0000000000020ee3      0x11d
                0x0000000000020f23                . = (. + 0x40)
 *fill*         0x0000000000020ee3       0x40 
                0x0000000000021000                . = ALIGN (0x800)
 *fill*         0x0000000000020f23       0xdd 
                0x0000000000021000                __text_start__ = .

.text_app       0x0000000000021000     0x83d4
 *(.AAT)
 .AAT           0x0000000000021000       0x80 ./main.o
                0x0000000000021000                AppAddressTable
 *(.vectors)
 .vectors       0x0000000000021080       0xc8 ./device/EFR32_B_1_1_B/gcc/startup_efr32bg1b.o
                0x0000000000021080                __Vectors
                0x0000000000021148                __Vectors_End = .
                0x00000000000000c8                __Vectors_Size = (__Vectors_End - __Vectors)
                0x0000000000021148                __end__ = .
 *(.gecko_configuration)
 *(.xo_configuration)
 *(.gatt_header)
 .gatt_header   0x0000000000021148       0x34 ./gatt_db.o
                0x0000000000021148                bg_gattdb_data
 *(.gatt_data)
 .gatt_data     0x000000000002117c      0x1d5 ./gatt_db.o
                0x000000000002117c                bg_gattdb_data_uuidtable_16_map
                0x0000000000021198                bg_gattdb_data_uuidtable_128_map
                0x00000000000211b8                bg_gattdb_data_attribute_field_18
                0x00000000000211c0                bg_gattdb_data_attribute_field_17
                0x00000000000211d8                bg_gattdb_data_attribute_field_16
                0x00000000000211ec                bg_gattdb_data_attribute_field_15
                0x00000000000211f4                bg_gattdb_data_attribute_field_14
                0x00000000000211fc                bg_gattdb_data_attribute_field_13
                0x0000000000021208                bg_gattdb_data_attribute_field_12
                0x0000000000021210                bg_gattdb_data_attribute_field_11
                0x0000000000021220                bg_gattdb_data_attribute_field_10
                0x0000000000021228                bg_gattdb_data_attribute_field_9
                0x000000000002122c                bg_gattdb_data_attribute_field_8
                0x0000000000021230                bg_gattdb_data_attribute_field_7
                0x0000000000021238                bg_gattdb_data_attribute_field_6
                0x0000000000021240                bg_gattdb_data_attribute_field_5
                0x0000000000021248                bg_gattdb_data_attribute_field_4
                0x000000000002124c                bg_gattdb_data_attribute_field_2
                0x0000000000021254                bg_gattdb_data_attribute_field_1
                0x000000000002125c                bg_gattdb_data_attribute_field_0
                0x0000000000021260                bg_gattdb_data_attributes_map
                0x0000000000021344                bg_gattdb_data_attributes_dynamic_mapping_map
                0x000000000002134c                bg_gattdb_data_adv_uuid16_map
                0x0000000000021350                bg_gattdb_data_adv_uuid128_map
 *(.application_properties)
 *fill*         0x0000000000021351        0x3 
 .application_properties
                0x0000000000021354       0x38 ./application_properties.o
                0x0000000000021354                applicationProperties
 *(.text*)
 .text          0x000000000002138c       0x5c /Applications/Simplicity Studio.app/Contents/Eclipse/developer/toolchains/gnu_arm/4.9_2015q3/bin/../lib/gcc/arm-none-eabi/4.9.3/armv7e-m/fpu/crtbegin.o
 .text          0x00000000000213e8       0x74 /Applications/Simplicity Studio.app/Contents/Eclipse/developer/toolchains/gnu_arm/4.9_2015q3/bin/../lib/gcc/arm-none-eabi/4.9.3/../../../../arm-none-eabi/lib/armv7e-m/fpu/crt0.o
                0x00000000000213e8                _mainCRTStartup
                0x00000000000213e8                _start
 .text.gecko_init
                0x000000000002145c       0x40 ./main.o
 .text.main     0x000000000002149c       0x58 ./main.o
                0x000000000002149c                main
 .text.LDMA_IRQHandler
                0x00000000000214f4       0xe0 ./bgapi/dmadrv.o
                0x00000000000214f4                LDMA_IRQHandler
 .text.ADC_IntClear
                0x00000000000215d4       0x1c ./bgapi/em_adc.o
 .text.BUS_RegBitWrite
                0x00000000000215f0       0x2c ./bgapi/em_adc.o
 .text.BUS_RegMaskedSet
                0x000000000002161c       0x24 ./bgapi/em_adc.o
 .text.BUS_RegMaskedClear
                0x0000000000021640       0x24 ./bgapi/em_adc.o
 .text.BUS_RegMaskedWrite
                0x0000000000021664       0x24 ./bgapi/em_adc.o
 .text.ADC_LoadDevinfoCal
                0x0000000000021688      0x1b8 ./bgapi/em_adc.o
 .text.ADC_Init
                0x0000000000021840       0x90 ./bgapi/em_adc.o
                0x0000000000021840                ADC_Init
 .text.ADC_InitSingle
                0x00000000000218d0      0x150 ./bgapi/em_adc.o
                0x00000000000218d0                ADC_InitSingle
 .text.ADC_PrescaleCalc
                0x0000000000021a20       0x64 ./bgapi/em_adc.o
                0x0000000000021a20                ADC_PrescaleCalc
 .text.ADC_TimebaseCalc
                0x0000000000021a84       0x50 ./bgapi/em_adc.o
                0x0000000000021a84                ADC_TimebaseCalc
 .text.Reset_Handler
                0x0000000000021ad4       0x38 ./device/EFR32_B_1_1_B/gcc/startup_efr32bg1b.o
                0x0000000000021ad4                Reset_Handler
 .text.Default_Handler
                0x0000000000021b0c        0x8 ./device/EFR32_B_1_1_B/gcc/startup_efr32bg1b.o
                0x0000000000021b0c                IDAC0_IRQHandler
                0x0000000000021b0c                USART0_TX_IRQHandler
                0x0000000000021b0c                I2C0_IRQHandler
                0x0000000000021b0c                HardFault_Handler
                0x0000000000021b0c                SysTick_Handler
                0x0000000000021b0c                USART1_RX_IRQHandler
                0x0000000000021b0c                PendSV_Handler
                0x0000000000021b0c                NMI_Handler
                0x0000000000021b0c                SYNTH_IRQHandler
                0x0000000000021b0c                WDOG0_IRQHandler
                0x0000000000021b0c                USART1_TX_IRQHandler
                0x0000000000021b0c                MSC_IRQHandler
                0x0000000000021b0c                UsageFault_Handler
                0x0000000000021b0c                LEUART0_IRQHandler
                0x0000000000021b0c                FPUEH_IRQHandler
                0x0000000000021b0c                GPIO_EVEN_IRQHandler
                0x0000000000021b0c                TIMER1_IRQHandler
                0x0000000000021b0c                RFSENSE_IRQHandler
                0x0000000000021b0c                BUFC_IRQHandler
                0x0000000000021b0c                MODEM_IRQHandler
                0x0000000000021b0c                Default_Handler
                0x0000000000021b0c                RAC_SEQ_IRQHandler
                0x0000000000021b0c                FRC_PRI_IRQHandler
                0x0000000000021b0c                FRC_IRQHandler
                0x0000000000021b0c                CRYOTIMER_IRQHandler
                0x0000000000021b0c                PCNT0_IRQHandler
                0x0000000000021b0c                AGC_IRQHandler
                0x0000000000021b0c                ACMP0_IRQHandler
                0x0000000000021b0c                USART0_RX_IRQHandler
                0x0000000000021b0c                MemManage_Handler
                0x0000000000021b0c                SVC_Handler
                0x0000000000021b0c                RTCC_IRQHandler
                0x0000000000021b0c                CRYPTO_IRQHandler
                0x0000000000021b0c                CMU_IRQHandler
                0x0000000000021b0c                RAC_RSM_IRQHandler
                0x0000000000021b0c                PROTIMER_IRQHandler
                0x0000000000021b0c                BusFault_Handler
                0x0000000000021b0c                DebugMon_Handler
 .text.BUS_RegBitWrite
                0x0000000000021b14       0x2c ./emlib/em_cmu.o
 .text.BUS_RegBitRead
                0x0000000000021b40       0x2c ./emlib/em_cmu.o
 .text.BUS_RegMaskedSet
                0x0000000000021b6c       0x24 ./emlib/em_cmu.o
 .text.BUS_RegMaskedClear
                0x0000000000021b90       0x24 ./emlib/em_cmu.o
 .text.BUS_RegMaskedWrite
                0x0000000000021bb4       0x24 ./emlib/em_cmu.o
 .text.CMU_Log2ToDiv
                0x0000000000021bd8       0x1c ./emlib/em_cmu.o
 .text.setHfLeConfig
                0x0000000000021bf4       0x64 ./emlib/em_cmu.o
 .text.auxClkGet
                0x0000000000021c58       0x20 ./emlib/em_cmu.o
 .text.hfSrcClkGet
                0x0000000000021c78       0x2c ./emlib/em_cmu.o
 .text.dbgClkGet
                0x0000000000021ca4       0x3c ./emlib/em_cmu.o
 .text.adcAsyncClkGet
                0x0000000000021ce0       0x80 ./emlib/em_cmu.o
 .text.flashWaitStateControl
                0x0000000000021d60       0x7c ./emlib/em_cmu.o
 .text.flashWaitStateMax
                0x0000000000021ddc       0x14 ./emlib/em_cmu.o
 .text.CMU_UpdateWaitStates
                0x0000000000021df0       0x18 ./emlib/em_cmu.o
                0x0000000000021df0                CMU_UpdateWaitStates
 .text.getRegIshUpperVal
                0x0000000000021e08       0x38 ./emlib/em_cmu.o
 .text.getHfxoTuningMode
                0x0000000000021e40       0x1c ./emlib/em_cmu.o
 .text.setHfxoTuningMode
                0x0000000000021e5c       0x28 ./emlib/em_cmu.o
 .text.lfClkGet
                0x0000000000021e84       0xe8 ./emlib/em_cmu.o
 .text.syncReg  0x0000000000021f6c       0x38 ./emlib/em_cmu.o
 .text.CMU_AUXHFRCODevinfoGet
                0x0000000000021fa4       0xdc ./emlib/em_cmu.o
 .text.CMU_AUXHFRCOBandSet
                0x0000000000022080       0x98 ./emlib/em_cmu.o
                0x0000000000022080                CMU_AUXHFRCOBandSet
 .text.CMU_ClockEnable
                0x0000000000022118       0xcc ./emlib/em_cmu.o
                0x0000000000022118                CMU_ClockEnable
 .text.CMU_ClockFreqGet
                0x00000000000221e4      0x198 ./emlib/em_cmu.o
                0x00000000000221e4                CMU_ClockFreqGet
 .text.CMU_ClockSelectGet
                0x000000000002237c      0x190 ./emlib/em_cmu.o
                0x000000000002237c                CMU_ClockSelectGet
 .text.CMU_ClockSelectSet
                0x000000000002250c      0x25c ./emlib/em_cmu.o
                0x000000000002250c                CMU_ClockSelectSet
 .text.CMU_HFRCODevinfoGet
                0x0000000000022768       0xdc ./emlib/em_cmu.o
 .text.CMU_HFRCOBandSet
                0x0000000000022844       0xec ./emlib/em_cmu.o
                0x0000000000022844                CMU_HFRCOBandSet
 .text.CMU_HFXOAutostartEnable
                0x0000000000022930       0x7c ./emlib/em_cmu.o
                0x0000000000022930                CMU_HFXOAutostartEnable
 .text.CMU_HFXOInit
                0x00000000000229ac       0xf4 ./emlib/em_cmu.o
                0x00000000000229ac                CMU_HFXOInit
 .text.CMU_LFXOInit
                0x0000000000022aa0       0x50 ./emlib/em_cmu.o
                0x0000000000022aa0                CMU_LFXOInit
 .text.CMU_OscillatorEnable
                0x0000000000022af0      0x174 ./emlib/em_cmu.o
                0x0000000000022af0                CMU_OscillatorEnable
 .text.CMU_OscillatorTuningGet
                0x0000000000022c64       0x74 ./emlib/em_cmu.o
                0x0000000000022c64                CMU_OscillatorTuningGet
 .text.CMU_OscillatorTuningSet
                0x0000000000022cd8       0xfc ./emlib/em_cmu.o
                0x0000000000022cd8                CMU_OscillatorTuningSet
 .text.CMU_OscillatorTuningWait
                0x0000000000022dd4       0x8c ./emlib/em_cmu.o
                0x0000000000022dd4                CMU_OscillatorTuningWait
 .text.CMU_OscillatorTuningOptimize
                0x0000000000022e60       0x4c ./emlib/em_cmu.o
                0x0000000000022e60                CMU_OscillatorTuningOptimize
 .text.BUS_RegBitWrite
                0x0000000000022eac       0x2c ./emlib/em_gpio.o
 .text.BUS_RegMaskedSet
                0x0000000000022ed8       0x24 ./emlib/em_gpio.o
 .text.BUS_RegMaskedClear
                0x0000000000022efc       0x24 ./emlib/em_gpio.o
 .text.BUS_RegMaskedWrite
                0x0000000000022f20       0x24 ./emlib/em_gpio.o
 .text.GPIO_PinOutClear
                0x0000000000022f44       0x58 ./emlib/em_gpio.o
 .text.GPIO_PinOutSet
                0x0000000000022f9c       0x58 ./emlib/em_gpio.o
 .text.GPIO_DriveStrengthSet
                0x0000000000022ff4       0x60 ./emlib/em_gpio.o
                0x0000000000022ff4                GPIO_DriveStrengthSet
 .text.GPIO_ExtIntConfig
                0x0000000000023054      0x128 ./emlib/em_gpio.o
                0x0000000000023054                GPIO_ExtIntConfig
 .text.GPIO_PinModeSet
                0x000000000002317c      0x108 ./emlib/em_gpio.o
                0x000000000002317c                GPIO_PinModeSet
 .text.BUS_RegBitWrite
                0x0000000000023284       0x2c ./emlib/em_i2c.o
 .text.BUS_RegMaskedSet
                0x00000000000232b0       0x24 ./emlib/em_i2c.o
 .text.BUS_RegMaskedClear
                0x00000000000232d4       0x24 ./emlib/em_i2c.o
 .text.BUS_RegMaskedWrite
                0x00000000000232f8       0x24 ./emlib/em_i2c.o
 .text.I2C_BusFreqSet
                0x000000000002331c       0xfc ./emlib/em_i2c.o
                0x000000000002331c                I2C_BusFreqSet
 .text.I2C_Enable
                0x0000000000023418       0x20 ./emlib/em_i2c.o
                0x0000000000023418                I2C_Enable
 .text.I2C_Init
                0x0000000000023438       0x5c ./emlib/em_i2c.o
                0x0000000000023438                I2C_Init
 .text.LETIMER_CompareGet
                0x0000000000023494       0x50 ./emlib/em_letimer.o
                0x0000000000023494                LETIMER_CompareGet
 .text.LETIMER_CompareSet
                0x00000000000234e4       0x58 ./emlib/em_letimer.o
                0x00000000000234e4                LETIMER_CompareSet
 .text.LETIMER_Enable
                0x000000000002353c       0x2c ./emlib/em_letimer.o
                0x000000000002353c                LETIMER_Enable
 .text.LETIMER_Init
                0x0000000000023568       0xcc ./emlib/em_letimer.o
                0x0000000000023568                LETIMER_Init
 .text.RTCC_Init
                0x0000000000023634       0x60 ./emlib/em_rtcc.o
                0x0000000000023634                RTCC_Init
 .text.SYSTEM_ChipRevisionGet
                0x0000000000023694       0x74 ./emlib/em_system.o
                0x0000000000023694                SYSTEM_ChipRevisionGet
 .text.TIMER_Valid
                0x0000000000023708       0x38 ./emlib/em_timer.o
 .text.TIMER_Init
                0x0000000000023740       0xdc ./emlib/em_timer.o
                0x0000000000023740                TIMER_Init
 .text.TIMER_InitCC
                0x000000000002381c       0x9c ./emlib/em_timer.o
                0x000000000002381c                TIMER_InitCC
 .text.USART_BaudrateSyncSet
                0x00000000000238b8       0x40 ./emlib/em_usart.o
                0x00000000000238b8                USART_BaudrateSyncSet
 .text.USART_Enable
                0x00000000000238f8       0x4c ./emlib/em_usart.o
                0x00000000000238f8                USART_Enable
 .text.USART_InitSync
                0x0000000000023944       0xec ./emlib/em_usart.o
                0x0000000000023944                USART_InitSync
 .text.USART_Reset
                0x0000000000023a30       0x94 ./emlib/em_usart.o
                0x0000000000023a30                USART_Reset
 .text.USART_SpiTransfer
                0x0000000000023ac4       0x40 ./emlib/em_usart.o
                0x0000000000023ac4                USART_SpiTransfer
 .text.BUS_RegMaskedSet
                0x0000000000023b04       0x24 ./kit_flashpwr/BRD4302A/mx25flash_spi.o
 .text.BUS_RegMaskedClear
                0x0000000000023b28       0x24 ./kit_flashpwr/BRD4302A/mx25flash_spi.o
 .text.GPIO_PinOutClear
                0x0000000000023b4c       0x58 ./kit_flashpwr/BRD4302A/mx25flash_spi.o
 .text.GPIO_PinOutSet
                0x0000000000023ba4       0x58 ./kit_flashpwr/BRD4302A/mx25flash_spi.o
 .text.MX25_init
                0x0000000000023bfc       0x98 ./kit_flashpwr/BRD4302A/mx25flash_spi.o
                0x0000000000023bfc                MX25_init
 .text.Wait_Flash_WarmUp
                0x0000000000023c94       0x24 ./kit_flashpwr/BRD4302A/mx25flash_spi.o
                0x0000000000023c94                Wait_Flash_WarmUp
 .text.Initial_Spi
                0x0000000000023cb8        0xc ./kit_flashpwr/BRD4302A/mx25flash_spi.o
                0x0000000000023cb8                Initial_Spi
 .text.CS_Low   0x0000000000023cc4       0x10 ./kit_flashpwr/BRD4302A/mx25flash_spi.o
                0x0000000000023cc4                CS_Low
 .text.CS_High  0x0000000000023cd4       0x10 ./kit_flashpwr/BRD4302A/mx25flash_spi.o
                0x0000000000023cd4                CS_High
 .text.SendByte
                0x0000000000023ce4       0x3c ./kit_flashpwr/BRD4302A/mx25flash_spi.o
                0x0000000000023ce4                SendByte
 .text.MX25_DP  0x0000000000023d20       0x1c ./kit_flashpwr/BRD4302A/mx25flash_spi.o
                0x0000000000023d20                MX25_DP
 .text.SYSTEM_GetProdRev
                0x0000000000023d3c       0x1c ./src/InitDevice.o
 .text.BUS_RegBitWrite
                0x0000000000023d58       0x2c ./src/InitDevice.o
 .text.CHIP_Init
                0x0000000000023d84       0xb4 ./src/InitDevice.o
 .text.enter_DefaultMode_from_RESET
                0x0000000000023e38       0x2c ./src/InitDevice.o
                0x0000000000023e38                enter_DefaultMode_from_RESET
 .text.EMU_enter_DefaultMode_from_RESET
                0x0000000000023e64       0x94 ./src/InitDevice.o
                0x0000000000023e64                EMU_enter_DefaultMode_from_RESET
 .text.LFXO_enter_DefaultMode_from_RESET
                0x0000000000023ef8        0xc ./src/InitDevice.o
                0x0000000000023ef8                LFXO_enter_DefaultMode_from_RESET
 .text.CMU_enter_DefaultMode_from_RESET
                0x0000000000023f04      0x128 ./src/InitDevice.o
                0x0000000000023f04                CMU_enter_DefaultMode_from_RESET
 .text.RTCC_enter_DefaultMode_from_RESET
                0x000000000002402c       0x4c ./src/InitDevice.o
                0x000000000002402c                RTCC_enter_DefaultMode_from_RESET
 .text.GPCRC_enter_DefaultMode_from_RESET
                0x0000000000024078        0xc ./src/InitDevice.o
                0x0000000000024078                GPCRC_enter_DefaultMode_from_RESET
 .text.LDMA_enter_DefaultMode_from_RESET
                0x0000000000024084        0xc ./src/InitDevice.o
                0x0000000000024084                LDMA_enter_DefaultMode_from_RESET
 .text.PRS_enter_DefaultMode_from_RESET
                0x0000000000024090       0x20 ./src/InitDevice.o
                0x0000000000024090                PRS_enter_DefaultMode_from_RESET
 .text.PORTIO_enter_DefaultMode_from_RESET
                0x00000000000240b0        0xc ./src/InitDevice.o
                0x00000000000240b0                PORTIO_enter_DefaultMode_from_RESET
 .text.NVIC_EnableIRQ
                0x00000000000240bc       0x2c ./src/adc.o
 .text.NVIC_ClearPendingIRQ
                0x00000000000240e8       0x30 ./src/adc.o
 .text.ADC_IntClear
                0x0000000000024118       0x1c ./src/adc.o
 .text.ADC_IntEnable
                0x0000000000024134       0x20 ./src/adc.o
 .text.ADC_IntGet
                0x0000000000024154       0x18 ./src/adc.o
 .text.ADC0_setup
                0x000000000002416c      0x138 ./src/adc.o
                0x000000000002416c                ADC0_setup
 *fill*         0x00000000000242a4        0x4 
 .text.ADC0_IRQHandler
                0x00000000000242a8      0x244 ./src/adc.o
                0x00000000000242a8                ADC0_IRQHandler
 .text.cmu_init
                0x00000000000244ec       0xf8 ./src/cmu.o
                0x00000000000244ec                cmu_init
 .text.BUS_RegMaskedSet
                0x00000000000245e4       0x24 ./src/gpio.o
 .text.BUS_RegMaskedClear
                0x0000000000024608       0x24 ./src/gpio.o
 .text.GPIO_PinOutClear
                0x000000000002462c       0x58 ./src/gpio.o
 .text.GPIO_PinOutSet
                0x0000000000024684       0x58 ./src/gpio.o
 .text.gpio_init
                0x00000000000246dc       0x4c ./src/gpio.o
                0x00000000000246dc                gpio_init
 .text.led0_on  0x0000000000024728       0x10 ./src/gpio.o
                0x0000000000024728                led0_on
 .text.led0_off
                0x0000000000024738       0x10 ./src/gpio.o
                0x0000000000024738                led0_off
 .text.BUS_RegMaskedSet
                0x0000000000024748       0x24 ./src/i2c.o
 .text.BUS_RegMaskedClear
                0x000000000002476c       0x24 ./src/i2c.o
 .text.GPIO_PinOutClear
                0x0000000000024790       0x58 ./src/i2c.o
 .text.GPIO_PinOutSet
                0x00000000000247e8       0x58 ./src/i2c.o
 .text.I2C0_setup
                0x0000000000024840       0x8c ./src/i2c.o
                0x0000000000024840                I2C0_setup
 .text.i2c_enable
                0x00000000000248cc       0x3c ./src/i2c.o
                0x00000000000248cc                i2c_enable
 .text.i2c_disable
                0x0000000000024908       0x1c ./src/i2c.o
                0x0000000000024908                i2c_disable
 .text.NVIC_EnableIRQ
                0x0000000000024924       0x2c ./src/letimer.o
 .text.LETIMER_IntClear
                0x0000000000024950       0x1c ./src/letimer.o
 .text.LETIMER_IntGet
                0x000000000002496c       0x18 ./src/letimer.o
 *fill*         0x0000000000024984        0x4 
 .text.LETIMER0_setup
                0x0000000000024988      0x1c0 ./src/letimer.o
                0x0000000000024988                LETIMER0_setup
 .text.LETIMER0_IRQHandler
                0x0000000000024b48       0x48 ./src/letimer.o
                0x0000000000024b48                LETIMER0_IRQHandler
 .text.EMU_EnterEM1
                0x0000000000024b90       0x20 ./src/sleep.o
 .text.sleep    0x0000000000024bb0       0x3c ./src/sleep.o
                0x0000000000024bb0                sleep
 .text.blockSleepMode
                0x0000000000024bec       0x2c ./src/sleep.o
                0x0000000000024bec                blockSleepMode
 .text.unblockSleepMode
                0x0000000000024c18       0x38 ./src/sleep.o
                0x0000000000024c18                unblockSleepMode
 .text.NVIC_EnableIRQ
                0x0000000000024c50       0x2c ./src/timer.o
 .text.NVIC_SetPriority
                0x0000000000024c7c       0x4c ./src/timer.o
 .text.TIMER_Valid
                0x0000000000024cc8       0x38 ./src/timer.o
 .text.TIMER_MaxCount
                0x0000000000024d00       0x18 ./src/timer.o
 .text.TIMER_Enable
                0x0000000000024d18       0x2c ./src/timer.o
 .text.TIMER_IntClear
                0x0000000000024d44       0x1c ./src/timer.o
 .text.TIMER_IntEnable
                0x0000000000024d60       0x20 ./src/timer.o
 .text.TIMER_TopSet
                0x0000000000024d80       0x1c ./src/timer.o
 .text.TIMER0_setup
                0x0000000000024d9c       0xa0 ./src/timer.o
                0x0000000000024d9c                TIMER0_setup
 .text.TIMER0_IRQHandler
                0x0000000000024e3c       0x30 ./src/timer.o
                0x0000000000024e3c                TIMER0_IRQHandler
 .text.NVIC_EnableIRQ
                0x0000000000024e6c       0x2c ./src/usart.o
 .text.TIMER_Valid
                0x0000000000024e98       0x38 ./src/usart.o
 .text.TIMER_Enable
                0x0000000000024ed0       0x2c ./src/usart.o
 .text.GPIO_IntConfig
                0x0000000000024efc       0x34 ./src/usart.o
 .text.USART1_setup
                0x0000000000024f30       0x84 ./src/usart.o
                0x0000000000024f30                USART1_setup
 .text.bma_wakeup
                0x0000000000024fb4       0x1c ./src/usart.o
                0x0000000000024fb4                bma_wakeup
 .text.bma280_write_byte
                0x0000000000024fd0       0x84 ./src/usart.o
                0x0000000000024fd0                bma280_write_byte
 .text.normal_to_suspend
                0x0000000000025054       0x1c ./src/usart.o
                0x0000000000025054                normal_to_suspend
 .text.suspend_to_normal
                0x0000000000025070       0x18 ./src/usart.o
                0x0000000000025070                suspend_to_normal
 .text.BMA280_enable
                0x0000000000025088       0x70 ./src/usart.o
                0x0000000000025088                BMA280_enable
 .text.BMA280_disable
                0x00000000000250f8        0xc ./src/usart.o
                0x00000000000250f8                BMA280_disable
 .text.GPIO_ODD_IRQHandler
                0x0000000000025104      0x134 ./src/usart.o
                0x0000000000025104                GPIO_ODD_IRQHandler
 .text          0x0000000000025238       0x18 /Applications/Simplicity Studio.app/Contents/Eclipse/developer/sdks/gecko_sdk_suite/v1.1//protocol/bluetooth_2.4/lib/EFR32BG1B/GCC/bgapi.a(gecko_bgapi_hardware.c.obj)
                0x0000000000025238                gecko_bgapi_class_hardware_init
 .text          0x0000000000025250       0x18 /Applications/Simplicity Studio.app/Contents/Eclipse/developer/sdks/gecko_sdk_suite/v1.1//protocol/bluetooth_2.4/lib/EFR32BG1B/GCC/bgapi.a(gecko_bgapi_test.c.obj)
                0x0000000000025250                gecko_bgapi_class_test_init
 .text          0x0000000000025268       0x18 /Applications/Simplicity Studio.app/Contents/Eclipse/developer/sdks/gecko_sdk_suite/v1.1//protocol/bluetooth_2.4/lib/EFR32BG1B/GCC/bgapi.a(gecko_bgapi_dfu.c.obj)
                0x0000000000025268                gecko_bgapi_class_dfu_init
 .text          0x0000000000025280       0x18 /Applications/Simplicity Studio.app/Contents/Eclipse/developer/sdks/gecko_sdk_suite/v1.1//protocol/bluetooth_2.4/lib/EFR32BG1B/GCC/bgapi.a(gecko_bgapi_gap.c.obj)
                0x0000000000025280                gecko_bgapi_class_le_gap_init
 .text          0x0000000000025298       0x18 /Applications/Simplicity Studio.app/Contents/Eclipse/developer/sdks/gecko_sdk_suite/v1.1//protocol/bluetooth_2.4/lib/EFR32BG1B/GCC/bgapi.a(gecko_bgapi_gatt.c.obj)
                0x0000000000025298                gecko_bgapi_class_gatt_init
 .text          0x00000000000252b0       0x18 /Applications/Simplicity Studio.app/Contents/Eclipse/developer/sdks/gecko_sdk_suite/v1.1//protocol/bluetooth_2.4/lib/EFR32BG1B/GCC/bgapi.a(gecko_bgapi_gatt_server.c.obj)
                0x00000000000252b0                gecko_bgapi_class_gatt_server_init
 .text          0x00000000000252c8       0x18 /Applications/Simplicity Studio.app/Contents/Eclipse/developer/sdks/gecko_sdk_suite/v1.1//protocol/bluetooth_2.4/lib/EFR32BG1B/GCC/bgapi.a(gecko_bgapi_flash.c.obj)
                0x00000000000252c8                gecko_bgapi_class_flash_init
 .text          0x00000000000252e0       0x18 /Applications/Simplicity Studio.app/Contents/Eclipse/developer/sdks/gecko_sdk_suite/v1.1//protocol/bluetooth_2.4/lib/EFR32BG1B/GCC/bgapi.a(gecko_bgapi_sm.c.obj)
                0x00000000000252e0                gecko_bgapi_class_sm_init
 .text          0x00000000000252f8       0x18 /Applications/Simplicity Studio.app/Contents/Eclipse/developer/sdks/gecko_sdk_suite/v1.1//protocol/bluetooth_2.4/lib/EFR32BG1B/GCC/bgapi.a(gecko_bgapi_system.c.obj)
                0x00000000000252f8                gecko_bgapi_class_system_init
 .text          0x0000000000025310       0x18 /Applications/Simplicity Studio.app/Contents/Eclipse/developer/sdks/gecko_sdk_suite/v1.1//protocol/bluetooth_2.4/lib/EFR32BG1B/GCC/bgapi.a(gecko_bgapi_endpoint.c.obj)
                0x0000000000025310                gecko_bgapi_class_endpoint_init
 .text          0x0000000000025328       0x18 /Applications/Simplicity Studio.app/Contents/Eclipse/developer/sdks/gecko_sdk_suite/v1.1//protocol/bluetooth_2.4/lib/EFR32BG1B/GCC/bgapi.a(gecko_bgapi_le_connection.c.obj)
                0x0000000000025328                gecko_bgapi_class_le_connection_init
 .text          0x0000000000025340      0x1d0 /Applications/Simplicity Studio.app/Contents/Eclipse/developer/sdks/gecko_sdk_suite/v1.1//protocol/bluetooth_2.4/lib/EFR32BG1B/GCC/bgapi.a(bgapi_hardware.c.obj)
                0x0000000000025340                soft_timer_comparison
                0x00000000000253d4                bgapi_hardware_soft_timer_listener
                0x0000000000025414                lib_hardware_handler_init
                0x0000000000025428                gecko_cmd_hardware_set_soft_timer
                0x0000000000025468                gecko_cmd_hardware_set_lazy_soft_timer
                0x00000000000254a8                gecko_cmd_hardware_get_time
                0x00000000000254dc                gecko_cmd_hardware_enable_dcdc
 .text          0x0000000000025510      0x330 /Applications/Simplicity Studio.app/Contents/Eclipse/developer/sdks/gecko_sdk_suite/v1.1//protocol/bluetooth_2.4/lib/EFR32BG1B/GCC/bgapi.a(bgapi_test_lib.c.obj)
                0x0000000000025510                bgapi_test_lib_msg_handler
                0x0000000000025568                lib_test_handler_init
                0x0000000000025588                disable_interrupts
                0x00000000000255ac                gecko_cmd_test_dtm_tx
                0x0000000000025640                gecko_cmd_test_dtm_rx
                0x000000000002568c                gecko_cmd_test_dtm_end
                0x00000000000256f4                gecko_cmd_test_debug_command
                0x00000000000257c4                gecko_cmd_test_debug_counter
 .text          0x0000000000025840       0x8c /Applications/Simplicity Studio.app/Contents/Eclipse/developer/sdks/gecko_sdk_suite/v1.1//protocol/bluetooth_2.4/lib/EFR32BG1B/GCC/bgapi.a(bgapi_dfu.c.obj)
                0x0000000000025840                lib_dfu_handler_init
                0x0000000000025842                gecko_cmd_dfu_reset
                0x0000000000025848                gecko_cmd_dfu_flash_set_address
                0x0000000000025874                gecko_cmd_dfu_flash_upload
                0x00000000000258a0                gecko_cmd_dfu_flash_upload_finish
 .text          0x00000000000258cc      0x34c /Applications/Simplicity Studio.app/Contents/Eclipse/developer/sdks/gecko_sdk_suite/v1.1//protocol/bluetooth_2.4/lib/EFR32BG1B/GCC/bgapi.a(bgapi_gap.c.obj)
                0x00000000000258cc                lib_le_gap_handler_init
                0x00000000000258ce                gecko_cmd_le_gap_set_mode
                0x0000000000025914                gecko_cmd_le_gap_bt5_set_mode
                0x0000000000025958                gecko_cmd_le_gap_set_adv_data
                0x00000000000259a0                gecko_cmd_le_gap_bt5_set_adv_data
                0x00000000000259d4                gecko_cmd_le_gap_set_adv_timeout
                0x0000000000025a28                gecko_cmd_le_gap_open
                0x0000000000025a8c                gecko_cmd_le_gap_discover
                0x0000000000025ab8                gecko_cmd_le_gap_end_procedure
                0x0000000000025ae4                gecko_cmd_le_gap_set_adv_parameters
                0x0000000000025b18                gecko_cmd_le_gap_bt5_set_adv_parameters
                0x0000000000025b54                gecko_cmd_le_gap_set_scan_parameters
                0x0000000000025b84                gecko_cmd_le_gap_set_conn_parameters
                0x0000000000025bbc                gecko_cmd_le_gap_set_phy
                0x0000000000025be8                gecko_cmd_le_gap_set_privacy_mode
 .text          0x0000000000025c18      0x6c4 /Applications/Simplicity Studio.app/Contents/Eclipse/developer/sdks/gecko_sdk_suite/v1.1//protocol/bluetooth_2.4/lib/EFR32BG1B/GCC/bgapi.a(bgapi_gatt_lib.c.obj)
                0x0000000000025c18                lib_gatt_handler_init
                0x0000000000025c1c                lib_gatt_server_handler_init
                0x0000000000025c1e                gecko_cmd_gatt_set_max_mtu
                0x0000000000025c58                gecko_cmd_gatt_discover_primary_services
                0x0000000000025c88                gecko_cmd_gatt_discover_primary_services_by_uuid
                0x0000000000025cc4                gecko_cmd_gatt_find_included_services
                0x0000000000025cf8                gecko_cmd_gatt_discover_characteristics
                0x0000000000025d2c                gecko_cmd_gatt_discover_characteristics_by_uuid
                0x0000000000025d6c                gecko_cmd_gatt_read_characteristic_value
                0x0000000000025da4                gecko_cmd_gatt_read_characteristic_value_from_offset
                0x0000000000025de0                gecko_cmd_gatt_read_characteristic_value_by_uuid
                0x0000000000025e20                gecko_cmd_gatt_read_multiple_characteristic_values
                0x0000000000025e54                gecko_cmd_gatt_write_characteristic_value
                0x0000000000025e8c                gecko_cmd_gatt_write_characteristic_value_without_response
                0x0000000000025ed0                gecko_cmd_gatt_prepare_characteristic_value_write
                0x0000000000025f20                gecko_cmd_gatt_execute_characteristic_value_write
                0x0000000000025f54                gecko_cmd_gatt_set_characteristic_notification
                0x0000000000025f8c                gecko_cmd_gatt_discover_descriptors
                0x0000000000025fc0                gecko_cmd_gatt_read_descriptor_value
                0x0000000000025ff4                gecko_cmd_gatt_write_descriptor_value
                0x000000000002602c                gecko_cmd_gatt_server_read_attribute_value
                0x0000000000026074                gecko_cmd_gatt_server_read_attribute_type
                0x00000000000260b8                gecko_cmd_gatt_server_find_attribute
                0x00000000000260f4                gecko_cmd_gatt_server_write_attribute_value
                0x0000000000026128                gecko_cmd_gatt_server_send_user_read_response
                0x0000000000026178                gecko_cmd_gatt_server_send_user_write_response
                0x00000000000261b0                gecko_cmd_gatt_server_send_characteristic_notification
                0x00000000000261fc                gecko_cmd_gatt_send_characteristic_confirmation
                0x000000000002622c                gecko_cmd_gatt_server_set_database
                0x000000000002625c                gecko_cmd_gatt_server_set_capabilities
                0x000000000002628c                gecko_cmd_gatt_prepare_characteristic_value_reliable_write
 .text          0x00000000000262dc      0x1d0 /Applications/Simplicity Studio.app/Contents/Eclipse/developer/sdks/gecko_sdk_suite/v1.1//protocol/bluetooth_2.4/lib/EFR32BG1B/GCC/bgapi.a(bgapi_ps.c.obj)
                0x00000000000262dc                bgapi_ps_dump_listener
                0x000000000002631c                lib_flash_handler_init
                0x0000000000026330                gecko_cmd_flash_ps_dump
                0x00000000000263c8                gecko_cmd_flash_ps_erase_all
                0x00000000000263f8                gecko_cmd_flash_ps_save
                0x0000000000026434                gecko_cmd_flash_ps_load
                0x0000000000026478                gecko_cmd_flash_ps_erase
 .text          0x00000000000264ac      0x3cc /Applications/Simplicity Studio.app/Contents/Eclipse/developer/sdks/gecko_sdk_suite/v1.1//protocol/bluetooth_2.4/lib/EFR32BG1B/GCC/bgapi.a(bgapi_sm.c.obj)
                0x0000000000026574                lib_sm_handler_init
                0x0000000000026588                gecko_cmd_sm_list_all_bondings
                0x00000000000265c0                gecko_cmd_sm_increase_security
                0x00000000000265f0                gecko_cmd_sm_set_bondable_mode
                0x000000000002661c                gecko_cmd_sm_delete_bonding
                0x000000000002664c                gecko_cmd_sm_delete_bondings
                0x000000000002667c                gecko_cmd_sm_configure
                0x00000000000266ac                gecko_cmd_sm_enter_passkey
                0x00000000000266e0                gecko_cmd_sm_set_passkey
                0x000000000002670c                gecko_cmd_sm_passkey_confirm
                0x0000000000026740                gecko_cmd_sm_set_oob_data
                0x0000000000026770                gecko_cmd_sm_set_sc_remote_oob_data
                0x00000000000267a0                gecko_cmd_sm_use_sc_oob
                0x00000000000267e0                gecko_cmd_sm_store_bonding_configuration
                0x0000000000026814                gecko_cmd_sm_bonding_confirm
                0x0000000000026848                gecko_cmd_sm_set_debug_mode
 .text          0x0000000000026878      0x1d8 /Applications/Simplicity Studio.app/Contents/Eclipse/developer/sdks/gecko_sdk_suite/v1.1//protocol/bluetooth_2.4/lib/EFR32BG1B/GCC/bgapi.a(bgapi_system.c.obj)
                0x0000000000026878                bgapi_system_listener
                0x00000000000268a8                lib_system_handler_init
                0x00000000000268bc                gecko_cmd_system_get_bt_address
                0x00000000000268f4                gecko_cmd_system_set_bt_address
                0x0000000000026928                gecko_cmd_system_set_device_name
                0x0000000000026964                gecko_cmd_system_get_random_data
                0x00000000000269ac                gecko_cmd_system_halt
                0x00000000000269e0                gecko_cmd_system_set_tx_power
                0x0000000000026a10                gecko_cmd_system_hello
                0x0000000000026a38                gecko_cmd_system_reset
                0x0000000000026a3e                gecko_send_system_awake
 .text          0x0000000000026a50      0x1ac /Applications/Simplicity Studio.app/Contents/Eclipse/developer/sdks/gecko_sdk_suite/v1.1//protocol/bluetooth_2.4/lib/EFR32BG1B/GCC/bgapi.a(bgapi_endpoint.c.obj)
                0x0000000000026a50                lib_endpoint_handler_init
                0x0000000000026a52                gecko_cmd_endpoint_send
                0x0000000000026afc                gecko_cmd_endpoint_set_streaming_destination
                0x0000000000026b54                gecko_cmd_endpoint_close
                0x0000000000026bb0                gecko_cmd_endpoint_set_flags
                0x0000000000026bb2                gecko_cmd_endpoint_clr_flags
                0x0000000000026bb4                gecko_cmd_endpoint_read_counters
 .text          0x0000000000026bfc      0x104 /Applications/Simplicity Studio.app/Contents/Eclipse/developer/sdks/gecko_sdk_suite/v1.1//protocol/bluetooth_2.4/lib/EFR32BG1B/GCC/bgapi.a(bgapi_le_connection.c.obj)
                0x0000000000026bfc                lib_le_connection_handler_init
                0x0000000000026bfe                gecko_cmd_le_connection_set_parameters
                0x0000000000026c4c                gecko_cmd_le_connection_get_rssi
                0x0000000000026c7c                gecko_cmd_le_connection_disable_slave_latency
                0x0000000000026cc4                gecko_cmd_le_connection_set_phy
 .text          0x0000000000026d00      0xdf0 /Applications/Simplicity Studio.app/Contents/Eclipse/developer/sdks/gecko_sdk_suite/v1.1//protocol/bluetooth_2.4/lib/EFR32BG1B/GCC/bgapi.a(gatt_client.c.obj)
                0x0000000000026f68                gatt_discover_primary_services
                0x0000000000026fa6                gatt_discover_primary_services_by_uuid
                0x0000000000026ffc                gatt_find_included_services
                0x000000000002704c                gatt_find_included_services_handler
                0x00000000000270fc                gatt_discover_characteristics
                0x000000000002711e                gatt_discover_characteristics_by_uuid
                0x0000000000027160                gatt_discover_descriptors
                0x000000000002719c                gatt_read_characteristic_value
                0x00000000000271d4                gatt_read_characteristic_value_by_uuid
                0x000000000002720e                gatt_read_multiple_characteristic_values
                0x0000000000027232                gatt_write_characteristic_value
                0x0000000000027258                gatt_write_characteristic_value_without_response
                0x0000000000027272                gatt_prepare_characteristic_value_write
                0x00000000000272e8                gatt_execute_characteristic_value_write
                0x000000000002730a                gatt_set_characteristic_notification
                0x000000000002734a                gatt_read_descriptor_value
                0x0000000000027372                gatt_write_descriptor_value
                0x0000000000027398                gatt_handle_exchange_mtu_rsp
                0x00000000000273b4                gatt_handle_find_information_response
                0x0000000000027506                gatt_handle_find_by_type_value_response
                0x00000000000275a2                gatt_handle_read_response
                0x0000000000027700                gatt_handle_read_blob_response
                0x0000000000027736                gatt_handle_read_multiple_response
                0x0000000000027772                gatt_handle_read_by_type_response
                0x00000000000278bc                gatt_handle_read_by_group_type_response
                0x0000000000027964                gatt_handle_write_response
                0x0000000000027978                gatt_handle_prepare_write_response
                0x0000000000027a6a                gatt_handle_execute_write_response
                0x0000000000027aa2                gatt_client_handle_value_notification
                0x0000000000027ab4                gatt_client_handle_value_indication
                0x0000000000027ac8                gatt_send_characteristic_confirmation
                0x0000000000027ae6                gatt_client_init
 .text          0x0000000000027af0      0x250 /Applications/Simplicity Studio.app/Contents/Eclipse/developer/sdks/gecko_sdk_suite/v1.1//protocol/bluetooth_2.4/lib/EFR32BG1B/GCC/bgapi.a(ubt_gatt_client.c.obj)
                0x0000000000027af0                ubt_gatt_discover_primary_services
                0x0000000000027b06                ubt_gatt_discover_primary_services_by_uuid
                0x0000000000027b32                ubt_gatt_find_included_services
                0x0000000000027b4c                ubt_gatt_discover_characteristics
                0x0000000000027b66                ubt_gatt_discover_characteristics_by_uuid
                0x0000000000027b96                ubt_gatt_discover_descriptors
                0x0000000000027bb0                ubt_gatt_read_characteristic_value
                0x0000000000027bd2                ubt_gatt_read_characteristic_value_by_uuid
                0x0000000000027c02                ubt_gatt_read_multiple_characteristic_values
                0x0000000000027c20                ubt_gatt_write_characteristic_value
                0x0000000000027c42                ubt_gatt_write_characteristic_value_without_response
                0x0000000000027c7c                ubt_gatt_prepare_characteristic_value_write
                0x0000000000027cb6                ubt_gatt_execute_characteristic_value_write
                0x0000000000027cd0                ubt_gatt_send_characteristic_confirmation
                0x0000000000027ce6                ubt_gatt_read_descriptor_value
                0x0000000000027d00                ubt_gatt_write_descriptor_value
                0x0000000000027d22                ubt_gatt_set_characteristic_notification
 .text          0x0000000000027d40      0x4ec /Applications/Simplicity Studio.app/Contents/Eclipse/developer/sdks/gecko_sdk_suite/v1.1//protocol/bluetooth_2.4/lib/EFR32BG1B/GCC/bgapi.a(att_client.c.obj)
                0x0000000000027d40                att_send_find_information_request
                0x0000000000027d66                att_send_find_by_type_value_request
                0x0000000000027d98                att_send_read_by_type_request
                0x0000000000027dc4                att_send_read_request
                0x0000000000027de4                att_send_read_blob_request
                0x0000000000027e0a                att_send_read_multiple_request
                0x0000000000027e36                att_send_read_by_group_type_request
                0x0000000000027e62                att_send_write_request
                0x0000000000027e8e                att_send_write_command
                0x0000000000027eba                att_send_signed_write_command
                0x0000000000027ef4                att_send_prepare_write_request
                0x0000000000027f30                att_send_execute_write_request
                0x0000000000027f4e                att_send_handle_value_confirmation
                0x0000000000027f66                validate_gatt_client_pdu_len
                0x0000000000028020                att_gatt_client_handler
 .text          0x000000000002822c      0x370 /Applications/Simplicity Studio.app/Contents/Eclipse/developer/toolchains/gnu_arm/4.9_2015q3/bin/../lib/gcc/arm-none-eabi/4.9.3/armv7e-m/fpu/libgcc.a(_arm_addsubdf3.o)
                0x000000000002822c                __aeabi_drsub
                0x0000000000028234                __subdf3
                0x0000000000028234                __aeabi_dsub
                0x0000000000028238                __aeabi_dadd
                0x0000000000028238                __adddf3
                0x00000000000284b0                __aeabi_ui2d
                0x00000000000284b0                __floatunsidf
                0x00000000000284d0                __floatsidf
                0x00000000000284d0                __aeabi_i2d
                0x00000000000284f4                __extendsfdf2
                0x00000000000284f4                __aeabi_f2d
                0x0000000000028530                __aeabi_ul2d
                0x0000000000028530                __floatundidf
                0x0000000000028540                __aeabi_l2d
                0x0000000000028540                __floatdidf
 .text          0x000000000002859c      0x424 /Applications/Simplicity Studio.app/Contents/Eclipse/developer/toolchains/gnu_arm/4.9_2015q3/bin/../lib/gcc/arm-none-eabi/4.9.3/armv7e-m/fpu/libgcc.a(_arm_muldivdf3.o)
                0x000000000002859c                __aeabi_dmul
                0x000000000002859c                __muldf3
                0x00000000000287f0                __aeabi_ddiv
                0x00000000000287f0                __divdf3
 .text          0x00000000000289c0       0x40 /Applications/Simplicity Studio.app/Contents/Eclipse/developer/toolchains/gnu_arm/4.9_2015q3/bin/../lib/gcc/arm-none-eabi/4.9.3/armv7e-m/fpu/libgcc.a(_arm_fixunsdfsi.o)
                0x00000000000289c0                __fixunsdfsi
                0x00000000000289c0                __aeabi_d2uiz
 .text          0x0000000000028a00       0xa0 /Applications/Simplicity Studio.app/Contents/Eclipse/developer/toolchains/gnu_arm/4.9_2015q3/bin/../lib/gcc/arm-none-eabi/4.9.3/armv7e-m/fpu/libgcc.a(_arm_truncdfsf2.o)
                0x0000000000028a00                __aeabi_d2f
                0x0000000000028a00                __truncdfsf2
 .text.exit     0x0000000000028aa0       0x20 /Applications/Simplicity Studio.app/Contents/Eclipse/developer/toolchains/gnu_arm/4.9_2015q3/bin/../lib/gcc/arm-none-eabi/4.9.3/../../../../arm-none-eabi/lib/armv7e-m/fpu/libc.a(lib_a-exit.o)
                0x0000000000028aa0                exit
 .text.__libc_init_array
                0x0000000000028ac0       0x50 /Applications/Simplicity Studio.app/Contents/Eclipse/developer/toolchains/gnu_arm/4.9_2015q3/bin/../lib/gcc/arm-none-eabi/4.9.3/../../../../arm-none-eabi/lib/armv7e-m/fpu/libc.a(lib_a-init.o)
                0x0000000000028ac0                __libc_init_array
 .text.memcmp   0x0000000000028b10       0x64 /Applications/Simplicity Studio.app/Contents/Eclipse/developer/toolchains/gnu_arm/4.9_2015q3/bin/../lib/gcc/arm-none-eabi/4.9.3/../../../../arm-none-eabi/lib/armv7e-m/fpu/libc.a(lib_a-memcmp.o)
                0x0000000000028b10                memcmp
 .text          0x0000000000028b74      0x134 /Applications/Simplicity Studio.app/Contents/Eclipse/developer/toolchains/gnu_arm/4.9_2015q3/bin/../lib/gcc/arm-none-eabi/4.9.3/../../../../arm-none-eabi/lib/armv7e-m/fpu/libc.a(lib_a-memcpy.o)
                0x0000000000028b74                memcpy
 .text.memset   0x0000000000028ca8       0x9c /Applications/Simplicity Studio.app/Contents/Eclipse/developer/toolchains/gnu_arm/4.9_2015q3/bin/../lib/gcc/arm-none-eabi/4.9.3/../../../../arm-none-eabi/lib/armv7e-m/fpu/libc.a(lib_a-memset.o)
                0x0000000000028ca8                memset
 .text.startup.register_fini
                0x0000000000028d44       0x14 /Applications/Simplicity Studio.app/Contents/Eclipse/developer/toolchains/gnu_arm/4.9_2015q3/bin/../lib/gcc/arm-none-eabi/4.9.3/../../../../arm-none-eabi/lib/armv7e-m/fpu/libc.a(lib_a-__call_atexit.o)
 .text.__call_exitprocs
                0x0000000000028d58       0xd4 /Applications/Simplicity Studio.app/Contents/Eclipse/developer/toolchains/gnu_arm/4.9_2015q3/bin/../lib/gcc/arm-none-eabi/4.9.3/../../../../arm-none-eabi/lib/armv7e-m/fpu/libc.a(lib_a-__call_atexit.o)
                0x0000000000028d58                __call_exitprocs
 .text.atexit   0x0000000000028e2c        0xc /Applications/Simplicity Studio.app/Contents/Eclipse/developer/toolchains/gnu_arm/4.9_2015q3/bin/../lib/gcc/arm-none-eabi/4.9.3/../../../../arm-none-eabi/lib/armv7e-m/fpu/libc.a(lib_a-atexit.o)
                0x0000000000028e2c                atexit
 .text.__libc_fini_array
                0x0000000000028e38       0x2c /Applications/Simplicity Studio.app/Contents/Eclipse/developer/toolchains/gnu_arm/4.9_2015q3/bin/../lib/gcc/arm-none-eabi/4.9.3/../../../../arm-none-eabi/lib/armv7e-m/fpu/libc.a(lib_a-fini.o)
                0x0000000000028e38                __libc_fini_array
 .text.__register_exitproc
                0x0000000000028e64       0xa4 /Applications/Simplicity Studio.app/Contents/Eclipse/developer/toolchains/gnu_arm/4.9_2015q3/bin/../lib/gcc/arm-none-eabi/4.9.3/../../../../arm-none-eabi/lib/armv7e-m/fpu/libc.a(lib_a-__atexit.o)
                0x0000000000028e64                __register_exitproc
 .text._exit    0x0000000000028f08        0x4 /Applications/Simplicity Studio.app/Contents/Eclipse/developer/toolchains/gnu_arm/4.9_2015q3/bin/../lib/gcc/arm-none-eabi/4.9.3/../../../../arm-none-eabi/lib/armv7e-m/fpu/libnosys.a(_exit.o)
                0x0000000000028f08                _exit
 *(.init)
 .init          0x0000000000028f0c        0x4 /Applications/Simplicity Studio.app/Contents/Eclipse/developer/toolchains/gnu_arm/4.9_2015q3/bin/../lib/gcc/arm-none-eabi/4.9.3/armv7e-m/fpu/crti.o
                0x0000000000028f0c                _init
 .init          0x0000000000028f10        0x8 /Applications/Simplicity Studio.app/Contents/Eclipse/developer/toolchains/gnu_arm/4.9_2015q3/bin/../lib/gcc/arm-none-eabi/4.9.3/armv7e-m/fpu/crtn.o
 *(.fini)
 .fini          0x0000000000028f18        0x4 /Applications/Simplicity Studio.app/Contents/Eclipse/developer/toolchains/gnu_arm/4.9_2015q3/bin/../lib/gcc/arm-none-eabi/4.9.3/armv7e-m/fpu/crti.o
                0x0000000000028f18                _fini
 .fini          0x0000000000028f1c        0x8 /Applications/Simplicity Studio.app/Contents/Eclipse/developer/toolchains/gnu_arm/4.9_2015q3/bin/../lib/gcc/arm-none-eabi/4.9.3/armv7e-m/fpu/crtn.o
 *crtbegin.o(.ctors)
 *crtbegin?.o(.ctors)
 *(EXCLUDE_FILE(*crtend.o *crtend?.o) .ctors)
 *(SORT(.ctors.*))
 *(.ctors)
 *crtbegin.o(.dtors)
 *crtbegin?.o(.dtors)
 *(EXCLUDE_FILE(*crtend.o *crtend?.o) .dtors)
 *(SORT(.dtors.*))
 *(.dtors)
 *(.rodata*)
 .rodata.ptiInit
                0x0000000000028f24       0x24 ./main.o
 .rodata        0x0000000000028f48        0x4 ./main.o
 .rodata.config
                0x0000000000028f4c       0x38 ./main.o
 .rodata.i2cNSum
                0x0000000000028f84        0x4 ./emlib/em_i2c.o
 .rodata        0x0000000000028f88       0x24 ./kit_flashpwr/BRD4302A/mx25flash_spi.o
 .rodata        0x0000000000028fac       0x50 ./src/InitDevice.o
 .rodata        0x0000000000028ffc       0x10 ./src/i2c.o
 .rodata        0x000000000002900c       0x14 ./src/letimer.o
 .rodata        0x0000000000029020       0x20 ./src/timer.o
 .rodata        0x0000000000029040       0x24 ./src/usart.o
 .rodata        0x0000000000029064       0x28 /Applications/Simplicity Studio.app/Contents/Eclipse/developer/sdks/gecko_sdk_suite/v1.1//protocol/bluetooth_2.4/lib/EFR32BG1B/GCC/bgapi.a(gecko_bgapi_hardware.c.obj)
 .rodata        0x000000000002908c       0x30 /Applications/Simplicity Studio.app/Contents/Eclipse/developer/sdks/gecko_sdk_suite/v1.1//protocol/bluetooth_2.4/lib/EFR32BG1B/GCC/bgapi.a(gecko_bgapi_test.c.obj)
 .rodata        0x00000000000290bc       0x28 /Applications/Simplicity Studio.app/Contents/Eclipse/developer/sdks/gecko_sdk_suite/v1.1//protocol/bluetooth_2.4/lib/EFR32BG1B/GCC/bgapi.a(gecko_bgapi_dfu.c.obj)
 .rodata        0x00000000000290e4       0x78 /Applications/Simplicity Studio.app/Contents/Eclipse/developer/sdks/gecko_sdk_suite/v1.1//protocol/bluetooth_2.4/lib/EFR32BG1B/GCC/bgapi.a(gecko_bgapi_gap.c.obj)
 .rodata        0x000000000002915c       0xa8 /Applications/Simplicity Studio.app/Contents/Eclipse/developer/sdks/gecko_sdk_suite/v1.1//protocol/bluetooth_2.4/lib/EFR32BG1B/GCC/bgapi.a(gecko_bgapi_gatt.c.obj)
 .rodata        0x0000000000029204       0x50 /Applications/Simplicity Studio.app/Contents/Eclipse/developer/sdks/gecko_sdk_suite/v1.1//protocol/bluetooth_2.4/lib/EFR32BG1B/GCC/bgapi.a(gecko_bgapi_gatt_server.c.obj)
 .rodata        0x0000000000029254       0x30 /Applications/Simplicity Studio.app/Contents/Eclipse/developer/sdks/gecko_sdk_suite/v1.1//protocol/bluetooth_2.4/lib/EFR32BG1B/GCC/bgapi.a(gecko_bgapi_flash.c.obj)
 .rodata        0x0000000000029284       0x80 /Applications/Simplicity Studio.app/Contents/Eclipse/developer/sdks/gecko_sdk_suite/v1.1//protocol/bluetooth_2.4/lib/EFR32BG1B/GCC/bgapi.a(gecko_bgapi_sm.c.obj)
 .rodata        0x0000000000029304       0x48 /Applications/Simplicity Studio.app/Contents/Eclipse/developer/sdks/gecko_sdk_suite/v1.1//protocol/bluetooth_2.4/lib/EFR32BG1B/GCC/bgapi.a(gecko_bgapi_system.c.obj)
 .rodata        0x000000000002934c       0x38 /Applications/Simplicity Studio.app/Contents/Eclipse/developer/sdks/gecko_sdk_suite/v1.1//protocol/bluetooth_2.4/lib/EFR32BG1B/GCC/bgapi.a(gecko_bgapi_endpoint.c.obj)
 .rodata        0x0000000000029384       0x28 /Applications/Simplicity Studio.app/Contents/Eclipse/developer/sdks/gecko_sdk_suite/v1.1//protocol/bluetooth_2.4/lib/EFR32BG1B/GCC/bgapi.a(gecko_bgapi_le_connection.c.obj)
 .rodata        0x00000000000293ac       0x18 /Applications/Simplicity Studio.app/Contents/Eclipse/developer/sdks/gecko_sdk_suite/v1.1//protocol/bluetooth_2.4/lib/EFR32BG1B/GCC/bgapi.a(bgapi_sm.c.obj)
 .rodata        0x00000000000293c4        0x4 /Applications/Simplicity Studio.app/Contents/Eclipse/developer/sdks/gecko_sdk_suite/v1.1//protocol/bluetooth_2.4/lib/EFR32BG1B/GCC/bgapi.a(gatt_client.c.obj)
 .rodata.str1.4
                0x00000000000293c8        0x4 /Applications/Simplicity Studio.app/Contents/Eclipse/developer/toolchains/gnu_arm/4.9_2015q3/bin/../lib/gcc/arm-none-eabi/4.9.3/../../../../arm-none-eabi/lib/armv7e-m/fpu/libc.a(lib_a-impure.o)
                                          0x2 (size before relaxing)
 .rodata._global_impure_ptr
                0x00000000000293cc        0x4 /Applications/Simplicity Studio.app/Contents/Eclipse/developer/toolchains/gnu_arm/4.9_2015q3/bin/../lib/gcc/arm-none-eabi/4.9.3/../../../../arm-none-eabi/lib/armv7e-m/fpu/libc.a(lib_a-impure.o)
                0x00000000000293cc                _global_impure_ptr
 *(.eh_frame*)
 .eh_frame      0x00000000000293d0        0x0 /Applications/Simplicity Studio.app/Contents/Eclipse/developer/toolchains/gnu_arm/4.9_2015q3/bin/../lib/gcc/arm-none-eabi/4.9.3/armv7e-m/fpu/crtbegin.o
 .eh_frame      0x00000000000293d0        0x4 /Applications/Simplicity Studio.app/Contents/Eclipse/developer/toolchains/gnu_arm/4.9_2015q3/bin/../lib/gcc/arm-none-eabi/4.9.3/armv7e-m/fpu/crtend.o
                0x00000000000293d4                . = ALIGN (0x4)

.glue_7         0x00000000000293d4        0x0
 .glue_7        0x0000000000000000        0x0 linker stubs

.glue_7t        0x00000000000293d4        0x0
 .glue_7t       0x0000000000000000        0x0 linker stubs

.vfp11_veneer   0x00000000000293d4        0x0
 .vfp11_veneer  0x0000000000000000        0x0 linker stubs

.v4_bx          0x00000000000293d4        0x0
 .v4_bx         0x0000000000000000        0x0 linker stubs

.iplt           0x00000000000293d4        0x0
 .iplt          0x0000000000000000        0x0 /Applications/Simplicity Studio.app/Contents/Eclipse/developer/toolchains/gnu_arm/4.9_2015q3/bin/../lib/gcc/arm-none-eabi/4.9.3/armv7e-m/fpu/crtbegin.o

.igot.plt       0x00000000000293d4        0x0
 .igot.plt      0x0000000000000000        0x0 /Applications/Simplicity Studio.app/Contents/Eclipse/developer/toolchains/gnu_arm/4.9_2015q3/bin/../lib/gcc/arm-none-eabi/4.9.3/armv7e-m/fpu/crtbegin.o

.text_app_ARM.extab
 *(.ARM.extab* .gnu.linkonce.armextab.*)
                0x00000000000293d4                __exidx_start = .

.text_app_ARM.exidx
                0x00000000000293d4        0x8
 *(.ARM.exidx* .gnu.linkonce.armexidx.*)
 .ARM.exidx     0x00000000000293d4        0x8 /Applications/Simplicity Studio.app/Contents/Eclipse/developer/toolchains/gnu_arm/4.9_2015q3/bin/../lib/gcc/arm-none-eabi/4.9.3/../../../../arm-none-eabi/lib/armv7e-m/fpu/crt0.o
                0x00000000000293dc                __exidx_end = .
                0x00000000000293dc                __etext = .

.rel.dyn        0x00000000000293dc        0x0
 .rel.iplt      0x0000000000000000        0x0 /Applications/Simplicity Studio.app/Contents/Eclipse/developer/toolchains/gnu_arm/4.9_2015q3/bin/../lib/gcc/arm-none-eabi/4.9.3/armv7e-m/fpu/crtbegin.o

.text_app_data  0x0000000020003000      0x450 load address 0x00000000000293dc
                0x0000000020003000                __data_start__ = .
 *(vtable)
 *(.data*)
 .data.bg_gattdb_data_attribute_field_6_data
                0x0000000020003000        0xd ./gatt_db.o
                0x0000000020003000                bg_gattdb_data_attribute_field_6_data
 *fill*         0x000000002000300d        0x3 
 .data.auxHfrcoFreq
                0x0000000020003010        0x4 ./emlib/em_cmu.o
 *fill*         0x0000000020003014        0x4 
 .data.impure_data
                0x0000000020003018      0x428 /Applications/Simplicity Studio.app/Contents/Eclipse/developer/toolchains/gnu_arm/4.9_2015q3/bin/../lib/gcc/arm-none-eabi/4.9.3/../../../../arm-none-eabi/lib/armv7e-m/fpu/libc.a(lib_a-impure.o)
                0x0000000020003440                . = ALIGN (0x4)
 *(.ram)
                0x0000000020003440                . = ALIGN (0x4)
                0x0000000020003440                PROVIDE (__preinit_array_start, .)
 *(.preinit_array)
                0x0000000020003440                PROVIDE (__preinit_array_end, .)
                0x0000000020003440                . = ALIGN (0x4)
                0x0000000020003440                PROVIDE (__init_array_start, .)
 *(SORT(.init_array.*))
 .init_array.00000
                0x0000000020003440        0x4 /Applications/Simplicity Studio.app/Contents/Eclipse/developer/toolchains/gnu_arm/4.9_2015q3/bin/../lib/gcc/arm-none-eabi/4.9.3/../../../../arm-none-eabi/lib/armv7e-m/fpu/libc.a(lib_a-__call_atexit.o)
 *(.init_array)
 .init_array    0x0000000020003444        0x4 /Applications/Simplicity Studio.app/Contents/Eclipse/developer/toolchains/gnu_arm/4.9_2015q3/bin/../lib/gcc/arm-none-eabi/4.9.3/armv7e-m/fpu/crtbegin.o
                0x0000000020003448                PROVIDE (__init_array_end, .)
                0x0000000020003448                . = ALIGN (0x4)
                0x0000000020003448                PROVIDE (__fini_array_start, .)
 *(SORT(.fini_array.*))
 *(.fini_array)
 .fini_array    0x0000000020003448        0x4 /Applications/Simplicity Studio.app/Contents/Eclipse/developer/toolchains/gnu_arm/4.9_2015q3/bin/../lib/gcc/arm-none-eabi/4.9.3/armv7e-m/fpu/crtbegin.o
                0x000000002000344c                PROVIDE (__fini_array_end, .)
 *(.jcr*)
 .jcr           0x000000002000344c        0x0 /Applications/Simplicity Studio.app/Contents/Eclipse/developer/toolchains/gnu_arm/4.9_2015q3/bin/../lib/gcc/arm-none-eabi/4.9.3/armv7e-m/fpu/crtbegin.o
 .jcr           0x000000002000344c        0x4 /Applications/Simplicity Studio.app/Contents/Eclipse/developer/toolchains/gnu_arm/4.9_2015q3/bin/../lib/gcc/arm-none-eabi/4.9.3/armv7e-m/fpu/crtend.o
                0x0000000020003450                . = ALIGN (0x4)
                0x0000000020003450                __data_end__ = .

.bss            0x0000000020003450     0x1ac4 load address 0x000000000002982c
                0x0000000020003450                . = ALIGN (0x4)
                0x0000000020003450                __bss_start__ = .
 *(.bss*)
 .bss           0x0000000020003450       0x1c /Applications/Simplicity Studio.app/Contents/Eclipse/developer/toolchains/gnu_arm/4.9_2015q3/bin/../lib/gcc/arm-none-eabi/4.9.3/armv7e-m/fpu/crtbegin.o
 .bss.bg_gattdb_data_attribute_field_2_data
                0x000000002000346c        0x4 ./gatt_db.o
                0x000000002000346c                bg_gattdb_data_attribute_field_2_data
 .bss.chTable   0x0000000020003470       0xa0 ./bgapi/dmadrv.o
 .bss.dmaXfer   0x0000000020003510      0x100 ./bgapi/dmadrv.o
 .bss.gpio_flag
                0x0000000020003610        0x4 ./src/usart.o
                0x0000000020003610                gpio_flag
 .bss           0x0000000020003614        0x4 /Applications/Simplicity Studio.app/Contents/Eclipse/developer/sdks/gecko_sdk_suite/v1.1//protocol/bluetooth_2.4/lib/EFR32BG1B/GCC/bgapi.a(bgapi_hardware.c.obj)
 .bss           0x0000000020003618        0x4 /Applications/Simplicity Studio.app/Contents/Eclipse/developer/sdks/gecko_sdk_suite/v1.1//protocol/bluetooth_2.4/lib/EFR32BG1B/GCC/bgapi.a(bgapi_test_lib.c.obj)
 .bss           0x000000002000361c        0x2 /Applications/Simplicity Studio.app/Contents/Eclipse/developer/sdks/gecko_sdk_suite/v1.1//protocol/bluetooth_2.4/lib/EFR32BG1B/GCC/bgapi.a(bgapi_gap.c.obj)
                0x000000002000361c                legacy_maxadv_events
 *fill*         0x000000002000361e        0x2 
 .bss           0x0000000020003620        0x4 /Applications/Simplicity Studio.app/Contents/Eclipse/developer/sdks/gecko_sdk_suite/v1.1//protocol/bluetooth_2.4/lib/EFR32BG1B/GCC/bgapi.a(bgapi_ps.c.obj)
 .bss           0x0000000020003624        0x4 /Applications/Simplicity Studio.app/Contents/Eclipse/developer/sdks/gecko_sdk_suite/v1.1//protocol/bluetooth_2.4/lib/EFR32BG1B/GCC/bgapi.a(bgapi_sm.c.obj)
 .bss           0x0000000020003628        0x4 /Applications/Simplicity Studio.app/Contents/Eclipse/developer/sdks/gecko_sdk_suite/v1.1//protocol/bluetooth_2.4/lib/EFR32BG1B/GCC/bgapi.a(bgapi_system.c.obj)
 *(COMMON)
 COMMON         0x000000002000362c     0x18d0 ./main.o
                0x000000002000362c                bluetooth_stack_heap
 COMMON         0x0000000020004efc       0x14 ./src/sleep.o
                0x0000000020004efc                sleep_block_counter
 COMMON         0x0000000020004f10        0x4 /Applications/Simplicity Studio.app/Contents/Eclipse/developer/sdks/gecko_sdk_suite/v1.1//protocol/bluetooth_2.4/lib/EFR32BG1B/GCC/bgapi.a(bgapi_test_lib.c.obj)
                0x0000000020004f10                msg_sender
                0x0000000020004f14                . = ALIGN (0x4)
                0x0000000020004f14                __bss_end__ = .

.heap           0x0000000020004f18      0xc00
                0x0000000020004f18                __HeapBase = .
                0x0000000020004f18                __end__ = .
                0x0000000020004f18                end = __end__
                0x0000000020004f18                _end = __end__
 *(.heap*)
 .heap          0x0000000020004f18      0xc00 ./device/EFR32_B_1_1_B/gcc/startup_efr32bg1b.o
                0x0000000020005b18                __HeapLimit = .

.stack_dummy    0x0000000020005b18      0x400
 *(.stack*)
 .stack         0x0000000020005b18      0x400 ./device/EFR32_B_1_1_B/gcc/startup_efr32bg1b.o
                0x0000000020007bfc                __StackTop = (ORIGIN (RAM) + 0x4bfc)
                0x00000000200077fc                __StackLimit = (__StackTop - SIZEOF (.stack_dummy))
                0x0000000020007bfc                PROVIDE (__stack, __StackTop)
                0x0000000000000001                ASSERT ((__StackLimit >= __HeapLimit), region RAM overflowed with stack)
OUTPUT(LED_Blinking.axf elf32-littlearm)

.ARM.attributes
                0x0000000000000000       0x30
 .ARM.attributes
                0x0000000000000000       0x22 /Applications/Simplicity Studio.app/Contents/Eclipse/developer/toolchains/gnu_arm/4.9_2015q3/bin/../lib/gcc/arm-none-eabi/4.9.3/armv7e-m/fpu/crti.o
 .ARM.attributes
                0x0000000000000022       0x34 /Applications/Simplicity Studio.app/Contents/Eclipse/developer/toolchains/gnu_arm/4.9_2015q3/bin/../lib/gcc/arm-none-eabi/4.9.3/armv7e-m/fpu/crtbegin.o
 .ARM.attributes
                0x0000000000000056       0x20 /Applications/Simplicity Studio.app/Contents/Eclipse/developer/toolchains/gnu_arm/4.9_2015q3/bin/../lib/gcc/arm-none-eabi/4.9.3/../../../../arm-none-eabi/lib/armv7e-m/fpu/crt0.o
 .ARM.attributes
                0x0000000000000076       0x39 ./application_properties.o
 .ARM.attributes
                0x00000000000000af       0x39 ./gatt_db.o
 .ARM.attributes
                0x00000000000000e8       0x39 ./main.o
 .ARM.attributes
                0x0000000000000121       0x39 ./bgapi/dmadrv.o
 .ARM.attributes
                0x000000000000015a       0x39 ./bgapi/em_adc.o
 .ARM.attributes
                0x0000000000000193       0x39 ./device/EFR32_B_1_1_B/gcc/startup_efr32bg1b.o
 .ARM.attributes
                0x00000000000001cc       0x39 ./emlib/em_cmu.o
 .ARM.attributes
                0x0000000000000205       0x39 ./emlib/em_gpio.o
 .ARM.attributes
                0x000000000000023e       0x39 ./emlib/em_i2c.o
 .ARM.attributes
                0x0000000000000277       0x39 ./emlib/em_letimer.o
 .ARM.attributes
                0x00000000000002b0       0x39 ./emlib/em_rtcc.o
 .ARM.attributes
                0x00000000000002e9       0x39 ./emlib/em_system.o
 .ARM.attributes
                0x0000000000000322       0x39 ./emlib/em_timer.o
 .ARM.attributes
                0x000000000000035b       0x39 ./emlib/em_usart.o
 .ARM.attributes
                0x0000000000000394       0x39 ./kit_flashpwr/BRD4302A/mx25flash_spi.o
 .ARM.attributes
                0x00000000000003cd       0x39 ./src/InitDevice.o
 .ARM.attributes
                0x0000000000000406       0x39 ./src/adc.o
 .ARM.attributes
                0x000000000000043f       0x39 ./src/cmu.o
 .ARM.attributes
                0x0000000000000478       0x39 ./src/gpio.o
 .ARM.attributes
                0x00000000000004b1       0x39 ./src/i2c.o
 .ARM.attributes
                0x00000000000004ea       0x39 ./src/letimer.o
 .ARM.attributes
                0x0000000000000523       0x39 ./src/sleep.o
 .ARM.attributes
                0x000000000000055c       0x39 ./src/timer.o
 .ARM.attributes
                0x0000000000000595       0x39 ./src/usart.o
 .ARM.attributes
                0x00000000000005ce       0x1c /Applications/Simplicity Studio.app/Contents/Eclipse/developer/sdks/gecko_sdk_suite/v1.1//protocol/bluetooth_2.4/lib/EFR32BG1B/EABI/binstack.o
 .ARM.attributes
                0x00000000000005ea       0x1c /Applications/Simplicity Studio.app/Contents/Eclipse/developer/sdks/gecko_sdk_suite/v1.1//protocol/bluetooth_2.4/lib/EFR32BG1B/EABI/binbootloader.o
 .ARM.attributes
                0x0000000000000606       0x39 /Applications/Simplicity Studio.app/Contents/Eclipse/developer/sdks/gecko_sdk_suite/v1.1//protocol/bluetooth_2.4/lib/EFR32BG1B/GCC/bgapi.a(gecko_bgapi_hardware.c.obj)
 .ARM.attributes
                0x000000000000063f       0x39 /Applications/Simplicity Studio.app/Contents/Eclipse/developer/sdks/gecko_sdk_suite/v1.1//protocol/bluetooth_2.4/lib/EFR32BG1B/GCC/bgapi.a(gecko_bgapi_test.c.obj)
 .ARM.attributes
                0x0000000000000678       0x39 /Applications/Simplicity Studio.app/Contents/Eclipse/developer/sdks/gecko_sdk_suite/v1.1//protocol/bluetooth_2.4/lib/EFR32BG1B/GCC/bgapi.a(gecko_bgapi_dfu.c.obj)
 .ARM.attributes
                0x00000000000006b1       0x39 /Applications/Simplicity Studio.app/Contents/Eclipse/developer/sdks/gecko_sdk_suite/v1.1//protocol/bluetooth_2.4/lib/EFR32BG1B/GCC/bgapi.a(gecko_bgapi_gap.c.obj)
 .ARM.attributes
                0x00000000000006ea       0x39 /Applications/Simplicity Studio.app/Contents/Eclipse/developer/sdks/gecko_sdk_suite/v1.1//protocol/bluetooth_2.4/lib/EFR32BG1B/GCC/bgapi.a(gecko_bgapi_gatt.c.obj)
 .ARM.attributes
                0x0000000000000723       0x39 /Applications/Simplicity Studio.app/Contents/Eclipse/developer/sdks/gecko_sdk_suite/v1.1//protocol/bluetooth_2.4/lib/EFR32BG1B/GCC/bgapi.a(gecko_bgapi_gatt_server.c.obj)
 .ARM.attributes
                0x000000000000075c       0x39 /Applications/Simplicity Studio.app/Contents/Eclipse/developer/sdks/gecko_sdk_suite/v1.1//protocol/bluetooth_2.4/lib/EFR32BG1B/GCC/bgapi.a(gecko_bgapi_flash.c.obj)
 .ARM.attributes
                0x0000000000000795       0x39 /Applications/Simplicity Studio.app/Contents/Eclipse/developer/sdks/gecko_sdk_suite/v1.1//protocol/bluetooth_2.4/lib/EFR32BG1B/GCC/bgapi.a(gecko_bgapi_sm.c.obj)
 .ARM.attributes
                0x00000000000007ce       0x39 /Applications/Simplicity Studio.app/Contents/Eclipse/developer/sdks/gecko_sdk_suite/v1.1//protocol/bluetooth_2.4/lib/EFR32BG1B/GCC/bgapi.a(gecko_bgapi_system.c.obj)
 .ARM.attributes
                0x0000000000000807       0x39 /Applications/Simplicity Studio.app/Contents/Eclipse/developer/sdks/gecko_sdk_suite/v1.1//protocol/bluetooth_2.4/lib/EFR32BG1B/GCC/bgapi.a(gecko_bgapi_endpoint.c.obj)
 .ARM.attributes
                0x0000000000000840       0x39 /Applications/Simplicity Studio.app/Contents/Eclipse/developer/sdks/gecko_sdk_suite/v1.1//protocol/bluetooth_2.4/lib/EFR32BG1B/GCC/bgapi.a(gecko_bgapi_le_connection.c.obj)
 .ARM.attributes
                0x0000000000000879       0x39 /Applications/Simplicity Studio.app/Contents/Eclipse/developer/sdks/gecko_sdk_suite/v1.1//protocol/bluetooth_2.4/lib/EFR32BG1B/GCC/bgapi.a(bgapi_hardware.c.obj)
 .ARM.attributes
                0x00000000000008b2       0x39 /Applications/Simplicity Studio.app/Contents/Eclipse/developer/sdks/gecko_sdk_suite/v1.1//protocol/bluetooth_2.4/lib/EFR32BG1B/GCC/bgapi.a(bgapi_test_lib.c.obj)
 .ARM.attributes
                0x00000000000008eb       0x39 /Applications/Simplicity Studio.app/Contents/Eclipse/developer/sdks/gecko_sdk_suite/v1.1//protocol/bluetooth_2.4/lib/EFR32BG1B/GCC/bgapi.a(bgapi_dfu.c.obj)
 .ARM.attributes
                0x0000000000000924       0x39 /Applications/Simplicity Studio.app/Contents/Eclipse/developer/sdks/gecko_sdk_suite/v1.1//protocol/bluetooth_2.4/lib/EFR32BG1B/GCC/bgapi.a(bgapi_gap.c.obj)
 .ARM.attributes
                0x000000000000095d       0x39 /Applications/Simplicity Studio.app/Contents/Eclipse/developer/sdks/gecko_sdk_suite/v1.1//protocol/bluetooth_2.4/lib/EFR32BG1B/GCC/bgapi.a(bgapi_gatt_lib.c.obj)
 .ARM.attributes
                0x0000000000000996       0x39 /Applications/Simplicity Studio.app/Contents/Eclipse/developer/sdks/gecko_sdk_suite/v1.1//protocol/bluetooth_2.4/lib/EFR32BG1B/GCC/bgapi.a(bgapi_ps.c.obj)
 .ARM.attributes
                0x00000000000009cf       0x39 /Applications/Simplicity Studio.app/Contents/Eclipse/developer/sdks/gecko_sdk_suite/v1.1//protocol/bluetooth_2.4/lib/EFR32BG1B/GCC/bgapi.a(bgapi_sm.c.obj)
 .ARM.attributes
                0x0000000000000a08       0x39 /Applications/Simplicity Studio.app/Contents/Eclipse/developer/sdks/gecko_sdk_suite/v1.1//protocol/bluetooth_2.4/lib/EFR32BG1B/GCC/bgapi.a(bgapi_system.c.obj)
 .ARM.attributes
                0x0000000000000a41       0x39 /Applications/Simplicity Studio.app/Contents/Eclipse/developer/sdks/gecko_sdk_suite/v1.1//protocol/bluetooth_2.4/lib/EFR32BG1B/GCC/bgapi.a(bgapi_endpoint.c.obj)
 .ARM.attributes
                0x0000000000000a7a       0x39 /Applications/Simplicity Studio.app/Contents/Eclipse/developer/sdks/gecko_sdk_suite/v1.1//protocol/bluetooth_2.4/lib/EFR32BG1B/GCC/bgapi.a(bgapi_le_connection.c.obj)
 .ARM.attributes
                0x0000000000000ab3       0x39 /Applications/Simplicity Studio.app/Contents/Eclipse/developer/sdks/gecko_sdk_suite/v1.1//protocol/bluetooth_2.4/lib/EFR32BG1B/GCC/bgapi.a(gatt_client.c.obj)
 .ARM.attributes
                0x0000000000000aec       0x39 /Applications/Simplicity Studio.app/Contents/Eclipse/developer/sdks/gecko_sdk_suite/v1.1//protocol/bluetooth_2.4/lib/EFR32BG1B/GCC/bgapi.a(ubt_gatt_client.c.obj)
 .ARM.attributes
                0x0000000000000b25       0x39 /Applications/Simplicity Studio.app/Contents/Eclipse/developer/sdks/gecko_sdk_suite/v1.1//protocol/bluetooth_2.4/lib/EFR32BG1B/GCC/bgapi.a(att_client.c.obj)
 .ARM.attributes
                0x0000000000000b5e       0x22 /Applications/Simplicity Studio.app/Contents/Eclipse/developer/toolchains/gnu_arm/4.9_2015q3/bin/../lib/gcc/arm-none-eabi/4.9.3/armv7e-m/fpu/libgcc.a(_arm_addsubdf3.o)
 .ARM.attributes
                0x0000000000000b80       0x22 /Applications/Simplicity Studio.app/Contents/Eclipse/developer/toolchains/gnu_arm/4.9_2015q3/bin/../lib/gcc/arm-none-eabi/4.9.3/armv7e-m/fpu/libgcc.a(_arm_muldivdf3.o)
 .ARM.attributes
                0x0000000000000ba2       0x22 /Applications/Simplicity Studio.app/Contents/Eclipse/developer/toolchains/gnu_arm/4.9_2015q3/bin/../lib/gcc/arm-none-eabi/4.9.3/armv7e-m/fpu/libgcc.a(_arm_fixunsdfsi.o)
 .ARM.attributes
                0x0000000000000bc4       0x22 /Applications/Simplicity Studio.app/Contents/Eclipse/developer/toolchains/gnu_arm/4.9_2015q3/bin/../lib/gcc/arm-none-eabi/4.9.3/armv7e-m/fpu/libgcc.a(_arm_truncdfsf2.o)
 .ARM.attributes
                0x0000000000000be6       0x34 /Applications/Simplicity Studio.app/Contents/Eclipse/developer/toolchains/gnu_arm/4.9_2015q3/bin/../lib/gcc/arm-none-eabi/4.9.3/../../../../arm-none-eabi/lib/armv7e-m/fpu/libc.a(lib_a-exit.o)
 .ARM.attributes
                0x0000000000000c1a       0x34 /Applications/Simplicity Studio.app/Contents/Eclipse/developer/toolchains/gnu_arm/4.9_2015q3/bin/../lib/gcc/arm-none-eabi/4.9.3/../../../../arm-none-eabi/lib/armv7e-m/fpu/libc.a(lib_a-impure.o)
 .ARM.attributes
                0x0000000000000c4e       0x34 /Applications/Simplicity Studio.app/Contents/Eclipse/developer/toolchains/gnu_arm/4.9_2015q3/bin/../lib/gcc/arm-none-eabi/4.9.3/../../../../arm-none-eabi/lib/armv7e-m/fpu/libc.a(lib_a-init.o)
 .ARM.attributes
                0x0000000000000c82       0x34 /Applications/Simplicity Studio.app/Contents/Eclipse/developer/toolchains/gnu_arm/4.9_2015q3/bin/../lib/gcc/arm-none-eabi/4.9.3/../../../../arm-none-eabi/lib/armv7e-m/fpu/libc.a(lib_a-memcmp.o)
 .ARM.attributes
                0x0000000000000cb6       0x20 /Applications/Simplicity Studio.app/Contents/Eclipse/developer/toolchains/gnu_arm/4.9_2015q3/bin/../lib/gcc/arm-none-eabi/4.9.3/../../../../arm-none-eabi/lib/armv7e-m/fpu/libc.a(lib_a-memcpy.o)
 .ARM.attributes
                0x0000000000000cd6       0x34 /Applications/Simplicity Studio.app/Contents/Eclipse/developer/toolchains/gnu_arm/4.9_2015q3/bin/../lib/gcc/arm-none-eabi/4.9.3/../../../../arm-none-eabi/lib/armv7e-m/fpu/libc.a(lib_a-memset.o)
 .ARM.attributes
                0x0000000000000d0a       0x34 /Applications/Simplicity Studio.app/Contents/Eclipse/developer/toolchains/gnu_arm/4.9_2015q3/bin/../lib/gcc/arm-none-eabi/4.9.3/../../../../arm-none-eabi/lib/armv7e-m/fpu/libc.a(lib_a-__call_atexit.o)
 .ARM.attributes
                0x0000000000000d3e       0x34 /Applications/Simplicity Studio.app/Contents/Eclipse/developer/toolchains/gnu_arm/4.9_2015q3/bin/../lib/gcc/arm-none-eabi/4.9.3/../../../../arm-none-eabi/lib/armv7e-m/fpu/libc.a(lib_a-atexit.o)
 .ARM.attributes
                0x0000000000000d72       0x34 /Applications/Simplicity Studio.app/Contents/Eclipse/developer/toolchains/gnu_arm/4.9_2015q3/bin/../lib/gcc/arm-none-eabi/4.9.3/../../../../arm-none-eabi/lib/armv7e-m/fpu/libc.a(lib_a-fini.o)
 .ARM.attributes
                0x0000000000000da6       0x34 /Applications/Simplicity Studio.app/Contents/Eclipse/developer/toolchains/gnu_arm/4.9_2015q3/bin/../lib/gcc/arm-none-eabi/4.9.3/../../../../arm-none-eabi/lib/armv7e-m/fpu/libc.a(lib_a-__atexit.o)
 .ARM.attributes
                0x0000000000000dda       0x34 /Applications/Simplicity Studio.app/Contents/Eclipse/developer/toolchains/gnu_arm/4.9_2015q3/bin/../lib/gcc/arm-none-eabi/4.9.3/../../../../arm-none-eabi/lib/armv7e-m/fpu/libnosys.a(_exit.o)
 .ARM.attributes
                0x0000000000000e0e       0x34 /Applications/Simplicity Studio.app/Contents/Eclipse/developer/toolchains/gnu_arm/4.9_2015q3/bin/../lib/gcc/arm-none-eabi/4.9.3/armv7e-m/fpu/crtend.o
 .ARM.attributes
                0x0000000000000e42       0x22 /Applications/Simplicity Studio.app/Contents/Eclipse/developer/toolchains/gnu_arm/4.9_2015q3/bin/../lib/gcc/arm-none-eabi/4.9.3/armv7e-m/fpu/crtn.o

.comment        0x0000000000000000       0xde
 .comment       0x0000000000000000       0x70 ./application_properties.o
                                         0x71 (size before relaxing)
 .comment       0x0000000000000000       0x71 ./gatt_db.o
 .comment       0x0000000000000000       0x71 ./main.o
 .comment       0x0000000000000000       0x71 ./bgapi/dmadrv.o
 .comment       0x0000000000000000       0x71 ./bgapi/em_adc.o
 .comment       0x0000000000000000       0x71 ./device/EFR32_B_1_1_B/gcc/startup_efr32bg1b.o
 .comment       0x0000000000000000       0x71 ./emlib/em_cmu.o
 .comment       0x0000000000000000       0x71 ./emlib/em_gpio.o
 .comment       0x0000000000000000       0x71 ./emlib/em_i2c.o
 .comment       0x0000000000000000       0x71 ./emlib/em_letimer.o
 .comment       0x0000000000000000       0x71 ./emlib/em_rtcc.o
 .comment       0x0000000000000000       0x71 ./emlib/em_system.o
 .comment       0x0000000000000000       0x71 ./emlib/em_timer.o
 .comment       0x0000000000000000       0x71 ./emlib/em_usart.o
 .comment       0x0000000000000000       0x71 ./kit_flashpwr/BRD4302A/mx25flash_spi.o
 .comment       0x0000000000000000       0x71 ./src/InitDevice.o
 .comment       0x0000000000000000       0x71 ./src/adc.o
 .comment       0x0000000000000000       0x71 ./src/cmu.o
 .comment       0x0000000000000000       0x71 ./src/gpio.o
 .comment       0x0000000000000000       0x71 ./src/i2c.o
 .comment       0x0000000000000000       0x71 ./src/letimer.o
 .comment       0x0000000000000000       0x71 ./src/sleep.o
 .comment       0x0000000000000000       0x71 ./src/timer.o
 .comment       0x0000000000000000       0x71 ./src/usart.o
 .comment       0x0000000000000070       0x6e /Applications/Simplicity Studio.app/Contents/Eclipse/developer/sdks/gecko_sdk_suite/v1.1//protocol/bluetooth_2.4/lib/EFR32BG1B/GCC/bgapi.a(gecko_bgapi_hardware.c.obj)
                                         0x6f (size before relaxing)
 .comment       0x0000000000000000       0x6f /Applications/Simplicity Studio.app/Contents/Eclipse/developer/sdks/gecko_sdk_suite/v1.1//protocol/bluetooth_2.4/lib/EFR32BG1B/GCC/bgapi.a(gecko_bgapi_test.c.obj)
 .comment       0x0000000000000000       0x6f /Applications/Simplicity Studio.app/Contents/Eclipse/developer/sdks/gecko_sdk_suite/v1.1//protocol/bluetooth_2.4/lib/EFR32BG1B/GCC/bgapi.a(gecko_bgapi_dfu.c.obj)
 .comment       0x0000000000000000       0x6f /Applications/Simplicity Studio.app/Contents/Eclipse/developer/sdks/gecko_sdk_suite/v1.1//protocol/bluetooth_2.4/lib/EFR32BG1B/GCC/bgapi.a(gecko_bgapi_gap.c.obj)
 .comment       0x0000000000000000       0x6f /Applications/Simplicity Studio.app/Contents/Eclipse/developer/sdks/gecko_sdk_suite/v1.1//protocol/bluetooth_2.4/lib/EFR32BG1B/GCC/bgapi.a(gecko_bgapi_gatt.c.obj)
 .comment       0x0000000000000000       0x6f /Applications/Simplicity Studio.app/Contents/Eclipse/developer/sdks/gecko_sdk_suite/v1.1//protocol/bluetooth_2.4/lib/EFR32BG1B/GCC/bgapi.a(gecko_bgapi_gatt_server.c.obj)
 .comment       0x0000000000000000       0x6f /Applications/Simplicity Studio.app/Contents/Eclipse/developer/sdks/gecko_sdk_suite/v1.1//protocol/bluetooth_2.4/lib/EFR32BG1B/GCC/bgapi.a(gecko_bgapi_flash.c.obj)
 .comment       0x0000000000000000       0x6f /Applications/Simplicity Studio.app/Contents/Eclipse/developer/sdks/gecko_sdk_suite/v1.1//protocol/bluetooth_2.4/lib/EFR32BG1B/GCC/bgapi.a(gecko_bgapi_sm.c.obj)
 .comment       0x0000000000000000       0x6f /Applications/Simplicity Studio.app/Contents/Eclipse/developer/sdks/gecko_sdk_suite/v1.1//protocol/bluetooth_2.4/lib/EFR32BG1B/GCC/bgapi.a(gecko_bgapi_system.c.obj)
 .comment       0x0000000000000000       0x6f /Applications/Simplicity Studio.app/Contents/Eclipse/developer/sdks/gecko_sdk_suite/v1.1//protocol/bluetooth_2.4/lib/EFR32BG1B/GCC/bgapi.a(gecko_bgapi_endpoint.c.obj)
 .comment       0x0000000000000000       0x6f /Applications/Simplicity Studio.app/Contents/Eclipse/developer/sdks/gecko_sdk_suite/v1.1//protocol/bluetooth_2.4/lib/EFR32BG1B/GCC/bgapi.a(gecko_bgapi_le_connection.c.obj)
 .comment       0x0000000000000000       0x6f /Applications/Simplicity Studio.app/Contents/Eclipse/developer/sdks/gecko_sdk_suite/v1.1//protocol/bluetooth_2.4/lib/EFR32BG1B/GCC/bgapi.a(bgapi_hardware.c.obj)
 .comment       0x0000000000000000       0x6f /Applications/Simplicity Studio.app/Contents/Eclipse/developer/sdks/gecko_sdk_suite/v1.1//protocol/bluetooth_2.4/lib/EFR32BG1B/GCC/bgapi.a(bgapi_test_lib.c.obj)
 .comment       0x0000000000000000       0x6f /Applications/Simplicity Studio.app/Contents/Eclipse/developer/sdks/gecko_sdk_suite/v1.1//protocol/bluetooth_2.4/lib/EFR32BG1B/GCC/bgapi.a(bgapi_dfu.c.obj)
 .comment       0x0000000000000000       0x6f /Applications/Simplicity Studio.app/Contents/Eclipse/developer/sdks/gecko_sdk_suite/v1.1//protocol/bluetooth_2.4/lib/EFR32BG1B/GCC/bgapi.a(bgapi_gap.c.obj)
 .comment       0x0000000000000000       0x6f /Applications/Simplicity Studio.app/Contents/Eclipse/developer/sdks/gecko_sdk_suite/v1.1//protocol/bluetooth_2.4/lib/EFR32BG1B/GCC/bgapi.a(bgapi_gatt_lib.c.obj)
 .comment       0x0000000000000000       0x6f /Applications/Simplicity Studio.app/Contents/Eclipse/developer/sdks/gecko_sdk_suite/v1.1//protocol/bluetooth_2.4/lib/EFR32BG1B/GCC/bgapi.a(bgapi_ps.c.obj)
 .comment       0x0000000000000000       0x6f /Applications/Simplicity Studio.app/Contents/Eclipse/developer/sdks/gecko_sdk_suite/v1.1//protocol/bluetooth_2.4/lib/EFR32BG1B/GCC/bgapi.a(bgapi_sm.c.obj)
 .comment       0x0000000000000000       0x6f /Applications/Simplicity Studio.app/Contents/Eclipse/developer/sdks/gecko_sdk_suite/v1.1//protocol/bluetooth_2.4/lib/EFR32BG1B/GCC/bgapi.a(bgapi_system.c.obj)
 .comment       0x0000000000000000       0x6f /Applications/Simplicity Studio.app/Contents/Eclipse/developer/sdks/gecko_sdk_suite/v1.1//protocol/bluetooth_2.4/lib/EFR32BG1B/GCC/bgapi.a(bgapi_endpoint.c.obj)
 .comment       0x0000000000000000       0x6f /Applications/Simplicity Studio.app/Contents/Eclipse/developer/sdks/gecko_sdk_suite/v1.1//protocol/bluetooth_2.4/lib/EFR32BG1B/GCC/bgapi.a(bgapi_le_connection.c.obj)
 .comment       0x0000000000000000       0x6f /Applications/Simplicity Studio.app/Contents/Eclipse/developer/sdks/gecko_sdk_suite/v1.1//protocol/bluetooth_2.4/lib/EFR32BG1B/GCC/bgapi.a(gatt_client.c.obj)
 .comment       0x0000000000000000       0x6f /Applications/Simplicity Studio.app/Contents/Eclipse/developer/sdks/gecko_sdk_suite/v1.1//protocol/bluetooth_2.4/lib/EFR32BG1B/GCC/bgapi.a(ubt_gatt_client.c.obj)
 .comment       0x0000000000000000       0x6f /Applications/Simplicity Studio.app/Contents/Eclipse/developer/sdks/gecko_sdk_suite/v1.1//protocol/bluetooth_2.4/lib/EFR32BG1B/GCC/bgapi.a(att_client.c.obj)

.debug_info     0x0000000000000000    0x15163
 .debug_info    0x0000000000000000      0x168 ./application_properties.o
 .debug_info    0x0000000000000168      0x58e ./gatt_db.o
 .debug_info    0x00000000000006f6     0x4144 ./main.o
 .debug_info    0x000000000000483a     0x13f4 ./bgapi/dmadrv.o
 .debug_info    0x0000000000005c2e     0x1a66 ./bgapi/em_adc.o
 .debug_info    0x0000000000007694      0x1b4 ./device/EFR32_B_1_1_B/gcc/startup_efr32bg1b.o
 .debug_info    0x0000000000007848     0x1b9c ./emlib/em_cmu.o
 .debug_info    0x00000000000093e4      0xa05 ./emlib/em_gpio.o
 .debug_info    0x0000000000009de9      0x8d7 ./emlib/em_i2c.o
 .debug_info    0x000000000000a6c0      0x507 ./emlib/em_letimer.o
 .debug_info    0x000000000000abc7      0x6b8 ./emlib/em_rtcc.o
 .debug_info    0x000000000000b27f      0x276 ./emlib/em_system.o
 .debug_info    0x000000000000b4f5      0x94f ./emlib/em_timer.o
 .debug_info    0x000000000000be44      0xf55 ./emlib/em_usart.o
 .debug_info    0x000000000000cd99     0x15b7 ./kit_flashpwr/BRD4302A/mx25flash_spi.o
 .debug_info    0x000000000000e350     0x185d ./src/InitDevice.o
 .debug_info    0x000000000000fbad     0x1630 ./src/adc.o
 .debug_info    0x00000000000111dd      0x7e6 ./src/cmu.o
 .debug_info    0x00000000000119c3      0x645 ./src/gpio.o
 .debug_info    0x0000000000012008      0x799 ./src/i2c.o
 .debug_info    0x00000000000127a1      0xb3d ./src/letimer.o
 .debug_info    0x00000000000132de      0x380 ./src/sleep.o
 .debug_info    0x000000000001365e      0xc5a ./src/timer.o
 .debug_info    0x00000000000142b8      0xeab ./src/usart.o

.debug_abbrev   0x0000000000000000     0x2944
 .debug_abbrev  0x0000000000000000       0x97 ./application_properties.o
 .debug_abbrev  0x0000000000000097       0xbd ./gatt_db.o
 .debug_abbrev  0x0000000000000154      0x203 ./main.o
 .debug_abbrev  0x0000000000000357      0x25f ./bgapi/dmadrv.o
 .debug_abbrev  0x00000000000005b6      0x223 ./bgapi/em_adc.o
 .debug_abbrev  0x00000000000007d9       0xdb ./device/EFR32_B_1_1_B/gcc/startup_efr32bg1b.o
 .debug_abbrev  0x00000000000008b4      0x2de ./emlib/em_cmu.o
 .debug_abbrev  0x0000000000000b92      0x1da ./emlib/em_gpio.o
 .debug_abbrev  0x0000000000000d6c      0x259 ./emlib/em_i2c.o
 .debug_abbrev  0x0000000000000fc5      0x189 ./emlib/em_letimer.o
 .debug_abbrev  0x000000000000114e      0x177 ./emlib/em_rtcc.o
 .debug_abbrev  0x00000000000012c5      0x109 ./emlib/em_system.o
 .debug_abbrev  0x00000000000013ce      0x174 ./emlib/em_timer.o
 .debug_abbrev  0x0000000000001542      0x1d9 ./emlib/em_usart.o
 .debug_abbrev  0x000000000000171b      0x29a ./kit_flashpwr/BRD4302A/mx25flash_spi.o
 .debug_abbrev  0x00000000000019b5      0x1dd ./src/InitDevice.o
 .debug_abbrev  0x0000000000001b92      0x1c9 ./src/adc.o
 .debug_abbrev  0x0000000000001d5b       0xfb ./src/cmu.o
 .debug_abbrev  0x0000000000001e56      0x179 ./src/gpio.o
 .debug_abbrev  0x0000000000001fcf      0x20a ./src/i2c.o
 .debug_abbrev  0x00000000000021d9      0x1cb ./src/letimer.o
 .debug_abbrev  0x00000000000023a4      0x151 ./src/sleep.o
 .debug_abbrev  0x00000000000024f5      0x1d4 ./src/timer.o
 .debug_abbrev  0x00000000000026c9      0x27b ./src/usart.o

.debug_aranges  0x0000000000000000      0xb70
 .debug_aranges
                0x0000000000000000       0x18 ./application_properties.o
 .debug_aranges
                0x0000000000000018       0x18 ./gatt_db.o
 .debug_aranges
                0x0000000000000030       0x28 ./main.o
 .debug_aranges
                0x0000000000000058       0xa0 ./bgapi/dmadrv.o
 .debug_aranges
                0x00000000000000f8       0x98 ./bgapi/em_adc.o
 .debug_aranges
                0x0000000000000190       0x28 ./device/EFR32_B_1_1_B/gcc/startup_efr32bg1b.o
 .debug_aranges
                0x00000000000001b8      0x1a8 ./emlib/em_cmu.o
 .debug_aranges
                0x0000000000000360       0x88 ./emlib/em_gpio.o
 .debug_aranges
                0x00000000000003e8       0x70 ./emlib/em_i2c.o
 .debug_aranges
                0x0000000000000458       0x50 ./emlib/em_letimer.o
 .debug_aranges
                0x00000000000004a8       0x50 ./emlib/em_rtcc.o
 .debug_aranges
                0x00000000000004f8       0x28 ./emlib/em_system.o
 .debug_aranges
                0x0000000000000520       0x58 ./emlib/em_timer.o
 .debug_aranges
                0x0000000000000578       0xb8 ./emlib/em_usart.o
 .debug_aranges
                0x0000000000000630      0x1c0 ./kit_flashpwr/BRD4302A/mx25flash_spi.o
 .debug_aranges
                0x00000000000007f0       0xe8 ./src/InitDevice.o
 .debug_aranges
                0x00000000000008d8       0x50 ./src/adc.o
 .debug_aranges
                0x0000000000000928       0x20 ./src/cmu.o
 .debug_aranges
                0x0000000000000948       0x60 ./src/gpio.o
 .debug_aranges
                0x00000000000009a8       0x68 ./src/i2c.o
 .debug_aranges
                0x0000000000000a10       0x40 ./src/letimer.o
 .debug_aranges
                0x0000000000000a50       0x38 ./src/sleep.o
 .debug_aranges
                0x0000000000000a88       0x68 ./src/timer.o
 .debug_aranges