Archive member included because of file (symbol)

/Applications/Simplicity Studio.app/Contents/Eclipse/developer/sdks/gecko_sdk_suite/v1.1//protocol/bluetooth_2.4/lib/EFR32BG1B/GCC/bgapi.a(gecko_bgapi_hardware.c.obj)
                              ./main.o (gecko_bgapi_class_hardware_init)
/Applications/Simplicity Studio.app/Contents/Eclipse/developer/sdks/gecko_sdk_suite/v1.1//protocol/bluetooth_2.4/lib/EFR32BG1B/GCC/bgapi.a(gecko_bgapi_test.c.obj)
                              ./main.o (gecko_bgapi_class_test_init)
/Applications/Simplicity Studio.app/Contents/Eclipse/developer/sdks/gecko_sdk_suite/v1.1//protocol/bluetooth_2.4/lib/EFR32BG1B/GCC/bgapi.a(gecko_bgapi_dfu.c.obj)
                              ./main.o (gecko_bgapi_class_dfu_init)
/Applications/Simplicity Studio.app/Contents/Eclipse/developer/sdks/gecko_sdk_suite/v1.1//protocol/bluetooth_2.4/lib/EFR32BG1B/GCC/bgapi.a(gecko_bgapi_gap.c.obj)
                              ./main.o (gecko_bgapi_class_le_gap_init)
/Applications/Simplicity Studio.app/Contents/Eclipse/developer/sdks/gecko_sdk_suite/v1.1//protocol/bluetooth_2.4/lib/EFR32BG1B/GCC/bgapi.a(gecko_bgapi_gatt.c.obj)
                              ./main.o (gecko_bgapi_class_gatt_init)
/Applications/Simplicity Studio.app/Contents/Eclipse/developer/sdks/gecko_sdk_suite/v1.1//protocol/bluetooth_2.4/lib/EFR32BG1B/GCC/bgapi.a(gecko_bgapi_gatt_server.c.obj)
                              ./main.o (gecko_bgapi_class_gatt_server_init)
/Applications/Simplicity Studio.app/Contents/Eclipse/developer/sdks/gecko_sdk_suite/v1.1//protocol/bluetooth_2.4/lib/EFR32BG1B/GCC/bgapi.a(gecko_bgapi_flash.c.obj)
                              ./main.o (gecko_bgapi_class_flash_init)
/Applications/Simplicity Studio.app/Contents/Eclipse/developer/sdks/gecko_sdk_suite/v1.1//protocol/bluetooth_2.4/lib/EFR32BG1B/GCC/bgapi.a(gecko_bgapi_sm.c.obj)
                              ./main.o (gecko_bgapi_class_sm_init)
/Applications/Simplicity Studio.app/Contents/Eclipse/developer/sdks/gecko_sdk_suite/v1.1//protocol/bluetooth_2.4/lib/EFR32BG1B/GCC/bgapi.a(gecko_bgapi_system.c.obj)
                              ./main.o (gecko_bgapi_class_system_init)
/Applications/Simplicity Studio.app/Contents/Eclipse/developer/sdks/gecko_sdk_suite/v1.1//protocol/bluetooth_2.4/lib/EFR32BG1B/GCC/bgapi.a(gecko_bgapi_endpoint.c.obj)
                              ./main.o (gecko_bgapi_class_endpoint_init)
/Applications/Simplicity Studio.app/Contents/Eclipse/developer/sdks/gecko_sdk_suite/v1.1//protocol/bluetooth_2.4/lib/EFR32BG1B/GCC/bgapi.a(gecko_bgapi_le_connection.c.obj)
                              ./main.o (gecko_bgapi_class_le_connection_init)
/Applications/Simplicity Studio.app/Contents/Eclipse/developer/sdks/gecko_sdk_suite/v1.1//protocol/bluetooth_2.4/lib/EFR32BG1B/GCC/bgapi.a(bgapi_hardware.c.obj)
                              /Applications/Simplicity Studio.app/Contents/Eclipse/developer/sdks/gecko_sdk_suite/v1.1//protocol/bluetooth_2.4/lib/EFR32BG1B/GCC/bgapi.a(gecko_bgapi_hardware.c.obj) (lib_hardware_handler_init)
/Applications/Simplicity Studio.app/Contents/Eclipse/developer/sdks/gecko_sdk_suite/v1.1//protocol/bluetooth_2.4/lib/EFR32BG1B/GCC/bgapi.a(bgapi_test_lib.c.obj)
                              /Applications/Simplicity Studio.app/Contents/Eclipse/developer/sdks/gecko_sdk_suite/v1.1//protocol/bluetooth_2.4/lib/EFR32BG1B/GCC/bgapi.a(gecko_bgapi_test.c.obj) (lib_test_handler_init)
/Applications/Simplicity Studio.app/Contents/Eclipse/developer/sdks/gecko_sdk_suite/v1.1//protocol/bluetooth_2.4/lib/EFR32BG1B/GCC/bgapi.a(bgapi_dfu.c.obj)
                              /Applications/Simplicity Studio.app/Contents/Eclipse/developer/sdks/gecko_sdk_suite/v1.1//protocol/bluetooth_2.4/lib/EFR32BG1B/GCC/bgapi.a(gecko_bgapi_dfu.c.obj) (lib_dfu_handler_init)
/Applications/Simplicity Studio.app/Contents/Eclipse/developer/sdks/gecko_sdk_suite/v1.1//protocol/bluetooth_2.4/lib/EFR32BG1B/GCC/bgapi.a(bgapi_gap.c.obj)
                              /Applications/Simplicity Studio.app/Contents/Eclipse/developer/sdks/gecko_sdk_suite/v1.1//protocol/bluetooth_2.4/lib/EFR32BG1B/GCC/bgapi.a(gecko_bgapi_gap.c.obj) (lib_le_gap_handler_init)
/Applications/Simplicity Studio.app/Contents/Eclipse/developer/sdks/gecko_sdk_suite/v1.1//protocol/bluetooth_2.4/lib/EFR32BG1B/GCC/bgapi.a(bgapi_gatt_lib.c.obj)
                              /Applications/Simplicity Studio.app/Contents/Eclipse/developer/sdks/gecko_sdk_suite/v1.1//protocol/bluetooth_2.4/lib/EFR32BG1B/GCC/bgapi.a(gecko_bgapi_gatt.c.obj) (lib_gatt_handler_init)
/Applications/Simplicity Studio.app/Contents/Eclipse/developer/sdks/gecko_sdk_suite/v1.1//protocol/bluetooth_2.4/lib/EFR32BG1B/GCC/bgapi.a(bgapi_ps.c.obj)
                              /Applications/Simplicity Studio.app/Contents/Eclipse/developer/sdks/gecko_sdk_suite/v1.1//protocol/bluetooth_2.4/lib/EFR32BG1B/GCC/bgapi.a(gecko_bgapi_flash.c.obj) (lib_flash_handler_init)
[...]
Memory Configuration

Name             Origin             Length             Attributes
FLASH_BOOTLOADER 0x0000000000000000 0x0000000000004000 xr
FLASH            0x0000000000004000 0x000000000003b000 xr
RAM              0x0000000020003000 0x0000000000004bfc xrw
*default*        0x0000000000000000 0xffffffffffffffff

Linker script and memory map

LOAD /Applications/Simplicity Studio.app/Contents/Eclipse/developer/toolchains/gnu_arm/4.9_2015q3/bin/../lib/gcc/arm-none-eabi/4.9.3/armv7e-m/fpu/crti.o
LOAD /Applications/Simplicity Studio.app/Contents/Eclipse/developer/toolchains/gnu_arm/4.9_2015q3/bin/../lib/gcc/arm-none-eabi/4.9.3/armv7e-m/fpu/crtbegin.o
LOAD /Applications/Simplicity Studio.app/Contents/Eclipse/developer/toolchains/gnu_arm/4.9_2015q3/bin/../lib/gcc/arm-none-eabi/4.9.3/../../../../arm-none-eabi/lib/armv7e-m/fpu/crt0.o
LOAD ./application_properties.o
LOAD ./gatt_db.o
LOAD ./main.o
LOAD ./bgapi/dmadrv.o
LOAD ./bgapi/em_adc.o
LOAD ./bgapi/em_ldma.o
LOAD ./bgapi/em_leuart.o
LOAD ./device/EFR32_B_1_1_B/gcc/startup_efr32bg1b.o
LOAD ./emlib/em_cmu.o
LOAD ./emlib/em_gpio.o
LOAD ./emlib/em_letimer.o
LOAD ./emlib/em_msc.o
LOAD ./emlib/em_rtcc.o
LOAD ./emlib/em_system.o
LOAD ./emlib/em_usart.o
LOAD ./kit_flashpwr/BRD4302A/mx25flash_spi.o
LOAD ./src/InitDevice.o
LOAD ./src/adc.o
LOAD ./src/cmu.o
LOAD ./src/gpio.o
LOAD ./src/letimer.o
LOAD ./src/sleep.o
LOAD /Applications/Simplicity Studio.app/Contents/Eclipse/developer/sdks/gecko_sdk_suite/v1.1//protocol/bluetooth_2.4/lib/EFR32BG1B/EABI/stack.a
LOAD /Applications/Simplicity Studio.app/Contents/Eclipse/developer/sdks/gecko_sdk_suite/v1.1//protocol/bluetooth_2.4/lib/EFR32BG1B/EABI/binstack.o
LOAD /Applications/Simplicity Studio.app/Contents/Eclipse/developer/sdks/gecko_sdk_suite/v1.1//protocol/bluetooth_2.4/lib/EFR32BG1B/EABI/binbootloader.o
LOAD /Applications/Simplicity Studio.app/Contents/Eclipse/developer/sdks/gecko_sdk_suite/v1.1//protocol/bluetooth_2.4/lib/EFR32BG1B/GCC/bgapi.a
LOAD /Applications/Simplicity Studio.app/Contents/Eclipse/developer/toolchains/gnu_arm/4.9_2015q3/bin/../lib/gcc/arm-none-eabi/4.9.3/../../../../arm-none-eabi/lib/armv7e-m/fpu/libm.a
START GROUP
LOAD /Applications/Simplicity Studio.app/Contents/Eclipse/developer/toolchains/gnu_arm/4.9_2015q3/bin/../lib/gcc/arm-none-eabi/4.9.3/armv7e-m/fpu/libgcc.a
LOAD /Applications/Simplicity Studio.app/Contents/Eclipse/developer/toolchains/gnu_arm/4.9_2015q3/bin/../lib/gcc/arm-none-eabi/4.9.3/../../../../arm-none-eabi/lib/armv7e-m/fpu/libc.a
LOAD /Applications/Simplicity Studio.app/Contents/Eclipse/developer/toolchains/gnu_arm/4.9_2015q3/bin/../lib/gcc/arm-none-eabi/4.9.3/../../../../arm-none-eabi/lib/armv7e-m/fpu/libnosys.a
END GROUP
START GROUP
LOAD /Applications/Simplicity Studio.app/Contents/Eclipse/developer/toolchains/gnu_arm/4.9_2015q3/bin/../lib/gcc/arm-none-eabi/4.9.3/armv7e-m/fpu/libgcc.a
LOAD /Applications/Simplicity Studio.app/Contents/Eclipse/developer/toolchains/gnu_arm/4.9_2015q3/bin/../lib/gcc/arm-none-eabi/4.9.3/../../../../arm-none-eabi/lib/armv7e-m/fpu/libg.a
LOAD /Applications/Simplicity Studio.app/Contents/Eclipse/developer/toolchains/gnu_arm/4.9_2015q3/bin/../lib/gcc/arm-none-eabi/4.9.3/../../../../arm-none-eabi/lib/armv7e-m/fpu/libc.a
END GROUP
LOAD /Applications/Simplicity Studio.app/Contents/Eclipse/developer/toolchains/gnu_arm/4.9_2015q3/bin/../lib/gcc/arm-none-eabi/4.9.3/armv7e-m/fpu/crtend.o
LOAD /Applications/Simplicity Studio.app/Contents/Eclipse/developer/toolchains/gnu_arm/4.9_2015q3/bin/../lib/gcc/arm-none-eabi/4.9.3/armv7e-m/fpu/crtn.o

.text_bootloader
                0x0000000000000000     0x4000
 *(.binbootloader*)
 .binbootloader
                0x0000000000000000      0x31c /Applications/Simplicity Studio.app/Contents/Eclipse/developer/sdks/gecko_sdk_suite/v1.1//protocol/bluetooth_2.4/lib/EFR32BG1B/EABI/binbootloader.o
                0x0000000000004000                . = ALIGN (0x4000)
 *fill*         0x000000000000031c     0x3ce4 

.text_stack_bin
                0x0000000000004000    0x1cee3
 *(.binstack*)
 .binstack      0x0000000000004000    0x1cee3 /Applications/Simplicity Studio.app/Contents/Eclipse/developer/sdks/gecko_sdk_suite/v1.1//protocol/bluetooth_2.4/lib/EFR32BG1B/EABI/binstack.o

.text_signature
                0x0000000000020ee3      0x11d
                0x0000000000020f23                . = (. + 0x40)
 *fill*         0x0000000000020ee3       0x40 
                0x0000000000021000                . = ALIGN (0x800)
 *fill*         0x0000000000020f23       0xdd 
                0x0000000000021000                __text_start__ = .

.text_app       0x0000000000021000     0x7618
 *(.AAT)
 .AAT           0x0000000000021000       0x80 ./main.o
                0x0000000000021000                AppAddressTable
 *(.vectors)
 .vectors       0x0000000000021080       0xc8 ./device/EFR32_B_1_1_B/gcc/startup_efr32bg1b.o
                0x0000000000021080                __Vectors
                0x0000000000021148                __Vectors_End = .
                0x00000000000000c8                __Vectors_Size = (__Vectors_End - __Vectors)
                0x0000000000021148                __end__ = .
 *(.gecko_configuration)
 *(.xo_configuration)
 *(.gatt_header)
 .gatt_header   0x0000000000021148       0x34 ./gatt_db.o
                0x0000000000021148                bg_gattdb_data
 *(.gatt_data)
 .gatt_data     0x000000000002117c      0x1d5 ./gatt_db.o
                0x000000000002117c                bg_gattdb_data_uuidtable_16_map
                0x0000000000021198                bg_gattdb_data_uuidtable_128_map
                0x00000000000211b8                bg_gattdb_data_attribute_field_18
                0x00000000000211c0                bg_gattdb_data_attribute_field_17
                0x00000000000211d8                bg_gattdb_data_attribute_field_16
                0x00000000000211ec                bg_gattdb_data_attribute_field_15
                0x00000000000211f4                bg_gattdb_data_attribute_field_14
                0x00000000000211fc                bg_gattdb_data_attribute_field_13
                0x0000000000021208                bg_gattdb_data_attribute_field_12
                0x0000000000021210                bg_gattdb_data_attribute_field_11
                0x0000000000021220                bg_gattdb_data_attribute_field_10
                0x0000000000021228                bg_gattdb_data_attribute_field_9
                0x000000000002122c                bg_gattdb_data_attribute_field_8
                0x0000000000021230                bg_gattdb_data_attribute_field_7
                0x0000000000021238                bg_gattdb_data_attribute_field_6
                0x0000000000021240                bg_gattdb_data_attribute_field_5
                0x0000000000021248                bg_gattdb_data_attribute_field_4
                0x000000000002124c                bg_gattdb_data_attribute_field_2
                0x0000000000021254                bg_gattdb_data_attribute_field_1
                0x000000000002125c                bg_gattdb_data_attribute_field_0
                0x0000000000021260                bg_gattdb_data_attributes_map
                0x0000000000021344                bg_gattdb_data_attributes_dynamic_mapping_map
                0x000000000002134c                bg_gattdb_data_adv_uuid16_map
                0x0000000000021350                bg_gattdb_data_adv_uuid128_map
 *(.application_properties)
 *fill*         0x0000000000021351        0x3 
 .application_properties
                0x0000000000021354       0x38 ./application_properties.o
                0x0000000000021354                applicationProperties
 *(.text*)
 .text          0x000000000002138c       0x5c /Applications/Simplicity Studio.app/Contents/Eclipse/developer/toolchains/gnu_arm/4.9_2015q3/bin/../lib/gcc/arm-none-eabi/4.9.3/armv7e-m/fpu/crtbegin.o
 .text          0x00000000000213e8       0x74 /Applications/Simplicity Studio.app/Contents/Eclipse/developer/toolchains/gnu_arm/4.9_2015q3/bin/../lib/gcc/arm-none-eabi/4.9.3/../../../../arm-none-eabi/lib/armv7e-m/fpu/crt0.o
                0x00000000000213e8                _mainCRTStartup
                0x00000000000213e8                _start
 .text.gecko_init
                0x000000000002145c       0x40 ./main.o
 .text.main     0x000000000002149c       0x40 ./main.o
                0x000000000002149c                main
 .text.LDMA_IRQHandler
                0x00000000000214dc       0xe0 ./bgapi/dmadrv.o
                0x00000000000214dc                LDMA_IRQHandler
 .text.ADC_IntClear
                0x00000000000215bc       0x1c ./bgapi/em_adc.o
 .text.BUS_RegBitWrite
                0x00000000000215d8       0x2c ./bgapi/em_adc.o
 .text.BUS_RegMaskedSet
                0x0000000000021604       0x24 ./bgapi/em_adc.o
 .text.BUS_RegMaskedClear
                0x0000000000021628       0x24 ./bgapi/em_adc.o
 .text.BUS_RegMaskedWrite
                0x000000000002164c       0x24 ./bgapi/em_adc.o
 .text.ADC_LoadDevinfoCal
                0x0000000000021670      0x1b8 ./bgapi/em_adc.o
 .text.ADC_Init
                0x0000000000021828       0x90 ./bgapi/em_adc.o
                0x0000000000021828                ADC_Init
 .text.ADC_InitSingle
                0x00000000000218b8      0x150 ./bgapi/em_adc.o
                0x00000000000218b8                ADC_InitSingle
 .text.ADC_PrescaleCalc
                0x0000000000021a08       0x64 ./bgapi/em_adc.o
                0x0000000000021a08                ADC_PrescaleCalc
 .text.ADC_TimebaseCalc
                0x0000000000021a6c       0x50 ./bgapi/em_adc.o
                0x0000000000021a6c                ADC_TimebaseCalc
 .text.Reset_Handler
                0x0000000000021abc       0x38 ./device/EFR32_B_1_1_B/gcc/startup_efr32bg1b.o
                0x0000000000021abc                Reset_Handler
 .text.Default_Handler
                0x0000000000021af4        0x8 ./device/EFR32_B_1_1_B/gcc/startup_efr32bg1b.o
                0x0000000000021af4                IDAC0_IRQHandler
                0x0000000000021af4                USART0_TX_IRQHandler
                0x0000000000021af4                I2C0_IRQHandler
                0x0000000000021af4                HardFault_Handler
                0x0000000000021af4                SysTick_Handler
                0x0000000000021af4                USART1_RX_IRQHandler
                0x0000000000021af4                PendSV_Handler
                0x0000000000021af4                NMI_Handler
                0x0000000000021af4                SYNTH_IRQHandler
                0x0000000000021af4                WDOG0_IRQHandler
                0x0000000000021af4                USART1_TX_IRQHandler
                0x0000000000021af4                MSC_IRQHandler
                0x0000000000021af4                UsageFault_Handler
                0x0000000000021af4                LEUART0_IRQHandler
                0x0000000000021af4                FPUEH_IRQHandler
                0x0000000000021af4                GPIO_EVEN_IRQHandler
                0x0000000000021af4                TIMER0_IRQHandler
                0x0000000000021af4                TIMER1_IRQHandler
                0x0000000000021af4                RFSENSE_IRQHandler
                0x0000000000021af4                BUFC_IRQHandler
                0x0000000000021af4                MODEM_IRQHandler
                0x0000000000021af4                Default_Handler
                0x0000000000021af4                RAC_SEQ_IRQHandler
                0x0000000000021af4                FRC_PRI_IRQHandler
                0x0000000000021af4                FRC_IRQHandler
                0x0000000000021af4                CRYOTIMER_IRQHandler
                0x0000000000021af4                PCNT0_IRQHandler
                0x0000000000021af4                AGC_IRQHandler
                0x0000000000021af4                ACMP0_IRQHandler
                0x0000000000021af4                USART0_RX_IRQHandler
                0x0000000000021af4                MemManage_Handler
                0x0000000000021af4                SVC_Handler
                0x0000000000021af4                RTCC_IRQHandler
                0x0000000000021af4                CRYPTO_IRQHandler
                0x0000000000021af4                CMU_IRQHandler
                0x0000000000021af4                RAC_RSM_IRQHandler
                0x0000000000021af4                GPIO_ODD_IRQHandler
                0x0000000000021af4                PROTIMER_IRQHandler
                0x0000000000021af4                BusFault_Handler
                0x0000000000021af4                DebugMon_Handler
 .text.BUS_RegBitWrite
                0x0000000000021afc       0x2c ./emlib/em_cmu.o
 .text.BUS_RegBitRead
                0x0000000000021b28       0x2c ./emlib/em_cmu.o
 .text.BUS_RegMaskedSet
                0x0000000000021b54       0x24 ./emlib/em_cmu.o
 .text.BUS_RegMaskedClear
                0x0000000000021b78       0x24 ./emlib/em_cmu.o
 .text.BUS_RegMaskedWrite
                0x0000000000021b9c       0x24 ./emlib/em_cmu.o
 .text.CMU_Log2ToDiv
                0x0000000000021bc0       0x1c ./emlib/em_cmu.o
 .text.setHfLeConfig
                0x0000000000021bdc       0x64 ./emlib/em_cmu.o
 .text.auxClkGet
                0x0000000000021c40       0x20 ./emlib/em_cmu.o
 .text.hfSrcClkGet
                0x0000000000021c60       0x2c ./emlib/em_cmu.o
 .text.dbgClkGet
                0x0000000000021c8c       0x3c ./emlib/em_cmu.o
 .text.adcAsyncClkGet
                0x0000000000021cc8       0x80 ./emlib/em_cmu.o
 .text.flashWaitStateControl
                0x0000000000021d48       0x7c ./emlib/em_cmu.o
 .text.flashWaitStateMax
                0x0000000000021dc4       0x14 ./emlib/em_cmu.o
 .text.CMU_UpdateWaitStates
                0x0000000000021dd8       0x18 ./emlib/em_cmu.o
                0x0000000000021dd8                CMU_UpdateWaitStates
 .text.getRegIshUpperVal
                0x0000000000021df0       0x38 ./emlib/em_cmu.o
 .text.getHfxoTuningMode
                0x0000000000021e28       0x1c ./emlib/em_cmu.o
 .text.setHfxoTuningMode
                0x0000000000021e44       0x28 ./emlib/em_cmu.o
 .text.lfClkGet
                0x0000000000021e6c       0xe8 ./emlib/em_cmu.o
 .text.syncReg  0x0000000000021f54       0x38 ./emlib/em_cmu.o
 .text.CMU_AUXHFRCODevinfoGet
                0x0000000000021f8c       0xdc ./emlib/em_cmu.o
 .text.CMU_AUXHFRCOBandGet
                0x0000000000022068       0x18 ./emlib/em_cmu.o
                0x0000000000022068                CMU_AUXHFRCOBandGet
 .text.CMU_AUXHFRCOBandSet
                0x0000000000022080       0x98 ./emlib/em_cmu.o
                0x0000000000022080                CMU_AUXHFRCOBandSet
 .text.CMU_ClockEnable
                0x0000000000022118       0xcc ./emlib/em_cmu.o
                0x0000000000022118                CMU_ClockEnable
 .text.CMU_ClockFreqGet
                0x00000000000221e4      0x198 ./emlib/em_cmu.o
                0x00000000000221e4                CMU_ClockFreqGet
 .text.CMU_ClockSelectGet
                0x000000000002237c      0x190 ./emlib/em_cmu.o
                0x000000000002237c                CMU_ClockSelectGet
 .text.CMU_ClockSelectSet
                0x000000000002250c      0x25c ./emlib/em_cmu.o
                0x000000000002250c                CMU_ClockSelectSet
 .text.CMU_HFRCODevinfoGet
                0x0000000000022768       0xdc ./emlib/em_cmu.o
 .text.CMU_HFRCOBandSet
                0x0000000000022844       0xec ./emlib/em_cmu.o
                0x0000000000022844                CMU_HFRCOBandSet
 .text.CMU_HFXOAutostartEnable
                0x0000000000022930       0x7c ./emlib/em_cmu.o
                0x0000000000022930                CMU_HFXOAutostartEnable
 .text.CMU_HFXOInit
                0x00000000000229ac       0xf4 ./emlib/em_cmu.o
                0x00000000000229ac                CMU_HFXOInit
 .text.CMU_LFXOInit
                0x0000000000022aa0       0x50 ./emlib/em_cmu.o
                0x0000000000022aa0                CMU_LFXOInit
 .text.CMU_OscillatorEnable
                0x0000000000022af0      0x174 ./emlib/em_cmu.o
                0x0000000000022af0                CMU_OscillatorEnable
 .text.CMU_OscillatorTuningGet
                0x0000000000022c64       0x74 ./emlib/em_cmu.o
                0x0000000000022c64                CMU_OscillatorTuningGet
 .text.CMU_OscillatorTuningSet
                0x0000000000022cd8       0xfc ./emlib/em_cmu.o
                0x0000000000022cd8                CMU_OscillatorTuningSet
 .text.CMU_OscillatorTuningWait
                0x0000000000022dd4       0x8c ./emlib/em_cmu.o
                0x0000000000022dd4                CMU_OscillatorTuningWait
 .text.CMU_OscillatorTuningOptimize
                0x0000000000022e60       0x4c ./emlib/em_cmu.o
                0x0000000000022e60                CMU_OscillatorTuningOptimize
 .text.BUS_RegMaskedSet
                0x0000000000022eac       0x24 ./emlib/em_gpio.o
 .text.BUS_RegMaskedClear
                0x0000000000022ed0       0x24 ./emlib/em_gpio.o
 .text.BUS_RegMaskedWrite
                0x0000000000022ef4       0x24 ./emlib/em_gpio.o
 .text.GPIO_PinOutClear
                0x0000000000022f18       0x58 ./emlib/em_gpio.o
 .text.GPIO_PinOutSet
                0x0000000000022f70       0x58 ./emlib/em_gpio.o
 .text.GPIO_DriveStrengthSet
                0x0000000000022fc8       0x60 ./emlib/em_gpio.o
                0x0000000000022fc8                GPIO_DriveStrengthSet
 .text.GPIO_PinModeSet
                0x0000000000023028      0x108 ./emlib/em_gpio.o
                0x0000000000023028                GPIO_PinModeSet
 .text.LETIMER_CompareSet
                0x0000000000023130       0x58 ./emlib/em_letimer.o
                0x0000000000023130                LETIMER_CompareSet
 .text.LETIMER_Enable
                0x0000000000023188       0x2c ./emlib/em_letimer.o
                0x0000000000023188                LETIMER_Enable
 .text.LETIMER_Init
                0x00000000000231b4       0xcc ./emlib/em_letimer.o
                0x00000000000231b4                LETIMER_Init
 .text.RTCC_Init
                0x0000000000023280       0x60 ./emlib/em_rtcc.o
                0x0000000000023280                RTCC_Init
 .text.SYSTEM_ChipRevisionGet
                0x00000000000232e0       0x74 ./emlib/em_system.o
                0x00000000000232e0                SYSTEM_ChipRevisionGet
 .text.USART_BaudrateSyncSet
                0x0000000000023354       0x40 ./emlib/em_usart.o
                0x0000000000023354                USART_BaudrateSyncSet
 .text.USART_InitSync
                0x0000000000023394       0xec ./emlib/em_usart.o
                0x0000000000023394                USART_InitSync
 .text.USART_Reset
                0x0000000000023480       0x94 ./emlib/em_usart.o
                0x0000000000023480                USART_Reset
 .text.USART_SpiTransfer
                0x0000000000023514       0x40 ./emlib/em_usart.o
                0x0000000000023514                USART_SpiTransfer
 .text.BUS_RegMaskedSet
                0x0000000000023554       0x24 ./kit_flashpwr/BRD4302A/mx25flash_spi.o
 .text.BUS_RegMaskedClear
                0x0000000000023578       0x24 ./kit_flashpwr/BRD4302A/mx25flash_spi.o
 .text.GPIO_PinOutClear
                0x000000000002359c       0x58 ./kit_flashpwr/BRD4302A/mx25flash_spi.o
 .text.GPIO_PinOutSet
                0x00000000000235f4       0x58 ./kit_flashpwr/BRD4302A/mx25flash_spi.o
 .text.MX25_init
                0x000000000002364c       0x98 ./kit_flashpwr/BRD4302A/mx25flash_spi.o
                0x000000000002364c                MX25_init
 .text.Wait_Flash_WarmUp
                0x00000000000236e4       0x24 ./kit_flashpwr/BRD4302A/mx25flash_spi.o
                0x00000000000236e4                Wait_Flash_WarmUp
 .text.Initial_Spi
                0x0000000000023708        0xc ./kit_flashpwr/BRD4302A/mx25flash_spi.o
                0x0000000000023708                Initial_Spi
 .text.CS_Low   0x0000000000023714       0x10 ./kit_flashpwr/BRD4302A/mx25flash_spi.o
                0x0000000000023714                CS_Low
 .text.CS_High  0x0000000000023724       0x10 ./kit_flashpwr/BRD4302A/mx25flash_spi.o
                0x0000000000023724                CS_High
 .text.SendByte
                0x0000000000023734       0x3c ./kit_flashpwr/BRD4302A/mx25flash_spi.o
                0x0000000000023734                SendByte
 .text.MX25_DP  0x0000000000023770       0x1c ./kit_flashpwr/BRD4302A/mx25flash_spi.o
                0x0000000000023770                MX25_DP
 .text.SYSTEM_GetProdRev
                0x000000000002378c       0x1c ./src/InitDevice.o
 .text.BUS_RegBitWrite
                0x00000000000237a8       0x2c ./src/InitDevice.o
 .text.CHIP_Init
                0x00000000000237d4       0xb4 ./src/InitDevice.o
 .text.enter_DefaultMode_from_RESET
                0x0000000000023888       0x2c ./src/InitDevice.o
                0x0000000000023888                enter_DefaultMode_from_RESET
 .text.EMU_enter_DefaultMode_from_RESET
                0x00000000000238b4       0x94 ./src/InitDevice.o
                0x00000000000238b4                EMU_enter_DefaultMode_from_RESET
 .text.LFXO_enter_DefaultMode_from_RESET
                0x0000000000023948        0xc ./src/InitDevice.o
                0x0000000000023948                LFXO_enter_DefaultMode_from_RESET
 .text.CMU_enter_DefaultMode_from_RESET
                0x0000000000023954      0x128 ./src/InitDevice.o
                0x0000000000023954                CMU_enter_DefaultMode_from_RESET
 .text.RTCC_enter_DefaultMode_from_RESET
                0x0000000000023a7c       0x4c ./src/InitDevice.o
                0x0000000000023a7c                RTCC_enter_DefaultMode_from_RESET
 .text.GPCRC_enter_DefaultMode_from_RESET
                0x0000000000023ac8        0xc ./src/InitDevice.o
                0x0000000000023ac8                GPCRC_enter_DefaultMode_from_RESET
 .text.LDMA_enter_DefaultMode_from_RESET
                0x0000000000023ad4        0xc ./src/InitDevice.o
                0x0000000000023ad4                LDMA_enter_DefaultMode_from_RESET
 .text.PRS_enter_DefaultMode_from_RESET
                0x0000000000023ae0       0x20 ./src/InitDevice.o
                0x0000000000023ae0                PRS_enter_DefaultMode_from_RESET
 .text.PORTIO_enter_DefaultMode_from_RESET
                0x0000000000023b00        0xc ./src/InitDevice.o
                0x0000000000023b00                PORTIO_enter_DefaultMode_from_RESET
 .text.NVIC_EnableIRQ
                0x0000000000023b0c       0x2c ./src/adc.o
 .text.NVIC_ClearPendingIRQ
                0x0000000000023b38       0x30 ./src/adc.o
 .text.ADC_IntClear
                0x0000000000023b68       0x1c ./src/adc.o
 .text.ADC_IntEnable
                0x0000000000023b84       0x20 ./src/adc.o
 .text.ADC_IntGet
                0x0000000000023ba4       0x18 ./src/adc.o
 .text.ADC0_setup
                0x0000000000023bbc      0x130 ./src/adc.o
                0x0000000000023bbc                ADC0_setup
 .text.ADC0_IRQHandler
                0x0000000000023cec       0x78 ./src/adc.o
                0x0000000000023cec                ADC0_IRQHandler
 *fill*         0x0000000000023d64        0x4 
 .text.led1_tally
                0x0000000000023d68      0x144 ./src/adc.o
                0x0000000000023d68                led1_tally
 .text.cmu_init
                0x0000000000023eac       0xc8 ./src/cmu.o
                0x0000000000023eac                cmu_init
 .text.BUS_RegMaskedSet
                0x0000000000023f74       0x24 ./src/gpio.o
 .text.BUS_RegMaskedClear
                0x0000000000023f98       0x24 ./src/gpio.o
 .text.GPIO_PinOutClear
                0x0000000000023fbc       0x58 ./src/gpio.o
 .text.GPIO_PinOutSet
                0x0000000000024014       0x58 ./src/gpio.o
 .text.gpio_init
                0x000000000002406c       0x4c ./src/gpio.o
                0x000000000002406c                gpio_init
 .text.led0_on  0x00000000000240b8       0x10 ./src/gpio.o
                0x00000000000240b8                led0_on
 .text.led0_off
                0x00000000000240c8       0x10 ./src/gpio.o
                0x00000000000240c8                led0_off
 .text.led1_on  0x00000000000240d8       0x10 ./src/gpio.o
                0x00000000000240d8                led1_on
 .text.led1_off
                0x00000000000240e8       0x10 ./src/gpio.o
                0x00000000000240e8                led1_off
 .text.NVIC_EnableIRQ
                0x00000000000240f8       0x2c ./src/letimer.o
 .text.LETIMER_IntClear
                0x0000000000024124       0x1c ./src/letimer.o
 .text.LETIMER_IntGet
                0x0000000000024140       0x18 ./src/letimer.o
 .text.LETIMER0_setup
                0x0000000000024158      0x1c0 ./src/letimer.o
                0x0000000000024158                LETIMER0_setup
 .text.LETIMER0_IRQHandler
                0x0000000000024318       0x48 ./src/letimer.o
                0x0000000000024318                LETIMER0_IRQHandler
 .text.blockSleepMode
                0x0000000000024360       0x2c ./src/sleep.o
                0x0000000000024360                blockSleepMode
 .text.unblockSleepMode
                0x000000000002438c       0x38 ./src/sleep.o
                0x000000000002438c                unblockSleepMode
 .text          0x00000000000243c4       0x18 /Applications/Simplicity Studio.app/Contents/Eclipse/developer/sdks/gecko_sdk_suite/v1.1//protocol/bluetooth_2.4/lib/EFR32BG1B/GCC/bgapi.a(gecko_bgapi_hardware.c.obj)
                0x00000000000243c4                gecko_bgapi_class_hardware_init
 .text          0x00000000000243dc       0x18 /Applications/Simplicity Studio.app/Contents/Eclipse/developer/sdks/gecko_sdk_suite/v1.1//protocol/bluetooth_2.4/lib/EFR32BG1B/GCC/bgapi.a(gecko_bgapi_test.c.obj)
                0x00000000000243dc                gecko_bgapi_class_test_init
 .text          0x00000000000243f4       0x18 /Applications/Simplicity Studio.app/Contents/Eclipse/developer/sdks/gecko_sdk_suite/v1.1//protocol/bluetooth_2.4/lib/EFR32BG1B/GCC/bgapi.a(gecko_bgapi_dfu.c.obj)
                0x00000000000243f4                gecko_bgapi_class_dfu_init
 .text          0x000000000002440c       0x18 /Applications/Simplicity Studio.app/Contents/Eclipse/developer/sdks/gecko_sdk_suite/v1.1//protocol/bluetooth_2.4/lib/EFR32BG1B/GCC/bgapi.a(gecko_bgapi_gap.c.obj)
                0x000000000002440c                gecko_bgapi_class_le_gap_init
 .text          0x0000000000024424       0x18 /Applications/Simplicity Studio.app/Contents/Eclipse/developer/sdks/gecko_sdk_suite/v1.1//protocol/bluetooth_2.4/lib/EFR32BG1B/GCC/bgapi.a(gecko_bgapi_gatt.c.obj)
                0x0000000000024424                gecko_bgapi_class_gatt_init
 .text          0x000000000002443c       0x18 /Applications/Simplicity Studio.app/Contents/Eclipse/developer/sdks/gecko_sdk_suite/v1.1//protocol/bluetooth_2.4/lib/EFR32BG1B/GCC/bgapi.a(gecko_bgapi_gatt_server.c.obj)
                0x000000000002443c                gecko_bgapi_class_gatt_server_init
 .text          0x0000000000024454       0x18 /Applications/Simplicity Studio.app/Contents/Eclipse/developer/sdks/gecko_sdk_suite/v1.1//protocol/bluetooth_2.4/lib/EFR32BG1B/GCC/bgapi.a(gecko_bgapi_flash.c.obj)
                0x0000000000024454                gecko_bgapi_class_flash_init
 .text          0x000000000002446c       0x18 /Applications/Simplicity Studio.app/Contents/Eclipse/developer/sdks/gecko_sdk_suite/v1.1//protocol/bluetooth_2.4/lib/EFR32BG1B/GCC/bgapi.a(gecko_bgapi_sm.c.obj)
                0x000000000002446c                gecko_bgapi_class_sm_init
 .text          0x0000000000024484       0x18 /Applications/Simplicity Studio.app/Contents/Eclipse/developer/sdks/gecko_sdk_suite/v1.1//protocol/bluetooth_2.4/lib/EFR32BG1B/GCC/bgapi.a(gecko_bgapi_system.c.obj)
                0x0000000000024484                gecko_bgapi_class_system_init
 .text          0x000000000002449c       0x18 /Applications/Simplicity Studio.app/Contents/Eclipse/developer/sdks/gecko_sdk_suite/v1.1//protocol/bluetooth_2.4/lib/EFR32BG1B/GCC/bgapi.a(gecko_bgapi_endpoint.c.obj)
                0x000000000002449c                gecko_bgapi_class_endpoint_init
 .text          0x00000000000244b4       0x18 /Applications/Simplicity Studio.app/Contents/Eclipse/developer/sdks/gecko_sdk_suite/v1.1//protocol/bluetooth_2.4/lib/EFR32BG1B/GCC/bgapi.a(gecko_bgapi_le_connection.c.obj)
                0x00000000000244b4                gecko_bgapi_class_le_connection_init
 .text          0x00000000000244cc      0x1d0 /Applications/Simplicity Studio.app/Contents/Eclipse/developer/sdks/gecko_sdk_suite/v1.1//protocol/bluetooth_2.4/lib/EFR32BG1B/GCC/bgapi.a(bgapi_hardware.c.obj)
                0x00000000000244cc                soft_timer_comparison
                0x0000000000024560                bgapi_hardware_soft_timer_listener
                0x00000000000245a0                lib_hardware_handler_init
                0x00000000000245b4                gecko_cmd_hardware_set_soft_timer
                0x00000000000245f4                gecko_cmd_hardware_set_lazy_soft_timer
                0x0000000000024634                gecko_cmd_hardware_get_time
                0x0000000000024668                gecko_cmd_hardware_enable_dcdc
 .text          0x000000000002469c      0x330 /Applications/Simplicity Studio.app/Contents/Eclipse/developer/sdks/gecko_sdk_suite/v1.1//protocol/bluetooth_2.4/lib/EFR32BG1B/GCC/bgapi.a(bgapi_test_lib.c.obj)
                0x000000000002469c                bgapi_test_lib_msg_handler
                0x00000000000246f4                lib_test_handler_init
                0x0000000000024714                disable_interrupts
                0x0000000000024738                gecko_cmd_test_dtm_tx
                0x00000000000247cc                gecko_cmd_test_dtm_rx
                0x0000000000024818                gecko_cmd_test_dtm_end
                0x0000000000024880                gecko_cmd_test_debug_command
                0x0000000000024950                gecko_cmd_test_debug_counter
 .text          0x00000000000249cc       0x8c /Applications/Simplicity Studio.app/Contents/Eclipse/developer/sdks/gecko_sdk_suite/v1.1//protocol/bluetooth_2.4/lib/EFR32BG1B/GCC/bgapi.a(bgapi_dfu.c.obj)
                0x00000000000249cc                lib_dfu_handler_init
                0x00000000000249ce                gecko_cmd_dfu_reset
                0x00000000000249d4                gecko_cmd_dfu_flash_set_address
                0x0000000000024a00                gecko_cmd_dfu_flash_upload
                0x0000000000024a2c                gecko_cmd_dfu_flash_upload_finish
 .text          0x0000000000024a58      0x34c /Applications/Simplicity Studio.app/Contents/Eclipse/developer/sdks/gecko_sdk_suite/v1.1//protocol/bluetooth_2.4/lib/EFR32BG1B/GCC/bgapi.a(bgapi_gap.c.obj)
                0x0000000000024a58                lib_le_gap_handler_init
                0x0000000000024a5a                gecko_cmd_le_gap_set_mode
                0x0000000000024aa0                gecko_cmd_le_gap_bt5_set_mode
                0x0000000000024ae4                gecko_cmd_le_gap_set_adv_data
                0x0000000000024b2c                gecko_cmd_le_gap_bt5_set_adv_data
                0x0000000000024b60                gecko_cmd_le_gap_set_adv_timeout
                0x0000000000024bb4                gecko_cmd_le_gap_open
                0x0000000000024c18                gecko_cmd_le_gap_discover
                0x0000000000024c44                gecko_cmd_le_gap_end_procedure
                0x0000000000024c70                gecko_cmd_le_gap_set_adv_parameters
                0x0000000000024ca4                gecko_cmd_le_gap_bt5_set_adv_parameters
                0x0000000000024ce0                gecko_cmd_le_gap_set_scan_parameters
                0x0000000000024d10                gecko_cmd_le_gap_set_conn_parameters
                0x0000000000024d48                gecko_cmd_le_gap_set_phy
                0x0000000000024d74                gecko_cmd_le_gap_set_privacy_mode
 .text          0x0000000000024da4      0x6c4 /Applications/Simplicity Studio.app/Contents/Eclipse/developer/sdks/gecko_sdk_suite/v1.1//protocol/bluetooth_2.4/lib/EFR32BG1B/GCC/bgapi.a(bgapi_gatt_lib.c.obj)
                0x0000000000024da4                lib_gatt_handler_init
                0x0000000000024da8                lib_gatt_server_handler_init
                0x0000000000024daa                gecko_cmd_gatt_set_max_mtu
                0x0000000000024de4                gecko_cmd_gatt_discover_primary_services
                0x0000000000024e14                gecko_cmd_gatt_discover_primary_services_by_uuid
                0x0000000000024e50                gecko_cmd_gatt_find_included_services
                0x0000000000024e84                gecko_cmd_gatt_discover_characteristics
                0x0000000000024eb8                gecko_cmd_gatt_discover_characteristics_by_uuid
                0x0000000000024ef8                gecko_cmd_gatt_read_characteristic_value
                0x0000000000024f30                gecko_cmd_gatt_read_characteristic_value_from_offset
                0x0000000000024f6c                gecko_cmd_gatt_read_characteristic_value_by_uuid
                0x0000000000024fac                gecko_cmd_gatt_read_multiple_characteristic_values
                0x0000000000024fe0                gecko_cmd_gatt_write_characteristic_value
                0x0000000000025018                gecko_cmd_gatt_write_characteristic_value_without_response
                0x000000000002505c                gecko_cmd_gatt_prepare_characteristic_value_write
                0x00000000000250ac                gecko_cmd_gatt_execute_characteristic_value_write
                0x00000000000250e0                gecko_cmd_gatt_set_characteristic_notification
                0x0000000000025118                gecko_cmd_gatt_discover_descriptors
                0x000000000002514c                gecko_cmd_gatt_read_descriptor_value
                0x0000000000025180                gecko_cmd_gatt_write_descriptor_value
                0x00000000000251b8                gecko_cmd_gatt_server_read_attribute_value
                0x0000000000025200                gecko_cmd_gatt_server_read_attribute_type
                0x0000000000025244                gecko_cmd_gatt_server_find_attribute
                0x0000000000025280                gecko_cmd_gatt_server_write_attribute_value
                0x00000000000252b4                gecko_cmd_gatt_server_send_user_read_response
                0x0000000000025304                gecko_cmd_gatt_server_send_user_write_response
                0x000000000002533c                gecko_cmd_gatt_server_send_characteristic_notification
                0x0000000000025388                gecko_cmd_gatt_send_characteristic_confirmation
                0x00000000000253b8                gecko_cmd_gatt_server_set_database
                0x00000000000253e8                gecko_cmd_gatt_server_set_capabilities
                0x0000000000025418                gecko_cmd_gatt_prepare_characteristic_value_reliable_write
 .text          0x0000000000025468      0x1d0 /Applications/Simplicity Studio.app/Contents/Eclipse/developer/sdks/gecko_sdk_suite/v1.1//protocol/bluetooth_2.4/lib/EFR32BG1B/GCC/bgapi.a(bgapi_ps.c.obj)
                0x0000000000025468                bgapi_ps_dump_listener
                0x00000000000254a8                lib_flash_handler_init
                0x00000000000254bc                gecko_cmd_flash_ps_dump
                0x0000000000025554                gecko_cmd_flash_ps_erase_all
                0x0000000000025584                gecko_cmd_flash_ps_save
                0x00000000000255c0                gecko_cmd_flash_ps_load
                0x0000000000025604                gecko_cmd_flash_ps_erase
 .text          0x0000000000025638      0x3cc /Applications/Simplicity Studio.app/Contents/Eclipse/developer/sdks/gecko_sdk_suite/v1.1//protocol/bluetooth_2.4/lib/EFR32BG1B/GCC/bgapi.a(bgapi_sm.c.obj)
                0x0000000000025700                lib_sm_handler_init
                0x0000000000025714                gecko_cmd_sm_list_all_bondings
                0x000000000002574c                gecko_cmd_sm_increase_security
                0x000000000002577c                gecko_cmd_sm_set_bondable_mode
                0x00000000000257a8                gecko_cmd_sm_delete_bonding
                0x00000000000257d8                gecko_cmd_sm_delete_bondings
                0x0000000000025808                gecko_cmd_sm_configure
                0x0000000000025838                gecko_cmd_sm_enter_passkey
                0x000000000002586c                gecko_cmd_sm_set_passkey
                0x0000000000025898                gecko_cmd_sm_passkey_confirm
                0x00000000000258cc                gecko_cmd_sm_set_oob_data
                0x00000000000258fc                gecko_cmd_sm_set_sc_remote_oob_data
                0x000000000002592c                gecko_cmd_sm_use_sc_oob
                0x000000000002596c                gecko_cmd_sm_store_bonding_configuration
                0x00000000000259a0                gecko_cmd_sm_bonding_confirm
                0x00000000000259d4                gecko_cmd_sm_set_debug_mode
 .text          0x0000000000025a04      0x1d8 /Applications/Simplicity Studio.app/Contents/Eclipse/developer/sdks/gecko_sdk_suite/v1.1//protocol/bluetooth_2.4/lib/EFR32BG1B/GCC/bgapi.a(bgapi_system.c.obj)
                0x0000000000025a04                bgapi_system_listener
                0x0000000000025a34                lib_system_handler_init
                0x0000000000025a48                gecko_cmd_system_get_bt_address
                0x0000000000025a80                gecko_cmd_system_set_bt_address
                0x0000000000025ab4                gecko_cmd_system_set_device_name
                0x0000000000025af0                gecko_cmd_system_get_random_data
                0x0000000000025b38                gecko_cmd_system_halt
                0x0000000000025b6c                gecko_cmd_system_set_tx_power
                0x0000000000025b9c                gecko_cmd_system_hello
                0x0000000000025bc4                gecko_cmd_system_reset
                0x0000000000025bca                gecko_send_system_awake
 .text          0x0000000000025bdc      0x1ac /Applications/Simplicity Studio.app/Contents/Eclipse/developer/sdks/gecko_sdk_suite/v1.1//protocol/bluetooth_2.4/lib/EFR32BG1B/GCC/bgapi.a(bgapi_endpoint.c.obj)
                0x0000000000025bdc                lib_endpoint_handler_init
                0x0000000000025bde                gecko_cmd_endpoint_send
                0x0000000000025c88                gecko_cmd_endpoint_set_streaming_destination
                0x0000000000025ce0                gecko_cmd_endpoint_close
                0x0000000000025d3c                gecko_cmd_endpoint_set_flags
                0x0000000000025d3e                gecko_cmd_endpoint_clr_flags
                0x0000000000025d40                gecko_cmd_endpoint_read_counters
 .text          0x0000000000025d88      0x104 /Applications/Simplicity Studio.app/Contents/Eclipse/developer/sdks/gecko_sdk_suite/v1.1//protocol/bluetooth_2.4/lib/EFR32BG1B/GCC/bgapi.a(bgapi_le_connection.c.obj)
                0x0000000000025d88                lib_le_connection_handler_init
                0x0000000000025d8a                gecko_cmd_le_connection_set_parameters
                0x0000000000025dd8                gecko_cmd_le_connection_get_rssi
                0x0000000000025e08                gecko_cmd_le_connection_disable_slave_latency
                0x0000000000025e50                gecko_cmd_le_connection_set_phy
 .text          0x0000000000025e8c      0xdf0 /Applications/Simplicity Studio.app/Contents/Eclipse/developer/sdks/gecko_sdk_suite/v1.1//protocol/bluetooth_2.4/lib/EFR32BG1B/GCC/bgapi.a(gatt_client.c.obj)
                0x00000000000260f4                gatt_discover_primary_services
                0x0000000000026132                gatt_discover_primary_services_by_uuid
                0x0000000000026188                gatt_find_included_services
                0x00000000000261d8                gatt_find_included_services_handler
                0x0000000000026288                gatt_discover_characteristics
                0x00000000000262aa                gatt_discover_characteristics_by_uuid
                0x00000000000262ec                gatt_discover_descriptors
                0x0000000000026328                gatt_read_characteristic_value
                0x0000000000026360                gatt_read_characteristic_value_by_uuid
                0x000000000002639a                gatt_read_multiple_characteristic_values
                0x00000000000263be                gatt_write_characteristic_value
                0x00000000000263e4                gatt_write_characteristic_value_without_response
                0x00000000000263fe                gatt_prepare_characteristic_value_write
                0x0000000000026474                gatt_execute_characteristic_value_write
                0x0000000000026496                gatt_set_characteristic_notification
                0x00000000000264d6                gatt_read_descriptor_value
                0x00000000000264fe                gatt_write_descriptor_value
                0x0000000000026524                gatt_handle_exchange_mtu_rsp
                0x0000000000026540                gatt_handle_find_information_response
                0x0000000000026692                gatt_handle_find_by_type_value_response
                0x000000000002672e                gatt_handle_read_response
                0x000000000002688c                gatt_handle_read_blob_response
                0x00000000000268c2                gatt_handle_read_multiple_response
                0x00000000000268fe                gatt_handle_read_by_type_response
                0x0000000000026a48                gatt_handle_read_by_group_type_response
                0x0000000000026af0                gatt_handle_write_response
                0x0000000000026b04                gatt_handle_prepare_write_response
                0x0000000000026bf6                gatt_handle_execute_write_response
                0x0000000000026c2e                gatt_client_handle_value_notification
                0x0000000000026c40                gatt_client_handle_value_indication
                0x0000000000026c54                gatt_send_characteristic_confirmation
                0x0000000000026c72                gatt_client_init
 .text          0x0000000000026c7c      0x250 /Applications/Simplicity Studio.app/Contents/Eclipse/developer/sdks/gecko_sdk_suite/v1.1//protocol/bluetooth_2.4/lib/EFR32BG1B/GCC/bgapi.a(ubt_gatt_client.c.obj)
                0x0000000000026c7c                ubt_gatt_discover_primary_services
                0x0000000000026c92                ubt_gatt_discover_primary_services_by_uuid
                0x0000000000026cbe                ubt_gatt_find_included_services
                0x0000000000026cd8                ubt_gatt_discover_characteristics
                0x0000000000026cf2                ubt_gatt_discover_characteristics_by_uuid
                0x0000000000026d22                ubt_gatt_discover_descriptors
                0x0000000000026d3c                ubt_gatt_read_characteristic_value
                0x0000000000026d5e                ubt_gatt_read_characteristic_value_by_uuid
                0x0000000000026d8e                ubt_gatt_read_multiple_characteristic_values
                0x0000000000026dac                ubt_gatt_write_characteristic_value
                0x0000000000026dce                ubt_gatt_write_characteristic_value_without_response
                0x0000000000026e08                ubt_gatt_prepare_characteristic_value_write
                0x0000000000026e42                ubt_gatt_execute_characteristic_value_write
                0x0000000000026e5c                ubt_gatt_send_characteristic_confirmation
                0x0000000000026e72                ubt_gatt_read_descriptor_value
                0x0000000000026e8c                ubt_gatt_write_descriptor_value
                0x0000000000026eae                ubt_gatt_set_characteristic_notification
 .text          0x0000000000026ecc      0x4ec /Applications/Simplicity Studio.app/Contents/Eclipse/developer/sdks/gecko_sdk_suite/v1.1//protocol/bluetooth_2.4/lib/EFR32BG1B/GCC/bgapi.a(att_client.c.obj)
                0x0000000000026ecc                att_send_find_information_request
                0x0000000000026ef2                att_send_find_by_type_value_request
                0x0000000000026f24                att_send_read_by_type_request
                0x0000000000026f50                att_send_read_request
                0x0000000000026f70                att_send_read_blob_request
                0x0000000000026f96                att_send_read_multiple_request
                0x0000000000026fc2                att_send_read_by_group_type_request
                0x0000000000026fee                att_send_write_request
                0x000000000002701a                att_send_write_command
                0x0000000000027046                att_send_signed_write_command
                0x0000000000027080                att_send_prepare_write_request
                0x00000000000270bc                att_send_execute_write_request
                0x00000000000270da                att_send_handle_value_confirmation
                0x00000000000270f2                validate_gatt_client_pdu_len
                0x00000000000271ac                att_gatt_client_handler
 .text          0x00000000000273b8      0x370 /Applications/Simplicity Studio.app/Contents/Eclipse/developer/toolchains/gnu_arm/4.9_2015q3/bin/../lib/gcc/arm-none-eabi/4.9.3/armv7e-m/fpu/libgcc.a(_arm_addsubdf3.o)
                0x00000000000273b8                __aeabi_drsub
                0x00000000000273c0                __subdf3
                0x00000000000273c0                __aeabi_dsub
                0x00000000000273c4                __aeabi_dadd
                0x00000000000273c4                __adddf3
                0x000000000002763c                __aeabi_ui2d
                0x000000000002763c                __floatunsidf
                0x000000000002765c                __floatsidf
                0x000000000002765c                __aeabi_i2d
                0x0000000000027680                __extendsfdf2
                0x0000000000027680                __aeabi_f2d
                0x00000000000276bc                __aeabi_ul2d
                0x00000000000276bc                __floatundidf
                0x00000000000276cc                __aeabi_l2d
                0x00000000000276cc                __floatdidf
 .text          0x0000000000027728      0x424 /Applications/Simplicity Studio.app/Contents/Eclipse/developer/toolchains/gnu_arm/4.9_2015q3/bin/../lib/gcc/arm-none-eabi/4.9.3/armv7e-m/fpu/libgcc.a(_arm_muldivdf3.o)
                0x0000000000027728                __aeabi_dmul
                0x0000000000027728                __muldf3
                0x000000000002797c                __aeabi_ddiv
                0x000000000002797c                __divdf3
 .text          0x0000000000027b4c      0x110 /Applications/Simplicity Studio.app/Contents/Eclipse/developer/toolchains/gnu_arm/4.9_2015q3/bin/../lib/gcc/arm-none-eabi/4.9.3/armv7e-m/fpu/libgcc.a(_arm_cmpdf2.o)
                0x0000000000027b4c                __gtdf2
                0x0000000000027b4c                __gedf2
                0x0000000000027b54                __ltdf2
                0x0000000000027b54                __ledf2
                0x0000000000027b5c                __eqdf2
                0x0000000000027b5c                __nedf2
                0x0000000000027b5c                __cmpdf2
                0x0000000000027bd8                __aeabi_cdrcmple
                0x0000000000027be8                __aeabi_cdcmple
                0x0000000000027be8                __aeabi_cdcmpeq
                0x0000000000027bf8                __aeabi_dcmpeq
                0x0000000000027c0c                __aeabi_dcmplt
                0x0000000000027c20                __aeabi_dcmple
                0x0000000000027c34                __aeabi_dcmpge
                0x0000000000027c48                __aeabi_dcmpgt
 .text          0x0000000000027c5c       0x40 /Applications/Simplicity Studio.app/Contents/Eclipse/developer/toolchains/gnu_arm/4.9_2015q3/bin/../lib/gcc/arm-none-eabi/4.9.3/armv7e-m/fpu/libgcc.a(_arm_fixunsdfsi.o)
                0x0000000000027c5c                __fixunsdfsi
                0x0000000000027c5c                __aeabi_d2uiz
 .text          0x0000000000027c9c       0xa0 /Applications/Simplicity Studio.app/Contents/Eclipse/developer/toolchains/gnu_arm/4.9_2015q3/bin/../lib/gcc/arm-none-eabi/4.9.3/armv7e-m/fpu/libgcc.a(_arm_truncdfsf2.o)
                0x0000000000027c9c                __aeabi_d2f
                0x0000000000027c9c                __truncdfsf2
 .text.exit     0x0000000000027d3c       0x20 /Applications/Simplicity Studio.app/Contents/Eclipse/developer/toolchains/gnu_arm/4.9_2015q3/bin/../lib/gcc/arm-none-eabi/4.9.3/../../../../arm-none-eabi/lib/armv7e-m/fpu/libc.a(lib_a-exit.o)
                0x0000000000027d3c                exit
 .text.__libc_init_array
                0x0000000000027d5c       0x50 /Applications/Simplicity Studio.app/Contents/Eclipse/developer/toolchains/gnu_arm/4.9_2015q3/bin/../lib/gcc/arm-none-eabi/4.9.3/../../../../arm-none-eabi/lib/armv7e-m/fpu/libc.a(lib_a-init.o)
                0x0000000000027d5c                __libc_init_array
 .text.memcmp   0x0000000000027dac       0x64 /Applications/Simplicity Studio.app/Contents/Eclipse/developer/toolchains/gnu_arm/4.9_2015q3/bin/../lib/gcc/arm-none-eabi/4.9.3/../../../../arm-none-eabi/lib/armv7e-m/fpu/libc.a(lib_a-memcmp.o)
                0x0000000000027dac                memcmp
 .text          0x0000000000027e10      0x134 /Applications/Simplicity Studio.app/Contents/Eclipse/developer/toolchains/gnu_arm/4.9_2015q3/bin/../lib/gcc/arm-none-eabi/4.9.3/../../../../arm-none-eabi/lib/armv7e-m/fpu/libc.a(lib_a-memcpy.o)
                0x0000000000027e10                memcpy
 .text.memset   0x0000000000027f44       0x9c /Applications/Simplicity Studio.app/Contents/Eclipse/developer/toolchains/gnu_arm/4.9_2015q3/bin/../lib/gcc/arm-none-eabi/4.9.3/../../../../arm-none-eabi/lib/armv7e-m/fpu/libc.a(lib_a-memset.o)
                0x0000000000027f44                memset
 .text.startup.register_fini
                0x0000000000027fe0       0x14 /Applications/Simplicity Studio.app/Contents/Eclipse/developer/toolchains/gnu_arm/4.9_2015q3/bin/../lib/gcc/arm-none-eabi/4.9.3/../../../../arm-none-eabi/lib/armv7e-m/fpu/libc.a(lib_a-__call_atexit.o)
 .text.__call_exitprocs
                0x0000000000027ff4       0xd4 /Applications/Simplicity Studio.app/Contents/Eclipse/developer/toolchains/gnu_arm/4.9_2015q3/bin/../lib/gcc/arm-none-eabi/4.9.3/../../../../arm-none-eabi/lib/armv7e-m/fpu/libc.a(lib_a-__call_atexit.o)
                0x0000000000027ff4                __call_exitprocs
 .text.atexit   0x00000000000280c8        0xc /Applications/Simplicity Studio.app/Contents/Eclipse/developer/toolchains/gnu_arm/4.9_2015q3/bin/../lib/gcc/arm-none-eabi/4.9.3/../../../../arm-none-eabi/lib/armv7e-m/fpu/libc.a(lib_a-atexit.o)
                0x00000000000280c8                atexit
 .text.__libc_fini_array
                0x00000000000280d4       0x2c /Applications/Simplicity Studio.app/Contents/Eclipse/developer/toolchains/gnu_arm/4.9_2015q3/bin/../lib/gcc/arm-none-eabi/4.9.3/../../../../arm-none-eabi/lib/armv7e-m/fpu/libc.a(lib_a-fini.o)
                0x00000000000280d4                __libc_fini_array
 .text.__register_exitproc
                0x0000000000028100       0xa4 /Applications/Simplicity Studio.app/Contents/Eclipse/developer/toolchains/gnu_arm/4.9_2015q3/bin/../lib/gcc/arm-none-eabi/4.9.3/../../../../arm-none-eabi/lib/armv7e-m/fpu/libc.a(lib_a-__atexit.o)
                0x0000000000028100                __register_exitproc
 .text._exit    0x00000000000281a4        0x4 /Applications/Simplicity Studio.app/Contents/Eclipse/developer/toolchains/gnu_arm/4.9_2015q3/bin/../lib/gcc/arm-none-eabi/4.9.3/../../../../arm-none-eabi/lib/armv7e-m/fpu/libnosys.a(_exit.o)
                0x00000000000281a4                _exit
 *(.init)
 .init          0x00000000000281a8        0x4 /Applications/Simplicity Studio.app/Contents/Eclipse/developer/toolchains/gnu_arm/4.9_2015q3/bin/../lib/gcc/arm-none-eabi/4.9.3/armv7e-m/fpu/crti.o
                0x00000000000281a8                _init
 .init          0x00000000000281ac        0x8 /Applications/Simplicity Studio.app/Contents/Eclipse/developer/toolchains/gnu_arm/4.9_2015q3/bin/../lib/gcc/arm-none-eabi/4.9.3/armv7e-m/fpu/crtn.o
 *(.fini)
 .fini          0x00000000000281b4        0x4 /Applications/Simplicity Studio.app/Contents/Eclipse/developer/toolchains/gnu_arm/4.9_2015q3/bin/../lib/gcc/arm-none-eabi/4.9.3/armv7e-m/fpu/crti.o
                0x00000000000281b4                _fini
 .fini          0x00000000000281b8        0x8 /Applications/Simplicity Studio.app/Contents/Eclipse/developer/toolchains/gnu_arm/4.9_2015q3/bin/../lib/gcc/arm-none-eabi/4.9.3/armv7e-m/fpu/crtn.o
 *crtbegin.o(.ctors)
 *crtbegin?.o(.ctors)
 *(EXCLUDE_FILE(*crtend.o *crtend?.o) .ctors)
 *(SORT(.ctors.*))
 *(.ctors)
 *crtbegin.o(.dtors)
 *crtbegin?.o(.dtors)
 *(EXCLUDE_FILE(*crtend.o *crtend?.o) .dtors)
 *(SORT(.dtors.*))
 *(.dtors)
 *(.rodata*)
 .rodata.ptiInit
                0x00000000000281c0       0x24 ./main.o
 .rodata        0x00000000000281e4        0x4 ./main.o
 .rodata.config
                0x00000000000281e8       0x38 ./main.o
 .rodata        0x0000000000028220       0x24 ./kit_flashpwr/BRD4302A/mx25flash_spi.o
 .rodata        0x0000000000028244       0x50 ./src/InitDevice.o
 .rodata        0x0000000000028294       0x14 ./src/letimer.o
 .rodata        0x00000000000282a8       0x28 /Applications/Simplicity Studio.app/Contents/Eclipse/developer/sdks/gecko_sdk_suite/v1.1//protocol/bluetooth_2.4/lib/EFR32BG1B/GCC/bgapi.a(gecko_bgapi_hardware.c.obj)
 .rodata        0x00000000000282d0       0x30 /Applications/Simplicity Studio.app/Contents/Eclipse/developer/sdks/gecko_sdk_suite/v1.1//protocol/bluetooth_2.4/lib/EFR32BG1B/GCC/bgapi.a(gecko_bgapi_test.c.obj)
 .rodata        0x0000000000028300       0x28 /Applications/Simplicity Studio.app/Contents/Eclipse/developer/sdks/gecko_sdk_suite/v1.1//protocol/bluetooth_2.4/lib/EFR32BG1B/GCC/bgapi.a(gecko_bgapi_dfu.c.obj)
 .rodata        0x0000000000028328       0x78 /Applications/Simplicity Studio.app/Contents/Eclipse/developer/sdks/gecko_sdk_suite/v1.1//protocol/bluetooth_2.4/lib/EFR32BG1B/GCC/bgapi.a(gecko_bgapi_gap.c.obj)
 .rodata        0x00000000000283a0       0xa8 /Applications/Simplicity Studio.app/Contents/Eclipse/developer/sdks/gecko_sdk_suite/v1.1//protocol/bluetooth_2.4/lib/EFR32BG1B/GCC/bgapi.a(gecko_bgapi_gatt.c.obj)
 .rodata        0x0000000000028448       0x50 /Applications/Simplicity Studio.app/Contents/Eclipse/developer/sdks/gecko_sdk_suite/v1.1//protocol/bluetooth_2.4/lib/EFR32BG1B/GCC/bgapi.a(gecko_bgapi_gatt_server.c.obj)
 .rodata        0x0000000000028498       0x30 /Applications/Simplicity Studio.app/Contents/Eclipse/developer/sdks/gecko_sdk_suite/v1.1//protocol/bluetooth_2.4/lib/EFR32BG1B/GCC/bgapi.a(gecko_bgapi_flash.c.obj)
 .rodata        0x00000000000284c8       0x80 /Applications/Simplicity Studio.app/Contents/Eclipse/developer/sdks/gecko_sdk_suite/v1.1//protocol/bluetooth_2.4/lib/EFR32BG1B/GCC/bgapi.a(gecko_bgapi_sm.c.obj)
 .rodata        0x0000000000028548       0x48 /Applications/Simplicity Studio.app/Contents/Eclipse/developer/sdks/gecko_sdk_suite/v1.1//protocol/bluetooth_2.4/lib/EFR32BG1B/GCC/bgapi.a(gecko_bgapi_system.c.obj)
 .rodata        0x0000000000028590       0x38 /Applications/Simplicity Studio.app/Contents/Eclipse/developer/sdks/gecko_sdk_suite/v1.1//protocol/bluetooth_2.4/lib/EFR32BG1B/GCC/bgapi.a(gecko_bgapi_endpoint.c.obj)
 .rodata        0x00000000000285c8       0x28 /Applications/Simplicity Studio.app/Contents/Eclipse/developer/sdks/gecko_sdk_suite/v1.1//protocol/bluetooth_2.4/lib/EFR32BG1B/GCC/bgapi.a(gecko_bgapi_le_connection.c.obj)
 .rodata        0x00000000000285f0       0x18 /Applications/Simplicity Studio.app/Contents/Eclipse/developer/sdks/gecko_sdk_suite/v1.1//protocol/bluetooth_2.4/lib/EFR32BG1B/GCC/bgapi.a(bgapi_sm.c.obj)
 .rodata        0x0000000000028608        0x4 /Applications/Simplicity Studio.app/Contents/Eclipse/developer/sdks/gecko_sdk_suite/v1.1//protocol/bluetooth_2.4/lib/EFR32BG1B/GCC/bgapi.a(gatt_client.c.obj)
 .rodata.str1.4
                0x000000000002860c        0x4 /Applications/Simplicity Studio.app/Contents/Eclipse/developer/toolchains/gnu_arm/4.9_2015q3/bin/../lib/gcc/arm-none-eabi/4.9.3/../../../../arm-none-eabi/lib/armv7e-m/fpu/libc.a(lib_a-impure.o)
                                          0x2 (size before relaxing)
 .rodata._global_impure_ptr
                0x0000000000028610        0x4 /Applications/Simplicity Studio.app/Contents/Eclipse/developer/toolchains/gnu_arm/4.9_2015q3/bin/../lib/gcc/arm-none-eabi/4.9.3/../../../../arm-none-eabi/lib/armv7e-m/fpu/libc.a(lib_a-impure.o)
                0x0000000000028610                _global_impure_ptr
 *(.eh_frame*)
 .eh_frame      0x0000000000028614        0x0 /Applications/Simplicity Studio.app/Contents/Eclipse/developer/toolchains/gnu_arm/4.9_2015q3/bin/../lib/gcc/arm-none-eabi/4.9.3/armv7e-m/fpu/crtbegin.o
 .eh_frame      0x0000000000028614        0x4 /Applications/Simplicity Studio.app/Contents/Eclipse/developer/toolchains/gnu_arm/4.9_2015q3/bin/../lib/gcc/arm-none-eabi/4.9.3/armv7e-m/fpu/crtend.o
                0x0000000000028618                . = ALIGN (0x4)

.glue_7         0x0000000000028618        0x0
 .glue_7        0x0000000000000000        0x0 linker stubs

.glue_7t        0x0000000000028618        0x0
 .glue_7t       0x0000000000000000        0x0 linker stubs

.vfp11_veneer   0x0000000000028618        0x0
 .vfp11_veneer  0x0000000000000000        0x0 linker stubs

.v4_bx          0x0000000000028618        0x0
 .v4_bx         0x0000000000000000        0x0 linker stubs

.iplt           0x0000000000028618        0x0
 .iplt          0x0000000000000000        0x0 /Applications/Simplicity Studio.app/Contents/Eclipse/developer/toolchains/gnu_arm/4.9_2015q3/bin/../lib/gcc/arm-none-eabi/4.9.3/armv7e-m/fpu/crtbegin.o

.igot.plt       0x0000000000028618        0x0
 .igot.plt      0x0000000000000000        0x0 /Applications/Simplicity Studio.app/Contents/Eclipse/developer/toolchains/gnu_arm/4.9_2015q3/bin/../lib/gcc/arm-none-eabi/4.9.3/armv7e-m/fpu/crtbegin.o

.text_app_ARM.extab
 *(.ARM.extab* .gnu.linkonce.armextab.*)
                0x0000000000028618                __exidx_start = .

.text_app_ARM.exidx
                0x0000000000028618        0x8
 *(.ARM.exidx* .gnu.linkonce.armexidx.*)
 .ARM.exidx     0x0000000000028618        0x8 /Applications/Simplicity Studio.app/Contents/Eclipse/developer/toolchains/gnu_arm/4.9_2015q3/bin/../lib/gcc/arm-none-eabi/4.9.3/../../../../arm-none-eabi/lib/armv7e-m/fpu/crt0.o
                0x0000000000028620                __exidx_end = .
                0x0000000000028620                __etext = .

.rel.dyn        0x0000000000028620        0x0
 .rel.iplt      0x0000000000000000        0x0 /Applications/Simplicity Studio.app/Contents/Eclipse/developer/toolchains/gnu_arm/4.9_2015q3/bin/../lib/gcc/arm-none-eabi/4.9.3/armv7e-m/fpu/crtbegin.o

.text_app_data  0x0000000020003000      0x450 load address 0x0000000000028620
                0x0000000020003000                __data_start__ = .
 *(vtable)
 *(.data*)
 .data.bg_gattdb_data_attribute_field_6_data
                0x0000000020003000        0xd ./gatt_db.o
                0x0000000020003000                bg_gattdb_data_attribute_field_6_data
 *fill*         0x000000002000300d        0x3 
 .data.auxHfrcoFreq
                0x0000000020003010        0x4 ./emlib/em_cmu.o
 *fill*         0x0000000020003014        0x4 
 .data.impure_data
                0x0000000020003018      0x428 /Applications/Simplicity Studio.app/Contents/Eclipse/developer/toolchains/gnu_arm/4.9_2015q3/bin/../lib/gcc/arm-none-eabi/4.9.3/../../../../arm-none-eabi/lib/armv7e-m/fpu/libc.a(lib_a-impure.o)
                0x0000000020003440                . = ALIGN (0x4)
 *(.ram)
                0x0000000020003440                . = ALIGN (0x4)
                0x0000000020003440                PROVIDE (__preinit_array_start, .)
 *(.preinit_array)
                0x0000000020003440                PROVIDE (__preinit_array_end, .)
                0x0000000020003440                . = ALIGN (0x4)
                0x0000000020003440                PROVIDE (__init_array_start, .)
 *(SORT(.init_array.*))
 .init_array.00000
                0x0000000020003440        0x4 /Applications/Simplicity Studio.app/Contents/Eclipse/developer/toolchains/gnu_arm/4.9_2015q3/bin/../lib/gcc/arm-none-eabi/4.9.3/../../../../arm-none-eabi/lib/armv7e-m/fpu/libc.a(lib_a-__call_atexit.o)
 *(.init_array)
 .init_array    0x0000000020003444        0x4 /Applications/Simplicity Studio.app/Contents/Eclipse/developer/toolchains/gnu_arm/4.9_2015q3/bin/../lib/gcc/arm-none-eabi/4.9.3/armv7e-m/fpu/crtbegin.o
                0x0000000020003448                PROVIDE (__init_array_end, .)
                0x0000000020003448                . = ALIGN (0x4)
                0x0000000020003448                PROVIDE (__fini_array_start, .)
 *(SORT(.fini_array.*))
 *(.fini_array)
 .fini_array    0x0000000020003448        0x4 /Applications/Simplicity Studio.app/Contents/Eclipse/developer/toolchains/gnu_arm/4.9_2015q3/bin/../lib/gcc/arm-none-eabi/4.9.3/armv7e-m/fpu/crtbegin.o
                0x000000002000344c                PROVIDE (__fini_array_end, .)
 *(.jcr*)
 .jcr           0x000000002000344c        0x0 /Applications/Simplicity Studio.app/Contents/Eclipse/developer/toolchains/gnu_arm/4.9_2015q3/bin/../lib/gcc/arm-none-eabi/4.9.3/armv7e-m/fpu/crtbegin.o
 .jcr           0x000000002000344c        0x4 /Applications/Simplicity Studio.app/Contents/Eclipse/developer/toolchains/gnu_arm/4.9_2015q3/bin/../lib/gcc/arm-none-eabi/4.9.3/armv7e-m/fpu/crtend.o
                0x0000000020003450                . = ALIGN (0x4)
                0x0000000020003450                __data_end__ = .

.bss            0x0000000020003450     0x20a0 load address 0x0000000000028a70
                0x0000000020003450                . = ALIGN (0x4)
                0x0000000020003450                __bss_start__ = .
 *(.bss*)
 .bss           0x0000000020003450       0x1c /Applications/Simplicity Studio.app/Contents/Eclipse/developer/toolchains/gnu_arm/4.9_2015q3/bin/../lib/gcc/arm-none-eabi/4.9.3/armv7e-m/fpu/crtbegin.o
 .bss.bg_gattdb_data_attribute_field_2_data
                0x000000002000346c        0x4 ./gatt_db.o
                0x000000002000346c                bg_gattdb_data_attribute_field_2_data
 .bss.chTable   0x0000000020003470       0xa0 ./bgapi/dmadrv.o
 .bss.dmaXfer   0x0000000020003510      0x100 ./bgapi/dmadrv.o
 .bss.adc_sample_count
                0x0000000020003610        0x2 ./src/adc.o
                0x0000000020003610                adc_sample_count
 *fill*         0x0000000020003612        0x2 
 .bss.adc_sample_buffer
                0x0000000020003614      0x5dc ./src/adc.o
                0x0000000020003614                adc_sample_buffer
 .bss           0x0000000020003bf0        0x4 /Applications/Simplicity Studio.app/Contents/Eclipse/developer/sdks/gecko_sdk_suite/v1.1//protocol/bluetooth_2.4/lib/EFR32BG1B/GCC/bgapi.a(bgapi_hardware.c.obj)
 .bss           0x0000000020003bf4        0x4 /Applications/Simplicity Studio.app/Contents/Eclipse/developer/sdks/gecko_sdk_suite/v1.1//protocol/bluetooth_2.4/lib/EFR32BG1B/GCC/bgapi.a(bgapi_test_lib.c.obj)
 .bss           0x0000000020003bf8        0x2 /Applications/Simplicity Studio.app/Contents/Eclipse/developer/sdks/gecko_sdk_suite/v1.1//protocol/bluetooth_2.4/lib/EFR32BG1B/GCC/bgapi.a(bgapi_gap.c.obj)
                0x0000000020003bf8                legacy_maxadv_events
 *fill*         0x0000000020003bfa        0x2 
 .bss           0x0000000020003bfc        0x4 /Applications/Simplicity Studio.app/Contents/Eclipse/developer/sdks/gecko_sdk_suite/v1.1//protocol/bluetooth_2.4/lib/EFR32BG1B/GCC/bgapi.a(bgapi_ps.c.obj)
 .bss           0x0000000020003c00        0x4 /Applications/Simplicity Studio.app/Contents/Eclipse/developer/sdks/gecko_sdk_suite/v1.1//protocol/bluetooth_2.4/lib/EFR32BG1B/GCC/bgapi.a(bgapi_sm.c.obj)
 .bss           0x0000000020003c04        0x4 /Applications/Simplicity Studio.app/Contents/Eclipse/developer/sdks/gecko_sdk_suite/v1.1//protocol/bluetooth_2.4/lib/EFR32BG1B/GCC/bgapi.a(bgapi_system.c.obj)
 *(COMMON)
 COMMON         0x0000000020003c08     0x18d0 ./main.o
                0x0000000020003c08                bluetooth_stack_heap
 COMMON         0x00000000200054d8       0x14 ./src/sleep.o
                0x00000000200054d8                sleep_block_counter
 COMMON         0x00000000200054ec        0x4 /Applications/Simplicity Studio.app/Contents/Eclipse/developer/sdks/gecko_sdk_suite/v1.1//protocol/bluetooth_2.4/lib/EFR32BG1B/GCC/bgapi.a(bgapi_test_lib.c.obj)
                0x00000000200054ec                msg_sender
                0x00000000200054f0                . = ALIGN (0x4)
                0x00000000200054f0                __bss_end__ = .

.heap           0x00000000200054f0      0xc00
                0x00000000200054f0                __HeapBase = .
                0x00000000200054f0                __end__ = .
                0x00000000200054f0                end = __end__
                0x00000000200054f0                _end = __end__
 *(.heap*)
 .heap          0x00000000200054f0      0xc00 ./device/EFR32_B_1_1_B/gcc/startup_efr32bg1b.o
                0x00000000200060f0                __HeapLimit = .

.stack_dummy    0x00000000200060f0      0x400
 *(.stack*)
 .stack         0x00000000200060f0      0x400 ./device/EFR32_B_1_1_B/gcc/startup_efr32bg1b.o
                0x0000000020007bfc                __StackTop = (ORIGIN (RAM) + 0x4bfc)
                0x00000000200077fc                __StackLimit = (__StackTop - SIZEOF (.stack_dummy))
                0x0000000020007bfc                PROVIDE (__stack, __StackTop)
                0x0000000000000001                ASSERT ((__StackLimit >= __HeapLimit), region RAM overflowed with stack)
OUTPUT(LED_Blinking.axf elf32-littlearm)

.ARM.attributes
                0x0000000000000000       0x30
 .ARM.attributes
                0x0000000000000000       0x22 /Applications/Simplicity Studio.app/Contents/Eclipse/developer/toolchains/gnu_arm/4.9_2015q3/bin/../lib/gcc/arm-none-eabi/4.9.3/armv7e-m/fpu/crti.o
 .ARM.attributes
                0x0000000000000022       0x34 /Applications/Simplicity Studio.app/Contents/Eclipse/developer/toolchains/gnu_arm/4.9_2015q3/bin/../lib/gcc/arm-none-eabi/4.9.3/armv7e-m/fpu/crtbegin.o
 .ARM.attributes
                0x0000000000000056       0x20 /Applications/Simplicity Studio.app/Contents/Eclipse/developer/toolchains/gnu_arm/4.9_2015q3/bin/../lib/gcc/arm-none-eabi/4.9.3/../../../../arm-none-eabi/lib/armv7e-m/fpu/crt0.o
 .ARM.attributes
                0x0000000000000076       0x39 ./application_properties.o
 .ARM.attributes
                0x00000000000000af       0x39 ./gatt_db.o
 .ARM.attributes
                0x00000000000000e8       0x39 ./main.o
 .ARM.attributes
                0x0000000000000121       0x39 ./bgapi/dmadrv.o
 .ARM.attributes
                0x000000000000015a       0x39 ./bgapi/em_adc.o
 .ARM.attributes
                0x0000000000000193       0x39 ./device/EFR32_B_1_1_B/gcc/startup_efr32bg1b.o
 .ARM.attributes
                0x00000000000001cc       0x39 ./emlib/em_cmu.o
 .ARM.attributes
                0x0000000000000205       0x39 ./emlib/em_gpio.o
 .ARM.attributes
                0x000000000000023e       0x39 ./emlib/em_letimer.o
 .ARM.attributes
                0x0000000000000277       0x39 ./emlib/em_rtcc.o
 .ARM.attributes
                0x00000000000002b0       0x39 ./emlib/em_system.o
 .ARM.attributes
                0x00000000000002e9       0x39 ./emlib/em_usart.o
 .ARM.attributes
                0x0000000000000322       0x39 ./kit_flashpwr/BRD4302A/mx25flash_spi.o
 .ARM.attributes
                0x000000000000035b       0x39 ./src/InitDevice.o
 .ARM.attributes
                0x0000000000000394       0x39 ./src/adc.o
 .ARM.attributes
                0x00000000000003cd       0x39 ./src/cmu.o
 .ARM.attributes
                0x0000000000000406       0x39 ./src/gpio.o
 .ARM.attributes
                0x000000000000043f       0x39 ./src/letimer.o
 .ARM.attributes
                0x0000000000000478       0x39 ./src/sleep.o
 .ARM.attributes
                0x00000000000004b1       0x1c /Applications/Simplicity Studio.app/Contents/Eclipse/developer/sdks/gecko_sdk_suite/v1.1//protocol/bluetooth_2.4/lib/EFR32BG1B/EABI/binstack.o
 .ARM.attributes
                0x00000000000004cd       0x1c /Applications/Simplicity Studio.app/Contents/Eclipse/developer/sdks/gecko_sdk_suite/v1.1//protocol/bluetooth_2.4/lib/EFR32BG1B/EABI/binbootloader.o
 .ARM.attributes
                0x00000000000004e9       0x39 /Applications/Simplicity Studio.app/Contents/Eclipse/developer/sdks/gecko_sdk_suite/v1.1//protocol/bluetooth_2.4/lib/EFR32BG1B/GCC/bgapi.a(gecko_bgapi_hardware.c.obj)
 .ARM.attributes
                0x0000000000000522       0x39 /Applications/Simplicity Studio.app/Contents/Eclipse/developer/sdks/gecko_sdk_suite/v1.1//protocol/bluetooth_2.4/lib/EFR32BG1B/GCC/bgapi.a(gecko_bgapi_test.c.obj)
 .ARM.attributes
                0x000000000000055b       0x39 /Applications/Simplicity Studio.app/Contents/Eclipse/developer/sdks/gecko_sdk_suite/v1.1//protocol/bluetooth_2.4/lib/EFR32BG1B/GCC/bgapi.a(gecko_bgapi_dfu.c.obj)
 .ARM.attributes
                0x0000000000000594       0x39 /Applications/Simplicity Studio.app/Contents/Eclipse/developer/sdks/gecko_sdk_suite/v1.1//protocol/bluetooth_2.4/lib/EFR32BG1B/GCC/bgapi.a(gecko_bgapi_gap.c.obj)
 .ARM.attributes
                0x00000000000005cd       0x39 /Applications/Simplicity Studio.app/Contents/Eclipse/developer/sdks/gecko_sdk_suite/v1.1//protocol/bluetooth_2.4/lib/EFR32BG1B/GCC/bgapi.a(gecko_bgapi_gatt.c.obj)
 .ARM.attributes
                0x0000000000000606       0x39 /Applications/Simplicity Studio.app/Contents/Eclipse/developer/sdks/gecko_sdk_suite/v1.1//protocol/bluetooth_2.4/lib/EFR32BG1B/GCC/bgapi.a(gecko_bgapi_gatt_server.c.obj)
 .ARM.attributes
                0x000000000000063f       0x39 /Applications/Simplicity Studio.app/Contents/Eclipse/developer/sdks/gecko_sdk_suite/v1.1//protocol/bluetooth_2.4/lib/EFR32BG1B/GCC/bgapi.a(gecko_bgapi_flash.c.obj)
 .ARM.attributes
                0x0000000000000678       0x39 /Applications/Simplicity Studio.app/Contents/Eclipse/developer/sdks/gecko_sdk_suite/v1.1//protocol/bluetooth_2.4/lib/EFR32BG1B/GCC/bgapi.a(gecko_bgapi_sm.c.obj)
 .ARM.attributes
                0x00000000000006b1       0x39 /Applications/Simplicity Studio.app/Contents/Eclipse/developer/sdks/gecko_sdk_suite/v1.1//protocol/bluetooth_2.4/lib/EFR32BG1B/GCC/bgapi.a(gecko_bgapi_system.c.obj)
 .ARM.attributes
                0x00000000000006ea       0x39 /Applications/Simplicity Studio.app/Contents/Eclipse/developer/sdks/gecko_sdk_suite/v1.1//protocol/bluetooth_2.4/lib/EFR32BG1B/GCC/bgapi.a(gecko_bgapi_endpoint.c.obj)
 .ARM.attributes
                0x0000000000000723       0x39 /Applications/Simplicity Studio.app/Contents/Eclipse/developer/sdks/gecko_sdk_suite/v1.1//protocol/bluetooth_2.4/lib/EFR32BG1B/GCC/bgapi.a(gecko_bgapi_le_connection.c.obj)
 .ARM.attributes
                0x000000000000075c       0x39 /Applications/Simplicity Studio.app/Contents/Eclipse/developer/sdks/gecko_sdk_suite/v1.1//protocol/bluetooth_2.4/lib/EFR32BG1B/GCC/bgapi.a(bgapi_hardware.c.obj)
 .ARM.attributes
                0x0000000000000795       0x39 /Applications/Simplicity Studio.app/Contents/Eclipse/developer/sdks/gecko_sdk_suite/v1.1//protocol/bluetooth_2.4/lib/EFR32BG1B/GCC/bgapi.a(bgapi_test_lib.c.obj)
 .ARM.attributes
                0x00000000000007ce       0x39 /Applications/Simplicity Studio.app/Contents/Eclipse/developer/sdks/gecko_sdk_suite/v1.1//protocol/bluetooth_2.4/lib/EFR32BG1B/GCC/bgapi.a(bgapi_dfu.c.obj)
 .ARM.attributes
                0x0000000000000807       0x39 /Applications/Simplicity Studio.app/Contents/Eclipse/developer/sdks/gecko_sdk_suite/v1.1//protocol/bluetooth_2.4/lib/EFR32BG1B/GCC/bgapi.a(bgapi_gap.c.obj)
 .ARM.attributes
                0x0000000000000840       0x39 /Applications/Simplicity Studio.app/Contents/Eclipse/developer/sdks/gecko_sdk_suite/v1.1//protocol/bluetooth_2.4/lib/EFR32BG1B/GCC/bgapi.a(bgapi_gatt_lib.c.obj)
 .ARM.attributes
                0x0000000000000879       0x39 /Applications/Simplicity Studio.app/Contents/Eclipse/developer/sdks/gecko_sdk_suite/v1.1//protocol/bluetooth_2.4/lib/EFR32BG1B/GCC/bgapi.a(bgapi_ps.c.obj)
 .ARM.attributes
                0x00000000000008b2       0x39 /Applications/Simplicity Studio.app/Contents/Eclipse/developer/sdks/gecko_sdk_suite/v1.1//protocol/bluetooth_2.4/lib/EFR32BG1B/GCC/bgapi.a(bgapi_sm.c.obj)
 .ARM.attributes
                0x00000000000008eb       0x39 /Applications/Simplicity Studio.app/Contents/Eclipse/developer/sdks/gecko_sdk_suite/v1.1//protocol/bluetooth_2.4/lib/EFR32BG1B/GCC/bgapi.a(bgapi_system.c.obj)
 .ARM.attributes
                0x0000000000000924       0x39 /Applications/Simplicity Studio.app/Contents/Eclipse/developer/sdks/gecko_sdk_suite/v1.1//protocol/bluetooth_2.4/lib/EFR32BG1B/GCC/bgapi.a(bgapi_endpoint.c.obj)
 .ARM.attributes
                0x000000000000095d       0x39 /Applications/Simplicity Studio.app/Contents/Eclipse/developer/sdks/gecko_sdk_suite/v1.1//protocol/bluetooth_2.4/lib/EFR32BG1B/GCC/bgapi.a(bgapi_le_connection.c.obj)
 .ARM.attributes
                0x0000000000000996       0x39 /Applications/Simplicity Studio.app/Contents/Eclipse/developer/sdks/gecko_sdk_suite/v1.1//protocol/bluetooth_2.4/lib/EFR32BG1B/GCC/bgapi.a(gatt_client.c.obj)
 .ARM.attributes
                0x00000000000009cf       0x39 /Applications/Simplicity Studio.app/Contents/Eclipse/developer/sdks/gecko_sdk_suite/v1.1//protocol/bluetooth_2.4/lib/EFR32BG1B/GCC/bgapi.a(ubt_gatt_client.c.obj)
 .ARM.attributes
                0x0000000000000a08       0x39 /Applications/Simplicity Studio.app/Contents/Eclipse/developer/sdks/gecko_sdk_suite/v1.1//protocol/bluetooth_2.4/lib/EFR32BG1B/GCC/bgapi.a(att_client.c.obj)
 .ARM.attributes
                0x0000000000000a41       0x22 /Applications/Simplicity Studio.app/Contents/Eclipse/developer/toolchains/gnu_arm/4.9_2015q3/bin/../lib/gcc/arm-none-eabi/4.9.3/armv7e-m/fpu/libgcc.a(_arm_addsubdf3.o)
 .ARM.attributes
                0x0000000000000a63       0x22 /Applications/Simplicity Studio.app/Contents/Eclipse/developer/toolchains/gnu_arm/4.9_2015q3/bin/../lib/gcc/arm-none-eabi/4.9.3/armv7e-m/fpu/libgcc.a(_arm_muldivdf3.o)
 .ARM.attributes
                0x0000000000000a85       0x22 /Applications/Simplicity Studio.app/Contents/Eclipse/developer/toolchains/gnu_arm/4.9_2015q3/bin/../lib/gcc/arm-none-eabi/4.9.3/armv7e-m/fpu/libgcc.a(_arm_cmpdf2.o)
 .ARM.attributes
                0x0000000000000aa7       0x22 /Applications/Simplicity Studio.app/Contents/Eclipse/developer/toolchains/gnu_arm/4.9_2015q3/bin/../lib/gcc/arm-none-eabi/4.9.3/armv7e-m/fpu/libgcc.a(_arm_fixunsdfsi.o)
 .ARM.attributes
                0x0000000000000ac9       0x22 /Applications/Simplicity Studio.app/Contents/Eclipse/developer/toolchains/gnu_arm/4.9_2015q3/bin/../lib/gcc/arm-none-eabi/4.9.3/armv7e-m/fpu/libgcc.a(_arm_truncdfsf2.o)
 .ARM.attributes
                0x0000000000000aeb       0x34 /Applications/Simplicity Studio.app/Contents/Eclipse/developer/toolchains/gnu_arm/4.9_2015q3/bin/../lib/gcc/arm-none-eabi/4.9.3/../../../../arm-none-eabi/lib/armv7e-m/fpu/libc.a(lib_a-exit.o)
 .ARM.attributes
                0x0000000000000b1f       0x34 /Applications/Simplicity Studio.app/Contents/Eclipse/developer/toolchains/gnu_arm/4.9_2015q3/bin/../lib/gcc/arm-none-eabi/4.9.3/../../../../arm-none-eabi/lib/armv7e-m/fpu/libc.a(lib_a-impure.o)
 .ARM.attributes
                0x0000000000000b53       0x34 /Applications/Simplicity Studio.app/Contents/Eclipse/developer/toolchains/gnu_arm/4.9_2015q3/bin/../lib/gcc/arm-none-eabi/4.9.3/../../../../arm-none-eabi/lib/armv7e-m/fpu/libc.a(lib_a-init.o)
 .ARM.attributes
                0x0000000000000b87       0x34 /Applications/Simplicity Studio.app/Contents/Eclipse/developer/toolchains/gnu_arm/4.9_2015q3/bin/../lib/gcc/arm-none-eabi/4.9.3/../../../../arm-none-eabi/lib/armv7e-m/fpu/libc.a(lib_a-memcmp.o)
 .ARM.attributes
                0x0000000000000bbb       0x20 /Applications/Simplicity Studio.app/Contents/Eclipse/developer/toolchains/gnu_arm/4.9_2015q3/bin/../lib/gcc/arm-none-eabi/4.9.3/../../../../arm-none-eabi/lib/armv7e-m/fpu/libc.a(lib_a-memcpy.o)
 .ARM.attributes
                0x0000000000000bdb       0x34 /Applications/Simplicity Studio.app/Contents/Eclipse/developer/toolchains/gnu_arm/4.9_2015q3/bin/../lib/gcc/arm-none-eabi/4.9.3/../../../../arm-none-eabi/lib/armv7e-m/fpu/libc.a(lib_a-memset.o)
 .ARM.attributes
                0x0000000000000c0f       0x34 /Applications/Simplicity Studio.app/Contents/Eclipse/developer/toolchains/gnu_arm/4.9_2015q3/bin/../lib/gcc/arm-none-eabi/4.9.3/../../../../arm-none-eabi/lib/armv7e-m/fpu/libc.a(lib_a-__call_atexit.o)
 .ARM.attributes
                0x0000000000000c43       0x34 /Applications/Simplicity Studio.app/Contents/Eclipse/developer/toolchains/gnu_arm/4.9_2015q3/bin/../lib/gcc/arm-none-eabi/4.9.3/../../../../arm-none-eabi/lib/armv7e-m/fpu/libc.a(lib_a-atexit.o)
 .ARM.attributes
                0x0000000000000c77       0x34 /Applications/Simplicity Studio.app/Contents/Eclipse/developer/toolchains/gnu_arm/4.9_2015q3/bin/../lib/gcc/arm-none-eabi/4.9.3/../../../../arm-none-eabi/lib/armv7e-m/fpu/libc.a(lib_a-fini.o)
 .ARM.attributes
                0x0000000000000cab       0x34 /Applications/Simplicity Studio.app/Contents/Eclipse/developer/toolchains/gnu_arm/4.9_2015q3/bin/../lib/gcc/arm-none-eabi/4.9.3/../../../../arm-none-eabi/lib/armv7e-m/fpu/libc.a(lib_a-__atexit.o)
 .ARM.attributes
                0x0000000000000cdf       0x34 /Applications/Simplicity Studio.app/Contents/Eclipse/developer/toolchains/gnu_arm/4.9_2015q3/bin/../lib/gcc/arm-none-eabi/4.9.3/../../../../arm-none-eabi/lib/armv7e-m/fpu/libnosys.a(_exit.o)
 .ARM.attributes
                0x0000000000000d13       0x34 /Applications/Simplicity Studio.app/Contents/Eclipse/developer/toolchains/gnu_arm/4.9_2015q3/bin/../lib/gcc/arm-none-eabi/4.9.3/armv7e-m/fpu/crtend.o
 .ARM.attributes
                0x0000000000000d47       0x22 /Applications/Simplicity Studio.app/Contents/Eclipse/developer/toolchains/gnu_arm/4.9_2015q3/bin/../lib/gcc/arm-none-eabi/4.9.3/armv7e-m/fpu/crtn.o

.comment        0x0000000000000000       0xde
 .comment       0x0000000000000000       0x70 ./application_properties.o
                                         0x71 (size before relaxing)
 .comment       0x0000000000000000       0x71 ./gatt_db.o
 .comment       0x0000000000000000       0x71 ./main.o
 .comment       0x0000000000000000       0x71 ./bgapi/dmadrv.o
 .comment       0x0000000000000000       0x71 ./bgapi/em_adc.o
 .comment       0x0000000000000000       0x71 ./device/EFR32_B_1_1_B/gcc/startup_efr32bg1b.o
 .comment       0x0000000000000000       0x71 ./emlib/em_cmu.o
 .comment       0x0000000000000000       0x71 ./emlib/em_gpio.o
 .comment       0x0000000000000000       0x71 ./emlib/em_letimer.o
 .comment       0x0000000000000000       0x71 ./emlib/em_rtcc.o
 .comment       0x0000000000000000       0x71 ./emlib/em_system.o
 .comment       0x0000000000000000       0x71 ./emlib/em_usart.o
 .comment       0x0000000000000000       0x71 ./kit_flashpwr/BRD4302A/mx25flash_spi.o
 .comment       0x0000000000000000       0x71 ./src/InitDevice.o
 .comment       0x0000000000000000       0x71 ./src/adc.o
 .comment       0x0000000000000000       0x71 ./src/cmu.o
 .comment       0x0000000000000000       0x71 ./src/gpio.o
 .comment       0x0000000000000000       0x71 ./src/letimer.o
 .comment       0x0000000000000000       0x71 ./src/sleep.o
 .comment       0x0000000000000070       0x6e /Applications/Simplicity Studio.app/Contents/Eclipse/developer/sdks/gecko_sdk_suite/v1.1//protocol/bluetooth_2.4/lib/EFR32BG1B/GCC/bgapi.a(gecko_bgapi_hardware.c.obj)
                                         0x6f (size before relaxing)
 .comment       0x0000000000000000       0x6f /Applications/Simplicity Studio.app/Contents/Eclipse/developer/sdks/gecko_sdk_suite/v1.1//protocol/bluetooth_2.4/lib/EFR32BG1B/GCC/bgapi.a(gecko_bgapi_test.c.obj)
 .comment       0x0000000000000000       0x6f /Applications/Simplicity Studio.app/Contents/Eclipse/developer/sdks/gecko_sdk_suite/v1.1//protocol/bluetooth_2.4/lib/EFR32BG1B/GCC/bgapi.a(gecko_bgapi_dfu.c.obj)
 .comment       0x0000000000000000       0x6f /Applications/Simplicity Studio.app/Contents/Eclipse/developer/sdks/gecko_sdk_suite/v1.1//protocol/bluetooth_2.4/lib/EFR32BG1B/GCC/bgapi.a(gecko_bgapi_gap.c.obj)
 .comment       0x0000000000000000       0x6f /Applications/Simplicity Studio.app/Contents/Eclipse/developer/sdks/gecko_sdk_suite/v1.1//protocol/bluetooth_2.4/lib/EFR32BG1B/GCC/bgapi.a(gecko_bgapi_gatt.c.obj)
 .comment       0x0000000000000000       0x6f /Applications/Simplicity Studio.app/Contents/Eclipse/developer/sdks/gecko_sdk_suite/v1.1//protocol/bluetooth_2.4/lib/EFR32BG1B/GCC/bgapi.a(gecko_bgapi_gatt_server.c.obj)
 .comment       0x0000000000000000       0x6f /Applications/Simplicity Studio.app/Contents/Eclipse/developer/sdks/gecko_sdk_suite/v1.1//protocol/bluetooth_2.4/lib/EFR32BG1B/GCC/bgapi.a(gecko_bgapi_flash.c.obj)
 .comment       0x0000000000000000       0x6f /Applications/Simplicity Studio.app/Contents/Eclipse/developer/sdks/gecko_sdk_suite/v1.1//protocol/bluetooth_2.4/lib/EFR32BG1B/GCC/bgapi.a(gecko_bgapi_sm.c.obj)
 .comment       0x0000000000000000       0x6f /Applications/Simplicity Studio.app/Contents/Eclipse/developer/sdks/gecko_sdk_suite/v1.1//protocol/bluetooth_2.4/lib/EFR32BG1B/GCC/bgapi.a(gecko_bgapi_system.c.obj)
 .comment       0x0000000000000000       0x6f /Applications/Simplicity Studio.app/Contents/Eclipse/developer/sdks/gecko_sdk_suite/v1.1//protocol/bluetooth_2.4/lib/EFR32BG1B/GCC/bgapi.a(gecko_bgapi_endpoint.c.obj)
 .comment       0x0000000000000000       0x6f /Applications/Simplicity Studio.app/Contents/Eclipse/developer/sdks/gecko_sdk_suite/v1.1//protocol/bluetooth_2.4/lib/EFR32BG1B/GCC/bgapi.a(gecko_bgapi_le_connection.c.obj)
 .comment       0x0000000000000000       0x6f /Applications/Simplicity Studio.app/Contents/Eclipse/developer/sdks/gecko_sdk_suite/v1.1//protocol/bluetooth_2.4/lib/EFR32BG1B/GCC/bgapi.a(bgapi_hardware.c.obj)
 .comment       0x0000000000000000       0x6f /Applications/Simplicity Studio.app/Contents/Eclipse/developer/sdks/gecko_sdk_suite/v1.1//protocol/bluetooth_2.4/lib/EFR32BG1B/GCC/bgapi.a(bgapi_test_lib.c.obj)
 .comment       0x0000000000000000       0x6f /Applications/Simplicity Studio.app/Contents/Eclipse/developer/sdks/gecko_sdk_suite/v1.1//protocol/bluetooth_2.4/lib/EFR32BG1B/GCC/bgapi.a(bgapi_dfu.c.obj)
 .comment       0x0000000000000000       0x6f /Applications/Simplicity Studio.app/Contents/Eclipse/developer/sdks/gecko_sdk_suite/v1.1//protocol/bluetooth_2.4/lib/EFR32BG1B/GCC/bgapi.a(bgapi_gap.c.obj)
 .comment       0x0000000000000000       0x6f /Applications/Simplicity Studio.app/Contents/Eclipse/developer/sdks/gecko_sdk_suite/v1.1//protocol/bluetooth_2.4/lib/EFR32BG1B/GCC/bgapi.a(bgapi_gatt_lib.c.obj)
 .comment       0x0000000000000000       0x6f /Applications/Simplicity Studio.app/Contents/Eclipse/developer/sdks/gecko_sdk_suite/v1.1//protocol/bluetooth_2.4/lib/EFR32BG1B/GCC/bgapi.a(bgapi_ps.c.obj)
 .comment       0x0000000000000000       0x6f /Applications/Simplicity Studio.app/Contents/Eclipse/developer/sdks/gecko_sdk_suite/v1.1//protocol/bluetooth_2.4/lib/EFR32BG1B/GCC/bgapi.a(bgapi_sm.c.obj)
 .comment       0x0000000000000000       0x6f /Applications/Simplicity Studio.app/Contents/Eclipse/developer/sdks/gecko_sdk_suite/v1.1//protocol/bluetooth_2.4/lib/EFR32BG1B/GCC/bgapi.a(bgapi_system.c.obj)
 .comment       0x0000000000000000       0x6f /Applications/Simplicity Studio.app/Contents/Eclipse/developer/sdks/gecko_sdk_suite/v1.1//protocol/bluetooth_2.4/lib/EFR32BG1B/GCC/bgapi.a(bgapi_endpoint.c.obj)
 .comment       0x0000000000000000       0x6f /Applications/Simplicity Studio.app/Contents/Eclipse/developer/sdks/gecko_sdk_suite/v1.1//protocol/bluetooth_2.4/lib/EFR32BG1B/GCC/bgapi.a(bgapi_le_connection.c.obj)
 .comment       0x0000000000000000       0x6f /Applications/Simplicity Studio.app/Contents/Eclipse/developer/sdks/gecko_sdk_suite/v1.1//protocol/bluetooth_2.4/lib/EFR32BG1B/GCC/bgapi.a(gatt_client.c.obj)
 .comment       0x0000000000000000       0x6f /Applications/Simplicity Studio.app/Contents/Eclipse/developer/sdks/gecko_sdk_suite/v1.1//protocol/bluetooth_2.4/lib/EFR32BG1B/GCC/bgapi.a(ubt_gatt_client.c.obj)
 .comment       0x0000000000000000       0x6f /Applications/Simplicity Studio.app/Contents/Eclipse/developer/sdks/gecko_sdk_suite/v1.1//protocol/bluetooth_2.4/lib/EFR32BG1B/GCC/bgapi.a(att_client.c.obj)

.debug_info     0x0000000000000000    0x11a49
 .debug_info    0x0000000000000000      0x168 ./application_properties.o
 .debug_info    0x0000000000000168      0x58e ./gatt_db.o
 .debug_info    0x00000000000006f6     0x4136 ./main.o
 .debug_info    0x000000000000482c     0x13f4 ./bgapi/dmadrv.o
 .debug_info    0x0000000000005c20     0x1a66 ./bgapi/em_adc.o
 .debug_info    0x0000000000007686      0x1b4 ./device/EFR32_B_1_1_B/gcc/startup_efr32bg1b.o
 .debug_info    0x000000000000783a     0x1b9c ./emlib/em_cmu.o
 .debug_info    0x00000000000093d6      0xa05 ./emlib/em_gpio.o
 .debug_info    0x0000000000009ddb      0x507 ./emlib/em_letimer.o
 .debug_info    0x000000000000a2e2      0x6b8 ./emlib/em_rtcc.o
 .debug_info    0x000000000000a99a      0x276 ./emlib/em_system.o
 .debug_info    0x000000000000ac10      0xf55 ./emlib/em_usart.o
 .debug_info    0x000000000000bb65     0x15b7 ./kit_flashpwr/BRD4302A/mx25flash_spi.o
 .debug_info    0x000000000000d11c     0x185d ./src/InitDevice.o
 .debug_info    0x000000000000e979     0x13e8 ./src/adc.o
 .debug_info    0x000000000000fd61      0x7e6 ./src/cmu.o
 .debug_info    0x0000000000010547      0x645 ./src/gpio.o
 .debug_info    0x0000000000010b8c      0xb3d ./src/letimer.o
 .debug_info    0x00000000000116c9      0x380 ./src/sleep.o

.debug_abbrev   0x0000000000000000     0x1f47
 .debug_abbrev  0x0000000000000000       0x97 ./application_properties.o
 .debug_abbrev  0x0000000000000097       0xbd ./gatt_db.o
 .debug_abbrev  0x0000000000000154      0x203 ./main.o
 .debug_abbrev  0x0000000000000357      0x25f ./bgapi/dmadrv.o
 .debug_abbrev  0x00000000000005b6      0x223 ./bgapi/em_adc.o
 .debug_abbrev  0x00000000000007d9       0xdb ./device/EFR32_B_1_1_B/gcc/startup_efr32bg1b.o
 .debug_abbrev  0x00000000000008b4      0x2de ./emlib/em_cmu.o
 .debug_abbrev  0x0000000000000b92      0x1da ./emlib/em_gpio.o
 .debug_abbrev  0x0000000000000d6c      0x189 ./emlib/em_letimer.o
 .debug_abbrev  0x0000000000000ef5      0x177 ./emlib/em_rtcc.o
 .debug_abbrev  0x000000000000106c      0x109 ./emlib/em_system.o
 .debug_abbrev  0x0000000000001175      0x1d9 ./emlib/em_usart.o
 .debug_abbrev  0x000000000000134e      0x29a ./kit_flashpwr/BRD4302A/mx25flash_spi.o
 .debug_abbrev  0x00000000000015e8      0x1dd ./src/InitDevice.o
 .debug_abbrev  0x00000000000017c5      0x1f2 ./src/adc.o
 .debug_abbrev  0x00000000000019b7       0xfb ./src/cmu.o
 .debug_abbrev  0x0000000000001ab2      0x179 ./src/gpio.o
 .debug_abbrev  0x0000000000001c2b      0x1cb ./src/letimer.o
 .debug_abbrev  0x0000000000001df6      0x151 ./src/sleep.o

.debug_aranges  0x0000000000000000      0x960
 .debug_aranges
                0x0000000000000000       0x18 ./application_properties.o
 .debug_aranges
                0x0000000000000018       0x18 ./gatt_db.o
 .debug_aranges
                0x0000000000000030       0x28 ./main.o
 .debug_aranges
                0x0000000000000058       0xa0 ./bgapi/dmadrv.o
 .debug_aranges
                0x00000000000000f8       0x98 ./bgapi/em_adc.o
 .debug_aranges
                0x0000000000000190       0x28 ./device/EFR32_B_1_1_B/gcc/startup_efr32bg1b.o
 .debug_aranges
                0x00000000000001b8      0x1a8 ./emlib/em_cmu.o
 .debug_aranges
                0x0000000000000360       0x88 ./emlib/em_gpio.o
 .debug_aranges
                0x00000000000003e8       0x50 ./emlib/em_letimer.o
 .debug_aranges
                0x0000000000000438       0x50 ./emlib/em_rtcc.o
 .debug_aranges
                0x0000000000000488       0x28 ./emlib/em_system.o
 .debug_aranges
                0x00000000000004b0       0xb8 ./emlib/em_usart.o
 .debug_aranges
                0x0000000000000568      0x1c0 ./kit_flashpwr/BRD4302A/mx25flash_spi.o
 .debug_aranges
                0x0000000000000728       0xe8 ./src/InitDevice.o
 .debug_aranges
                0x0000000000000810       0x58 ./src/adc.o
 .debug_aranges
                0x0000000000000868       0x20 ./src/cmu.o
 .debug_aranges
                0x0000000000000888       0x60 ./src/gpio.o
 .debug_aranges
                0x00000000000008e8       0x40 ./src/letimer.o
 .debug_aranges
                0x0000000000000928       0x38 ./src/sleep.o

.debug_line     0x0000000000000000     0x5a78
 .debug_line    0x0000000000000000      0x1dd ./application_properties.o
 .debug_line    0x00000000000001dd      0x1d9 ./gatt_db.o
 .debug_line    0x00000000000003b6      0x586 ./main.o
 .debug_line    0x000000000000093c      0x63a ./bgapi/dmadrv.o
 .debug_line    0x0000000000000f76      0x570 ./bgapi/em_adc.o
 .debug_line    0x00000000000014e6      0x192 ./device/EFR32_B_1_1_B/gcc/startup_efr32bg1b.o
 .debug_line    0x0000000000001678      0xb81 ./emlib/em_cmu.o
 .debug_line    0x00000000000021f9      0x531 ./emlib/em_gpio.o
 .debug_line    0x000000000000272a      0x3e1 ./emlib/em_letimer.o
 .debug_line    0x0000000000002b0b      0x3ec ./emlib/em_rtcc.o
 .debug_line    0x0000000000002ef7      0x320 ./emlib/em_system.o
 .debug_line    0x0000000000003217      0x5ec ./emlib/em_usart.o
 .debug_line    0x0000000000003803      0xaf1 ./kit_flashpwr/BRD4302A/mx25flash_spi.o
 .debug_line    0x00000000000042f4      0x602 ./src/InitDevice.o
 .debug_line    0x00000000000048f6      0x3f9 ./src/adc.o
 .debug_line    0x0000000000004cef      0x30c ./src/cmu.o
 .debug_line    0x0000000000004ffb      0x40c ./src/gpio.o
 .debug_line    0x0000000000005407      0x3aa ./src/letimer.o
 .debug_line    0x00000000000057b1      0x2c7 ./src/sleep.o

.debug_str      0x0000000000000000     0xba12
 .debug_str     0x0000000000000000      0x257 ./application_properties.o
                                        0x2ae (size before relaxing)
 .debug_str     0x0000000000000257      0x564 ./gatt_db.o
                                        0x75e (size before relaxing)
 .debug_str     0x00000000000007bb     0x49d5 ./main.o
                                       0x4f42 (size before relaxing)
 .debug_str     0x0000000000005190      0xe4b ./bgapi/dmadrv.o
                                       0x10bd (size before relaxing)
 .debug_str     0x0000000000005fdb     0x27d0 ./bgapi/em_adc.o
                                       0x2a71 (size before relaxing)
 .debug_str     0x00000000000087ab       0x90 ./device/EFR32_B_1_1_B/gcc/startup_efr32bg1b.o
                                        0x294 (size before relaxing)
 .debug_str     0x000000000000883b      0xcbe ./emlib/em_cmu.o
                                       0x13db (size before relaxing)
 .debug_str     0x00000000000094f9      0x505 ./emlib/em_gpio.o
                                        0x82c (size before relaxing)
 .debug_str     0x00000000000099fe      0x1e8 ./emlib/em_letimer.o
                                        0x44f (size before relaxing)
 .debug_str     0x0000000000009be6      0x578 ./emlib/em_rtcc.o
                                        0x7f4 (size before relaxing)
 .debug_str     0x000000000000a15e       0xd6 ./emlib/em_system.o
                                        0x2f9 (size before relaxing)
 .debug_str     0x000000000000a234      0x8f4 ./emlib/em_usart.o
                                        0xdfa (size before relaxing)
 .debug_str     0x000000000000ab28      0x3e6 ./kit_flashpwr/BRD4302A/mx25flash_spi.o
                                        0xe95 (size before relaxing)
 .debug_str     0x000000000000af0e      0x683 ./src/InitDevice.o
                                       0x162a (size before relaxing)
 .debug_str     0x000000000000b591      0x293 ./src/adc.o
                                       0x275f (size before relaxing)
 .debug_str     0x000000000000b824       0x26 ./src/cmu.o
                                        0x98d (size before relaxing)
 .debug_str     0x000000000000b84a       0x3a ./src/gpio.o
                                        0x794 (size before relaxing)
 .debug_str     0x000000000000b884       0xe7 ./src/letimer.o
                                        0x931 (size before relaxing)
 .debug_str     0x000000000000b96b       0xa7 ./src/sleep.o
                                        0x2f1 (size before relaxing)

.debug_loc      0x0000000000000000     0x4ab2
 .debug_loc     0x0000000000000000       0x7c ./main.o
 .debug_loc     0x000000000000007c      0x568 ./bgapi/dmadrv.o
 .debug_loc     0x00000000000005e4      0x560 ./bgapi/em_adc.o
 .debug_loc     0x0000000000000b44       0x64 ./device/EFR32_B_1_1_B/gcc/startup_efr32bg1b.o
 .debug_loc     0x0000000000000ba8     0x1000 ./emlib/em_cmu.o
 .debug_loc     0x0000000000001ba8      0x4b4 ./emlib/em_gpio.o
 .debug_loc     0x000000000000205c      0x284 ./emlib/em_letimer.o
 .debug_loc     0x00000000000022e0      0x23c ./emlib/em_rtcc.o
 .debug_loc     0x000000000000251c       0xb8 ./emlib/em_system.o
 .debug_loc     0x00000000000025d4      0x6d2 ./emlib/em_usart.o
 .debug_loc     0x0000000000002ca6      0xeec ./kit_flashpwr/BRD4302A/mx25flash_spi.o
 .debug_loc     0x0000000000003b92      0x71a ./src/InitDevice.o
 .debug_loc     0x00000000000042ac      0x2bc ./src/adc.o
 .debug_loc     0x0000000000004568       0x50 ./src/cmu.o
 .debug_loc     0x00000000000045b8      0x234 ./src/gpio.o