Archive member included because of file (symbol)

/Applications/Simplicity Studio.app/Contents/Eclipse/developer/toolchains/gnu_arm/4.9_2015q3/bin/../lib/gcc/arm-none-eabi/4.9.3/armv7e-m/fpu/libgcc.a(_aeabi_uldivmod.o)
                              ./emlib/em_usart.o (__aeabi_uldivmod)
/Applications/Simplicity Studio.app/Contents/Eclipse/developer/toolchains/gnu_arm/4.9_2015q3/bin/../lib/gcc/arm-none-eabi/4.9.3/armv7e-m/fpu/libgcc.a(bpabi.o)
                              /Applications/Simplicity Studio.app/Contents/Eclipse/developer/toolchains/gnu_arm/4.9_2015q3/bin/../lib/gcc/arm-none-eabi/4.9.3/armv7e-m/fpu/libgcc.a(_aeabi_uldivmod.o) (__gnu_uldivmod_helper)
/Applications/Simplicity Studio.app/Contents/Eclipse/developer/toolchains/gnu_arm/4.9_2015q3/bin/../lib/gcc/arm-none-eabi/4.9.3/armv7e-m/fpu/libgcc.a(_dvmd_tls.o)
                              /Applications/Simplicity Studio.app/Contents/Eclipse/developer/toolchains/gnu_arm/4.9_2015q3/bin/../lib/gcc/arm-none-eabi/4.9.3/armv7e-m/fpu/libgcc.a(_aeabi_uldivmod.o) (__aeabi_ldiv0)
/Applications/Simplicity Studio.app/Contents/Eclipse/developer/toolchains/gnu_arm/4.9_2015q3/bin/../lib/gcc/arm-none-eabi/4.9.3/armv7e-m/fpu/libgcc.a(_divdi3.o)
                              /Applications/Simplicity Studio.app/Contents/Eclipse/developer/toolchains/gnu_arm/4.9_2015q3/bin/../lib/gcc/arm-none-eabi/4.9.3/armv7e-m/fpu/libgcc.a(bpabi.o) (__divdi3)
/Applications/Simplicity Studio.app/Contents/Eclipse/developer/toolchains/gnu_arm/4.9_2015q3/bin/../lib/gcc/arm-none-eabi/4.9.3/armv7e-m/fpu/libgcc.a(_udivdi3.o)
                              /Applications/Simplicity Studio.app/Contents/Eclipse/developer/toolchains/gnu_arm/4.9_2015q3/bin/../lib/gcc/arm-none-eabi/4.9.3/armv7e-m/fpu/libgcc.a(bpabi.o) (__udivdi3)
/Applications/Simplicity Studio.app/Contents/Eclipse/developer/toolchains/gnu_arm/4.9_2015q3/bin/../lib/gcc/arm-none-eabi/4.9.3/../../../../arm-none-eabi/lib/armv7e-m/fpu/libc.a(lib_a-exit.o)
                              /Applications/Simplicity Studio.app/Contents/Eclipse/developer/toolchains/gnu_arm/4.9_2015q3/bin/../lib/gcc/arm-none-eabi/4.9.3/../../../../arm-none-eabi/lib/armv7e-m/fpu/crt0.o (exit)
/Applications/Simplicity Studio.app/Contents/Eclipse/developer/toolchains/gnu_arm/4.9_2015q3/bin/../lib/gcc/arm-none-eabi/4.9.3/../../../../arm-none-eabi/lib/armv7e-m/fpu/libc.a(lib_a-impure.o)
                              /Applications/Simplicity Studio.app/Contents/Eclipse/developer/toolchains/gnu_arm/4.9_2015q3/bin/../lib/gcc/arm-none-eabi/4.9.3/../../../../arm-none-eabi/lib/armv7e-m/fpu/libc.a(lib_a-exit.o) (_global_impure_ptr)
/Applications/Simplicity Studio.app/Contents/Eclipse/developer/toolchains/gnu_arm/4.9_2015q3/bin/../lib/gcc/arm-none-eabi/4.9.3/../../../../arm-none-eabi/lib/armv7e-m/fpu/libc.a(lib_a-init.o)
                              /Applications/Simplicity Studio.app/Contents/Eclipse/developer/toolchains/gnu_arm/4.9_2015q3/bin/../lib/gcc/arm-none-eabi/4.9.3/../../../../arm-none-eabi/lib/armv7e-m/fpu/crt0.o (__libc_init_array)
/Applications/Simplicity Studio.app/Contents/Eclipse/developer/toolchains/gnu_arm/4.9_2015q3/bin/../lib/gcc/arm-none-eabi/4.9.3/../../../../arm-none-eabi/lib/armv7e-m/fpu/libc.a(lib_a-memset.o)
                              /Applications/Simplicity Studio.app/Contents/Eclipse/developer/toolchains/gnu_arm/4.9_2015q3/bin/../lib/gcc/arm-none-eabi/4.9.3/../../../../arm-none-eabi/lib/armv7e-m/fpu/crt0.o (memset)
/Applications/Simplicity Studio.app/Contents/Eclipse/developer/toolchains/gnu_arm/4.9_2015q3/bin/../lib/gcc/arm-none-eabi/4.9.3/../../../../arm-none-eabi/lib/armv7e-m/fpu/libc.a(lib_a-__call_atexit.o)
                              /Applications/Simplicity Studio.app/Contents/Eclipse/developer/toolchains/gnu_arm/4.9_2015q3/bin/../lib/gcc/arm-none-eabi/4.9.3/../../../../arm-none-eabi/lib/armv7e-m/fpu/libc.a(lib_a-exit.o) (__call_exitprocs)
/Applications/Simplicity Studio.app/Contents/Eclipse/developer/toolchains/gnu_arm/4.9_2015q3/bin/../lib/gcc/arm-none-eabi/4.9.3/../../../../arm-none-eabi/lib/armv7e-m/fpu/libc.a(lib_a-atexit.o)
                              /Applications/Simplicity Studio.app/Contents/Eclipse/developer/toolchains/gnu_arm/4.9_2015q3/bin/../lib/gcc/arm-none-eabi/4.9.3/../../../../arm-none-eabi/lib/armv7e-m/fpu/libc.a(lib_a-__call_atexit.o) (atexit)
/Applications/Simplicity Studio.app/Contents/Eclipse/developer/toolchains/gnu_arm/4.9_2015q3/bin/../lib/gcc/arm-none-eabi/4.9.3/../../../../arm-none-eabi/lib/armv7e-m/fpu/libc.a(lib_a-fini.o)
                              /Applications/Simplicity Studio.app/Contents/Eclipse/developer/toolchains/gnu_arm/4.9_2015q3/bin/../lib/gcc/arm-none-eabi/4.9.3/../../../../arm-none-eabi/lib/armv7e-m/fpu/libc.a(lib_a-__call_atexit.o) (__libc_fini_array)
/Applications/Simplicity Studio.app/Contents/Eclipse/developer/toolchains/gnu_arm/4.9_2015q3/bin/../lib/gcc/arm-none-eabi/4.9.3/../../../../arm-none-eabi/lib/armv7e-m/fpu/libc.a(lib_a-__atexit.o)
[...]
Memory Configuration

Name             Origin             Length             Attributes
FLASH_BOOTLOADER 0x0000000000000000 0x0000000000004000 xr
FLASH            0x0000000000004000 0x000000000003b000 xr
RAM              0x0000000020003000 0x0000000000004bfc xrw
*default*        0x0000000000000000 0xffffffffffffffff

Linker script and memory map

LOAD /Applications/Simplicity Studio.app/Contents/Eclipse/developer/toolchains/gnu_arm/4.9_2015q3/bin/../lib/gcc/arm-none-eabi/4.9.3/armv7e-m/fpu/crti.o
LOAD /Applications/Simplicity Studio.app/Contents/Eclipse/developer/toolchains/gnu_arm/4.9_2015q3/bin/../lib/gcc/arm-none-eabi/4.9.3/armv7e-m/fpu/crtbegin.o
LOAD /Applications/Simplicity Studio.app/Contents/Eclipse/developer/toolchains/gnu_arm/4.9_2015q3/bin/../lib/gcc/arm-none-eabi/4.9.3/../../../../arm-none-eabi/lib/armv7e-m/fpu/crt0.o
LOAD ./application_properties.o
LOAD ./gatt_db.o
LOAD ./main.o
LOAD ./bgapi/dmadrv.o
LOAD ./bgapi/em_adc.o
LOAD ./bgapi/em_ldma.o
LOAD ./bgapi/em_leuart.o
LOAD ./device/EFR32_B_1_1_B/gcc/startup_efr32bg1b.o
LOAD ./emlib/em_acmp.o
LOAD ./emlib/em_adc.o
LOAD ./emlib/em_aes.o
LOAD ./emlib/em_assert.o
LOAD ./emlib/em_burtc.o
LOAD ./emlib/em_can.o
LOAD ./emlib/em_cmu.o
LOAD ./emlib/em_core.o
LOAD ./emlib/em_cryotimer.o
LOAD ./emlib/em_crypto.o
LOAD ./emlib/em_csen.o
LOAD ./emlib/em_dac.o
LOAD ./emlib/em_dbg.o
LOAD ./emlib/em_dma.o
LOAD ./emlib/em_ebi.o
LOAD ./emlib/em_emu.o
LOAD ./emlib/em_gpcrc.o
LOAD ./emlib/em_gpio.o
LOAD ./emlib/em_i2c.o
LOAD ./emlib/em_idac.o
LOAD ./emlib/em_int.o
LOAD ./emlib/em_lcd.o
LOAD ./emlib/em_ldma.o
LOAD ./emlib/em_lesense.o
LOAD ./emlib/em_letimer.o
LOAD ./emlib/em_leuart.o
LOAD ./emlib/em_mpu.o
LOAD ./emlib/em_msc.o
LOAD ./emlib/em_opamp.o
LOAD ./emlib/em_pcnt.o
LOAD ./emlib/em_prs.o
LOAD ./emlib/em_qspi.o
LOAD ./emlib/em_rmu.o
LOAD ./emlib/em_rtc.o
LOAD ./emlib/em_rtcc.o
LOAD ./emlib/em_system.o
LOAD ./emlib/em_timer.o
LOAD ./emlib/em_usart.o
LOAD ./emlib/em_vcmp.o
LOAD ./emlib/em_vdac.o
LOAD ./emlib/em_wdog.o
LOAD ./kit_flashpwr/BRD4302A/mx25flash_spi.o
LOAD ./src/InitDevice.o
LOAD ./src/cmu.o
LOAD ./src/gpio.o
LOAD ./src/letimer.o
LOAD ./src/sleep.o
LOAD /Applications/Simplicity Studio.app/Contents/Eclipse/developer/sdks/gecko_sdk_suite/v1.1//protocol/bluetooth_2.4/lib/EFR32BG1B/EABI/stack.a
LOAD /Applications/Simplicity Studio.app/Contents/Eclipse/developer/sdks/gecko_sdk_suite/v1.1//protocol/bluetooth_2.4/lib/EFR32BG1B/EABI/binstack.o
LOAD /Applications/Simplicity Studio.app/Contents/Eclipse/developer/sdks/gecko_sdk_suite/v1.1//protocol/bluetooth_2.4/lib/EFR32BG1B/EABI/binbootloader.o
LOAD /Applications/Simplicity Studio.app/Contents/Eclipse/developer/sdks/gecko_sdk_suite/v1.1//protocol/bluetooth_2.4/lib/EFR32BG1B/GCC/bgapi.a
LOAD /Applications/Simplicity Studio.app/Contents/Eclipse/developer/toolchains/gnu_arm/4.9_2015q3/bin/../lib/gcc/arm-none-eabi/4.9.3/../../../../arm-none-eabi/lib/armv7e-m/fpu/libm.a
START GROUP
LOAD /Applications/Simplicity Studio.app/Contents/Eclipse/developer/toolchains/gnu_arm/4.9_2015q3/bin/../lib/gcc/arm-none-eabi/4.9.3/armv7e-m/fpu/libgcc.a
LOAD /Applications/Simplicity Studio.app/Contents/Eclipse/developer/toolchains/gnu_arm/4.9_2015q3/bin/../lib/gcc/arm-none-eabi/4.9.3/../../../../arm-none-eabi/lib/armv7e-m/fpu/libc.a
LOAD /Applications/Simplicity Studio.app/Contents/Eclipse/developer/toolchains/gnu_arm/4.9_2015q3/bin/../lib/gcc/arm-none-eabi/4.9.3/../../../../arm-none-eabi/lib/armv7e-m/fpu/libnosys.a
END GROUP
START GROUP
LOAD /Applications/Simplicity Studio.app/Contents/Eclipse/developer/toolchains/gnu_arm/4.9_2015q3/bin/../lib/gcc/arm-none-eabi/4.9.3/armv7e-m/fpu/libgcc.a
LOAD /Applications/Simplicity Studio.app/Contents/Eclipse/developer/toolchains/gnu_arm/4.9_2015q3/bin/../lib/gcc/arm-none-eabi/4.9.3/../../../../arm-none-eabi/lib/armv7e-m/fpu/libg.a
LOAD /Applications/Simplicity Studio.app/Contents/Eclipse/developer/toolchains/gnu_arm/4.9_2015q3/bin/../lib/gcc/arm-none-eabi/4.9.3/../../../../arm-none-eabi/lib/armv7e-m/fpu/libc.a
END GROUP
LOAD /Applications/Simplicity Studio.app/Contents/Eclipse/developer/toolchains/gnu_arm/4.9_2015q3/bin/../lib/gcc/arm-none-eabi/4.9.3/armv7e-m/fpu/crtend.o
LOAD /Applications/Simplicity Studio.app/Contents/Eclipse/developer/toolchains/gnu_arm/4.9_2015q3/bin/../lib/gcc/arm-none-eabi/4.9.3/armv7e-m/fpu/crtn.o

.text_bootloader
                0x0000000000000000     0x4000
 *(.binbootloader*)
 .binbootloader
                0x0000000000000000      0x31c /Applications/Simplicity Studio.app/Contents/Eclipse/developer/sdks/gecko_sdk_suite/v1.1//protocol/bluetooth_2.4/lib/EFR32BG1B/EABI/binbootloader.o
                0x0000000000004000                . = ALIGN (0x4000)
 *fill*         0x000000000000031c     0x3ce4 

.text_stack_bin
                0x0000000000004000    0x1cee3
 *(.binstack*)
 .binstack      0x0000000000004000    0x1cee3 /Applications/Simplicity Studio.app/Contents/Eclipse/developer/sdks/gecko_sdk_suite/v1.1//protocol/bluetooth_2.4/lib/EFR32BG1B/EABI/binstack.o

.text_signature
                0x0000000000020ee3      0x11d
                0x0000000000020f23                . = (. + 0x40)
 *fill*         0x0000000000020ee3       0x40 
                0x0000000000021000                . = ALIGN (0x800)
 *fill*         0x0000000000020f23       0xdd 
                0x0000000000021000                __text_start__ = .

.text_app       0x0000000000021000     0x265c
 *(.AAT)
 .AAT           0x0000000000021000       0x80 ./main.o
                0x0000000000021000                AppAddressTable
 *(.vectors)
 .vectors       0x0000000000021080       0xc8 ./device/EFR32_B_1_1_B/gcc/startup_efr32bg1b.o
                0x0000000000021080                __Vectors
                0x0000000000021148                __Vectors_End = .
                0x00000000000000c8                __Vectors_Size = (__Vectors_End - __Vectors)
                0x0000000000021148                __end__ = .
 *(.gecko_configuration)
 *(.xo_configuration)
 *(.gatt_header)
 .gatt_header   0x0000000000021148       0x34 ./gatt_db.o
                0x0000000000021148                bg_gattdb_data
 *(.gatt_data)
 .gatt_data     0x000000000002117c      0x1d5 ./gatt_db.o
                0x000000000002117c                bg_gattdb_data_uuidtable_16_map
                0x0000000000021198                bg_gattdb_data_uuidtable_128_map
                0x00000000000211b8                bg_gattdb_data_attribute_field_18
                0x00000000000211c0                bg_gattdb_data_attribute_field_17
                0x00000000000211d8                bg_gattdb_data_attribute_field_16
                0x00000000000211ec                bg_gattdb_data_attribute_field_15
                0x00000000000211f4                bg_gattdb_data_attribute_field_14
                0x00000000000211fc                bg_gattdb_data_attribute_field_13
                0x0000000000021208                bg_gattdb_data_attribute_field_12
                0x0000000000021210                bg_gattdb_data_attribute_field_11
                0x0000000000021220                bg_gattdb_data_attribute_field_10
                0x0000000000021228                bg_gattdb_data_attribute_field_9
                0x000000000002122c                bg_gattdb_data_attribute_field_8
                0x0000000000021230                bg_gattdb_data_attribute_field_7
                0x0000000000021238                bg_gattdb_data_attribute_field_6
                0x0000000000021240                bg_gattdb_data_attribute_field_5
                0x0000000000021248                bg_gattdb_data_attribute_field_4
                0x000000000002124c                bg_gattdb_data_attribute_field_2
                0x0000000000021254                bg_gattdb_data_attribute_field_1
                0x000000000002125c                bg_gattdb_data_attribute_field_0
                0x0000000000021260                bg_gattdb_data_attributes_map
                0x0000000000021344                bg_gattdb_data_attributes_dynamic_mapping_map
                0x000000000002134c                bg_gattdb_data_adv_uuid16_map
                0x0000000000021350                bg_gattdb_data_adv_uuid128_map
 *(.application_properties)
 *fill*         0x0000000000021351        0x3 
 .application_properties
                0x0000000000021354       0x38 ./application_properties.o
                0x0000000000021354                applicationProperties
 *(.text*)
 .text          0x000000000002138c       0x5c /Applications/Simplicity Studio.app/Contents/Eclipse/developer/toolchains/gnu_arm/4.9_2015q3/bin/../lib/gcc/arm-none-eabi/4.9.3/armv7e-m/fpu/crtbegin.o
 .text          0x00000000000213e8       0x74 /Applications/Simplicity Studio.app/Contents/Eclipse/developer/toolchains/gnu_arm/4.9_2015q3/bin/../lib/gcc/arm-none-eabi/4.9.3/../../../../arm-none-eabi/lib/armv7e-m/fpu/crt0.o
                0x00000000000213e8                _mainCRTStartup
                0x00000000000213e8                _start
 .text.NVIC_EnableIRQ
                0x000000000002145c       0x2c ./main.o
 .text.BUS_RegMaskedSet
                0x0000000000021488       0x24 ./main.o
 .text.BUS_RegMaskedClear
                0x00000000000214ac       0x24 ./main.o
 .text.GPIO_PinOutClear
                0x00000000000214d0       0x58 ./main.o
 .text.GPIO_PinOutSet
                0x0000000000021528       0x58 ./main.o
 .text.main     0x0000000000021580       0x9c ./main.o
                0x0000000000021580                main
 .text.LDMA_IRQHandler
                0x000000000002161c       0xe0 ./bgapi/dmadrv.o
                0x000000000002161c                LDMA_IRQHandler
 .text.Reset_Handler
                0x00000000000216fc       0x38 ./device/EFR32_B_1_1_B/gcc/startup_efr32bg1b.o
                0x00000000000216fc                Reset_Handler
 .text.Default_Handler
                0x0000000000021734        0x8 ./device/EFR32_B_1_1_B/gcc/startup_efr32bg1b.o
                0x0000000000021734                IDAC0_IRQHandler
                0x0000000000021734                USART0_TX_IRQHandler
                0x0000000000021734                I2C0_IRQHandler
                0x0000000000021734                HardFault_Handler
                0x0000000000021734                SysTick_Handler
                0x0000000000021734                USART1_RX_IRQHandler
                0x0000000000021734                PendSV_Handler
                0x0000000000021734                NMI_Handler
                0x0000000000021734                SYNTH_IRQHandler
                0x0000000000021734                WDOG0_IRQHandler
                0x0000000000021734                USART1_TX_IRQHandler
                0x0000000000021734                MSC_IRQHandler
                0x0000000000021734                ADC0_IRQHandler
                0x0000000000021734                UsageFault_Handler
                0x0000000000021734                LEUART0_IRQHandler
                0x0000000000021734                FPUEH_IRQHandler
                0x0000000000021734                GPIO_EVEN_IRQHandler
                0x0000000000021734                TIMER0_IRQHandler
                0x0000000000021734                TIMER1_IRQHandler
                0x0000000000021734                RFSENSE_IRQHandler
                0x0000000000021734                BUFC_IRQHandler
                0x0000000000021734                MODEM_IRQHandler
                0x0000000000021734                Default_Handler
                0x0000000000021734                RAC_SEQ_IRQHandler
                0x0000000000021734                FRC_PRI_IRQHandler
                0x0000000000021734                FRC_IRQHandler
                0x0000000000021734                CRYOTIMER_IRQHandler
                0x0000000000021734                PCNT0_IRQHandler
                0x0000000000021734                AGC_IRQHandler
                0x0000000000021734                ACMP0_IRQHandler
                0x0000000000021734                USART0_RX_IRQHandler
                0x0000000000021734                MemManage_Handler
                0x0000000000021734                SVC_Handler
                0x0000000000021734                RTCC_IRQHandler
                0x0000000000021734                CRYPTO_IRQHandler
                0x0000000000021734                CMU_IRQHandler
                0x0000000000021734                RAC_RSM_IRQHandler
                0x0000000000021734                GPIO_ODD_IRQHandler
                0x0000000000021734                PROTIMER_IRQHandler
                0x0000000000021734                BusFault_Handler
                0x0000000000021734                DebugMon_Handler
 .text.BUS_RegBitWrite
                0x000000000002173c       0x2c ./emlib/em_cmu.o
 .text.BUS_RegBitRead
                0x0000000000021768       0x2c ./emlib/em_cmu.o
 .text.CMU_Log2ToDiv
                0x0000000000021794       0x1c ./emlib/em_cmu.o
 .text.setHfLeConfig
                0x00000000000217b0       0x64 ./emlib/em_cmu.o
 .text.auxClkGet
                0x0000000000021814       0x20 ./emlib/em_cmu.o
 .text.hfSrcClkGet
                0x0000000000021834       0x2c ./emlib/em_cmu.o
 .text.dbgClkGet
                0x0000000000021860       0x3c ./emlib/em_cmu.o
 .text.adcAsyncClkGet
                0x000000000002189c       0x80 ./emlib/em_cmu.o
 .text.flashWaitStateControl
                0x000000000002191c       0x7c ./emlib/em_cmu.o
 .text.flashWaitStateMax
                0x0000000000021998       0x14 ./emlib/em_cmu.o
 .text.CMU_UpdateWaitStates
                0x00000000000219ac       0x18 ./emlib/em_cmu.o
                0x00000000000219ac                CMU_UpdateWaitStates
 .text.getRegIshUpperVal
                0x00000000000219c4       0x38 ./emlib/em_cmu.o
 .text.getHfxoTuningMode
                0x00000000000219fc       0x1c ./emlib/em_cmu.o
 .text.setHfxoTuningMode
                0x0000000000021a18       0x28 ./emlib/em_cmu.o
 .text.lfClkGet
                0x0000000000021a40       0xe8 ./emlib/em_cmu.o
 .text.syncReg  0x0000000000021b28       0x38 ./emlib/em_cmu.o
 .text.CMU_ClockEnable
                0x0000000000021b60       0xcc ./emlib/em_cmu.o
                0x0000000000021b60                CMU_ClockEnable
 .text.CMU_ClockFreqGet
                0x0000000000021c2c      0x198 ./emlib/em_cmu.o
                0x0000000000021c2c                CMU_ClockFreqGet
 .text.CMU_ClockSelectGet
                0x0000000000021dc4      0x190 ./emlib/em_cmu.o
                0x0000000000021dc4                CMU_ClockSelectGet
 .text.CMU_ClockSelectSet
                0x0000000000021f54      0x25c ./emlib/em_cmu.o
                0x0000000000021f54                CMU_ClockSelectSet
 .text.CMU_HFRCODevinfoGet
                0x00000000000221b0       0xdc ./emlib/em_cmu.o
 .text.CMU_HFRCOBandSet
                0x000000000002228c       0xec ./emlib/em_cmu.o
                0x000000000002228c                CMU_HFRCOBandSet
 .text.CMU_OscillatorEnable
                0x0000000000022378      0x174 ./emlib/em_cmu.o
                0x0000000000022378                CMU_OscillatorEnable
 .text.CMU_OscillatorTuningGet
                0x00000000000224ec       0x74 ./emlib/em_cmu.o
                0x00000000000224ec                CMU_OscillatorTuningGet
 .text.CMU_OscillatorTuningSet
                0x0000000000022560       0xfc ./emlib/em_cmu.o
                0x0000000000022560                CMU_OscillatorTuningSet
 .text.CMU_OscillatorTuningWait
                0x000000000002265c       0x8c ./emlib/em_cmu.o
                0x000000000002265c                CMU_OscillatorTuningWait
 .text.CMU_OscillatorTuningOptimize
                0x00000000000226e8       0x4c ./emlib/em_cmu.o
                0x00000000000226e8                CMU_OscillatorTuningOptimize
 .text.SystemCoreClockUpdate
                0x0000000000022734        0xc ./emlib/em_emu.o
 .text.CMU_Lock
                0x0000000000022740       0x18 ./emlib/em_emu.o
 .text.CMU_Unlock
                0x0000000000022758       0x1c ./emlib/em_emu.o
 .text.emState  0x0000000000022774       0xd0 ./emlib/em_emu.o
 .text.dcdcFetCntSet
                0x0000000000022844       0x50 ./emlib/em_emu.o
 .text.dcdcHsFixLnBlock
                0x0000000000022894       0x48 ./emlib/em_emu.o
 .text.EMU_EnterEM3
                0x00000000000228dc       0x78 ./emlib/em_emu.o
                0x00000000000228dc                EMU_EnterEM3
 .text.currentLimitersUpdate
                0x0000000000022954       0xec ./emlib/em_emu.o
 .text.BUS_RegMaskedSet
                0x0000000000022a40       0x24 ./emlib/em_gpio.o
 .text.BUS_RegMaskedClear
                0x0000000000022a64       0x24 ./emlib/em_gpio.o
 .text.BUS_RegMaskedWrite
                0x0000000000022a88       0x24 ./emlib/em_gpio.o
 .text.GPIO_PinOutClear
                0x0000000000022aac       0x58 ./emlib/em_gpio.o
 .text.GPIO_PinOutSet
                0x0000000000022b04       0x58 ./emlib/em_gpio.o
 .text.GPIO_DriveStrengthSet
                0x0000000000022b5c       0x60 ./emlib/em_gpio.o
                0x0000000000022b5c                GPIO_DriveStrengthSet
 .text.GPIO_PinModeSet
                0x0000000000022bbc      0x108 ./emlib/em_gpio.o
                0x0000000000022bbc                GPIO_PinModeSet
 .text.LETIMER_CompareSet
                0x0000000000022cc4       0x58 ./emlib/em_letimer.o
                0x0000000000022cc4                LETIMER_CompareSet
 .text.LETIMER_Init
                0x0000000000022d1c       0xcc ./emlib/em_letimer.o
                0x0000000000022d1c                LETIMER_Init
 .text.USART_BaudrateSyncSet
                0x0000000000022de8       0x40 ./emlib/em_usart.o
                0x0000000000022de8                USART_BaudrateSyncSet
 .text.USART_InitSync
                0x0000000000022e28       0xec ./emlib/em_usart.o
                0x0000000000022e28                USART_InitSync
 .text.USART_Reset
                0x0000000000022f14       0x94 ./emlib/em_usart.o
                0x0000000000022f14                USART_Reset
 .text.USART_SpiTransfer
                0x0000000000022fa8       0x40 ./emlib/em_usart.o
                0x0000000000022fa8                USART_SpiTransfer
 .text.BUS_RegMaskedSet
                0x0000000000022fe8       0x24 ./kit_flashpwr/BRD4302A/mx25flash_spi.o
 .text.BUS_RegMaskedClear
                0x000000000002300c       0x24 ./kit_flashpwr/BRD4302A/mx25flash_spi.o
 .text.GPIO_PinOutClear
                0x0000000000023030       0x58 ./kit_flashpwr/BRD4302A/mx25flash_spi.o
 .text.GPIO_PinOutSet
                0x0000000000023088       0x58 ./kit_flashpwr/BRD4302A/mx25flash_spi.o
 .text.MX25_init
                0x00000000000230e0       0x98 ./kit_flashpwr/BRD4302A/mx25flash_spi.o
                0x00000000000230e0                MX25_init
 .text.Wait_Flash_WarmUp
                0x0000000000023178       0x24 ./kit_flashpwr/BRD4302A/mx25flash_spi.o
                0x0000000000023178                Wait_Flash_WarmUp
 .text.Initial_Spi
                0x000000000002319c        0xc ./kit_flashpwr/BRD4302A/mx25flash_spi.o
                0x000000000002319c                Initial_Spi
 .text.CS_Low   0x00000000000231a8       0x10 ./kit_flashpwr/BRD4302A/mx25flash_spi.o
                0x00000000000231a8                CS_Low
 .text.CS_High  0x00000000000231b8       0x10 ./kit_flashpwr/BRD4302A/mx25flash_spi.o
                0x00000000000231b8                CS_High
 .text.SendByte
                0x00000000000231c8       0x3c ./kit_flashpwr/BRD4302A/mx25flash_spi.o
                0x00000000000231c8                SendByte
 .text.MX25_DP  0x0000000000023204       0x1c ./kit_flashpwr/BRD4302A/mx25flash_spi.o
                0x0000000000023204                MX25_DP
 .text.cmu_init
                0x0000000000023220       0x30 ./src/cmu.o
                0x0000000000023220                cmu_init
 .text.gpio_init
                0x0000000000023250       0x34 ./src/gpio.o
                0x0000000000023250                gpio_init
 .text.LETIMER_IntClear
                0x0000000000023284       0x1c ./src/letimer.o
 .text.LETIMER_setup
                0x00000000000232a0       0x70 ./src/letimer.o
                0x00000000000232a0                LETIMER_setup
 .text.LETIMER0_IRQHandler
                0x0000000000023310       0x1c ./src/letimer.o
                0x0000000000023310                LETIMER0_IRQHandler
 .text.exit     0x000000000002332c       0x20 /Applications/Simplicity Studio.app/Contents/Eclipse/developer/toolchains/gnu_arm/4.9_2015q3/bin/../lib/gcc/arm-none-eabi/4.9.3/../../../../arm-none-eabi/lib/armv7e-m/fpu/libc.a(lib_a-exit.o)
                0x000000000002332c                exit
 .text.__libc_init_array
                0x000000000002334c       0x50 /Applications/Simplicity Studio.app/Contents/Eclipse/developer/toolchains/gnu_arm/4.9_2015q3/bin/../lib/gcc/arm-none-eabi/4.9.3/../../../../arm-none-eabi/lib/armv7e-m/fpu/libc.a(lib_a-init.o)
                0x000000000002334c                __libc_init_array
 .text.memset   0x000000000002339c       0x9c /Applications/Simplicity Studio.app/Contents/Eclipse/developer/toolchains/gnu_arm/4.9_2015q3/bin/../lib/gcc/arm-none-eabi/4.9.3/../../../../arm-none-eabi/lib/armv7e-m/fpu/libc.a(lib_a-memset.o)
                0x000000000002339c                memset
 .text.startup.register_fini
                0x0000000000023438       0x14 /Applications/Simplicity Studio.app/Contents/Eclipse/developer/toolchains/gnu_arm/4.9_2015q3/bin/../lib/gcc/arm-none-eabi/4.9.3/../../../../arm-none-eabi/lib/armv7e-m/fpu/libc.a(lib_a-__call_atexit.o)
 .text.__call_exitprocs
                0x000000000002344c       0xd4 /Applications/Simplicity Studio.app/Contents/Eclipse/developer/toolchains/gnu_arm/4.9_2015q3/bin/../lib/gcc/arm-none-eabi/4.9.3/../../../../arm-none-eabi/lib/armv7e-m/fpu/libc.a(lib_a-__call_atexit.o)
                0x000000000002344c                __call_exitprocs
 .text.atexit   0x0000000000023520        0xc /Applications/Simplicity Studio.app/Contents/Eclipse/developer/toolchains/gnu_arm/4.9_2015q3/bin/../lib/gcc/arm-none-eabi/4.9.3/../../../../arm-none-eabi/lib/armv7e-m/fpu/libc.a(lib_a-atexit.o)
                0x0000000000023520                atexit
 .text.__libc_fini_array
                0x000000000002352c       0x2c /Applications/Simplicity Studio.app/Contents/Eclipse/developer/toolchains/gnu_arm/4.9_2015q3/bin/../lib/gcc/arm-none-eabi/4.9.3/../../../../arm-none-eabi/lib/armv7e-m/fpu/libc.a(lib_a-fini.o)
                0x000000000002352c                __libc_fini_array
 .text.__register_exitproc
                0x0000000000023558       0xa4 /Applications/Simplicity Studio.app/Contents/Eclipse/developer/toolchains/gnu_arm/4.9_2015q3/bin/../lib/gcc/arm-none-eabi/4.9.3/../../../../arm-none-eabi/lib/armv7e-m/fpu/libc.a(lib_a-__atexit.o)
                0x0000000000023558                __register_exitproc
 .text._exit    0x00000000000235fc        0x4 /Applications/Simplicity Studio.app/Contents/Eclipse/developer/toolchains/gnu_arm/4.9_2015q3/bin/../lib/gcc/arm-none-eabi/4.9.3/../../../../arm-none-eabi/lib/armv7e-m/fpu/libnosys.a(_exit.o)
                0x00000000000235fc                _exit
 *(.init)
 .init          0x0000000000023600        0x4 /Applications/Simplicity Studio.app/Contents/Eclipse/developer/toolchains/gnu_arm/4.9_2015q3/bin/../lib/gcc/arm-none-eabi/4.9.3/armv7e-m/fpu/crti.o
                0x0000000000023600                _init
 .init          0x0000000000023604        0x8 /Applications/Simplicity Studio.app/Contents/Eclipse/developer/toolchains/gnu_arm/4.9_2015q3/bin/../lib/gcc/arm-none-eabi/4.9.3/armv7e-m/fpu/crtn.o
 *(.fini)
 .fini          0x000000000002360c        0x4 /Applications/Simplicity Studio.app/Contents/Eclipse/developer/toolchains/gnu_arm/4.9_2015q3/bin/../lib/gcc/arm-none-eabi/4.9.3/armv7e-m/fpu/crti.o
                0x000000000002360c                _fini
 .fini          0x0000000000023610        0x8 /Applications/Simplicity Studio.app/Contents/Eclipse/developer/toolchains/gnu_arm/4.9_2015q3/bin/../lib/gcc/arm-none-eabi/4.9.3/armv7e-m/fpu/crtn.o
 *crtbegin.o(.ctors)
 *crtbegin?.o(.ctors)
 *(EXCLUDE_FILE(*crtend.o *crtend?.o) .ctors)
 *(SORT(.ctors.*))
 *(.ctors)
 *crtbegin.o(.dtors)
 *crtbegin?.o(.dtors)
 *(EXCLUDE_FILE(*crtend.o *crtend?.o) .dtors)
 *(SORT(.dtors.*))
 *(.dtors)
 *(.rodata*)
 .rodata        0x0000000000023618       0x24 ./kit_flashpwr/BRD4302A/mx25flash_spi.o
 .rodata        0x000000000002363c       0x14 ./src/letimer.o
 .rodata.str1.4
                0x0000000000023650        0x4 /Applications/Simplicity Studio.app/Contents/Eclipse/developer/toolchains/gnu_arm/4.9_2015q3/bin/../lib/gcc/arm-none-eabi/4.9.3/../../../../arm-none-eabi/lib/armv7e-m/fpu/libc.a(lib_a-impure.o)
                                          0x2 (size before relaxing)
 .rodata._global_impure_ptr
                0x0000000000023654        0x4 /Applications/Simplicity Studio.app/Contents/Eclipse/developer/toolchains/gnu_arm/4.9_2015q3/bin/../lib/gcc/arm-none-eabi/4.9.3/../../../../arm-none-eabi/lib/armv7e-m/fpu/libc.a(lib_a-impure.o)
                0x0000000000023654                _global_impure_ptr
 *(.eh_frame*)
 .eh_frame      0x0000000000023658        0x0 /Applications/Simplicity Studio.app/Contents/Eclipse/developer/toolchains/gnu_arm/4.9_2015q3/bin/../lib/gcc/arm-none-eabi/4.9.3/armv7e-m/fpu/crtbegin.o
 .eh_frame      0x0000000000023658        0x4 /Applications/Simplicity Studio.app/Contents/Eclipse/developer/toolchains/gnu_arm/4.9_2015q3/bin/../lib/gcc/arm-none-eabi/4.9.3/armv7e-m/fpu/crtend.o
                0x000000000002365c                . = ALIGN (0x4)

.glue_7         0x000000000002365c        0x0
 .glue_7        0x0000000000000000        0x0 linker stubs

.glue_7t        0x000000000002365c        0x0
 .glue_7t       0x0000000000000000        0x0 linker stubs

.vfp11_veneer   0x000000000002365c        0x0
 .vfp11_veneer  0x0000000000000000        0x0 linker stubs

.v4_bx          0x000000000002365c        0x0
 .v4_bx         0x0000000000000000        0x0 linker stubs

.iplt           0x000000000002365c        0x0
 .iplt          0x0000000000000000        0x0 /Applications/Simplicity Studio.app/Contents/Eclipse/developer/toolchains/gnu_arm/4.9_2015q3/bin/../lib/gcc/arm-none-eabi/4.9.3/armv7e-m/fpu/crtbegin.o

.igot.plt       0x000000000002365c        0x0
 .igot.plt      0x0000000000000000        0x0 /Applications/Simplicity Studio.app/Contents/Eclipse/developer/toolchains/gnu_arm/4.9_2015q3/bin/../lib/gcc/arm-none-eabi/4.9.3/armv7e-m/fpu/crtbegin.o

.text_app_ARM.extab
 *(.ARM.extab* .gnu.linkonce.armextab.*)
                0x000000000002365c                __exidx_start = .

.text_app_ARM.exidx
                0x000000000002365c        0x8
 *(.ARM.exidx* .gnu.linkonce.armexidx.*)
 .ARM.exidx     0x000000000002365c        0x8 /Applications/Simplicity Studio.app/Contents/Eclipse/developer/toolchains/gnu_arm/4.9_2015q3/bin/../lib/gcc/arm-none-eabi/4.9.3/../../../../arm-none-eabi/lib/armv7e-m/fpu/crt0.o
                0x0000000000023664                __exidx_end = .
                0x0000000000023664                __etext = .

.rel.dyn        0x0000000000023664        0x0
 .rel.iplt      0x0000000000000000        0x0 /Applications/Simplicity Studio.app/Contents/Eclipse/developer/toolchains/gnu_arm/4.9_2015q3/bin/../lib/gcc/arm-none-eabi/4.9.3/armv7e-m/fpu/crtbegin.o

.text_app_data  0x0000000020003000      0x450 load address 0x0000000000023664
                0x0000000020003000                __data_start__ = .
 *(vtable)
 *(.data*)
 .data.bg_gattdb_data_attribute_field_6_data
                0x0000000020003000        0xd ./gatt_db.o
                0x0000000020003000                bg_gattdb_data_attribute_field_6_data
 *fill*         0x000000002000300d        0x3 
 .data.auxHfrcoFreq
                0x0000000020003010        0x4 ./emlib/em_cmu.o
 *fill*         0x0000000020003014        0x4 
 .data.impure_data
                0x0000000020003018      0x428 /Applications/Simplicity Studio.app/Contents/Eclipse/developer/toolchains/gnu_arm/4.9_2015q3/bin/../lib/gcc/arm-none-eabi/4.9.3/../../../../arm-none-eabi/lib/armv7e-m/fpu/libc.a(lib_a-impure.o)
                0x0000000020003440                . = ALIGN (0x4)
 *(.ram)
                0x0000000020003440                . = ALIGN (0x4)
                0x0000000020003440                PROVIDE (__preinit_array_start, .)
 *(.preinit_array)
                0x0000000020003440                PROVIDE (__preinit_array_end, .)
                0x0000000020003440                . = ALIGN (0x4)
                0x0000000020003440                PROVIDE (__init_array_start, .)
 *(SORT(.init_array.*))
 .init_array.00000
                0x0000000020003440        0x4 /Applications/Simplicity Studio.app/Contents/Eclipse/developer/toolchains/gnu_arm/4.9_2015q3/bin/../lib/gcc/arm-none-eabi/4.9.3/../../../../arm-none-eabi/lib/armv7e-m/fpu/libc.a(lib_a-__call_atexit.o)
 *(.init_array)
 .init_array    0x0000000020003444        0x4 /Applications/Simplicity Studio.app/Contents/Eclipse/developer/toolchains/gnu_arm/4.9_2015q3/bin/../lib/gcc/arm-none-eabi/4.9.3/armv7e-m/fpu/crtbegin.o
                0x0000000020003448                PROVIDE (__init_array_end, .)
                0x0000000020003448                . = ALIGN (0x4)
                0x0000000020003448                PROVIDE (__fini_array_start, .)
 *(SORT(.fini_array.*))
 *(.fini_array)
 .fini_array    0x0000000020003448        0x4 /Applications/Simplicity Studio.app/Contents/Eclipse/developer/toolchains/gnu_arm/4.9_2015q3/bin/../lib/gcc/arm-none-eabi/4.9.3/armv7e-m/fpu/crtbegin.o
                0x000000002000344c                PROVIDE (__fini_array_end, .)
 *(.jcr*)
 .jcr           0x000000002000344c        0x0 /Applications/Simplicity Studio.app/Contents/Eclipse/developer/toolchains/gnu_arm/4.9_2015q3/bin/../lib/gcc/arm-none-eabi/4.9.3/armv7e-m/fpu/crtbegin.o
 .jcr           0x000000002000344c        0x4 /Applications/Simplicity Studio.app/Contents/Eclipse/developer/toolchains/gnu_arm/4.9_2015q3/bin/../lib/gcc/arm-none-eabi/4.9.3/armv7e-m/fpu/crtend.o
                0x0000000020003450                . = ALIGN (0x4)
                0x0000000020003450                __data_end__ = .

.bss            0x0000000020003450      0x1d4 load address 0x0000000000023ab4
                0x0000000020003450                . = ALIGN (0x4)
                0x0000000020003450                __bss_start__ = .
 *(.bss*)
 .bss           0x0000000020003450       0x1c /Applications/Simplicity Studio.app/Contents/Eclipse/developer/toolchains/gnu_arm/4.9_2015q3/bin/../lib/gcc/arm-none-eabi/4.9.3/armv7e-m/fpu/crtbegin.o
 .bss.bg_gattdb_data_attribute_field_2_data
                0x000000002000346c        0x4 ./gatt_db.o
                0x000000002000346c                bg_gattdb_data_attribute_field_2_data
 .bss.chTable   0x0000000020003470       0xa0 ./bgapi/dmadrv.o
 .bss.dmaXfer   0x0000000020003510      0x100 ./bgapi/dmadrv.o
 .bss.errataFixDcdcHsState
                0x0000000020003610        0x4 ./emlib/em_emu.o
 .bss.dcdcMaxCurrent_mA
                0x0000000020003614        0x2 ./emlib/em_emu.o
 .bss.dcdcReverseCurrentControl
                0x0000000020003616        0x2 ./emlib/em_emu.o
 .bss.cmuStatus.6195
                0x0000000020003618        0x4 ./emlib/em_emu.o
 .bss.hfClock.6196
                0x000000002000361c        0x4 ./emlib/em_emu.o
 .bss.emuDcdcMiscCtrlReg.6203
                0x0000000020003620        0x4 ./emlib/em_emu.o
 *(COMMON)
                0x0000000020003624                . = ALIGN (0x4)
                0x0000000020003624                __bss_end__ = .

.heap           0x0000000020003628      0xc00
                0x0000000020003628                __HeapBase = .
                0x0000000020003628                __end__ = .
                0x0000000020003628                end = __end__
                0x0000000020003628                _end = __end__
 *(.heap*)
 .heap          0x0000000020003628      0xc00 ./device/EFR32_B_1_1_B/gcc/startup_efr32bg1b.o
                0x0000000020004228                __HeapLimit = .

.stack_dummy    0x0000000020004228      0x400
 *(.stack*)
 .stack         0x0000000020004228      0x400 ./device/EFR32_B_1_1_B/gcc/startup_efr32bg1b.o
                0x0000000020007bfc                __StackTop = (ORIGIN (RAM) + 0x4bfc)
                0x00000000200077fc                __StackLimit = (__StackTop - SIZEOF (.stack_dummy))
                0x0000000020007bfc                PROVIDE (__stack, __StackTop)
                0x0000000000000001                ASSERT ((__StackLimit >= __HeapLimit), region RAM overflowed with stack)
OUTPUT(LED_Blinking.axf elf32-littlearm)

.ARM.attributes
                0x0000000000000000       0x30
 .ARM.attributes
                0x0000000000000000       0x22 /Applications/Simplicity Studio.app/Contents/Eclipse/developer/toolchains/gnu_arm/4.9_2015q3/bin/../lib/gcc/arm-none-eabi/4.9.3/armv7e-m/fpu/crti.o
 .ARM.attributes
                0x0000000000000022       0x34 /Applications/Simplicity Studio.app/Contents/Eclipse/developer/toolchains/gnu_arm/4.9_2015q3/bin/../lib/gcc/arm-none-eabi/4.9.3/armv7e-m/fpu/crtbegin.o
 .ARM.attributes
                0x0000000000000056       0x20 /Applications/Simplicity Studio.app/Contents/Eclipse/developer/toolchains/gnu_arm/4.9_2015q3/bin/../lib/gcc/arm-none-eabi/4.9.3/../../../../arm-none-eabi/lib/armv7e-m/fpu/crt0.o
 .ARM.attributes
                0x0000000000000076       0x39 ./application_properties.o
 .ARM.attributes
                0x00000000000000af       0x39 ./gatt_db.o
 .ARM.attributes
                0x00000000000000e8       0x39 ./main.o
 .ARM.attributes
                0x0000000000000121       0x39 ./bgapi/dmadrv.o
 .ARM.attributes
                0x000000000000015a       0x39 ./device/EFR32_B_1_1_B/gcc/startup_efr32bg1b.o
 .ARM.attributes
                0x0000000000000193       0x39 ./emlib/em_cmu.o
 .ARM.attributes
                0x00000000000001cc       0x39 ./emlib/em_emu.o
 .ARM.attributes
                0x0000000000000205       0x39 ./emlib/em_gpio.o
 .ARM.attributes
                0x000000000000023e       0x39 ./emlib/em_letimer.o
 .ARM.attributes
                0x0000000000000277       0x39 ./emlib/em_usart.o
 .ARM.attributes
                0x00000000000002b0       0x39 ./kit_flashpwr/BRD4302A/mx25flash_spi.o
 .ARM.attributes
                0x00000000000002e9       0x39 ./src/cmu.o
 .ARM.attributes
                0x0000000000000322       0x39 ./src/gpio.o
 .ARM.attributes
                0x000000000000035b       0x39 ./src/letimer.o
 .ARM.attributes
                0x0000000000000394       0x1c /Applications/Simplicity Studio.app/Contents/Eclipse/developer/sdks/gecko_sdk_suite/v1.1//protocol/bluetooth_2.4/lib/EFR32BG1B/EABI/binstack.o
 .ARM.attributes
                0x00000000000003b0       0x1c /Applications/Simplicity Studio.app/Contents/Eclipse/developer/sdks/gecko_sdk_suite/v1.1//protocol/bluetooth_2.4/lib/EFR32BG1B/EABI/binbootloader.o
 .ARM.attributes
                0x00000000000003cc       0x34 /Applications/Simplicity Studio.app/Contents/Eclipse/developer/toolchains/gnu_arm/4.9_2015q3/bin/../lib/gcc/arm-none-eabi/4.9.3/../../../../arm-none-eabi/lib/armv7e-m/fpu/libc.a(lib_a-exit.o)
 .ARM.attributes
                0x0000000000000400       0x34 /Applications/Simplicity Studio.app/Contents/Eclipse/developer/toolchains/gnu_arm/4.9_2015q3/bin/../lib/gcc/arm-none-eabi/4.9.3/../../../../arm-none-eabi/lib/armv7e-m/fpu/libc.a(lib_a-impure.o)
 .ARM.attributes
                0x0000000000000434       0x34 /Applications/Simplicity Studio.app/Contents/Eclipse/developer/toolchains/gnu_arm/4.9_2015q3/bin/../lib/gcc/arm-none-eabi/4.9.3/../../../../arm-none-eabi/lib/armv7e-m/fpu/libc.a(lib_a-init.o)
 .ARM.attributes
                0x0000000000000468       0x34 /Applications/Simplicity Studio.app/Contents/Eclipse/developer/toolchains/gnu_arm/4.9_2015q3/bin/../lib/gcc/arm-none-eabi/4.9.3/../../../../arm-none-eabi/lib/armv7e-m/fpu/libc.a(lib_a-memset.o)
 .ARM.attributes
                0x000000000000049c       0x34 /Applications/Simplicity Studio.app/Contents/Eclipse/developer/toolchains/gnu_arm/4.9_2015q3/bin/../lib/gcc/arm-none-eabi/4.9.3/../../../../arm-none-eabi/lib/armv7e-m/fpu/libc.a(lib_a-__call_atexit.o)
 .ARM.attributes
                0x00000000000004d0       0x34 /Applications/Simplicity Studio.app/Contents/Eclipse/developer/toolchains/gnu_arm/4.9_2015q3/bin/../lib/gcc/arm-none-eabi/4.9.3/../../../../arm-none-eabi/lib/armv7e-m/fpu/libc.a(lib_a-atexit.o)
 .ARM.attributes
                0x0000000000000504       0x34 /Applications/Simplicity Studio.app/Contents/Eclipse/developer/toolchains/gnu_arm/4.9_2015q3/bin/../lib/gcc/arm-none-eabi/4.9.3/../../../../arm-none-eabi/lib/armv7e-m/fpu/libc.a(lib_a-fini.o)
 .ARM.attributes
                0x0000000000000538       0x34 /Applications/Simplicity Studio.app/Contents/Eclipse/developer/toolchains/gnu_arm/4.9_2015q3/bin/../lib/gcc/arm-none-eabi/4.9.3/../../../../arm-none-eabi/lib/armv7e-m/fpu/libc.a(lib_a-__atexit.o)
 .ARM.attributes
                0x000000000000056c       0x34 /Applications/Simplicity Studio.app/Contents/Eclipse/developer/toolchains/gnu_arm/4.9_2015q3/bin/../lib/gcc/arm-none-eabi/4.9.3/../../../../arm-none-eabi/lib/armv7e-m/fpu/libnosys.a(_exit.o)
 .ARM.attributes
                0x00000000000005a0       0x34 /Applications/Simplicity Studio.app/Contents/Eclipse/developer/toolchains/gnu_arm/4.9_2015q3/bin/../lib/gcc/arm-none-eabi/4.9.3/armv7e-m/fpu/crtend.o
 .ARM.attributes
                0x00000000000005d4       0x22 /Applications/Simplicity Studio.app/Contents/Eclipse/developer/toolchains/gnu_arm/4.9_2015q3/bin/../lib/gcc/arm-none-eabi/4.9.3/armv7e-m/fpu/crtn.o

.comment        0x0000000000000000       0x70
 .comment       0x0000000000000000       0x70 ./application_properties.o
                                         0x71 (size before relaxing)
 .comment       0x0000000000000000       0x71 ./gatt_db.o
 .comment       0x0000000000000000       0x71 ./main.o
 .comment       0x0000000000000000       0x71 ./bgapi/dmadrv.o
 .comment       0x0000000000000000       0x71 ./device/EFR32_B_1_1_B/gcc/startup_efr32bg1b.o
 .comment       0x0000000000000000       0x71 ./emlib/em_cmu.o
 .comment       0x0000000000000000       0x71 ./emlib/em_emu.o
 .comment       0x0000000000000000       0x71 ./emlib/em_gpio.o
 .comment       0x0000000000000000       0x71 ./emlib/em_letimer.o
 .comment       0x0000000000000000       0x71 ./emlib/em_usart.o
 .comment       0x0000000000000000       0x71 ./kit_flashpwr/BRD4302A/mx25flash_spi.o
 .comment       0x0000000000000000       0x71 ./src/cmu.o
 .comment       0x0000000000000000       0x71 ./src/gpio.o
 .comment       0x0000000000000000       0x71 ./src/letimer.o

.debug_info     0x0000000000000000     0xdc13
 .debug_info    0x0000000000000000      0x168 ./application_properties.o
 .debug_info    0x0000000000000168      0x58e ./gatt_db.o
 .debug_info    0x00000000000006f6     0x4770 ./main.o
 .debug_info    0x0000000000004e66     0x13f4 ./bgapi/dmadrv.o
 .debug_info    0x000000000000625a      0x1b4 ./device/EFR32_B_1_1_B/gcc/startup_efr32bg1b.o
 .debug_info    0x000000000000640e     0x1b9c ./emlib/em_cmu.o
 .debug_info    0x0000000000007faa     0x1f29 ./emlib/em_emu.o
 .debug_info    0x0000000000009ed3      0xa05 ./emlib/em_gpio.o
 .debug_info    0x000000000000a8d8      0x507 ./emlib/em_letimer.o
 .debug_info    0x000000000000addf      0xf55 ./emlib/em_usart.o
 .debug_info    0x000000000000bd34     0x15b7 ./kit_flashpwr/BRD4302A/mx25flash_spi.o
 .debug_info    0x000000000000d2eb      0x27e ./src/cmu.o
 .debug_info    0x000000000000d569      0x198 ./src/gpio.o
 .debug_info    0x000000000000d701      0x512 ./src/letimer.o

.debug_abbrev   0x0000000000000000     0x1717
 .debug_abbrev  0x0000000000000000       0x97 ./application_properties.o
 .debug_abbrev  0x0000000000000097       0xbd ./gatt_db.o
 .debug_abbrev  0x0000000000000154      0x257 ./main.o
 .debug_abbrev  0x00000000000003ab      0x25f ./bgapi/dmadrv.o
 .debug_abbrev  0x000000000000060a       0xdb ./device/EFR32_B_1_1_B/gcc/startup_efr32bg1b.o
 .debug_abbrev  0x00000000000006e5      0x2de ./emlib/em_cmu.o
 .debug_abbrev  0x00000000000009c3      0x319 ./emlib/em_emu.o
 .debug_abbrev  0x0000000000000cdc      0x1da ./emlib/em_gpio.o
 .debug_abbrev  0x0000000000000eb6      0x189 ./emlib/em_letimer.o
 .debug_abbrev  0x000000000000103f      0x1d9 ./emlib/em_usart.o
 .debug_abbrev  0x0000000000001218      0x29a ./kit_flashpwr/BRD4302A/mx25flash_spi.o
 .debug_abbrev  0x00000000000014b2       0x9d ./src/cmu.o
 .debug_abbrev  0x000000000000154f       0x90 ./src/gpio.o
 .debug_abbrev  0x00000000000015df      0x138 ./src/letimer.o

.debug_aranges  0x0000000000000000      0x820
 .debug_aranges
                0x0000000000000000       0x18 ./application_properties.o
 .debug_aranges
                0x0000000000000018       0x18 ./gatt_db.o
 .debug_aranges
                0x0000000000000030       0x48 ./main.o
 .debug_aranges
                0x0000000000000078       0xa0 ./bgapi/dmadrv.o
 .debug_aranges
                0x0000000000000118       0x28 ./device/EFR32_B_1_1_B/gcc/startup_efr32bg1b.o
 .debug_aranges
                0x0000000000000140      0x1a8 ./emlib/em_cmu.o
 .debug_aranges
                0x00000000000002e8      0x178 ./emlib/em_emu.o
 .debug_aranges
                0x0000000000000460       0x88 ./emlib/em_gpio.o
 .debug_aranges
                0x00000000000004e8       0x50 ./emlib/em_letimer.o
 .debug_aranges
                0x0000000000000538       0xb8 ./emlib/em_usart.o
 .debug_aranges
                0x00000000000005f0      0x1c0 ./kit_flashpwr/BRD4302A/mx25flash_spi.o
 .debug_aranges
                0x00000000000007b0       0x20 ./src/cmu.o
 .debug_aranges
                0x00000000000007d0       0x20 ./src/gpio.o
 .debug_aranges
                0x00000000000007f0       0x30 ./src/letimer.o

.debug_line     0x0000000000000000     0x4b49
 .debug_line    0x0000000000000000      0x1dd ./application_properties.o
 .debug_line    0x00000000000001dd      0x1d9 ./gatt_db.o
 .debug_line    0x00000000000003b6      0x655 ./main.o
 .debug_line    0x0000000000000a0b      0x63a ./bgapi/dmadrv.o
 .debug_line    0x0000000000001045      0x192 ./device/EFR32_B_1_1_B/gcc/startup_efr32bg1b.o
 .debug_line    0x00000000000011d7      0xb81 ./emlib/em_cmu.o
 .debug_line    0x0000000000001d58      0xc16 ./emlib/em_emu.o
 .debug_line    0x000000000000296e      0x531 ./emlib/em_gpio.o
 .debug_line    0x0000000000002e9f      0x3e1 ./emlib/em_letimer.o
 .debug_line    0x0000000000003280      0x5ec ./emlib/em_usart.o
 .debug_line    0x000000000000386c      0xaf1 ./kit_flashpwr/BRD4302A/mx25flash_spi.o
 .debug_line    0x000000000000435d      0x258 ./src/cmu.o
 .debug_line    0x00000000000045b5      0x25a ./src/gpio.o
 .debug_line    0x000000000000480f      0x33a ./src/letimer.o

.debug_str      0x0000000000000000     0x9414
 .debug_str     0x0000000000000000      0x257 ./application_properties.o
                                        0x2ae (size before relaxing)
 .debug_str     0x0000000000000257      0x564 ./gatt_db.o
                                        0x75e (size before relaxing)
 .debug_str     0x00000000000007bb     0x4eb3 ./main.o
                                       0x542d (size before relaxing)
 .debug_str     0x000000000000566e      0xe37 ./bgapi/dmadrv.o
                                       0x10bd (size before relaxing)
 .debug_str     0x00000000000064a5       0x90 ./device/EFR32_B_1_1_B/gcc/startup_efr32bg1b.o
                                        0x294 (size before relaxing)
 .debug_str     0x0000000000006535      0xece ./emlib/em_cmu.o
                                       0x13db (size before relaxing)
 .debug_str     0x0000000000007403      0xdac ./emlib/em_emu.o
                                       0x17a4 (size before relaxing)
 .debug_str     0x00000000000081af      0x32a ./emlib/em_gpio.o
                                        0x82c (size before relaxing)
 .debug_str     0x00000000000084d9      0x1e3 ./emlib/em_letimer.o
                                        0x44f (size before relaxing)
 .debug_str     0x00000000000086bc      0x8f4 ./emlib/em_usart.o
                                        0xdfa (size before relaxing)
 .debug_str     0x0000000000008fb0      0x3e6 ./kit_flashpwr/BRD4302A/mx25flash_spi.o
                                        0xe95 (size before relaxing)
 .debug_str     0x0000000000009396       0x16 ./src/cmu.o
                                        0x518 (size before relaxing)
 .debug_str     0x00000000000093ac       0x18 ./src/gpio.o
                                        0x45f (size before relaxing)
 .debug_str     0x00000000000093c4       0x50 ./src/letimer.o
                                        0x6de (size before relaxing)

.debug_loc      0x0000000000000000     0x4334
 .debug_loc     0x0000000000000000      0x1ec ./main.o
 .debug_loc     0x00000000000001ec      0x568 ./bgapi/dmadrv.o
 .debug_loc     0x0000000000000754       0x64 ./device/EFR32_B_1_1_B/gcc/startup_efr32bg1b.o
 .debug_loc     0x00000000000007b8     0x1000 ./emlib/em_cmu.o
 .debug_loc     0x00000000000017b8      0xd56 ./emlib/em_emu.o
 .debug_loc     0x000000000000250e      0x4b4 ./emlib/em_gpio.o
 .debug_loc     0x00000000000029c2      0x284 ./emlib/em_letimer.o
 .debug_loc     0x0000000000002c46      0x6d2 ./emlib/em_usart.o
 .debug_loc     0x0000000000003318      0xeec ./kit_flashpwr/BRD4302A/mx25flash_spi.o
 .debug_loc     0x0000000000004204       0x2c ./src/cmu.o
 .debug_loc     0x0000000000004230       0x2c ./src/gpio.o
 .debug_loc     0x000000000000425c       0xd8 ./src/letimer.o

.debug_ranges   0x0000000000000000      0x730
 .debug_ranges  0x0000000000000000       0x38 ./main.o
 .debug_ranges  0x0000000000000038       0x90 ./bgapi/dmadrv.o
 .debug_ranges  0x00000000000000c8       0x18 ./device/EFR32_B_1_1_B/gcc/startup_efr32bg1b.o
 .debug_ranges  0x00000000000000e0      0x198 ./emlib/em_cmu.o
 .debug_ranges  0x0000000000000278      0x168 ./emlib/em_emu.o
 .debug_ranges  0x00000000000003e0       0x78 ./emlib/em_gpio.o
 .debug_ranges  0x0000000000000458       0x40 ./emlib/em_letimer.o
 .debug_ranges  0x0000000000000498       0xa8 ./emlib/em_usart.o
 .debug_ranges  0x0000000000000540      0x1b0 ./kit_flashpwr/BRD4302A/mx25flash_spi.o
 .debug_ranges  0x00000000000006f0       0x10 ./src/cmu.o
 .debug_ranges  0x0000000000000700       0x10 ./src/gpio.o
 .debug_ranges  0x0000000000000710       0x20 ./src/letimer.o

.debug_frame    0x0000000000000000     0x2138
 .debug_frame   0x0000000000000000       0xf0 ./main.o
 .debug_frame   0x00000000000000f0      0x280 ./bgapi/dmadrv.o
 .debug_frame   0x0000000000000370       0x48 ./device/EFR32_B_1_1_B/gcc/startup_efr32bg1b.o
 .debug_frame   0x00000000000003b8      0x74c ./emlib/em_cmu.o
 .debug_frame   0x0000000000000b04      0x638 ./emlib/em_emu.o
 .debug_frame   0x000000000000113c      0x224 ./emlib/em_gpio.o
 .debug_frame   0x0000000000001360      0x128 ./emlib/em_letimer.o
 .debug_frame   0x0000000000001488      0x310 ./emlib/em_usart.o
 .debug_frame   0x0000000000001798      0x74c ./kit_flashpwr/BRD4302A/mx25flash_spi.o
 .debug_frame   0x0000000000001ee4       0x2c ./src/cmu.o
 .debug_frame   0x0000000000001f10       0x2c ./src/gpio.o
 .debug_frame   0x0000000000001f3c       0x7c ./src/letimer.o
 .debug_frame   0x0000000000001fb8       0x28 /Applications/Simplicity Studio.app/Contents/Eclipse/developer/toolchains/gnu_arm/4.9_2015q3/bin/../lib/gcc/arm-none-eabi/4.9.3/../../../../arm-none-eabi/lib/armv7e-m/fpu/libc.a(lib_a-exit.o)
 .debug_frame   0x0000000000001fe0       0x2c /Applications/Simplicity Studio.app/Contents/Eclipse/developer/toolchains/gnu_arm/4.9_2015q3/bin/../lib/gcc/arm-none-eabi/4.9.3/../../../../arm-none-eabi/lib/armv7e-m/fpu/libc.a(lib_a-init.o)
 .debug_frame   0x000000000000200c       0x34 /Applications/Simplicity Studio.app/Contents/Eclipse/developer/toolchains/gnu_arm/4.9_2015q3/bin/../lib/gcc/arm-none-eabi/4.9.3/../../../../arm-none-eabi/lib/armv7e-m/fpu/libc.a(lib_a-memset.o)
 .debug_frame   0x0000000000002040       0x50 /Applications/Simplicity Studio.app/Contents/Eclipse/developer/toolchains/gnu_arm/4.9_2015q3/bin/../lib/gcc/arm-none-eabi/4.9.3/../../../../arm-none-eabi/lib/armv7e-m/fpu/libc.a(lib_a-__call_atexit.o)
 .debug_frame   0x0000000000002090       0x20 /Applications/Simplicity Studio.app/Contents/Eclipse/developer/toolchains/gnu_arm/4.9_2015q3/bin/../lib/gcc/arm-none-eabi/4.9.3/../../../../arm-none-eabi/lib/armv7e-m/fpu/libc.a(lib_a-atexit.o)
 .debug_frame   0x00000000000020b0       0x34 /Applications/Simplicity Studio.app/Contents/Eclipse/developer/toolchains/gnu_arm/4.9_2015q3/bin/../lib/gcc/arm-none-eabi/4.9.3/../../../../arm-none-eabi/lib/armv7e-m/fpu/libc.a(lib_a-fini.o)
 .debug_frame   0x00000000000020e4       0x34 /Applications/Simplicity Studio.app/Contents/Eclipse/developer/toolchains/gnu_arm/4.9_2015q3/bin/../lib/gcc/arm-none-eabi/4.9.3/../../../../arm-none-eabi/lib/armv7e-m/fpu/libc.a(lib_a-__atexit.o)
 .debug_frame   0x0000000000002118       0x20 /Applications/Simplicity Studio.app/Contents/Eclipse/developer/toolchains/gnu_arm/4.9_2015q3/bin/../lib/gcc/arm-none-eabi/4.9.3/../../../../arm-none-eabi/lib/armv7e-m/fpu/libnosys.a(_exit.o)
