Archive member included because of file (symbol)

/Applications/Simplicity Studio.app/Contents/Eclipse/developer/sdks/gecko_sdk_suite/v1.1//protocol/bluetooth_2.4/lib/EFR32BG1B/GCC/bgapi.a(gecko_bgapi_hardware.c.obj)
                              ./main.o (gecko_bgapi_class_hardware_init)
/Applications/Simplicity Studio.app/Contents/Eclipse/developer/sdks/gecko_sdk_suite/v1.1//protocol/bluetooth_2.4/lib/EFR32BG1B/GCC/bgapi.a(gecko_bgapi_test.c.obj)
                              ./main.o (gecko_bgapi_class_test_init)
/Applications/Simplicity Studio.app/Contents/Eclipse/developer/sdks/gecko_sdk_suite/v1.1//protocol/bluetooth_2.4/lib/EFR32BG1B/GCC/bgapi.a(gecko_bgapi_dfu.c.obj)
                              ./main.o (gecko_bgapi_class_dfu_init)
/Applications/Simplicity Studio.app/Contents/Eclipse/developer/sdks/gecko_sdk_suite/v1.1//protocol/bluetooth_2.4/lib/EFR32BG1B/GCC/bgapi.a(gecko_bgapi_gap.c.obj)
                              ./main.o (gecko_bgapi_class_le_gap_init)
/Applications/Simplicity Studio.app/Contents/Eclipse/developer/sdks/gecko_sdk_suite/v1.1//protocol/bluetooth_2.4/lib/EFR32BG1B/GCC/bgapi.a(gecko_bgapi_gatt.c.obj)
                              ./main.o (gecko_bgapi_class_gatt_init)
/Applications/Simplicity Studio.app/Contents/Eclipse/developer/sdks/gecko_sdk_suite/v1.1//protocol/bluetooth_2.4/lib/EFR32BG1B/GCC/bgapi.a(gecko_bgapi_gatt_server.c.obj)
                              ./main.o (gecko_bgapi_class_gatt_server_init)
/Applications/Simplicity Studio.app/Contents/Eclipse/developer/sdks/gecko_sdk_suite/v1.1//protocol/bluetooth_2.4/lib/EFR32BG1B/GCC/bgapi.a(gecko_bgapi_flash.c.obj)
                              ./main.o (gecko_bgapi_class_flash_init)
/Applications/Simplicity Studio.app/Contents/Eclipse/developer/sdks/gecko_sdk_suite/v1.1//protocol/bluetooth_2.4/lib/EFR32BG1B/GCC/bgapi.a(gecko_bgapi_sm.c.obj)
                              ./main.o (gecko_bgapi_class_sm_init)
/Applications/Simplicity Studio.app/Contents/Eclipse/developer/sdks/gecko_sdk_suite/v1.1//protocol/bluetooth_2.4/lib/EFR32BG1B/GCC/bgapi.a(gecko_bgapi_system.c.obj)
                              ./main.o (gecko_bgapi_class_system_init)
/Applications/Simplicity Studio.app/Contents/Eclipse/developer/sdks/gecko_sdk_suite/v1.1//protocol/bluetooth_2.4/lib/EFR32BG1B/GCC/bgapi.a(gecko_bgapi_endpoint.c.obj)
                              ./main.o (gecko_bgapi_class_endpoint_init)
/Applications/Simplicity Studio.app/Contents/Eclipse/developer/sdks/gecko_sdk_suite/v1.1//protocol/bluetooth_2.4/lib/EFR32BG1B/GCC/bgapi.a(gecko_bgapi_le_connection.c.obj)
                              ./main.o (gecko_bgapi_class_le_connection_init)
/Applications/Simplicity Studio.app/Contents/Eclipse/developer/sdks/gecko_sdk_suite/v1.1//protocol/bluetooth_2.4/lib/EFR32BG1B/GCC/bgapi.a(bgapi_hardware.c.obj)
                              /Applications/Simplicity Studio.app/Contents/Eclipse/developer/sdks/gecko_sdk_suite/v1.1//protocol/bluetooth_2.4/lib/EFR32BG1B/GCC/bgapi.a(gecko_bgapi_hardware.c.obj) (lib_hardware_handler_init)
/Applications/Simplicity Studio.app/Contents/Eclipse/developer/sdks/gecko_sdk_suite/v1.1//protocol/bluetooth_2.4/lib/EFR32BG1B/GCC/bgapi.a(bgapi_test_lib.c.obj)
                              /Applications/Simplicity Studio.app/Contents/Eclipse/developer/sdks/gecko_sdk_suite/v1.1//protocol/bluetooth_2.4/lib/EFR32BG1B/GCC/bgapi.a(gecko_bgapi_test.c.obj) (lib_test_handler_init)
/Applications/Simplicity Studio.app/Contents/Eclipse/developer/sdks/gecko_sdk_suite/v1.1//protocol/bluetooth_2.4/lib/EFR32BG1B/GCC/bgapi.a(bgapi_dfu.c.obj)
                              /Applications/Simplicity Studio.app/Contents/Eclipse/developer/sdks/gecko_sdk_suite/v1.1//protocol/bluetooth_2.4/lib/EFR32BG1B/GCC/bgapi.a(gecko_bgapi_dfu.c.obj) (lib_dfu_handler_init)
/Applications/Simplicity Studio.app/Contents/Eclipse/developer/sdks/gecko_sdk_suite/v1.1//protocol/bluetooth_2.4/lib/EFR32BG1B/GCC/bgapi.a(bgapi_gap.c.obj)
                              /Applications/Simplicity Studio.app/Contents/Eclipse/developer/sdks/gecko_sdk_suite/v1.1//protocol/bluetooth_2.4/lib/EFR32BG1B/GCC/bgapi.a(gecko_bgapi_gap.c.obj) (lib_le_gap_handler_init)
/Applications/Simplicity Studio.app/Contents/Eclipse/developer/sdks/gecko_sdk_suite/v1.1//protocol/bluetooth_2.4/lib/EFR32BG1B/GCC/bgapi.a(bgapi_gatt_lib.c.obj)
                              /Applications/Simplicity Studio.app/Contents/Eclipse/developer/sdks/gecko_sdk_suite/v1.1//protocol/bluetooth_2.4/lib/EFR32BG1B/GCC/bgapi.a(gecko_bgapi_gatt.c.obj) (lib_gatt_handler_init)
/Applications/Simplicity Studio.app/Contents/Eclipse/developer/sdks/gecko_sdk_suite/v1.1//protocol/bluetooth_2.4/lib/EFR32BG1B/GCC/bgapi.a(bgapi_ps.c.obj)
                              /Applications/Simplicity Studio.app/Contents/Eclipse/developer/sdks/gecko_sdk_suite/v1.1//protocol/bluetooth_2.4/lib/EFR32BG1B/GCC/bgapi.a(gecko_bgapi_flash.c.obj) (lib_flash_handler_init)
[...]
Memory Configuration

Name             Origin             Length             Attributes
FLASH_BOOTLOADER 0x0000000000000000 0x0000000000004000 xr
FLASH            0x0000000000004000 0x000000000003b000 xr
RAM              0x0000000020003000 0x0000000000004bfc xrw
*default*        0x0000000000000000 0xffffffffffffffff

Linker script and memory map

LOAD /Applications/Simplicity Studio.app/Contents/Eclipse/developer/toolchains/gnu_arm/4.9_2015q3/bin/../lib/gcc/arm-none-eabi/4.9.3/armv7e-m/fpu/crti.o
LOAD /Applications/Simplicity Studio.app/Contents/Eclipse/developer/toolchains/gnu_arm/4.9_2015q3/bin/../lib/gcc/arm-none-eabi/4.9.3/armv7e-m/fpu/crtbegin.o
LOAD /Applications/Simplicity Studio.app/Contents/Eclipse/developer/toolchains/gnu_arm/4.9_2015q3/bin/../lib/gcc/arm-none-eabi/4.9.3/../../../../arm-none-eabi/lib/armv7e-m/fpu/crt0.o
LOAD ./application_properties.o
LOAD ./gatt_db.o
LOAD ./main.o
LOAD ./bgapi/dmadrv.o
LOAD ./bgapi/em_adc.o
LOAD ./bgapi/em_ldma.o
LOAD ./bgapi/em_leuart.o
LOAD ./device/EFR32_B_1_1_B/gcc/startup_efr32bg1b.o
LOAD ./emlib/em_cmu.o
LOAD ./emlib/em_gpio.o
LOAD ./emlib/em_i2c.o
LOAD ./emlib/em_letimer.o
LOAD ./emlib/em_msc.o
LOAD ./emlib/em_rtcc.o
LOAD ./emlib/em_system.o
LOAD ./emlib/em_timer.o
LOAD ./emlib/em_usart.o
LOAD ./kit_flashpwr/BRD4302A/mx25flash_spi.o
LOAD ./src/InitDevice.o
LOAD ./src/adc.o
LOAD ./src/cmu.o
LOAD ./src/gpio.o
LOAD ./src/i2c.o
LOAD ./src/letimer.o
LOAD ./src/sleep.o
LOAD ./src/timer.o
LOAD ./src/usart.o
LOAD /Applications/Simplicity Studio.app/Contents/Eclipse/developer/sdks/gecko_sdk_suite/v1.1//protocol/bluetooth_2.4/lib/EFR32BG1B/EABI/stack.a
LOAD /Applications/Simplicity Studio.app/Contents/Eclipse/developer/sdks/gecko_sdk_suite/v1.1//protocol/bluetooth_2.4/lib/EFR32BG1B/EABI/binstack.o
LOAD /Applications/Simplicity Studio.app/Contents/Eclipse/developer/sdks/gecko_sdk_suite/v1.1//protocol/bluetooth_2.4/lib/EFR32BG1B/EABI/binbootloader.o
LOAD /Applications/Simplicity Studio.app/Contents/Eclipse/developer/sdks/gecko_sdk_suite/v1.1//protocol/bluetooth_2.4/lib/EFR32BG1B/GCC/bgapi.a
LOAD /Applications/Simplicity Studio.app/Contents/Eclipse/developer/toolchains/gnu_arm/4.9_2015q3/bin/../lib/gcc/arm-none-eabi/4.9.3/../../../../arm-none-eabi/lib/armv7e-m/fpu/libm.a
START GROUP
LOAD /Applications/Simplicity Studio.app/Contents/Eclipse/developer/toolchains/gnu_arm/4.9_2015q3/bin/../lib/gcc/arm-none-eabi/4.9.3/armv7e-m/fpu/libgcc.a
LOAD /Applications/Simplicity Studio.app/Contents/Eclipse/developer/toolchains/gnu_arm/4.9_2015q3/bin/../lib/gcc/arm-none-eabi/4.9.3/../../../../arm-none-eabi/lib/armv7e-m/fpu/libc.a
LOAD /Applications/Simplicity Studio.app/Contents/Eclipse/developer/toolchains/gnu_arm/4.9_2015q3/bin/../lib/gcc/arm-none-eabi/4.9.3/../../../../arm-none-eabi/lib/armv7e-m/fpu/libnosys.a
END GROUP
START GROUP
LOAD /Applications/Simplicity Studio.app/Contents/Eclipse/developer/toolchains/gnu_arm/4.9_2015q3/bin/../lib/gcc/arm-none-eabi/4.9.3/armv7e-m/fpu/libgcc.a
LOAD /Applications/Simplicity Studio.app/Contents/Eclipse/developer/toolchains/gnu_arm/4.9_2015q3/bin/../lib/gcc/arm-none-eabi/4.9.3/../../../../arm-none-eabi/lib/armv7e-m/fpu/libg.a
LOAD /Applications/Simplicity Studio.app/Contents/Eclipse/developer/toolchains/gnu_arm/4.9_2015q3/bin/../lib/gcc/arm-none-eabi/4.9.3/../../../../arm-none-eabi/lib/armv7e-m/fpu/libc.a
END GROUP
LOAD /Applications/Simplicity Studio.app/Contents/Eclipse/developer/toolchains/gnu_arm/4.9_2015q3/bin/../lib/gcc/arm-none-eabi/4.9.3/armv7e-m/fpu/crtend.o
LOAD /Applications/Simplicity Studio.app/Contents/Eclipse/developer/toolchains/gnu_arm/4.9_2015q3/bin/../lib/gcc/arm-none-eabi/4.9.3/armv7e-m/fpu/crtn.o

.text_bootloader
                0x0000000000000000     0x4000
 *(.binbootloader*)
 .binbootloader
                0x0000000000000000      0x31c /Applications/Simplicity Studio.app/Contents/Eclipse/developer/sdks/gecko_sdk_suite/v1.1//protocol/bluetooth_2.4/lib/EFR32BG1B/EABI/binbootloader.o
                0x0000000000004000                . = ALIGN (0x4000)
 *fill*         0x000000000000031c     0x3ce4 

.text_stack_bin
                0x0000000000004000    0x1cee3
 *(.binstack*)
 .binstack      0x0000000000004000    0x1cee3 /Applications/Simplicity Studio.app/Contents/Eclipse/developer/sdks/gecko_sdk_suite/v1.1//protocol/bluetooth_2.4/lib/EFR32BG1B/EABI/binstack.o

.text_signature
                0x0000000000020ee3      0x11d
                0x0000000000020f23                . = (. + 0x40)
 *fill*         0x0000000000020ee3       0x40 
                0x0000000000021000                . = ALIGN (0x800)
 *fill*         0x0000000000020f23       0xdd 
                0x0000000000021000                __text_start__ = .

.text_app       0x0000000000021000     0x8470
 *(.AAT)
 .AAT           0x0000000000021000       0x80 ./main.o
                0x0000000000021000                AppAddressTable
 *(.vectors)
 .vectors       0x0000000000021080       0xc8 ./device/EFR32_B_1_1_B/gcc/startup_efr32bg1b.o
                0x0000000000021080                __Vectors
                0x0000000000021148                __Vectors_End = .
                0x00000000000000c8                __Vectors_Size = (__Vectors_End - __Vectors)
                0x0000000000021148                __end__ = .
 *(.gecko_configuration)
 *(.xo_configuration)
 *(.gatt_header)
 .gatt_header   0x0000000000021148       0x34 ./gatt_db.o
                0x0000000000021148                bg_gattdb_data
 *(.gatt_data)
 .gatt_data     0x000000000002117c      0x1d5 ./gatt_db.o
                0x000000000002117c                bg_gattdb_data_uuidtable_16_map
                0x0000000000021198                bg_gattdb_data_uuidtable_128_map
                0x00000000000211b8                bg_gattdb_data_attribute_field_18
                0x00000000000211c0                bg_gattdb_data_attribute_field_17
                0x00000000000211d8                bg_gattdb_data_attribute_field_16
                0x00000000000211ec                bg_gattdb_data_attribute_field_15
                0x00000000000211f4                bg_gattdb_data_attribute_field_14
                0x00000000000211fc                bg_gattdb_data_attribute_field_13
                0x0000000000021208                bg_gattdb_data_attribute_field_12
                0x0000000000021210                bg_gattdb_data_attribute_field_11
                0x0000000000021220                bg_gattdb_data_attribute_field_10
                0x0000000000021228                bg_gattdb_data_attribute_field_9
                0x000000000002122c                bg_gattdb_data_attribute_field_8
                0x0000000000021230                bg_gattdb_data_attribute_field_7
                0x0000000000021238                bg_gattdb_data_attribute_field_6
                0x0000000000021240                bg_gattdb_data_attribute_field_5
                0x0000000000021248                bg_gattdb_data_attribute_field_4
                0x000000000002124c                bg_gattdb_data_attribute_field_2
                0x0000000000021254                bg_gattdb_data_attribute_field_1
                0x000000000002125c                bg_gattdb_data_attribute_field_0
                0x0000000000021260                bg_gattdb_data_attributes_map
                0x0000000000021344                bg_gattdb_data_attributes_dynamic_mapping_map
                0x000000000002134c                bg_gattdb_data_adv_uuid16_map
                0x0000000000021350                bg_gattdb_data_adv_uuid128_map
 *(.application_properties)
 *fill*         0x0000000000021351        0x3 
 .application_properties
                0x0000000000021354       0x38 ./application_properties.o
                0x0000000000021354                applicationProperties
 *(.text*)
 .text          0x000000000002138c       0x5c /Applications/Simplicity Studio.app/Contents/Eclipse/developer/toolchains/gnu_arm/4.9_2015q3/bin/../lib/gcc/arm-none-eabi/4.9.3/armv7e-m/fpu/crtbegin.o
 .text          0x00000000000213e8       0x74 /Applications/Simplicity Studio.app/Contents/Eclipse/developer/toolchains/gnu_arm/4.9_2015q3/bin/../lib/gcc/arm-none-eabi/4.9.3/../../../../arm-none-eabi/lib/armv7e-m/fpu/crt0.o
                0x00000000000213e8                _mainCRTStartup
                0x00000000000213e8                _start
 .text.gecko_init
                0x000000000002145c       0x40 ./main.o
 .text.main     0x000000000002149c       0x58 ./main.o
                0x000000000002149c                main
 .text.LDMA_IRQHandler
                0x00000000000214f4       0xe0 ./bgapi/dmadrv.o
                0x00000000000214f4                LDMA_IRQHandler
 .text.ADC_IntClear
                0x00000000000215d4       0x1c ./bgapi/em_adc.o
 .text.BUS_RegBitWrite
                0x00000000000215f0       0x2c ./bgapi/em_adc.o
 .text.BUS_RegMaskedSet
                0x000000000002161c       0x24 ./bgapi/em_adc.o
 .text.BUS_RegMaskedClear
                0x0000000000021640       0x24 ./bgapi/em_adc.o
 .text.BUS_RegMaskedWrite
                0x0000000000021664       0x24 ./bgapi/em_adc.o
 .text.ADC_LoadDevinfoCal
                0x0000000000021688      0x1b8 ./bgapi/em_adc.o
 .text.ADC_Init
                0x0000000000021840       0x90 ./bgapi/em_adc.o
                0x0000000000021840                ADC_Init
 .text.ADC_InitSingle
                0x00000000000218d0      0x150 ./bgapi/em_adc.o
                0x00000000000218d0                ADC_InitSingle
 .text.ADC_PrescaleCalc
                0x0000000000021a20       0x64 ./bgapi/em_adc.o
                0x0000000000021a20                ADC_PrescaleCalc
 .text.ADC_TimebaseCalc
                0x0000000000021a84       0x50 ./bgapi/em_adc.o
                0x0000000000021a84                ADC_TimebaseCalc
 .text.Reset_Handler
                0x0000000000021ad4       0x38 ./device/EFR32_B_1_1_B/gcc/startup_efr32bg1b.o
                0x0000000000021ad4                Reset_Handler
 .text.Default_Handler
                0x0000000000021b0c        0x8 ./device/EFR32_B_1_1_B/gcc/startup_efr32bg1b.o
                0x0000000000021b0c                IDAC0_IRQHandler
                0x0000000000021b0c                USART0_TX_IRQHandler
                0x0000000000021b0c                I2C0_IRQHandler
                0x0000000000021b0c                HardFault_Handler
                0x0000000000021b0c                SysTick_Handler
                0x0000000000021b0c                USART1_RX_IRQHandler
                0x0000000000021b0c                PendSV_Handler
                0x0000000000021b0c                NMI_Handler
                0x0000000000021b0c                SYNTH_IRQHandler
                0x0000000000021b0c                WDOG0_IRQHandler
                0x0000000000021b0c                USART1_TX_IRQHandler
                0x0000000000021b0c                MSC_IRQHandler
                0x0000000000021b0c                UsageFault_Handler
                0x0000000000021b0c                LEUART0_IRQHandler
                0x0000000000021b0c                FPUEH_IRQHandler
                0x0000000000021b0c                GPIO_EVEN_IRQHandler
                0x0000000000021b0c                TIMER1_IRQHandler
                0x0000000000021b0c                RFSENSE_IRQHandler
                0x0000000000021b0c                BUFC_IRQHandler
                0x0000000000021b0c                MODEM_IRQHandler
                0x0000000000021b0c                Default_Handler
                0x0000000000021b0c                RAC_SEQ_IRQHandler
                0x0000000000021b0c                FRC_PRI_IRQHandler
                0x0000000000021b0c                FRC_IRQHandler
                0x0000000000021b0c                CRYOTIMER_IRQHandler
                0x0000000000021b0c                PCNT0_IRQHandler
                0x0000000000021b0c                AGC_IRQHandler
                0x0000000000021b0c                ACMP0_IRQHandler
                0x0000000000021b0c                USART0_RX_IRQHandler
                0x0000000000021b0c                MemManage_Handler
                0x0000000000021b0c                SVC_Handler
                0x0000000000021b0c                RTCC_IRQHandler
                0x0000000000021b0c                CRYPTO_IRQHandler
                0x0000000000021b0c                CMU_IRQHandler
                0x0000000000021b0c                RAC_RSM_IRQHandler
                0x0000000000021b0c                PROTIMER_IRQHandler
                0x0000000000021b0c                BusFault_Handler
                0x0000000000021b0c                DebugMon_Handler
 .text.BUS_RegBitWrite
                0x0000000000021b14       0x2c ./emlib/em_cmu.o
 .text.BUS_RegBitRead
                0x0000000000021b40       0x2c ./emlib/em_cmu.o
 .text.BUS_RegMaskedSet
                0x0000000000021b6c       0x24 ./emlib/em_cmu.o
 .text.BUS_RegMaskedClear
                0x0000000000021b90       0x24 ./emlib/em_cmu.o
 .text.BUS_RegMaskedWrite
                0x0000000000021bb4       0x24 ./emlib/em_cmu.o
 .text.CMU_Log2ToDiv
                0x0000000000021bd8       0x1c ./emlib/em_cmu.o
 .text.setHfLeConfig
                0x0000000000021bf4       0x64 ./emlib/em_cmu.o
 .text.auxClkGet
                0x0000000000021c58       0x20 ./emlib/em_cmu.o
 .text.hfSrcClkGet
                0x0000000000021c78       0x2c ./emlib/em_cmu.o
 .text.dbgClkGet
                0x0000000000021ca4       0x3c ./emlib/em_cmu.o
 .text.adcAsyncClkGet
                0x0000000000021ce0       0x80 ./emlib/em_cmu.o
 .text.flashWaitStateControl
                0x0000000000021d60       0x7c ./emlib/em_cmu.o
 .text.flashWaitStateMax
                0x0000000000021ddc       0x14 ./emlib/em_cmu.o
 .text.CMU_UpdateWaitStates
                0x0000000000021df0       0x18 ./emlib/em_cmu.o
                0x0000000000021df0                CMU_UpdateWaitStates
 .text.getRegIshUpperVal
                0x0000000000021e08       0x38 ./emlib/em_cmu.o
 .text.getHfxoTuningMode
                0x0000000000021e40       0x1c ./emlib/em_cmu.o
 .text.setHfxoTuningMode
                0x0000000000021e5c       0x28 ./emlib/em_cmu.o
 .text.lfClkGet
                0x0000000000021e84       0xe8 ./emlib/em_cmu.o
 .text.syncReg  0x0000000000021f6c       0x38 ./emlib/em_cmu.o
 .text.CMU_AUXHFRCODevinfoGet
                0x0000000000021fa4       0xdc ./emlib/em_cmu.o
 .text.CMU_AUXHFRCOBandSet
                0x0000000000022080       0x98 ./emlib/em_cmu.o
                0x0000000000022080                CMU_AUXHFRCOBandSet
 .text.CMU_ClockEnable
                0x0000000000022118       0xcc ./emlib/em_cmu.o
                0x0000000000022118                CMU_ClockEnable
 .text.CMU_ClockFreqGet
                0x00000000000221e4      0x198 ./emlib/em_cmu.o
                0x00000000000221e4                CMU_ClockFreqGet
 .text.CMU_ClockSelectGet
                0x000000000002237c      0x190 ./emlib/em_cmu.o
                0x000000000002237c                CMU_ClockSelectGet
 .text.CMU_ClockSelectSet
                0x000000000002250c      0x25c ./emlib/em_cmu.o
                0x000000000002250c                CMU_ClockSelectSet
 .text.CMU_HFRCODevinfoGet
                0x0000000000022768       0xdc ./emlib/em_cmu.o
 .text.CMU_HFRCOBandSet
                0x0000000000022844       0xec ./emlib/em_cmu.o
                0x0000000000022844                CMU_HFRCOBandSet
 .text.CMU_HFXOAutostartEnable
                0x0000000000022930       0x7c ./emlib/em_cmu.o
                0x0000000000022930                CMU_HFXOAutostartEnable
 .text.CMU_HFXOInit
                0x00000000000229ac       0xf4 ./emlib/em_cmu.o
                0x00000000000229ac                CMU_HFXOInit
 .text.CMU_LFXOInit
                0x0000000000022aa0       0x50 ./emlib/em_cmu.o
                0x0000000000022aa0                CMU_LFXOInit
 .text.CMU_OscillatorEnable
                0x0000000000022af0      0x174 ./emlib/em_cmu.o
                0x0000000000022af0                CMU_OscillatorEnable
 .text.CMU_OscillatorTuningGet
                0x0000000000022c64       0x74 ./emlib/em_cmu.o
                0x0000000000022c64                CMU_OscillatorTuningGet
 .text.CMU_OscillatorTuningSet
                0x0000000000022cd8       0xfc ./emlib/em_cmu.o
                0x0000000000022cd8                CMU_OscillatorTuningSet
 .text.CMU_OscillatorTuningWait
                0x0000000000022dd4       0x8c ./emlib/em_cmu.o
                0x0000000000022dd4                CMU_OscillatorTuningWait
 .text.CMU_OscillatorTuningOptimize
                0x0000000000022e60       0x4c ./emlib/em_cmu.o
                0x0000000000022e60                CMU_OscillatorTuningOptimize
 .text.BUS_RegBitWrite
                0x0000000000022eac       0x2c ./emlib/em_gpio.o
 .text.BUS_RegMaskedSet
                0x0000000000022ed8       0x24 ./emlib/em_gpio.o
 .text.BUS_RegMaskedClear
                0x0000000000022efc       0x24 ./emlib/em_gpio.o
 .text.BUS_RegMaskedWrite
                0x0000000000022f20       0x24 ./emlib/em_gpio.o
 .text.GPIO_PinOutClear
                0x0000000000022f44       0x58 ./emlib/em_gpio.o
 .text.GPIO_PinOutSet
                0x0000000000022f9c       0x58 ./emlib/em_gpio.o
 .text.GPIO_DriveStrengthSet
                0x0000000000022ff4       0x60 ./emlib/em_gpio.o
                0x0000000000022ff4                GPIO_DriveStrengthSet
 .text.GPIO_ExtIntConfig
                0x0000000000023054      0x128 ./emlib/em_gpio.o
                0x0000000000023054                GPIO_ExtIntConfig
 .text.GPIO_PinModeSet
                0x000000000002317c      0x108 ./emlib/em_gpio.o
                0x000000000002317c                GPIO_PinModeSet
 .text.BUS_RegBitWrite
                0x0000000000023284       0x2c ./emlib/em_i2c.o
 .text.BUS_RegMaskedSet
                0x00000000000232b0       0x24 ./emlib/em_i2c.o
 .text.BUS_RegMaskedClear
                0x00000000000232d4       0x24 ./emlib/em_i2c.o
 .text.BUS_RegMaskedWrite
                0x00000000000232f8       0x24 ./emlib/em_i2c.o
 .text.I2C_BusFreqSet
                0x000000000002331c       0xfc ./emlib/em_i2c.o
                0x000000000002331c                I2C_BusFreqSet
 .text.I2C_Enable
                0x0000000000023418       0x20 ./emlib/em_i2c.o
                0x0000000000023418                I2C_Enable
 .text.I2C_Init
                0x0000000000023438       0x5c ./emlib/em_i2c.o
                0x0000000000023438                I2C_Init
 .text.LETIMER_CompareSet
                0x0000000000023494       0x58 ./emlib/em_letimer.o
                0x0000000000023494                LETIMER_CompareSet
 .text.LETIMER_Enable
                0x00000000000234ec       0x2c ./emlib/em_letimer.o
                0x00000000000234ec                LETIMER_Enable
 .text.LETIMER_Init
                0x0000000000023518       0xcc ./emlib/em_letimer.o
                0x0000000000023518                LETIMER_Init
 .text.RTCC_Init
                0x00000000000235e4       0x60 ./emlib/em_rtcc.o
                0x00000000000235e4                RTCC_Init
 .text.SYSTEM_ChipRevisionGet
                0x0000000000023644       0x74 ./emlib/em_system.o
                0x0000000000023644                SYSTEM_ChipRevisionGet
 .text.TIMER_Valid
                0x00000000000236b8       0x38 ./emlib/em_timer.o
 .text.TIMER_Init
                0x00000000000236f0       0xdc ./emlib/em_timer.o
                0x00000000000236f0                TIMER_Init
 .text.TIMER_InitCC
                0x00000000000237cc       0x9c ./emlib/em_timer.o
                0x00000000000237cc                TIMER_InitCC
 .text.USART_BaudrateSyncSet
                0x0000000000023868       0x40 ./emlib/em_usart.o
                0x0000000000023868                USART_BaudrateSyncSet
 .text.USART_Enable
                0x00000000000238a8       0x4c ./emlib/em_usart.o
                0x00000000000238a8                USART_Enable
 .text.USART_InitSync
                0x00000000000238f4       0xec ./emlib/em_usart.o
                0x00000000000238f4                USART_InitSync
 .text.USART_Reset
                0x00000000000239e0       0x94 ./emlib/em_usart.o
                0x00000000000239e0                USART_Reset
 .text.USART_SpiTransfer
                0x0000000000023a74       0x40 ./emlib/em_usart.o
                0x0000000000023a74                USART_SpiTransfer
 .text.BUS_RegMaskedSet
                0x0000000000023ab4       0x24 ./kit_flashpwr/BRD4302A/mx25flash_spi.o
 .text.BUS_RegMaskedClear
                0x0000000000023ad8       0x24 ./kit_flashpwr/BRD4302A/mx25flash_spi.o
 .text.GPIO_PinOutClear
                0x0000000000023afc       0x58 ./kit_flashpwr/BRD4302A/mx25flash_spi.o
 .text.GPIO_PinOutSet
                0x0000000000023b54       0x58 ./kit_flashpwr/BRD4302A/mx25flash_spi.o
 .text.MX25_init
                0x0000000000023bac       0x98 ./kit_flashpwr/BRD4302A/mx25flash_spi.o
                0x0000000000023bac                MX25_init
 .text.Wait_Flash_WarmUp
                0x0000000000023c44       0x24 ./kit_flashpwr/BRD4302A/mx25flash_spi.o
                0x0000000000023c44                Wait_Flash_WarmUp
 .text.Initial_Spi
                0x0000000000023c68        0xc ./kit_flashpwr/BRD4302A/mx25flash_spi.o
                0x0000000000023c68                Initial_Spi
 .text.CS_Low   0x0000000000023c74       0x10 ./kit_flashpwr/BRD4302A/mx25flash_spi.o
                0x0000000000023c74                CS_Low
 .text.CS_High  0x0000000000023c84       0x10 ./kit_flashpwr/BRD4302A/mx25flash_spi.o
                0x0000000000023c84                CS_High
 .text.SendByte
                0x0000000000023c94       0x3c ./kit_flashpwr/BRD4302A/mx25flash_spi.o
                0x0000000000023c94                SendByte
 .text.MX25_DP  0x0000000000023cd0       0x1c ./kit_flashpwr/BRD4302A/mx25flash_spi.o
                0x0000000000023cd0                MX25_DP
 .text.SYSTEM_GetProdRev
                0x0000000000023cec       0x1c ./src/InitDevice.o
 .text.BUS_RegBitWrite
                0x0000000000023d08       0x2c ./src/InitDevice.o
 .text.CHIP_Init
                0x0000000000023d34       0xb4 ./src/InitDevice.o
 .text.enter_DefaultMode_from_RESET
                0x0000000000023de8       0x2c ./src/InitDevice.o
                0x0000000000023de8                enter_DefaultMode_from_RESET
 .text.EMU_enter_DefaultMode_from_RESET
                0x0000000000023e14       0x94 ./src/InitDevice.o
                0x0000000000023e14                EMU_enter_DefaultMode_from_RESET
 .text.LFXO_enter_DefaultMode_from_RESET
                0x0000000000023ea8        0xc ./src/InitDevice.o
                0x0000000000023ea8                LFXO_enter_DefaultMode_from_RESET
 .text.CMU_enter_DefaultMode_from_RESET
                0x0000000000023eb4      0x128 ./src/InitDevice.o
                0x0000000000023eb4                CMU_enter_DefaultMode_from_RESET
 .text.RTCC_enter_DefaultMode_from_RESET
                0x0000000000023fdc       0x4c ./src/InitDevice.o
                0x0000000000023fdc                RTCC_enter_DefaultMode_from_RESET
 .text.GPCRC_enter_DefaultMode_from_RESET
                0x0000000000024028        0xc ./src/InitDevice.o
                0x0000000000024028                GPCRC_enter_DefaultMode_from_RESET
 .text.LDMA_enter_DefaultMode_from_RESET
                0x0000000000024034        0xc ./src/InitDevice.o
                0x0000000000024034                LDMA_enter_DefaultMode_from_RESET
 .text.PRS_enter_DefaultMode_from_RESET
                0x0000000000024040       0x20 ./src/InitDevice.o
                0x0000000000024040                PRS_enter_DefaultMode_from_RESET
 .text.PORTIO_enter_DefaultMode_from_RESET
                0x0000000000024060        0xc ./src/InitDevice.o
                0x0000000000024060                PORTIO_enter_DefaultMode_from_RESET
 .text.NVIC_EnableIRQ
                0x000000000002406c       0x2c ./src/adc.o
 .text.NVIC_ClearPendingIRQ
                0x0000000000024098       0x30 ./src/adc.o
 .text.ADC_IntClear
                0x00000000000240c8       0x1c ./src/adc.o
 .text.ADC_IntEnable
                0x00000000000240e4       0x20 ./src/adc.o
 .text.ADC_IntGet
                0x0000000000024104       0x18 ./src/adc.o
 .text.ADC0_setup
                0x000000000002411c      0x138 ./src/adc.o
                0x000000000002411c                ADC0_setup
 .text.ADC0_IRQHandler
                0x0000000000024254      0x170 ./src/adc.o
                0x0000000000024254                ADC0_IRQHandler
 .text.cmu_init
                0x00000000000243c4       0xf8 ./src/cmu.o
                0x00000000000243c4                cmu_init
 .text.BUS_RegMaskedSet
                0x00000000000244bc       0x24 ./src/gpio.o
 .text.BUS_RegMaskedClear
                0x00000000000244e0       0x24 ./src/gpio.o
 .text.GPIO_PinOutClear
                0x0000000000024504       0x58 ./src/gpio.o
 .text.GPIO_PinOutSet
                0x000000000002455c       0x58 ./src/gpio.o
 .text.gpio_init
                0x00000000000245b4       0x4c ./src/gpio.o
                0x00000000000245b4                gpio_init
 .text.led1_on  0x0000000000024600       0x10 ./src/gpio.o
                0x0000000000024600                led1_on
 .text.led1_off
                0x0000000000024610       0x10 ./src/gpio.o
                0x0000000000024610                led1_off
 .text.BUS_RegMaskedSet
                0x0000000000024620       0x24 ./src/i2c.o
 .text.BUS_RegMaskedClear
                0x0000000000024644       0x24 ./src/i2c.o
 .text.GPIO_PinOutClear
                0x0000000000024668       0x58 ./src/i2c.o
 .text.GPIO_PinOutSet
                0x00000000000246c0       0x58 ./src/i2c.o
 .text.TIMER_Valid
                0x0000000000024718       0x38 ./src/i2c.o
 .text.TIMER_Enable
                0x0000000000024750       0x2c ./src/i2c.o
 .text.I2C0_setup
                0x000000000002477c       0x8c ./src/i2c.o
                0x000000000002477c                I2C0_setup
 .text.i2c_enable
                0x0000000000024808       0x2c ./src/i2c.o
                0x0000000000024808                i2c_enable
 .text.i2c_disable
                0x0000000000024834       0x1c ./src/i2c.o
                0x0000000000024834                i2c_disable
 .text.I2C0_read
                0x0000000000024850       0xc0 ./src/i2c.o
                0x0000000000024850                I2C0_read
 .text.Caculate_Celsius
                0x0000000000024910       0x7c ./src/i2c.o
                0x0000000000024910                Caculate_Celsius
 .text.NVIC_EnableIRQ
                0x000000000002498c       0x2c ./src/letimer.o
 .text.LETIMER_IntClear
                0x00000000000249b8       0x1c ./src/letimer.o
 .text.LETIMER_IntGet
                0x00000000000249d4       0x18 ./src/letimer.o
 .text.LETIMER0_setup
                0x00000000000249ec      0x1bc ./src/letimer.o
                0x00000000000249ec                LETIMER0_setup
 .text.LETIMER0_IRQHandler
                0x0000000000024ba8       0x74 ./src/letimer.o
                0x0000000000024ba8                LETIMER0_IRQHandler
 .text.EMU_EnterEM1
                0x0000000000024c1c       0x20 ./src/sleep.o
 .text.sleep    0x0000000000024c3c       0x3c ./src/sleep.o
                0x0000000000024c3c                sleep
 .text.blockSleepMode
                0x0000000000024c78       0x2c ./src/sleep.o
                0x0000000000024c78                blockSleepMode
 .text.unblockSleepMode
                0x0000000000024ca4       0x38 ./src/sleep.o
                0x0000000000024ca4                unblockSleepMode
 .text.NVIC_EnableIRQ
                0x0000000000024cdc       0x2c ./src/timer.o
 .text.NVIC_SetPriority
                0x0000000000024d08       0x4c ./src/timer.o
 .text.TIMER_Valid
                0x0000000000024d54       0x38 ./src/timer.o
 .text.TIMER_MaxCount
                0x0000000000024d8c       0x18 ./src/timer.o
 .text.TIMER_Enable
                0x0000000000024da4       0x2c ./src/timer.o
 .text.TIMER_IntClear
                0x0000000000024dd0       0x1c ./src/timer.o
 .text.TIMER_IntEnable
                0x0000000000024dec       0x20 ./src/timer.o
 .text.TIMER_TopSet
                0x0000000000024e0c       0x1c ./src/timer.o
 .text.TIMER0_setup
                0x0000000000024e28       0xa0 ./src/timer.o
                0x0000000000024e28                TIMER0_setup
 .text.TIMER0_IRQHandler
                0x0000000000024ec8       0x30 ./src/timer.o
                0x0000000000024ec8                TIMER0_IRQHandler
 .text.NVIC_EnableIRQ
                0x0000000000024ef8       0x2c ./src/usart.o
 .text.TIMER_Valid
                0x0000000000024f24       0x38 ./src/usart.o
 .text.TIMER_Enable
                0x0000000000024f5c       0x2c ./src/usart.o
 .text.GPIO_IntConfig
                0x0000000000024f88       0x34 ./src/usart.o
 .text.USART1_setup
                0x0000000000024fbc       0x84 ./src/usart.o
                0x0000000000024fbc                USART1_setup
 .text.bma_wakeup
                0x0000000000025040       0x1c ./src/usart.o
                0x0000000000025040                bma_wakeup
 .text.bma280_write_byte
                0x000000000002505c       0x84 ./src/usart.o
                0x000000000002505c                bma280_write_byte
 .text.normal_to_suspend
                0x00000000000250e0       0x1c ./src/usart.o
                0x00000000000250e0                normal_to_suspend
 .text.suspend_to_normal
                0x00000000000250fc       0x18 ./src/usart.o
                0x00000000000250fc                suspend_to_normal
 .text.BMA280_enable
                0x0000000000025114       0x70 ./src/usart.o
                0x0000000000025114                BMA280_enable
 .text.BMA280_disable
                0x0000000000025184        0xc ./src/usart.o
                0x0000000000025184                BMA280_disable
 .text.GPIO_ODD_IRQHandler
                0x0000000000025190      0x144 ./src/usart.o
                0x0000000000025190                GPIO_ODD_IRQHandler
 .text          0x00000000000252d4       0x18 /Applications/Simplicity Studio.app/Contents/Eclipse/developer/sdks/gecko_sdk_suite/v1.1//protocol/bluetooth_2.4/lib/EFR32BG1B/GCC/bgapi.a(gecko_bgapi_hardware.c.obj)
                0x00000000000252d4                gecko_bgapi_class_hardware_init
 .text          0x00000000000252ec       0x18 /Applications/Simplicity Studio.app/Contents/Eclipse/developer/sdks/gecko_sdk_suite/v1.1//protocol/bluetooth_2.4/lib/EFR32BG1B/GCC/bgapi.a(gecko_bgapi_test.c.obj)
                0x00000000000252ec                gecko_bgapi_class_test_init
 .text          0x0000000000025304       0x18 /Applications/Simplicity Studio.app/Contents/Eclipse/developer/sdks/gecko_sdk_suite/v1.1//protocol/bluetooth_2.4/lib/EFR32BG1B/GCC/bgapi.a(gecko_bgapi_dfu.c.obj)
                0x0000000000025304                gecko_bgapi_class_dfu_init
 .text          0x000000000002531c       0x18 /Applications/Simplicity Studio.app/Contents/Eclipse/developer/sdks/gecko_sdk_suite/v1.1//protocol/bluetooth_2.4/lib/EFR32BG1B/GCC/bgapi.a(gecko_bgapi_gap.c.obj)
                0x000000000002531c                gecko_bgapi_class_le_gap_init
 .text          0x0000000000025334       0x18 /Applications/Simplicity Studio.app/Contents/Eclipse/developer/sdks/gecko_sdk_suite/v1.1//protocol/bluetooth_2.4/lib/EFR32BG1B/GCC/bgapi.a(gecko_bgapi_gatt.c.obj)
                0x0000000000025334                gecko_bgapi_class_gatt_init
 .text          0x000000000002534c       0x18 /Applications/Simplicity Studio.app/Contents/Eclipse/developer/sdks/gecko_sdk_suite/v1.1//protocol/bluetooth_2.4/lib/EFR32BG1B/GCC/bgapi.a(gecko_bgapi_gatt_server.c.obj)
                0x000000000002534c                gecko_bgapi_class_gatt_server_init
 .text          0x0000000000025364       0x18 /Applications/Simplicity Studio.app/Contents/Eclipse/developer/sdks/gecko_sdk_suite/v1.1//protocol/bluetooth_2.4/lib/EFR32BG1B/GCC/bgapi.a(gecko_bgapi_flash.c.obj)
                0x0000000000025364                gecko_bgapi_class_flash_init
 .text          0x000000000002537c       0x18 /Applications/Simplicity Studio.app/Contents/Eclipse/developer/sdks/gecko_sdk_suite/v1.1//protocol/bluetooth_2.4/lib/EFR32BG1B/GCC/bgapi.a(gecko_bgapi_sm.c.obj)
                0x000000000002537c                gecko_bgapi_class_sm_init
 .text          0x0000000000025394       0x18 /Applications/Simplicity Studio.app/Contents/Eclipse/developer/sdks/gecko_sdk_suite/v1.1//protocol/bluetooth_2.4/lib/EFR32BG1B/GCC/bgapi.a(gecko_bgapi_system.c.obj)
                0x0000000000025394                gecko_bgapi_class_system_init
 .text          0x00000000000253ac       0x18 /Applications/Simplicity Studio.app/Contents/Eclipse/developer/sdks/gecko_sdk_suite/v1.1//protocol/bluetooth_2.4/lib/EFR32BG1B/GCC/bgapi.a(gecko_bgapi_endpoint.c.obj)
                0x00000000000253ac                gecko_bgapi_class_endpoint_init
 .text          0x00000000000253c4       0x18 /Applications/Simplicity Studio.app/Contents/Eclipse/developer/sdks/gecko_sdk_suite/v1.1//protocol/bluetooth_2.4/lib/EFR32BG1B/GCC/bgapi.a(gecko_bgapi_le_connection.c.obj)
                0x00000000000253c4                gecko_bgapi_class_le_connection_init
 .text          0x00000000000253dc      0x1d0 /Applications/Simplicity Studio.app/Contents/Eclipse/developer/sdks/gecko_sdk_suite/v1.1//protocol/bluetooth_2.4/lib/EFR32BG1B/GCC/bgapi.a(bgapi_hardware.c.obj)
                0x00000000000253dc                soft_timer_comparison
                0x0000000000025470                bgapi_hardware_soft_timer_listener
                0x00000000000254b0                lib_hardware_handler_init
                0x00000000000254c4                gecko_cmd_hardware_set_soft_timer
                0x0000000000025504                gecko_cmd_hardware_set_lazy_soft_timer
                0x0000000000025544                gecko_cmd_hardware_get_time
                0x0000000000025578                gecko_cmd_hardware_enable_dcdc
 .text          0x00000000000255ac      0x330 /Applications/Simplicity Studio.app/Contents/Eclipse/developer/sdks/gecko_sdk_suite/v1.1//protocol/bluetooth_2.4/lib/EFR32BG1B/GCC/bgapi.a(bgapi_test_lib.c.obj)
                0x00000000000255ac                bgapi_test_lib_msg_handler
                0x0000000000025604                lib_test_handler_init
                0x0000000000025624                disable_interrupts
                0x0000000000025648                gecko_cmd_test_dtm_tx
                0x00000000000256dc                gecko_cmd_test_dtm_rx
                0x0000000000025728                gecko_cmd_test_dtm_end
                0x0000000000025790                gecko_cmd_test_debug_command
                0x0000000000025860                gecko_cmd_test_debug_counter
 .text          0x00000000000258dc       0x8c /Applications/Simplicity Studio.app/Contents/Eclipse/developer/sdks/gecko_sdk_suite/v1.1//protocol/bluetooth_2.4/lib/EFR32BG1B/GCC/bgapi.a(bgapi_dfu.c.obj)
                0x00000000000258dc                lib_dfu_handler_init
                0x00000000000258de                gecko_cmd_dfu_reset
                0x00000000000258e4                gecko_cmd_dfu_flash_set_address
                0x0000000000025910                gecko_cmd_dfu_flash_upload
                0x000000000002593c                gecko_cmd_dfu_flash_upload_finish
 .text          0x0000000000025968      0x34c /Applications/Simplicity Studio.app/Contents/Eclipse/developer/sdks/gecko_sdk_suite/v1.1//protocol/bluetooth_2.4/lib/EFR32BG1B/GCC/bgapi.a(bgapi_gap.c.obj)
                0x0000000000025968                lib_le_gap_handler_init
                0x000000000002596a                gecko_cmd_le_gap_set_mode
                0x00000000000259b0                gecko_cmd_le_gap_bt5_set_mode
                0x00000000000259f4                gecko_cmd_le_gap_set_adv_data
                0x0000000000025a3c                gecko_cmd_le_gap_bt5_set_adv_data
                0x0000000000025a70                gecko_cmd_le_gap_set_adv_timeout
                0x0000000000025ac4                gecko_cmd_le_gap_open
                0x0000000000025b28                gecko_cmd_le_gap_discover
                0x0000000000025b54                gecko_cmd_le_gap_end_procedure
                0x0000000000025b80                gecko_cmd_le_gap_set_adv_parameters
                0x0000000000025bb4                gecko_cmd_le_gap_bt5_set_adv_parameters
                0x0000000000025bf0                gecko_cmd_le_gap_set_scan_parameters
                0x0000000000025c20                gecko_cmd_le_gap_set_conn_parameters
                0x0000000000025c58                gecko_cmd_le_gap_set_phy
                0x0000000000025c84                gecko_cmd_le_gap_set_privacy_mode
 .text          0x0000000000025cb4      0x6c4 /Applications/Simplicity Studio.app/Contents/Eclipse/developer/sdks/gecko_sdk_suite/v1.1//protocol/bluetooth_2.4/lib/EFR32BG1B/GCC/bgapi.a(bgapi_gatt_lib.c.obj)
                0x0000000000025cb4                lib_gatt_handler_init
                0x0000000000025cb8                lib_gatt_server_handler_init
                0x0000000000025cba                gecko_cmd_gatt_set_max_mtu
                0x0000000000025cf4                gecko_cmd_gatt_discover_primary_services
                0x0000000000025d24                gecko_cmd_gatt_discover_primary_services_by_uuid
                0x0000000000025d60                gecko_cmd_gatt_find_included_services
                0x0000000000025d94                gecko_cmd_gatt_discover_characteristics
                0x0000000000025dc8                gecko_cmd_gatt_discover_characteristics_by_uuid
                0x0000000000025e08                gecko_cmd_gatt_read_characteristic_value
                0x0000000000025e40                gecko_cmd_gatt_read_characteristic_value_from_offset
                0x0000000000025e7c                gecko_cmd_gatt_read_characteristic_value_by_uuid
                0x0000000000025ebc                gecko_cmd_gatt_read_multiple_characteristic_values
                0x0000000000025ef0                gecko_cmd_gatt_write_characteristic_value
                0x0000000000025f28                gecko_cmd_gatt_write_characteristic_value_without_response
                0x0000000000025f6c                gecko_cmd_gatt_prepare_characteristic_value_write
                0x0000000000025fbc                gecko_cmd_gatt_execute_characteristic_value_write
                0x0000000000025ff0                gecko_cmd_gatt_set_characteristic_notification
                0x0000000000026028                gecko_cmd_gatt_discover_descriptors
                0x000000000002605c                gecko_cmd_gatt_read_descriptor_value
                0x0000000000026090                gecko_cmd_gatt_write_descriptor_value
                0x00000000000260c8                gecko_cmd_gatt_server_read_attribute_value
                0x0000000000026110                gecko_cmd_gatt_server_read_attribute_type
                0x0000000000026154                gecko_cmd_gatt_server_find_attribute
                0x0000000000026190                gecko_cmd_gatt_server_write_attribute_value
                0x00000000000261c4                gecko_cmd_gatt_server_send_user_read_response
                0x0000000000026214                gecko_cmd_gatt_server_send_user_write_response
                0x000000000002624c                gecko_cmd_gatt_server_send_characteristic_notification
                0x0000000000026298                gecko_cmd_gatt_send_characteristic_confirmation
                0x00000000000262c8                gecko_cmd_gatt_server_set_database
                0x00000000000262f8                gecko_cmd_gatt_server_set_capabilities
                0x0000000000026328                gecko_cmd_gatt_prepare_characteristic_value_reliable_write
 .text          0x0000000000026378      0x1d0 /Applications/Simplicity Studio.app/Contents/Eclipse/developer/sdks/gecko_sdk_suite/v1.1//protocol/bluetooth_2.4/lib/EFR32BG1B/GCC/bgapi.a(bgapi_ps.c.obj)
                0x0000000000026378                bgapi_ps_dump_listener
                0x00000000000263b8                lib_flash_handler_init
                0x00000000000263cc                gecko_cmd_flash_ps_dump
                0x0000000000026464                gecko_cmd_flash_ps_erase_all
                0x0000000000026494                gecko_cmd_flash_ps_save
                0x00000000000264d0                gecko_cmd_flash_ps_load
                0x0000000000026514                gecko_cmd_flash_ps_erase
 .text          0x0000000000026548      0x3cc /Applications/Simplicity Studio.app/Contents/Eclipse/developer/sdks/gecko_sdk_suite/v1.1//protocol/bluetooth_2.4/lib/EFR32BG1B/GCC/bgapi.a(bgapi_sm.c.obj)
                0x0000000000026610                lib_sm_handler_init
                0x0000000000026624                gecko_cmd_sm_list_all_bondings
                0x000000000002665c                gecko_cmd_sm_increase_security
                0x000000000002668c                gecko_cmd_sm_set_bondable_mode
                0x00000000000266b8                gecko_cmd_sm_delete_bonding
                0x00000000000266e8                gecko_cmd_sm_delete_bondings
                0x0000000000026718                gecko_cmd_sm_configure
                0x0000000000026748                gecko_cmd_sm_enter_passkey
                0x000000000002677c                gecko_cmd_sm_set_passkey
                0x00000000000267a8                gecko_cmd_sm_passkey_confirm
                0x00000000000267dc                gecko_cmd_sm_set_oob_data
                0x000000000002680c                gecko_cmd_sm_set_sc_remote_oob_data
                0x000000000002683c                gecko_cmd_sm_use_sc_oob
                0x000000000002687c                gecko_cmd_sm_store_bonding_configuration
                0x00000000000268b0                gecko_cmd_sm_bonding_confirm
                0x00000000000268e4                gecko_cmd_sm_set_debug_mode
 .text          0x0000000000026914      0x1d8 /Applications/Simplicity Studio.app/Contents/Eclipse/developer/sdks/gecko_sdk_suite/v1.1//protocol/bluetooth_2.4/lib/EFR32BG1B/GCC/bgapi.a(bgapi_system.c.obj)
                0x0000000000026914                bgapi_system_listener
                0x0000000000026944                lib_system_handler_init
                0x0000000000026958                gecko_cmd_system_get_bt_address
                0x0000000000026990                gecko_cmd_system_set_bt_address
                0x00000000000269c4                gecko_cmd_system_set_device_name
                0x0000000000026a00                gecko_cmd_system_get_random_data
                0x0000000000026a48                gecko_cmd_system_halt
                0x0000000000026a7c                gecko_cmd_system_set_tx_power
                0x0000000000026aac                gecko_cmd_system_hello
                0x0000000000026ad4                gecko_cmd_system_reset
                0x0000000000026ada                gecko_send_system_awake
 .text          0x0000000000026aec      0x1ac /Applications/Simplicity Studio.app/Contents/Eclipse/developer/sdks/gecko_sdk_suite/v1.1//protocol/bluetooth_2.4/lib/EFR32BG1B/GCC/bgapi.a(bgapi_endpoint.c.obj)
                0x0000000000026aec                lib_endpoint_handler_init
                0x0000000000026aee                gecko_cmd_endpoint_send
                0x0000000000026b98                gecko_cmd_endpoint_set_streaming_destination
                0x0000000000026bf0                gecko_cmd_endpoint_close
                0x0000000000026c4c                gecko_cmd_endpoint_set_flags
                0x0000000000026c4e                gecko_cmd_endpoint_clr_flags
                0x0000000000026c50                gecko_cmd_endpoint_read_counters
 .text          0x0000000000026c98      0x104 /Applications/Simplicity Studio.app/Contents/Eclipse/developer/sdks/gecko_sdk_suite/v1.1//protocol/bluetooth_2.4/lib/EFR32BG1B/GCC/bgapi.a(bgapi_le_connection.c.obj)
                0x0000000000026c98                lib_le_connection_handler_init
                0x0000000000026c9a                gecko_cmd_le_connection_set_parameters
                0x0000000000026ce8                gecko_cmd_le_connection_get_rssi
                0x0000000000026d18                gecko_cmd_le_connection_disable_slave_latency
                0x0000000000026d60                gecko_cmd_le_connection_set_phy
 .text          0x0000000000026d9c      0xdf0 /Applications/Simplicity Studio.app/Contents/Eclipse/developer/sdks/gecko_sdk_suite/v1.1//protocol/bluetooth_2.4/lib/EFR32BG1B/GCC/bgapi.a(gatt_client.c.obj)
                0x0000000000027004                gatt_discover_primary_services
                0x0000000000027042                gatt_discover_primary_services_by_uuid
                0x0000000000027098                gatt_find_included_services
                0x00000000000270e8                gatt_find_included_services_handler
                0x0000000000027198                gatt_discover_characteristics
                0x00000000000271ba                gatt_discover_characteristics_by_uuid
                0x00000000000271fc                gatt_discover_descriptors
                0x0000000000027238                gatt_read_characteristic_value
                0x0000000000027270                gatt_read_characteristic_value_by_uuid
                0x00000000000272aa                gatt_read_multiple_characteristic_values
                0x00000000000272ce                gatt_write_characteristic_value
                0x00000000000272f4                gatt_write_characteristic_value_without_response
                0x000000000002730e                gatt_prepare_characteristic_value_write
                0x0000000000027384                gatt_execute_characteristic_value_write
                0x00000000000273a6                gatt_set_characteristic_notification
                0x00000000000273e6                gatt_read_descriptor_value
                0x000000000002740e                gatt_write_descriptor_value
                0x0000000000027434                gatt_handle_exchange_mtu_rsp
                0x0000000000027450                gatt_handle_find_information_response
                0x00000000000275a2                gatt_handle_find_by_type_value_response
                0x000000000002763e                gatt_handle_read_response
                0x000000000002779c                gatt_handle_read_blob_response
                0x00000000000277d2                gatt_handle_read_multiple_response
                0x000000000002780e                gatt_handle_read_by_type_response
                0x0000000000027958                gatt_handle_read_by_group_type_response
                0x0000000000027a00                gatt_handle_write_response
                0x0000000000027a14                gatt_handle_prepare_write_response
                0x0000000000027b06                gatt_handle_execute_write_response
                0x0000000000027b3e                gatt_client_handle_value_notification
                0x0000000000027b50                gatt_client_handle_value_indication
                0x0000000000027b64                gatt_send_characteristic_confirmation
                0x0000000000027b82                gatt_client_init
 .text          0x0000000000027b8c      0x250 /Applications/Simplicity Studio.app/Contents/Eclipse/developer/sdks/gecko_sdk_suite/v1.1//protocol/bluetooth_2.4/lib/EFR32BG1B/GCC/bgapi.a(ubt_gatt_client.c.obj)
                0x0000000000027b8c                ubt_gatt_discover_primary_services
                0x0000000000027ba2                ubt_gatt_discover_primary_services_by_uuid
                0x0000000000027bce                ubt_gatt_find_included_services
                0x0000000000027be8                ubt_gatt_discover_characteristics
                0x0000000000027c02                ubt_gatt_discover_characteristics_by_uuid
                0x0000000000027c32                ubt_gatt_discover_descriptors
                0x0000000000027c4c                ubt_gatt_read_characteristic_value
                0x0000000000027c6e                ubt_gatt_read_characteristic_value_by_uuid
                0x0000000000027c9e                ubt_gatt_read_multiple_characteristic_values
                0x0000000000027cbc                ubt_gatt_write_characteristic_value
                0x0000000000027cde                ubt_gatt_write_characteristic_value_without_response
                0x0000000000027d18                ubt_gatt_prepare_characteristic_value_write
                0x0000000000027d52                ubt_gatt_execute_characteristic_value_write
                0x0000000000027d6c                ubt_gatt_send_characteristic_confirmation
                0x0000000000027d82                ubt_gatt_read_descriptor_value
                0x0000000000027d9c                ubt_gatt_write_descriptor_value
                0x0000000000027dbe                ubt_gatt_set_characteristic_notification
 .text          0x0000000000027ddc      0x4ec /Applications/Simplicity Studio.app/Contents/Eclipse/developer/sdks/gecko_sdk_suite/v1.1//protocol/bluetooth_2.4/lib/EFR32BG1B/GCC/bgapi.a(att_client.c.obj)
                0x0000000000027ddc                att_send_find_information_request
                0x0000000000027e02                att_send_find_by_type_value_request
                0x0000000000027e34                att_send_read_by_type_request
                0x0000000000027e60                att_send_read_request
                0x0000000000027e80                att_send_read_blob_request
                0x0000000000027ea6                att_send_read_multiple_request
                0x0000000000027ed2                att_send_read_by_group_type_request
                0x0000000000027efe                att_send_write_request
                0x0000000000027f2a                att_send_write_command
                0x0000000000027f56                att_send_signed_write_command
                0x0000000000027f90                att_send_prepare_write_request
                0x0000000000027fcc                att_send_execute_write_request
                0x0000000000027fea                att_send_handle_value_confirmation
                0x0000000000028002                validate_gatt_client_pdu_len
                0x00000000000280bc                att_gatt_client_handler
 .text          0x00000000000282c8      0x370 /Applications/Simplicity Studio.app/Contents/Eclipse/developer/toolchains/gnu_arm/4.9_2015q3/bin/../lib/gcc/arm-none-eabi/4.9.3/armv7e-m/fpu/libgcc.a(_arm_addsubdf3.o)
                0x00000000000282c8                __aeabi_drsub
                0x00000000000282d0                __subdf3
                0x00000000000282d0                __aeabi_dsub
                0x00000000000282d4                __aeabi_dadd
                0x00000000000282d4                __adddf3
                0x000000000002854c                __aeabi_ui2d
                0x000000000002854c                __floatunsidf
                0x000000000002856c                __floatsidf
                0x000000000002856c                __aeabi_i2d
                0x0000000000028590                __extendsfdf2
                0x0000000000028590                __aeabi_f2d
                0x00000000000285cc                __aeabi_ul2d
                0x00000000000285cc                __floatundidf
                0x00000000000285dc                __aeabi_l2d
                0x00000000000285dc                __floatdidf
 .text          0x0000000000028638      0x424 /Applications/Simplicity Studio.app/Contents/Eclipse/developer/toolchains/gnu_arm/4.9_2015q3/bin/../lib/gcc/arm-none-eabi/4.9.3/armv7e-m/fpu/libgcc.a(_arm_muldivdf3.o)
                0x0000000000028638                __aeabi_dmul
                0x0000000000028638                __muldf3
                0x000000000002888c                __aeabi_ddiv
                0x000000000002888c                __divdf3
 .text          0x0000000000028a5c       0x40 /Applications/Simplicity Studio.app/Contents/Eclipse/developer/toolchains/gnu_arm/4.9_2015q3/bin/../lib/gcc/arm-none-eabi/4.9.3/armv7e-m/fpu/libgcc.a(_arm_fixunsdfsi.o)
                0x0000000000028a5c                __fixunsdfsi
                0x0000000000028a5c                __aeabi_d2uiz
 .text          0x0000000000028a9c       0xa0 /Applications/Simplicity Studio.app/Contents/Eclipse/developer/toolchains/gnu_arm/4.9_2015q3/bin/../lib/gcc/arm-none-eabi/4.9.3/armv7e-m/fpu/libgcc.a(_arm_truncdfsf2.o)
                0x0000000000028a9c                __aeabi_d2f
                0x0000000000028a9c                __truncdfsf2
 .text.exit     0x0000000000028b3c       0x20 /Applications/Simplicity Studio.app/Contents/Eclipse/developer/toolchains/gnu_arm/4.9_2015q3/bin/../lib/gcc/arm-none-eabi/4.9.3/../../../../arm-none-eabi/lib/armv7e-m/fpu/libc.a(lib_a-exit.o)
                0x0000000000028b3c                exit
 .text.__libc_init_array
                0x0000000000028b5c       0x50 /Applications/Simplicity Studio.app/Contents/Eclipse/developer/toolchains/gnu_arm/4.9_2015q3/bin/../lib/gcc/arm-none-eabi/4.9.3/../../../../arm-none-eabi/lib/armv7e-m/fpu/libc.a(lib_a-init.o)
                0x0000000000028b5c                __libc_init_array
 .text.memcmp   0x0000000000028bac       0x64 /Applications/Simplicity Studio.app/Contents/Eclipse/developer/toolchains/gnu_arm/4.9_2015q3/bin/../lib/gcc/arm-none-eabi/4.9.3/../../../../arm-none-eabi/lib/armv7e-m/fpu/libc.a(lib_a-memcmp.o)
                0x0000000000028bac                memcmp
 .text          0x0000000000028c10      0x134 /Applications/Simplicity Studio.app/Contents/Eclipse/developer/toolchains/gnu_arm/4.9_2015q3/bin/../lib/gcc/arm-none-eabi/4.9.3/../../../../arm-none-eabi/lib/armv7e-m/fpu/libc.a(lib_a-memcpy.o)
                0x0000000000028c10                memcpy
 .text.memset   0x0000000000028d44       0x9c /Applications/Simplicity Studio.app/Contents/Eclipse/developer/toolchains/gnu_arm/4.9_2015q3/bin/../lib/gcc/arm-none-eabi/4.9.3/../../../../arm-none-eabi/lib/armv7e-m/fpu/libc.a(lib_a-memset.o)
                0x0000000000028d44                memset
 .text.startup.register_fini
                0x0000000000028de0       0x14 /Applications/Simplicity Studio.app/Contents/Eclipse/developer/toolchains/gnu_arm/4.9_2015q3/bin/../lib/gcc/arm-none-eabi/4.9.3/../../../../arm-none-eabi/lib/armv7e-m/fpu/libc.a(lib_a-__call_atexit.o)
 .text.__call_exitprocs
                0x0000000000028df4       0xd4 /Applications/Simplicity Studio.app/Contents/Eclipse/developer/toolchains/gnu_arm/4.9_2015q3/bin/../lib/gcc/arm-none-eabi/4.9.3/../../../../arm-none-eabi/lib/armv7e-m/fpu/libc.a(lib_a-__call_atexit.o)
                0x0000000000028df4                __call_exitprocs
 .text.atexit   0x0000000000028ec8        0xc /Applications/Simplicity Studio.app/Contents/Eclipse/developer/toolchains/gnu_arm/4.9_2015q3/bin/../lib/gcc/arm-none-eabi/4.9.3/../../../../arm-none-eabi/lib/armv7e-m/fpu/libc.a(lib_a-atexit.o)
                0x0000000000028ec8                atexit
 .text.__libc_fini_array
                0x0000000000028ed4       0x2c /Applications/Simplicity Studio.app/Contents/Eclipse/developer/toolchains/gnu_arm/4.9_2015q3/bin/../lib/gcc/arm-none-eabi/4.9.3/../../../../arm-none-eabi/lib/armv7e-m/fpu/libc.a(lib_a-fini.o)
                0x0000000000028ed4                __libc_fini_array
 .text.__register_exitproc
                0x0000000000028f00       0xa4 /Applications/Simplicity Studio.app/Contents/Eclipse/developer/toolchains/gnu_arm/4.9_2015q3/bin/../lib/gcc/arm-none-eabi/4.9.3/../../../../arm-none-eabi/lib/armv7e-m/fpu/libc.a(lib_a-__atexit.o)
                0x0000000000028f00                __register_exitproc
 .text._exit    0x0000000000028fa4        0x4 /Applications/Simplicity Studio.app/Contents/Eclipse/developer/toolchains/gnu_arm/4.9_2015q3/bin/../lib/gcc/arm-none-eabi/4.9.3/../../../../arm-none-eabi/lib/armv7e-m/fpu/libnosys.a(_exit.o)
                0x0000000000028fa4                _exit
 *(.init)
 .init          0x0000000000028fa8        0x4 /Applications/Simplicity Studio.app/Contents/Eclipse/developer/toolchains/gnu_arm/4.9_2015q3/bin/../lib/gcc/arm-none-eabi/4.9.3/armv7e-m/fpu/crti.o
                0x0000000000028fa8                _init
 .init          0x0000000000028fac        0x8 /Applications/Simplicity Studio.app/Contents/Eclipse/developer/toolchains/gnu_arm/4.9_2015q3/bin/../lib/gcc/arm-none-eabi/4.9.3/armv7e-m/fpu/crtn.o
 *(.fini)
 .fini          0x0000000000028fb4        0x4 /Applications/Simplicity Studio.app/Contents/Eclipse/developer/toolchains/gnu_arm/4.9_2015q3/bin/../lib/gcc/arm-none-eabi/4.9.3/armv7e-m/fpu/crti.o
                0x0000000000028fb4                _fini
 .fini          0x0000000000028fb8        0x8 /Applications/Simplicity Studio.app/Contents/Eclipse/developer/toolchains/gnu_arm/4.9_2015q3/bin/../lib/gcc/arm-none-eabi/4.9.3/armv7e-m/fpu/crtn.o
 *crtbegin.o(.ctors)
 *crtbegin?.o(.ctors)
 *(EXCLUDE_FILE(*crtend.o *crtend?.o) .ctors)
 *(SORT(.ctors.*))
 *(.ctors)
 *crtbegin.o(.dtors)
 *crtbegin?.o(.dtors)
 *(EXCLUDE_FILE(*crtend.o *crtend?.o) .dtors)
 *(SORT(.dtors.*))
 *(.dtors)
 *(.rodata*)
 .rodata.ptiInit
                0x0000000000028fc0       0x24 ./main.o
 .rodata        0x0000000000028fe4        0x4 ./main.o
 .rodata.config
                0x0000000000028fe8       0x38 ./main.o
 .rodata.i2cNSum
                0x0000000000029020        0x4 ./emlib/em_i2c.o
 .rodata        0x0000000000029024       0x24 ./kit_flashpwr/BRD4302A/mx25flash_spi.o
 .rodata        0x0000000000029048       0x50 ./src/InitDevice.o
 .rodata        0x0000000000029098       0x10 ./src/i2c.o
 .rodata        0x00000000000290a8       0x14 ./src/letimer.o
 .rodata        0x00000000000290bc       0x20 ./src/timer.o
 .rodata        0x00000000000290dc       0x24 ./src/usart.o
 .rodata        0x0000000000029100       0x28 /Applications/Simplicity Studio.app/Contents/Eclipse/developer/sdks/gecko_sdk_suite/v1.1//protocol/bluetooth_2.4/lib/EFR32BG1B/GCC/bgapi.a(gecko_bgapi_hardware.c.obj)
 .rodata        0x0000000000029128       0x30 /Applications/Simplicity Studio.app/Contents/Eclipse/developer/sdks/gecko_sdk_suite/v1.1//protocol/bluetooth_2.4/lib/EFR32BG1B/GCC/bgapi.a(gecko_bgapi_test.c.obj)
 .rodata        0x0000000000029158       0x28 /Applications/Simplicity Studio.app/Contents/Eclipse/developer/sdks/gecko_sdk_suite/v1.1//protocol/bluetooth_2.4/lib/EFR32BG1B/GCC/bgapi.a(gecko_bgapi_dfu.c.obj)
 .rodata        0x0000000000029180       0x78 /Applications/Simplicity Studio.app/Contents/Eclipse/developer/sdks/gecko_sdk_suite/v1.1//protocol/bluetooth_2.4/lib/EFR32BG1B/GCC/bgapi.a(gecko_bgapi_gap.c.obj)
 .rodata        0x00000000000291f8       0xa8 /Applications/Simplicity Studio.app/Contents/Eclipse/developer/sdks/gecko_sdk_suite/v1.1//protocol/bluetooth_2.4/lib/EFR32BG1B/GCC/bgapi.a(gecko_bgapi_gatt.c.obj)
 .rodata        0x00000000000292a0       0x50 /Applications/Simplicity Studio.app/Contents/Eclipse/developer/sdks/gecko_sdk_suite/v1.1//protocol/bluetooth_2.4/lib/EFR32BG1B/GCC/bgapi.a(gecko_bgapi_gatt_server.c.obj)
 .rodata        0x00000000000292f0       0x30 /Applications/Simplicity Studio.app/Contents/Eclipse/developer/sdks/gecko_sdk_suite/v1.1//protocol/bluetooth_2.4/lib/EFR32BG1B/GCC/bgapi.a(gecko_bgapi_flash.c.obj)
 .rodata        0x0000000000029320       0x80 /Applications/Simplicity Studio.app/Contents/Eclipse/developer/sdks/gecko_sdk_suite/v1.1//protocol/bluetooth_2.4/lib/EFR32BG1B/GCC/bgapi.a(gecko_bgapi_sm.c.obj)
 .rodata        0x00000000000293a0       0x48 /Applications/Simplicity Studio.app/Contents/Eclipse/developer/sdks/gecko_sdk_suite/v1.1//protocol/bluetooth_2.4/lib/EFR32BG1B/GCC/bgapi.a(gecko_bgapi_system.c.obj)
 .rodata        0x00000000000293e8       0x38 /Applications/Simplicity Studio.app/Contents/Eclipse/developer/sdks/gecko_sdk_suite/v1.1//protocol/bluetooth_2.4/lib/EFR32BG1B/GCC/bgapi.a(gecko_bgapi_endpoint.c.obj)
 .rodata        0x0000000000029420       0x28 /Applications/Simplicity Studio.app/Contents/Eclipse/developer/sdks/gecko_sdk_suite/v1.1//protocol/bluetooth_2.4/lib/EFR32BG1B/GCC/bgapi.a(gecko_bgapi_le_connection.c.obj)
 .rodata        0x0000000000029448       0x18 /Applications/Simplicity Studio.app/Contents/Eclipse/developer/sdks/gecko_sdk_suite/v1.1//protocol/bluetooth_2.4/lib/EFR32BG1B/GCC/bgapi.a(bgapi_sm.c.obj)
 .rodata        0x0000000000029460        0x4 /Applications/Simplicity Studio.app/Contents/Eclipse/developer/sdks/gecko_sdk_suite/v1.1//protocol/bluetooth_2.4/lib/EFR32BG1B/GCC/bgapi.a(gatt_client.c.obj)
 .rodata.str1.4
                0x0000000000029464        0x4 /Applications/Simplicity Studio.app/Contents/Eclipse/developer/toolchains/gnu_arm/4.9_2015q3/bin/../lib/gcc/arm-none-eabi/4.9.3/../../../../arm-none-eabi/lib/armv7e-m/fpu/libc.a(lib_a-impure.o)
                                          0x2 (size before relaxing)
 .rodata._global_impure_ptr
                0x0000000000029468        0x4 /Applications/Simplicity Studio.app/Contents/Eclipse/developer/toolchains/gnu_arm/4.9_2015q3/bin/../lib/gcc/arm-none-eabi/4.9.3/../../../../arm-none-eabi/lib/armv7e-m/fpu/libc.a(lib_a-impure.o)
                0x0000000000029468                _global_impure_ptr
 *(.eh_frame*)
 .eh_frame      0x000000000002946c        0x0 /Applications/Simplicity Studio.app/Contents/Eclipse/developer/toolchains/gnu_arm/4.9_2015q3/bin/../lib/gcc/arm-none-eabi/4.9.3/armv7e-m/fpu/crtbegin.o
 .eh_frame      0x000000000002946c        0x4 /Applications/Simplicity Studio.app/Contents/Eclipse/developer/toolchains/gnu_arm/4.9_2015q3/bin/../lib/gcc/arm-none-eabi/4.9.3/armv7e-m/fpu/crtend.o
                0x0000000000029470                . = ALIGN (0x4)

.glue_7         0x0000000000029470        0x0
 .glue_7        0x0000000000000000        0x0 linker stubs

.glue_7t        0x0000000000029470        0x0
 .glue_7t       0x0000000000000000        0x0 linker stubs

.vfp11_veneer   0x0000000000029470        0x0
 .vfp11_veneer  0x0000000000000000        0x0 linker stubs

.v4_bx          0x0000000000029470        0x0
 .v4_bx         0x0000000000000000        0x0 linker stubs

.iplt           0x0000000000029470        0x0
 .iplt          0x0000000000000000        0x0 /Applications/Simplicity Studio.app/Contents/Eclipse/developer/toolchains/gnu_arm/4.9_2015q3/bin/../lib/gcc/arm-none-eabi/4.9.3/armv7e-m/fpu/crtbegin.o

.igot.plt       0x0000000000029470        0x0
 .igot.plt      0x0000000000000000        0x0 /Applications/Simplicity Studio.app/Contents/Eclipse/developer/toolchains/gnu_arm/4.9_2015q3/bin/../lib/gcc/arm-none-eabi/4.9.3/armv7e-m/fpu/crtbegin.o

.text_app_ARM.extab
 *(.ARM.extab* .gnu.linkonce.armextab.*)
                0x0000000000029470                __exidx_start = .

.text_app_ARM.exidx
                0x0000000000029470        0x8
 *(.ARM.exidx* .gnu.linkonce.armexidx.*)
 .ARM.exidx     0x0000000000029470        0x8 /Applications/Simplicity Studio.app/Contents/Eclipse/developer/toolchains/gnu_arm/4.9_2015q3/bin/../lib/gcc/arm-none-eabi/4.9.3/../../../../arm-none-eabi/lib/armv7e-m/fpu/crt0.o
                0x0000000000029478                __exidx_end = .
                0x0000000000029478                __etext = .

.rel.dyn        0x0000000000029478        0x0
 .rel.iplt      0x0000000000000000        0x0 /Applications/Simplicity Studio.app/Contents/Eclipse/developer/toolchains/gnu_arm/4.9_2015q3/bin/../lib/gcc/arm-none-eabi/4.9.3/armv7e-m/fpu/crtbegin.o

.text_app_data  0x0000000020003000      0x450 load address 0x0000000000029478
                0x0000000020003000                __data_start__ = .
 *(vtable)
 *(.data*)
 .data.bg_gattdb_data_attribute_field_6_data
                0x0000000020003000        0xd ./gatt_db.o
                0x0000000020003000                bg_gattdb_data_attribute_field_6_data
 *fill*         0x000000002000300d        0x3 
 .data.auxHfrcoFreq
                0x0000000020003010        0x4 ./emlib/em_cmu.o
 .data.set_temperature
                0x0000000020003014        0x4 ./src/adc.o
                0x0000000020003014                set_temperature
 .data.impure_data
                0x0000000020003018      0x428 /Applications/Simplicity Studio.app/Contents/Eclipse/developer/toolchains/gnu_arm/4.9_2015q3/bin/../lib/gcc/arm-none-eabi/4.9.3/../../../../arm-none-eabi/lib/armv7e-m/fpu/libc.a(lib_a-impure.o)
                0x0000000020003440                . = ALIGN (0x4)
 *(.ram)
                0x0000000020003440                . = ALIGN (0x4)
                0x0000000020003440                PROVIDE (__preinit_array_start, .)
 *(.preinit_array)
                0x0000000020003440                PROVIDE (__preinit_array_end, .)
                0x0000000020003440                . = ALIGN (0x4)
                0x0000000020003440                PROVIDE (__init_array_start, .)
 *(SORT(.init_array.*))
 .init_array.00000
                0x0000000020003440        0x4 /Applications/Simplicity Studio.app/Contents/Eclipse/developer/toolchains/gnu_arm/4.9_2015q3/bin/../lib/gcc/arm-none-eabi/4.9.3/../../../../arm-none-eabi/lib/armv7e-m/fpu/libc.a(lib_a-__call_atexit.o)
 *(.init_array)
 .init_array    0x0000000020003444        0x4 /Applications/Simplicity Studio.app/Contents/Eclipse/developer/toolchains/gnu_arm/4.9_2015q3/bin/../lib/gcc/arm-none-eabi/4.9.3/armv7e-m/fpu/crtbegin.o
                0x0000000020003448                PROVIDE (__init_array_end, .)
                0x0000000020003448                . = ALIGN (0x4)
                0x0000000020003448                PROVIDE (__fini_array_start, .)
 *(SORT(.fini_array.*))
 *(.fini_array)
 .fini_array    0x0000000020003448        0x4 /Applications/Simplicity Studio.app/Contents/Eclipse/developer/toolchains/gnu_arm/4.9_2015q3/bin/../lib/gcc/arm-none-eabi/4.9.3/armv7e-m/fpu/crtbegin.o
                0x000000002000344c                PROVIDE (__fini_array_end, .)
 *(.jcr*)
 .jcr           0x000000002000344c        0x0 /Applications/Simplicity Studio.app/Contents/Eclipse/developer/toolchains/gnu_arm/4.9_2015q3/bin/../lib/gcc/arm-none-eabi/4.9.3/armv7e-m/fpu/crtbegin.o
 .jcr           0x000000002000344c        0x4 /Applications/Simplicity Studio.app/Contents/Eclipse/developer/toolchains/gnu_arm/4.9_2015q3/bin/../lib/gcc/arm-none-eabi/4.9.3/armv7e-m/fpu/crtend.o
                0x0000000020003450                . = ALIGN (0x4)
                0x0000000020003450                __data_end__ = .

.bss            0x0000000020003450     0x1ac8 load address 0x00000000000298c8
                0x0000000020003450                . = ALIGN (0x4)
                0x0000000020003450                __bss_start__ = .
 *(.bss*)
 .bss           0x0000000020003450       0x1c /Applications/Simplicity Studio.app/Contents/Eclipse/developer/toolchains/gnu_arm/4.9_2015q3/bin/../lib/gcc/arm-none-eabi/4.9.3/armv7e-m/fpu/crtbegin.o
 .bss.bg_gattdb_data_attribute_field_2_data
                0x000000002000346c        0x4 ./gatt_db.o
                0x000000002000346c                bg_gattdb_data_attribute_field_2_data
 .bss.chTable   0x0000000020003470       0xa0 ./bgapi/dmadrv.o
 .bss.dmaXfer   0x0000000020003510      0x100 ./bgapi/dmadrv.o
 .bss.gpio_flag
                0x0000000020003610        0x4 ./src/usart.o
                0x0000000020003610                gpio_flag
 .bss.i2c_flag  0x0000000020003614        0x1 ./src/usart.o
                0x0000000020003614                i2c_flag
 *fill*         0x0000000020003615        0x3 
 .bss           0x0000000020003618        0x4 /Applications/Simplicity Studio.app/Contents/Eclipse/developer/sdks/gecko_sdk_suite/v1.1//protocol/bluetooth_2.4/lib/EFR32BG1B/GCC/bgapi.a(bgapi_hardware.c.obj)
 .bss           0x000000002000361c        0x4 /Applications/Simplicity Studio.app/Contents/Eclipse/developer/sdks/gecko_sdk_suite/v1.1//protocol/bluetooth_2.4/lib/EFR32BG1B/GCC/bgapi.a(bgapi_test_lib.c.obj)
 .bss           0x0000000020003620        0x2 /Applications/Simplicity Studio.app/Contents/Eclipse/developer/sdks/gecko_sdk_suite/v1.1//protocol/bluetooth_2.4/lib/EFR32BG1B/GCC/bgapi.a(bgapi_gap.c.obj)
                0x0000000020003620                legacy_maxadv_events
 *fill*         0x0000000020003622        0x2 
 .bss           0x0000000020003624        0x4 /Applications/Simplicity Studio.app/Contents/Eclipse/developer/sdks/gecko_sdk_suite/v1.1//protocol/bluetooth_2.4/lib/EFR32BG1B/GCC/bgapi.a(bgapi_ps.c.obj)
 .bss           0x0000000020003628        0x4 /Applications/Simplicity Studio.app/Contents/Eclipse/developer/sdks/gecko_sdk_suite/v1.1//protocol/bluetooth_2.4/lib/EFR32BG1B/GCC/bgapi.a(bgapi_sm.c.obj)
 .bss           0x000000002000362c        0x4 /Applications/Simplicity Studio.app/Contents/Eclipse/developer/sdks/gecko_sdk_suite/v1.1//protocol/bluetooth_2.4/lib/EFR32BG1B/GCC/bgapi.a(bgapi_system.c.obj)
 *(COMMON)
 COMMON         0x0000000020003630     0x18d0 ./main.o
                0x0000000020003630                bluetooth_stack_heap
 COMMON         0x0000000020004f00       0x14 ./src/sleep.o
                0x0000000020004f00                sleep_block_counter
 COMMON         0x0000000020004f14        0x4 /Applications/Simplicity Studio.app/Contents/Eclipse/developer/sdks/gecko_sdk_suite/v1.1//protocol/bluetooth_2.4/lib/EFR32BG1B/GCC/bgapi.a(bgapi_test_lib.c.obj)
                0x0000000020004f14                msg_sender
                0x0000000020004f18                . = ALIGN (0x4)
                0x0000000020004f18                __bss_end__ = .

.heap           0x0000000020004f18      0xc00
                0x0000000020004f18                __HeapBase = .
                0x0000000020004f18                __end__ = .
                0x0000000020004f18                end = __end__
                0x0000000020004f18                _end = __end__
 *(.heap*)
 .heap          0x0000000020004f18      0xc00 ./device/EFR32_B_1_1_B/gcc/startup_efr32bg1b.o
                0x0000000020005b18                __HeapLimit = .

.stack_dummy    0x0000000020005b18      0x400
 *(.stack*)
 .stack         0x0000000020005b18      0x400 ./device/EFR32_B_1_1_B/gcc/startup_efr32bg1b.o
                0x0000000020007bfc                __StackTop = (ORIGIN (RAM) + 0x4bfc)
                0x00000000200077fc                __StackLimit = (__StackTop - SIZEOF (.stack_dummy))
                0x0000000020007bfc                PROVIDE (__stack, __StackTop)
                0x0000000000000001                ASSERT ((__StackLimit >= __HeapLimit), region RAM overflowed with stack)
OUTPUT(LED_Blinking.axf elf32-littlearm)

.ARM.attributes
                0x0000000000000000       0x30
 .ARM.attributes
                0x0000000000000000       0x22 /Applications/Simplicity Studio.app/Contents/Eclipse/developer/toolchains/gnu_arm/4.9_2015q3/bin/../lib/gcc/arm-none-eabi/4.9.3/armv7e-m/fpu/crti.o
 .ARM.attributes
                0x0000000000000022       0x34 /Applications/Simplicity Studio.app/Contents/Eclipse/developer/toolchains/gnu_arm/4.9_2015q3/bin/../lib/gcc/arm-none-eabi/4.9.3/armv7e-m/fpu/crtbegin.o
 .ARM.attributes
                0x0000000000000056       0x20 /Applications/Simplicity Studio.app/Contents/Eclipse/developer/toolchains/gnu_arm/4.9_2015q3/bin/../lib/gcc/arm-none-eabi/4.9.3/../../../../arm-none-eabi/lib/armv7e-m/fpu/crt0.o
 .ARM.attributes
                0x0000000000000076       0x39 ./application_properties.o
 .ARM.attributes
                0x00000000000000af       0x39 ./gatt_db.o
 .ARM.attributes
                0x00000000000000e8       0x39 ./main.o
 .ARM.attributes
                0x0000000000000121       0x39 ./bgapi/dmadrv.o
 .ARM.attributes
                0x000000000000015a       0x39 ./bgapi/em_adc.o
 .ARM.attributes
                0x0000000000000193       0x39 ./device/EFR32_B_1_1_B/gcc/startup_efr32bg1b.o
 .ARM.attributes
                0x00000000000001cc       0x39 ./emlib/em_cmu.o
 .ARM.attributes
                0x0000000000000205       0x39 ./emlib/em_gpio.o
 .ARM.attributes
                0x000000000000023e       0x39 ./emlib/em_i2c.o
 .ARM.attributes
                0x0000000000000277       0x39 ./emlib/em_letimer.o
 .ARM.attributes
                0x00000000000002b0       0x39 ./emlib/em_rtcc.o
 .ARM.attributes
                0x00000000000002e9       0x39 ./emlib/em_system.o
 .ARM.attributes
                0x0000000000000322       0x39 ./emlib/em_timer.o
 .ARM.attributes
                0x000000000000035b       0x39 ./emlib/em_usart.o
 .ARM.attributes
                0x0000000000000394       0x39 ./kit_flashpwr/BRD4302A/mx25flash_spi.o
 .ARM.attributes
                0x00000000000003cd       0x39 ./src/InitDevice.o
 .ARM.attributes
                0x0000000000000406       0x39 ./src/adc.o
 .ARM.attributes
                0x000000000000043f       0x39 ./src/cmu.o
 .ARM.attributes
                0x0000000000000478       0x39 ./src/gpio.o
 .ARM.attributes
                0x00000000000004b1       0x39 ./src/i2c.o
 .ARM.attributes
                0x00000000000004ea       0x39 ./src/letimer.o
 .ARM.attributes
                0x0000000000000523       0x39 ./src/sleep.o
 .ARM.attributes
                0x000000000000055c       0x39 ./src/timer.o
 .ARM.attributes
                0x0000000000000595       0x39 ./src/usart.o
 .ARM.attributes
                0x00000000000005ce       0x1c /Applications/Simplicity Studio.app/Contents/Eclipse/developer/sdks/gecko_sdk_suite/v1.1//protocol/bluetooth_2.4/lib/EFR32BG1B/EABI/binstack.o
 .ARM.attributes
                0x00000000000005ea       0x1c /Applications/Simplicity Studio.app/Contents/Eclipse/developer/sdks/gecko_sdk_suite/v1.1//protocol/bluetooth_2.4/lib/EFR32BG1B/EABI/binbootloader.o
 .ARM.attributes
                0x0000000000000606       0x39 /Applications/Simplicity Studio.app/Contents/Eclipse/developer/sdks/gecko_sdk_suite/v1.1//protocol/bluetooth_2.4/lib/EFR32BG1B/GCC/bgapi.a(gecko_bgapi_hardware.c.obj)
 .ARM.attributes
                0x000000000000063f       0x39 /Applications/Simplicity Studio.app/Contents/Eclipse/developer/sdks/gecko_sdk_suite/v1.1//protocol/bluetooth_2.4/lib/EFR32BG1B/GCC/bgapi.a(gecko_bgapi_test.c.obj)
 .ARM.attributes
                0x0000000000000678       0x39 /Applications/Simplicity Studio.app/Contents/Eclipse/developer/sdks/gecko_sdk_suite/v1.1//protocol/bluetooth_2.4/lib/EFR32BG1B/GCC/bgapi.a(gecko_bgapi_dfu.c.obj)
 .ARM.attributes
                0x00000000000006b1       0x39 /Applications/Simplicity Studio.app/Contents/Eclipse/developer/sdks/gecko_sdk_suite/v1.1//protocol/bluetooth_2.4/lib/EFR32BG1B/GCC/bgapi.a(gecko_bgapi_gap.c.obj)
 .ARM.attributes
                0x00000000000006ea       0x39 /Applications/Simplicity Studio.app/Contents/Eclipse/developer/sdks/gecko_sdk_suite/v1.1//protocol/bluetooth_2.4/lib/EFR32BG1B/GCC/bgapi.a(gecko_bgapi_gatt.c.obj)
 .ARM.attributes
                0x0000000000000723       0x39 /Applications/Simplicity Studio.app/Contents/Eclipse/developer/sdks/gecko_sdk_suite/v1.1//protocol/bluetooth_2.4/lib/EFR32BG1B/GCC/bgapi.a(gecko_bgapi_gatt_server.c.obj)
 .ARM.attributes
                0x000000000000075c       0x39 /Applications/Simplicity Studio.app/Contents/Eclipse/developer/sdks/gecko_sdk_suite/v1.1//protocol/bluetooth_2.4/lib/EFR32BG1B/GCC/bgapi.a(gecko_bgapi_flash.c.obj)
 .ARM.attributes
                0x0000000000000795       0x39 /Applications/Simplicity Studio.app/Contents/Eclipse/developer/sdks/gecko_sdk_suite/v1.1//protocol/bluetooth_2.4/lib/EFR32BG1B/GCC/bgapi.a(gecko_bgapi_sm.c.obj)
 .ARM.attributes
                0x00000000000007ce       0x39 /Applications/Simplicity Studio.app/Contents/Eclipse/developer/sdks/gecko_sdk_suite/v1.1//protocol/bluetooth_2.4/lib/EFR32BG1B/GCC/bgapi.a(gecko_bgapi_system.c.obj)
 .ARM.attributes
                0x0000000000000807       0x39 /Applications/Simplicity Studio.app/Contents/Eclipse/developer/sdks/gecko_sdk_suite/v1.1//protocol/bluetooth_2.4/lib/EFR32BG1B/GCC/bgapi.a(gecko_bgapi_endpoint.c.obj)
 .ARM.attributes
                0x0000000000000840       0x39 /Applications/Simplicity Studio.app/Contents/Eclipse/developer/sdks/gecko_sdk_suite/v1.1//protocol/bluetooth_2.4/lib/EFR32BG1B/GCC/bgapi.a(gecko_bgapi_le_connection.c.obj)
 .ARM.attributes
                0x0000000000000879       0x39 /Applications/Simplicity Studio.app/Contents/Eclipse/developer/sdks/gecko_sdk_suite/v1.1//protocol/bluetooth_2.4/lib/EFR32BG1B/GCC/bgapi.a(bgapi_hardware.c.obj)
 .ARM.attributes
                0x00000000000008b2       0x39 /Applications/Simplicity Studio.app/Contents/Eclipse/developer/sdks/gecko_sdk_suite/v1.1//protocol/bluetooth_2.4/lib/EFR32BG1B/GCC/bgapi.a(bgapi_test_lib.c.obj)
 .ARM.attributes
                0x00000000000008eb       0x39 /Applications/Simplicity Studio.app/Contents/Eclipse/developer/sdks/gecko_sdk_suite/v1.1//protocol/bluetooth_2.4/lib/EFR32BG1B/GCC/bgapi.a(bgapi_dfu.c.obj)
 .ARM.attributes
                0x0000000000000924       0x39 /Applications/Simplicity Studio.app/Contents/Eclipse/developer/sdks/gecko_sdk_suite/v1.1//protocol/bluetooth_2.4/lib/EFR32BG1B/GCC/bgapi.a(bgapi_gap.c.obj)
 .ARM.attributes
                0x000000000000095d       0x39 /Applications/Simplicity Studio.app/Contents/Eclipse/developer/sdks/gecko_sdk_suite/v1.1//protocol/bluetooth_2.4/lib/EFR32BG1B/GCC/bgapi.a(bgapi_gatt_lib.c.obj)
 .ARM.attributes
                0x0000000000000996       0x39 /Applications/Simplicity Studio.app/Contents/Eclipse/developer/sdks/gecko_sdk_suite/v1.1//protocol/bluetooth_2.4/lib/EFR32BG1B/GCC/bgapi.a(bgapi_ps.c.obj)
 .ARM.attributes
                0x00000000000009cf       0x39 /Applications/Simplicity Studio.app/Contents/Eclipse/developer/sdks/gecko_sdk_suite/v1.1//protocol/bluetooth_2.4/lib/EFR32BG1B/GCC/bgapi.a(bgapi_sm.c.obj)
 .ARM.attributes
                0x0000000000000a08       0x39 /Applications/Simplicity Studio.app/Contents/Eclipse/developer/sdks/gecko_sdk_suite/v1.1//protocol/bluetooth_2.4/lib/EFR32BG1B/GCC/bgapi.a(bgapi_system.c.obj)
 .ARM.attributes
                0x0000000000000a41       0x39 /Applications/Simplicity Studio.app/Contents/Eclipse/developer/sdks/gecko_sdk_suite/v1.1//protocol/bluetooth_2.4/lib/EFR32BG1B/GCC/bgapi.a(bgapi_endpoint.c.obj)
 .ARM.attributes
                0x0000000000000a7a       0x39 /Applications/Simplicity Studio.app/Contents/Eclipse/developer/sdks/gecko_sdk_suite/v1.1//protocol/bluetooth_2.4/lib/EFR32BG1B/GCC/bgapi.a(bgapi_le_connection.c.obj)
 .ARM.attributes
                0x0000000000000ab3       0x39 /Applications/Simplicity Studio.app/Contents/Eclipse/developer/sdks/gecko_sdk_suite/v1.1//protocol/bluetooth_2.4/lib/EFR32BG1B/GCC/bgapi.a(gatt_client.c.obj)
 .ARM.attributes
                0x0000000000000aec       0x39 /Applications/Simplicity Studio.app/Contents/Eclipse/developer/sdks/gecko_sdk_suite/v1.1//protocol/bluetooth_2.4/lib/EFR32BG1B/GCC/bgapi.a(ubt_gatt_client.c.obj)
 .ARM.attributes
                0x0000000000000b25       0x39 /Applications/Simplicity Studio.app/Contents/Eclipse/developer/sdks/gecko_sdk_suite/v1.1//protocol/bluetooth_2.4/lib/EFR32BG1B/GCC/bgapi.a(att_client.c.obj)
 .ARM.attributes
                0x0000000000000b5e       0x22 /Applications/Simplicity Studio.app/Contents/Eclipse/developer/toolchains/gnu_arm/4.9_2015q3/bin/../lib/gcc/arm-none-eabi/4.9.3/armv7e-m/fpu/libgcc.a(_arm_addsubdf3.o)
 .ARM.attributes
                0x0000000000000b80       0x22 /Applications/Simplicity Studio.app/Contents/Eclipse/developer/toolchains/gnu_arm/4.9_2015q3/bin/../lib/gcc/arm-none-eabi/4.9.3/armv7e-m/fpu/libgcc.a(_arm_muldivdf3.o)
 .ARM.attributes
                0x0000000000000ba2       0x22 /Applications/Simplicity Studio.app/Contents/Eclipse/developer/toolchains/gnu_arm/4.9_2015q3/bin/../lib/gcc/arm-none-eabi/4.9.3/armv7e-m/fpu/libgcc.a(_arm_fixunsdfsi.o)
 .ARM.attributes
                0x0000000000000bc4       0x22 /Applications/Simplicity Studio.app/Contents/Eclipse/developer/toolchains/gnu_arm/4.9_2015q3/bin/../lib/gcc/arm-none-eabi/4.9.3/armv7e-m/fpu/libgcc.a(_arm_truncdfsf2.o)
 .ARM.attributes
                0x0000000000000be6       0x34 /Applications/Simplicity Studio.app/Contents/Eclipse/developer/toolchains/gnu_arm/4.9_2015q3/bin/../lib/gcc/arm-none-eabi/4.9.3/../../../../arm-none-eabi/lib/armv7e-m/fpu/libc.a(lib_a-exit.o)
 .ARM.attributes
                0x0000000000000c1a       0x34 /Applications/Simplicity Studio.app/Contents/Eclipse/developer/toolchains/gnu_arm/4.9_2015q3/bin/../lib/gcc/arm-none-eabi/4.9.3/../../../../arm-none-eabi/lib/armv7e-m/fpu/libc.a(lib_a-impure.o)
 .ARM.attributes
                0x0000000000000c4e       0x34 /Applications/Simplicity Studio.app/Contents/Eclipse/developer/toolchains/gnu_arm/4.9_2015q3/bin/../lib/gcc/arm-none-eabi/4.9.3/../../../../arm-none-eabi/lib/armv7e-m/fpu/libc.a(lib_a-init.o)
 .ARM.attributes
                0x0000000000000c82       0x34 /Applications/Simplicity Studio.app/Contents/Eclipse/developer/toolchains/gnu_arm/4.9_2015q3/bin/../lib/gcc/arm-none-eabi/4.9.3/../../../../arm-none-eabi/lib/armv7e-m/fpu/libc.a(lib_a-memcmp.o)
 .ARM.attributes
                0x0000000000000cb6       0x20 /Applications/Simplicity Studio.app/Contents/Eclipse/developer/toolchains/gnu_arm/4.9_2015q3/bin/../lib/gcc/arm-none-eabi/4.9.3/../../../../arm-none-eabi/lib/armv7e-m/fpu/libc.a(lib_a-memcpy.o)
 .ARM.attributes
                0x0000000000000cd6       0x34 /Applications/Simplicity Studio.app/Contents/Eclipse/developer/toolchains/gnu_arm/4.9_2015q3/bin/../lib/gcc/arm-none-eabi/4.9.3/../../../../arm-none-eabi/lib/armv7e-m/fpu/libc.a(lib_a-memset.o)
 .ARM.attributes
                0x0000000000000d0a       0x34 /Applications/Simplicity Studio.app/Contents/Eclipse/developer/toolchains/gnu_arm/4.9_2015q3/bin/../lib/gcc/arm-none-eabi/4.9.3/../../../../arm-none-eabi/lib/armv7e-m/fpu/libc.a(lib_a-__call_atexit.o)
 .ARM.attributes
                0x0000000000000d3e       0x34 /Applications/Simplicity Studio.app/Contents/Eclipse/developer/toolchains/gnu_arm/4.9_2015q3/bin/../lib/gcc/arm-none-eabi/4.9.3/../../../../arm-none-eabi/lib/armv7e-m/fpu/libc.a(lib_a-atexit.o)
 .ARM.attributes
                0x0000000000000d72       0x34 /Applications/Simplicity Studio.app/Contents/Eclipse/developer/toolchains/gnu_arm/4.9_2015q3/bin/../lib/gcc/arm-none-eabi/4.9.3/../../../../arm-none-eabi/lib/armv7e-m/fpu/libc.a(lib_a-fini.o)
 .ARM.attributes
                0x0000000000000da6       0x34 /Applications/Simplicity Studio.app/Contents/Eclipse/developer/toolchains/gnu_arm/4.9_2015q3/bin/../lib/gcc/arm-none-eabi/4.9.3/../../../../arm-none-eabi/lib/armv7e-m/fpu/libc.a(lib_a-__atexit.o)
 .ARM.attributes
                0x0000000000000dda       0x34 /Applications/Simplicity Studio.app/Contents/Eclipse/developer/toolchains/gnu_arm/4.9_2015q3/bin/../lib/gcc/arm-none-eabi/4.9.3/../../../../arm-none-eabi/lib/armv7e-m/fpu/libnosys.a(_exit.o)
 .ARM.attributes
                0x0000000000000e0e       0x34 /Applications/Simplicity Studio.app/Contents/Eclipse/developer/toolchains/gnu_arm/4.9_2015q3/bin/../lib/gcc/arm-none-eabi/4.9.3/armv7e-m/fpu/crtend.o
 .ARM.attributes
                0x0000000000000e42       0x22 /Applications/Simplicity Studio.app/Contents/Eclipse/developer/toolchains/gnu_arm/4.9_2015q3/bin/../lib/gcc/arm-none-eabi/4.9.3/armv7e-m/fpu/crtn.o

.comment        0x0000000000000000       0xde
 .comment       0x0000000000000000       0x70 ./application_properties.o
                                         0x71 (size before relaxing)
 .comment       0x0000000000000000       0x71 ./gatt_db.o
 .comment       0x0000000000000000       0x71 ./main.o
 .comment       0x0000000000000000       0x71 ./bgapi/dmadrv.o
 .comment       0x0000000000000000       0x71 ./bgapi/em_adc.o
 .comment       0x0000000000000000       0x71 ./device/EFR32_B_1_1_B/gcc/startup_efr32bg1b.o
 .comment       0x0000000000000000       0x71 ./emlib/em_cmu.o
 .comment       0x0000000000000000       0x71 ./emlib/em_gpio.o
 .comment       0x0000000000000000       0x71 ./emlib/em_i2c.o
 .comment       0x0000000000000000       0x71 ./emlib/em_letimer.o
 .comment       0x0000000000000000       0x71 ./emlib/em_rtcc.o
 .comment       0x0000000000000000       0x71 ./emlib/em_system.o
 .comment       0x0000000000000000       0x71 ./emlib/em_timer.o
 .comment       0x0000000000000000       0x71 ./emlib/em_usart.o
 .comment       0x0000000000000000       0x71 ./kit_flashpwr/BRD4302A/mx25flash_spi.o
 .comment       0x0000000000000000       0x71 ./src/InitDevice.o
 .comment       0x0000000000000000       0x71 ./src/adc.o
 .comment       0x0000000000000000       0x71 ./src/cmu.o
 .comment       0x0000000000000000       0x71 ./src/gpio.o
 .comment       0x0000000000000000       0x71 ./src/i2c.o
 .comment       0x0000000000000000       0x71 ./src/letimer.o
 .comment       0x0000000000000000       0x71 ./src/sleep.o
 .comment       0x0000000000000000       0x71 ./src/timer.o
 .comment       0x0000000000000000       0x71 ./src/usart.o
 .comment       0x0000000000000070       0x6e /Applications/Simplicity Studio.app/Contents/Eclipse/developer/sdks/gecko_sdk_suite/v1.1//protocol/bluetooth_2.4/lib/EFR32BG1B/GCC/bgapi.a(gecko_bgapi_hardware.c.obj)
                                         0x6f (size before relaxing)
 .comment       0x0000000000000000       0x6f /Applications/Simplicity Studio.app/Contents/Eclipse/developer/sdks/gecko_sdk_suite/v1.1//protocol/bluetooth_2.4/lib/EFR32BG1B/GCC/bgapi.a(gecko_bgapi_test.c.obj)
 .comment       0x0000000000000000       0x6f /Applications/Simplicity Studio.app/Contents/Eclipse/developer/sdks/gecko_sdk_suite/v1.1//protocol/bluetooth_2.4/lib/EFR32BG1B/GCC/bgapi.a(gecko_bgapi_dfu.c.obj)
 .comment       0x0000000000000000       0x6f /Applications/Simplicity Studio.app/Contents/Eclipse/developer/sdks/gecko_sdk_suite/v1.1//protocol/bluetooth_2.4/lib/EFR32BG1B/GCC/bgapi.a(gecko_bgapi_gap.c.obj)
 .comment       0x0000000000000000       0x6f /Applications/Simplicity Studio.app/Contents/Eclipse/developer/sdks/gecko_sdk_suite/v1.1//protocol/bluetooth_2.4/lib/EFR32BG1B/GCC/bgapi.a(gecko_bgapi_gatt.c.obj)
 .comment       0x0000000000000000       0x6f /Applications/Simplicity Studio.app/Contents/Eclipse/developer/sdks/gecko_sdk_suite/v1.1//protocol/bluetooth_2.4/lib/EFR32BG1B/GCC/bgapi.a(gecko_bgapi_gatt_server.c.obj)
 .comment       0x0000000000000000       0x6f /Applications/Simplicity Studio.app/Contents/Eclipse/developer/sdks/gecko_sdk_suite/v1.1//protocol/bluetooth_2.4/lib/EFR32BG1B/GCC/bgapi.a(gecko_bgapi_flash.c.obj)
 .comment       0x0000000000000000       0x6f /Applications/Simplicity Studio.app/Contents/Eclipse/developer/sdks/gecko_sdk_suite/v1.1//protocol/bluetooth_2.4/lib/EFR32BG1B/GCC/bgapi.a(gecko_bgapi_sm.c.obj)
 .comment       0x0000000000000000       0x6f /Applications/Simplicity Studio.app/Contents/Eclipse/developer/sdks/gecko_sdk_suite/v1.1//protocol/bluetooth_2.4/lib/EFR32BG1B/GCC/bgapi.a(gecko_bgapi_system.c.obj)
 .comment       0x0000000000000000       0x6f /Applications/Simplicity Studio.app/Contents/Eclipse/developer/sdks/gecko_sdk_suite/v1.1//protocol/bluetooth_2.4/lib/EFR32BG1B/GCC/bgapi.a(gecko_bgapi_endpoint.c.obj)
 .comment       0x0000000000000000       0x6f /Applications/Simplicity Studio.app/Contents/Eclipse/developer/sdks/gecko_sdk_suite/v1.1//protocol/bluetooth_2.4/lib/EFR32BG1B/GCC/bgapi.a(gecko_bgapi_le_connection.c.obj)
 .comment       0x0000000000000000       0x6f /Applications/Simplicity Studio.app/Contents/Eclipse/developer/sdks/gecko_sdk_suite/v1.1//protocol/bluetooth_2.4/lib/EFR32BG1B/GCC/bgapi.a(bgapi_hardware.c.obj)
 .comment       0x0000000000000000       0x6f /Applications/Simplicity Studio.app/Contents/Eclipse/developer/sdks/gecko_sdk_suite/v1.1//protocol/bluetooth_2.4/lib/EFR32BG1B/GCC/bgapi.a(bgapi_test_lib.c.obj)
 .comment       0x0000000000000000       0x6f /Applications/Simplicity Studio.app/Contents/Eclipse/developer/sdks/gecko_sdk_suite/v1.1//protocol/bluetooth_2.4/lib/EFR32BG1B/GCC/bgapi.a(bgapi_dfu.c.obj)
 .comment       0x0000000000000000       0x6f /Applications/Simplicity Studio.app/Contents/Eclipse/developer/sdks/gecko_sdk_suite/v1.1//protocol/bluetooth_2.4/lib/EFR32BG1B/GCC/bgapi.a(bgapi_gap.c.obj)
 .comment       0x0000000000000000       0x6f /Applications/Simplicity Studio.app/Contents/Eclipse/developer/sdks/gecko_sdk_suite/v1.1//protocol/bluetooth_2.4/lib/EFR32BG1B/GCC/bgapi.a(bgapi_gatt_lib.c.obj)
 .comment       0x0000000000000000       0x6f /Applications/Simplicity Studio.app/Contents/Eclipse/developer/sdks/gecko_sdk_suite/v1.1//protocol/bluetooth_2.4/lib/EFR32BG1B/GCC/bgapi.a(bgapi_ps.c.obj)
 .comment       0x0000000000000000       0x6f /Applications/Simplicity Studio.app/Contents/Eclipse/developer/sdks/gecko_sdk_suite/v1.1//protocol/bluetooth_2.4/lib/EFR32BG1B/GCC/bgapi.a(bgapi_sm.c.obj)
 .comment       0x0000000000000000       0x6f /Applications/Simplicity Studio.app/Contents/Eclipse/developer/sdks/gecko_sdk_suite/v1.1//protocol/bluetooth_2.4/lib/EFR32BG1B/GCC/bgapi.a(bgapi_system.c.obj)
 .comment       0x0000000000000000       0x6f /Applications/Simplicity Studio.app/Contents/Eclipse/developer/sdks/gecko_sdk_suite/v1.1//protocol/bluetooth_2.4/lib/EFR32BG1B/GCC/bgapi.a(bgapi_endpoint.c.obj)
 .comment       0x0000000000000000       0x6f /Applications/Simplicity Studio.app/Contents/Eclipse/developer/sdks/gecko_sdk_suite/v1.1//protocol/bluetooth_2.4/lib/EFR32BG1B/GCC/bgapi.a(bgapi_le_connection.c.obj)
 .comment       0x0000000000000000       0x6f /Applications/Simplicity Studio.app/Contents/Eclipse/developer/sdks/gecko_sdk_suite/v1.1//protocol/bluetooth_2.4/lib/EFR32BG1B/GCC/bgapi.a(gatt_client.c.obj)
 .comment       0x0000000000000000       0x6f /Applications/Simplicity Studio.app/Contents/Eclipse/developer/sdks/gecko_sdk_suite/v1.1//protocol/bluetooth_2.4/lib/EFR32BG1B/GCC/bgapi.a(ubt_gatt_client.c.obj)
 .comment       0x0000000000000000       0x6f /Applications/Simplicity Studio.app/Contents/Eclipse/developer/sdks/gecko_sdk_suite/v1.1//protocol/bluetooth_2.4/lib/EFR32BG1B/GCC/bgapi.a(att_client.c.obj)

.debug_info     0x0000000000000000    0x15294
 .debug_info    0x0000000000000000      0x168 ./application_properties.o
 .debug_info    0x0000000000000168      0x58e ./gatt_db.o
 .debug_info    0x00000000000006f6     0x414b ./main.o
 .debug_info    0x0000000000004841     0x13f4 ./bgapi/dmadrv.o
 .debug_info    0x0000000000005c35     0x1a66 ./bgapi/em_adc.o
 .debug_info    0x000000000000769b      0x1b4 ./device/EFR32_B_1_1_B/gcc/startup_efr32bg1b.o
 .debug_info    0x000000000000784f     0x1b9c ./emlib/em_cmu.o
 .debug_info    0x00000000000093eb      0xa05 ./emlib/em_gpio.o
 .debug_info    0x0000000000009df0      0x8d7 ./emlib/em_i2c.o
 .debug_info    0x000000000000a6c7      0x507 ./emlib/em_letimer.o
 .debug_info    0x000000000000abce      0x6b8 ./emlib/em_rtcc.o
 .debug_info    0x000000000000b286      0x276 ./emlib/em_system.o
 .debug_info    0x000000000000b4fc      0x94f ./emlib/em_timer.o
 .debug_info    0x000000000000be4b      0xf55 ./emlib/em_usart.o
 .debug_info    0x000000000000cda0     0x15b7 ./kit_flashpwr/BRD4302A/mx25flash_spi.o
 .debug_info    0x000000000000e357     0x185d ./src/InitDevice.o
 .debug_info    0x000000000000fbb4     0x1511 ./src/adc.o
 .debug_info    0x00000000000110c5      0x7e6 ./src/cmu.o
 .debug_info    0x00000000000118ab      0x645 ./src/gpio.o
 .debug_info    0x0000000000011ef0      0x9d9 ./src/i2c.o
 .debug_info    0x00000000000128c9      0xb6f ./src/letimer.o
 .debug_info    0x0000000000013438      0x380 ./src/sleep.o
 .debug_info    0x00000000000137b8      0xc5a ./src/timer.o
 .debug_info    0x0000000000014412      0xe82 ./src/usart.o

.debug_abbrev   0x0000000000000000     0x2927
 .debug_abbrev  0x0000000000000000       0x97 ./application_properties.o
 .debug_abbrev  0x0000000000000097       0xbd ./gatt_db.o
 .debug_abbrev  0x0000000000000154      0x203 ./main.o
 .debug_abbrev  0x0000000000000357      0x25f ./bgapi/dmadrv.o
 .debug_abbrev  0x00000000000005b6      0x223 ./bgapi/em_adc.o
 .debug_abbrev  0x00000000000007d9       0xdb ./device/EFR32_B_1_1_B/gcc/startup_efr32bg1b.o
 .debug_abbrev  0x00000000000008b4      0x2de ./emlib/em_cmu.o
 .debug_abbrev  0x0000000000000b92      0x1da ./emlib/em_gpio.o
 .debug_abbrev  0x0000000000000d6c      0x259 ./emlib/em_i2c.o
 .debug_abbrev  0x0000000000000fc5      0x189 ./emlib/em_letimer.o
 .debug_abbrev  0x000000000000114e      0x177 ./emlib/em_rtcc.o
 .debug_abbrev  0x00000000000012c5      0x109 ./emlib/em_system.o
 .debug_abbrev  0x00000000000013ce      0x174 ./emlib/em_timer.o
 .debug_abbrev  0x0000000000001542      0x1d9 ./emlib/em_usart.o
 .debug_abbrev  0x000000000000171b      0x29a ./kit_flashpwr/BRD4302A/mx25flash_spi.o
 .debug_abbrev  0x00000000000019b5      0x1dd ./src/InitDevice.o
 .debug_abbrev  0x0000000000001b92      0x1e7 ./src/adc.o
 .debug_abbrev  0x0000000000001d79       0xfb ./src/cmu.o
 .debug_abbrev  0x0000000000001e74      0x179 ./src/gpio.o
 .debug_abbrev  0x0000000000001fed      0x20a ./src/i2c.o
 .debug_abbrev  0x00000000000021f7      0x1d4 ./src/letimer.o
 .debug_abbrev  0x00000000000023cb      0x151 ./src/sleep.o
 .debug_abbrev  0x000000000000251c      0x1d4 ./src/timer.o
 .debug_abbrev  0x00000000000026f0      0x237 ./src/usart.o

.debug_aranges  0x0000000000000000      0xb80
 .debug_aranges
                0x0000000000000000       0x18 ./application_properties.o
 .debug_aranges
                0x0000000000000018       0x18 ./gatt_db.o
 .debug_aranges
                0x0000000000000030       0x28 ./main.o
 .debug_aranges
                0x0000000000000058       0xa0 ./bgapi/dmadrv.o
 .debug_aranges
                0x00000000000000f8       0x98 ./bgapi/em_adc.o
 .debug_aranges
                0x0000000000000190       0x28 ./device/EFR32_B_1_1_B/gcc/startup_efr32bg1b.o
 .debug_aranges
                0x00000000000001b8      0x1a8 ./emlib/em_cmu.o
 .debug_aranges
                0x0000000000000360       0x88 ./emlib/em_gpio.o
 .debug_aranges
                0x00000000000003e8       0x70 ./emlib/em_i2c.o
 .debug_aranges
                0x0000000000000458       0x50 ./emlib/em_letimer.o
 .debug_aranges
                0x00000000000004a8       0x50 ./emlib/em_rtcc.o
 .debug_aranges
                0x00000000000004f8       0x28 ./emlib/em_system.o
 .debug_aranges
                0x0000000000000520       0x58 ./emlib/em_timer.o
 .debug_aranges
                0x0000000000000578       0xb8 ./emlib/em_usart.o
 .debug_aranges
                0x0000000000000630      0x1c0 ./kit_flashpwr/BRD4302A/mx25flash_spi.o
 .debug_aranges
                0x00000000000007f0       0xe8 ./src/InitDevice.o
 .debug_aranges
                0x00000000000008d8       0x50 ./src/adc.o
 .debug_aranges