Archive member included because of file (symbol)

/Applications/Simplicity Studio.app/Contents/Eclipse/developer/sdks/gecko_sdk_suite/v1.1//protocol/bluetooth_2.4/lib/EFR32BG1B/GCC/bgapi.a(gecko_bgapi_hardware.c.obj)
                              ./main.o (gecko_bgapi_class_hardware_init)
/Applications/Simplicity Studio.app/Contents/Eclipse/developer/sdks/gecko_sdk_suite/v1.1//protocol/bluetooth_2.4/lib/EFR32BG1B/GCC/bgapi.a(gecko_bgapi_test.c.obj)
                              ./main.o (gecko_bgapi_class_test_init)
/Applications/Simplicity Studio.app/Contents/Eclipse/developer/sdks/gecko_sdk_suite/v1.1//protocol/bluetooth_2.4/lib/EFR32BG1B/GCC/bgapi.a(gecko_bgapi_dfu.c.obj)
                              ./main.o (gecko_bgapi_class_dfu_init)
/Applications/Simplicity Studio.app/Contents/Eclipse/developer/sdks/gecko_sdk_suite/v1.1//protocol/bluetooth_2.4/lib/EFR32BG1B/GCC/bgapi.a(gecko_bgapi_gap.c.obj)
                              ./main.o (gecko_bgapi_class_le_gap_init)
/Applications/Simplicity Studio.app/Contents/Eclipse/developer/sdks/gecko_sdk_suite/v1.1//protocol/bluetooth_2.4/lib/EFR32BG1B/GCC/bgapi.a(gecko_bgapi_gatt.c.obj)
                              ./main.o (gecko_bgapi_class_gatt_init)
/Applications/Simplicity Studio.app/Contents/Eclipse/developer/sdks/gecko_sdk_suite/v1.1//protocol/bluetooth_2.4/lib/EFR32BG1B/GCC/bgapi.a(gecko_bgapi_gatt_server.c.obj)
                              ./main.o (gecko_bgapi_class_gatt_server_init)
/Applications/Simplicity Studio.app/Contents/Eclipse/developer/sdks/gecko_sdk_suite/v1.1//protocol/bluetooth_2.4/lib/EFR32BG1B/GCC/bgapi.a(gecko_bgapi_flash.c.obj)
                              ./main.o (gecko_bgapi_class_flash_init)
/Applications/Simplicity Studio.app/Contents/Eclipse/developer/sdks/gecko_sdk_suite/v1.1//protocol/bluetooth_2.4/lib/EFR32BG1B/GCC/bgapi.a(gecko_bgapi_sm.c.obj)
                              ./main.o (gecko_bgapi_class_sm_init)
/Applications/Simplicity Studio.app/Contents/Eclipse/developer/sdks/gecko_sdk_suite/v1.1//protocol/bluetooth_2.4/lib/EFR32BG1B/GCC/bgapi.a(gecko_bgapi_system.c.obj)
                              ./main.o (gecko_bgapi_class_system_init)
/Applications/Simplicity Studio.app/Contents/Eclipse/developer/sdks/gecko_sdk_suite/v1.1//protocol/bluetooth_2.4/lib/EFR32BG1B/GCC/bgapi.a(gecko_bgapi_endpoint.c.obj)
                              ./main.o (gecko_bgapi_class_endpoint_init)
/Applications/Simplicity Studio.app/Contents/Eclipse/developer/sdks/gecko_sdk_suite/v1.1//protocol/bluetooth_2.4/lib/EFR32BG1B/GCC/bgapi.a(gecko_bgapi_le_connection.c.obj)
                              ./main.o (gecko_bgapi_class_le_connection_init)
/Applications/Simplicity Studio.app/Contents/Eclipse/developer/sdks/gecko_sdk_suite/v1.1//protocol/bluetooth_2.4/lib/EFR32BG1B/GCC/bgapi.a(bgapi_hardware.c.obj)
                              /Applications/Simplicity Studio.app/Contents/Eclipse/developer/sdks/gecko_sdk_suite/v1.1//protocol/bluetooth_2.4/lib/EFR32BG1B/GCC/bgapi.a(gecko_bgapi_hardware.c.obj) (lib_hardware_handler_init)
/Applications/Simplicity Studio.app/Contents/Eclipse/developer/sdks/gecko_sdk_suite/v1.1//protocol/bluetooth_2.4/lib/EFR32BG1B/GCC/bgapi.a(bgapi_test_lib.c.obj)
                              /Applications/Simplicity Studio.app/Contents/Eclipse/developer/sdks/gecko_sdk_suite/v1.1//protocol/bluetooth_2.4/lib/EFR32BG1B/GCC/bgapi.a(gecko_bgapi_test.c.obj) (lib_test_handler_init)
/Applications/Simplicity Studio.app/Contents/Eclipse/developer/sdks/gecko_sdk_suite/v1.1//protocol/bluetooth_2.4/lib/EFR32BG1B/GCC/bgapi.a(bgapi_dfu.c.obj)
                              /Applications/Simplicity Studio.app/Contents/Eclipse/developer/sdks/gecko_sdk_suite/v1.1//protocol/bluetooth_2.4/lib/EFR32BG1B/GCC/bgapi.a(gecko_bgapi_dfu.c.obj) (lib_dfu_handler_init)
/Applications/Simplicity Studio.app/Contents/Eclipse/developer/sdks/gecko_sdk_suite/v1.1//protocol/bluetooth_2.4/lib/EFR32BG1B/GCC/bgapi.a(bgapi_gap.c.obj)
                              /Applications/Simplicity Studio.app/Contents/Eclipse/developer/sdks/gecko_sdk_suite/v1.1//protocol/bluetooth_2.4/lib/EFR32BG1B/GCC/bgapi.a(gecko_bgapi_gap.c.obj) (lib_le_gap_handler_init)
/Applications/Simplicity Studio.app/Contents/Eclipse/developer/sdks/gecko_sdk_suite/v1.1//protocol/bluetooth_2.4/lib/EFR32BG1B/GCC/bgapi.a(bgapi_gatt_lib.c.obj)
                              /Applications/Simplicity Studio.app/Contents/Eclipse/developer/sdks/gecko_sdk_suite/v1.1//protocol/bluetooth_2.4/lib/EFR32BG1B/GCC/bgapi.a(gecko_bgapi_gatt.c.obj) (lib_gatt_handler_init)
/Applications/Simplicity Studio.app/Contents/Eclipse/developer/sdks/gecko_sdk_suite/v1.1//protocol/bluetooth_2.4/lib/EFR32BG1B/GCC/bgapi.a(bgapi_ps.c.obj)
                              /Applications/Simplicity Studio.app/Contents/Eclipse/developer/sdks/gecko_sdk_suite/v1.1//protocol/bluetooth_2.4/lib/EFR32BG1B/GCC/bgapi.a(gecko_bgapi_flash.c.obj) (lib_flash_handler_init)
[...]
Memory Configuration

Name             Origin             Length             Attributes
FLASH_BOOTLOADER 0x0000000000000000 0x0000000000004000 xr
FLASH            0x0000000000004000 0x000000000003b000 xr
RAM              0x0000000020003000 0x0000000000004bfc xrw
*default*        0x0000000000000000 0xffffffffffffffff

Linker script and memory map

LOAD /Applications/Simplicity Studio.app/Contents/Eclipse/developer/toolchains/gnu_arm/4.9_2015q3/bin/../lib/gcc/arm-none-eabi/4.9.3/armv7e-m/fpu/crti.o
LOAD /Applications/Simplicity Studio.app/Contents/Eclipse/developer/toolchains/gnu_arm/4.9_2015q3/bin/../lib/gcc/arm-none-eabi/4.9.3/armv7e-m/fpu/crtbegin.o
LOAD /Applications/Simplicity Studio.app/Contents/Eclipse/developer/toolchains/gnu_arm/4.9_2015q3/bin/../lib/gcc/arm-none-eabi/4.9.3/../../../../arm-none-eabi/lib/armv7e-m/fpu/crt0.o
LOAD ./application_properties.o
LOAD ./gatt_db.o
LOAD ./main.o
LOAD ./bgapi/dmadrv.o
LOAD ./bgapi/em_adc.o
LOAD ./bgapi/em_ldma.o
LOAD ./bgapi/em_leuart.o
LOAD ./device/EFR32_B_1_1_B/gcc/startup_efr32bg1b.o
LOAD ./emlib/em_cmu.o
LOAD ./emlib/em_gpio.o
LOAD ./emlib/em_letimer.o
LOAD ./emlib/em_msc.o
LOAD ./emlib/em_rtcc.o
LOAD ./emlib/em_system.o
LOAD ./emlib/em_usart.o
LOAD ./kit_flashpwr/BRD4302A/mx25flash_spi.o
LOAD ./src/InitDevice.o
LOAD ./src/adc.o
LOAD ./src/cmu.o
LOAD ./src/gpio.o
LOAD ./src/letimer.o
LOAD ./src/sleep.o
LOAD /Applications/Simplicity Studio.app/Contents/Eclipse/developer/sdks/gecko_sdk_suite/v1.1//protocol/bluetooth_2.4/lib/EFR32BG1B/EABI/stack.a
LOAD /Applications/Simplicity Studio.app/Contents/Eclipse/developer/sdks/gecko_sdk_suite/v1.1//protocol/bluetooth_2.4/lib/EFR32BG1B/EABI/binstack.o
LOAD /Applications/Simplicity Studio.app/Contents/Eclipse/developer/sdks/gecko_sdk_suite/v1.1//protocol/bluetooth_2.4/lib/EFR32BG1B/EABI/binbootloader.o
LOAD /Applications/Simplicity Studio.app/Contents/Eclipse/developer/sdks/gecko_sdk_suite/v1.1//protocol/bluetooth_2.4/lib/EFR32BG1B/GCC/bgapi.a
LOAD /Applications/Simplicity Studio.app/Contents/Eclipse/developer/toolchains/gnu_arm/4.9_2015q3/bin/../lib/gcc/arm-none-eabi/4.9.3/../../../../arm-none-eabi/lib/armv7e-m/fpu/libm.a
START GROUP
LOAD /Applications/Simplicity Studio.app/Contents/Eclipse/developer/toolchains/gnu_arm/4.9_2015q3/bin/../lib/gcc/arm-none-eabi/4.9.3/armv7e-m/fpu/libgcc.a
LOAD /Applications/Simplicity Studio.app/Contents/Eclipse/developer/toolchains/gnu_arm/4.9_2015q3/bin/../lib/gcc/arm-none-eabi/4.9.3/../../../../arm-none-eabi/lib/armv7e-m/fpu/libc.a
LOAD /Applications/Simplicity Studio.app/Contents/Eclipse/developer/toolchains/gnu_arm/4.9_2015q3/bin/../lib/gcc/arm-none-eabi/4.9.3/../../../../arm-none-eabi/lib/armv7e-m/fpu/libnosys.a
END GROUP
START GROUP
LOAD /Applications/Simplicity Studio.app/Contents/Eclipse/developer/toolchains/gnu_arm/4.9_2015q3/bin/../lib/gcc/arm-none-eabi/4.9.3/armv7e-m/fpu/libgcc.a
LOAD /Applications/Simplicity Studio.app/Contents/Eclipse/developer/toolchains/gnu_arm/4.9_2015q3/bin/../lib/gcc/arm-none-eabi/4.9.3/../../../../arm-none-eabi/lib/armv7e-m/fpu/libg.a
LOAD /Applications/Simplicity Studio.app/Contents/Eclipse/developer/toolchains/gnu_arm/4.9_2015q3/bin/../lib/gcc/arm-none-eabi/4.9.3/../../../../arm-none-eabi/lib/armv7e-m/fpu/libc.a
END GROUP
LOAD /Applications/Simplicity Studio.app/Contents/Eclipse/developer/toolchains/gnu_arm/4.9_2015q3/bin/../lib/gcc/arm-none-eabi/4.9.3/armv7e-m/fpu/crtend.o
LOAD /Applications/Simplicity Studio.app/Contents/Eclipse/developer/toolchains/gnu_arm/4.9_2015q3/bin/../lib/gcc/arm-none-eabi/4.9.3/armv7e-m/fpu/crtn.o

.text_bootloader
                0x0000000000000000     0x4000
 *(.binbootloader*)
 .binbootloader
                0x0000000000000000      0x31c /Applications/Simplicity Studio.app/Contents/Eclipse/developer/sdks/gecko_sdk_suite/v1.1//protocol/bluetooth_2.4/lib/EFR32BG1B/EABI/binbootloader.o
                0x0000000000004000                . = ALIGN (0x4000)
 *fill*         0x000000000000031c     0x3ce4 

.text_stack_bin
                0x0000000000004000    0x1cee3
 *(.binstack*)
 .binstack      0x0000000000004000    0x1cee3 /Applications/Simplicity Studio.app/Contents/Eclipse/developer/sdks/gecko_sdk_suite/v1.1//protocol/bluetooth_2.4/lib/EFR32BG1B/EABI/binstack.o

.text_signature
                0x0000000000020ee3      0x11d
                0x0000000000020f23                . = (. + 0x40)
 *fill*         0x0000000000020ee3       0x40 
                0x0000000000021000                . = ALIGN (0x800)
 *fill*         0x0000000000020f23       0xdd 
                0x0000000000021000                __text_start__ = .

.text_app       0x0000000000021000     0x7694
 *(.AAT)
 .AAT           0x0000000000021000       0x80 ./main.o
                0x0000000000021000                AppAddressTable
 *(.vectors)
 .vectors       0x0000000000021080       0xc8 ./device/EFR32_B_1_1_B/gcc/startup_efr32bg1b.o
                0x0000000000021080                __Vectors
                0x0000000000021148                __Vectors_End = .
                0x00000000000000c8                __Vectors_Size = (__Vectors_End - __Vectors)
                0x0000000000021148                __end__ = .
 *(.gecko_configuration)
 *(.xo_configuration)
 *(.gatt_header)
 .gatt_header   0x0000000000021148       0x34 ./gatt_db.o
                0x0000000000021148                bg_gattdb_data
 *(.gatt_data)
 .gatt_data     0x000000000002117c      0x1d5 ./gatt_db.o
                0x000000000002117c                bg_gattdb_data_uuidtable_16_map
                0x0000000000021198                bg_gattdb_data_uuidtable_128_map
                0x00000000000211b8                bg_gattdb_data_attribute_field_18
                0x00000000000211c0                bg_gattdb_data_attribute_field_17
                0x00000000000211d8                bg_gattdb_data_attribute_field_16
                0x00000000000211ec                bg_gattdb_data_attribute_field_15
                0x00000000000211f4                bg_gattdb_data_attribute_field_14
                0x00000000000211fc                bg_gattdb_data_attribute_field_13
                0x0000000000021208                bg_gattdb_data_attribute_field_12
                0x0000000000021210                bg_gattdb_data_attribute_field_11
                0x0000000000021220                bg_gattdb_data_attribute_field_10
                0x0000000000021228                bg_gattdb_data_attribute_field_9
                0x000000000002122c                bg_gattdb_data_attribute_field_8
                0x0000000000021230                bg_gattdb_data_attribute_field_7
                0x0000000000021238                bg_gattdb_data_attribute_field_6
                0x0000000000021240                bg_gattdb_data_attribute_field_5
                0x0000000000021248                bg_gattdb_data_attribute_field_4
                0x000000000002124c                bg_gattdb_data_attribute_field_2
                0x0000000000021254                bg_gattdb_data_attribute_field_1
                0x000000000002125c                bg_gattdb_data_attribute_field_0
                0x0000000000021260                bg_gattdb_data_attributes_map
                0x0000000000021344                bg_gattdb_data_attributes_dynamic_mapping_map
                0x000000000002134c                bg_gattdb_data_adv_uuid16_map
                0x0000000000021350                bg_gattdb_data_adv_uuid128_map
 *(.application_properties)
 *fill*         0x0000000000021351        0x3 
 .application_properties
                0x0000000000021354       0x38 ./application_properties.o
                0x0000000000021354                applicationProperties
 *(.text*)
 .text          0x000000000002138c       0x5c /Applications/Simplicity Studio.app/Contents/Eclipse/developer/toolchains/gnu_arm/4.9_2015q3/bin/../lib/gcc/arm-none-eabi/4.9.3/armv7e-m/fpu/crtbegin.o
 .text          0x00000000000213e8       0x74 /Applications/Simplicity Studio.app/Contents/Eclipse/developer/toolchains/gnu_arm/4.9_2015q3/bin/../lib/gcc/arm-none-eabi/4.9.3/../../../../arm-none-eabi/lib/armv7e-m/fpu/crt0.o
                0x00000000000213e8                _mainCRTStartup
                0x00000000000213e8                _start
 .text.gecko_init
                0x000000000002145c       0x40 ./main.o
 .text.main     0x000000000002149c       0x44 ./main.o
                0x000000000002149c                main
 .text.LDMA_IRQHandler
                0x00000000000214e0       0xe0 ./bgapi/dmadrv.o
                0x00000000000214e0                LDMA_IRQHandler
 .text.ADC_IntClear
                0x00000000000215c0       0x1c ./bgapi/em_adc.o
 .text.BUS_RegBitWrite
                0x00000000000215dc       0x2c ./bgapi/em_adc.o
 .text.BUS_RegMaskedSet
                0x0000000000021608       0x24 ./bgapi/em_adc.o
 .text.BUS_RegMaskedClear
                0x000000000002162c       0x24 ./bgapi/em_adc.o
 .text.BUS_RegMaskedWrite
                0x0000000000021650       0x24 ./bgapi/em_adc.o
 .text.ADC_LoadDevinfoCal
                0x0000000000021674      0x1b8 ./bgapi/em_adc.o
 .text.ADC_Init
                0x000000000002182c       0x90 ./bgapi/em_adc.o
                0x000000000002182c                ADC_Init
 .text.ADC_InitSingle
                0x00000000000218bc      0x150 ./bgapi/em_adc.o
                0x00000000000218bc                ADC_InitSingle
 .text.ADC_PrescaleCalc
                0x0000000000021a0c       0x64 ./bgapi/em_adc.o
                0x0000000000021a0c                ADC_PrescaleCalc
 .text.ADC_TimebaseCalc
                0x0000000000021a70       0x50 ./bgapi/em_adc.o
                0x0000000000021a70                ADC_TimebaseCalc
 .text.Reset_Handler
                0x0000000000021ac0       0x38 ./device/EFR32_B_1_1_B/gcc/startup_efr32bg1b.o
                0x0000000000021ac0                Reset_Handler
 .text.Default_Handler
                0x0000000000021af8        0x8 ./device/EFR32_B_1_1_B/gcc/startup_efr32bg1b.o
                0x0000000000021af8                IDAC0_IRQHandler
                0x0000000000021af8                USART0_TX_IRQHandler
                0x0000000000021af8                I2C0_IRQHandler
                0x0000000000021af8                HardFault_Handler
                0x0000000000021af8                SysTick_Handler
                0x0000000000021af8                USART1_RX_IRQHandler
                0x0000000000021af8                PendSV_Handler
                0x0000000000021af8                NMI_Handler
                0x0000000000021af8                SYNTH_IRQHandler
                0x0000000000021af8                WDOG0_IRQHandler
                0x0000000000021af8                USART1_TX_IRQHandler
                0x0000000000021af8                MSC_IRQHandler
                0x0000000000021af8                UsageFault_Handler
                0x0000000000021af8                LEUART0_IRQHandler
                0x0000000000021af8                FPUEH_IRQHandler
                0x0000000000021af8                GPIO_EVEN_IRQHandler
                0x0000000000021af8                TIMER0_IRQHandler
                0x0000000000021af8                TIMER1_IRQHandler
                0x0000000000021af8                RFSENSE_IRQHandler
                0x0000000000021af8                BUFC_IRQHandler
                0x0000000000021af8                MODEM_IRQHandler
                0x0000000000021af8                Default_Handler
                0x0000000000021af8                RAC_SEQ_IRQHandler
                0x0000000000021af8                FRC_PRI_IRQHandler
                0x0000000000021af8                FRC_IRQHandler
                0x0000000000021af8                CRYOTIMER_IRQHandler
                0x0000000000021af8                PCNT0_IRQHandler
                0x0000000000021af8                AGC_IRQHandler
                0x0000000000021af8                ACMP0_IRQHandler
                0x0000000000021af8                USART0_RX_IRQHandler
                0x0000000000021af8                MemManage_Handler
                0x0000000000021af8                SVC_Handler
                0x0000000000021af8                RTCC_IRQHandler
                0x0000000000021af8                CRYPTO_IRQHandler
                0x0000000000021af8                CMU_IRQHandler
                0x0000000000021af8                RAC_RSM_IRQHandler
                0x0000000000021af8                GPIO_ODD_IRQHandler
                0x0000000000021af8                PROTIMER_IRQHandler
                0x0000000000021af8                BusFault_Handler
                0x0000000000021af8                DebugMon_Handler
 .text.BUS_RegBitWrite
                0x0000000000021b00       0x2c ./emlib/em_cmu.o
 .text.BUS_RegBitRead
                0x0000000000021b2c       0x2c ./emlib/em_cmu.o
 .text.BUS_RegMaskedSet
                0x0000000000021b58       0x24 ./emlib/em_cmu.o
 .text.BUS_RegMaskedClear
                0x0000000000021b7c       0x24 ./emlib/em_cmu.o
 .text.BUS_RegMaskedWrite
                0x0000000000021ba0       0x24 ./emlib/em_cmu.o
 .text.CMU_Log2ToDiv
                0x0000000000021bc4       0x1c ./emlib/em_cmu.o
 .text.setHfLeConfig
                0x0000000000021be0       0x64 ./emlib/em_cmu.o
 .text.auxClkGet
                0x0000000000021c44       0x20 ./emlib/em_cmu.o
 .text.hfSrcClkGet
                0x0000000000021c64       0x2c ./emlib/em_cmu.o
 .text.dbgClkGet
                0x0000000000021c90       0x3c ./emlib/em_cmu.o
 .text.adcAsyncClkGet
                0x0000000000021ccc       0x80 ./emlib/em_cmu.o
 .text.flashWaitStateControl
                0x0000000000021d4c       0x7c ./emlib/em_cmu.o
 .text.flashWaitStateMax
                0x0000000000021dc8       0x14 ./emlib/em_cmu.o
 .text.CMU_UpdateWaitStates
                0x0000000000021ddc       0x18 ./emlib/em_cmu.o
                0x0000000000021ddc                CMU_UpdateWaitStates
 .text.getRegIshUpperVal
                0x0000000000021df4       0x38 ./emlib/em_cmu.o
 .text.getHfxoTuningMode
                0x0000000000021e2c       0x1c ./emlib/em_cmu.o
 .text.setHfxoTuningMode
                0x0000000000021e48       0x28 ./emlib/em_cmu.o
 .text.lfClkGet
                0x0000000000021e70       0xe8 ./emlib/em_cmu.o
 .text.syncReg  0x0000000000021f58       0x38 ./emlib/em_cmu.o
 .text.CMU_AUXHFRCODevinfoGet
                0x0000000000021f90       0xdc ./emlib/em_cmu.o
 .text.CMU_AUXHFRCOBandGet
                0x000000000002206c       0x18 ./emlib/em_cmu.o
                0x000000000002206c                CMU_AUXHFRCOBandGet
 .text.CMU_AUXHFRCOBandSet
                0x0000000000022084       0x98 ./emlib/em_cmu.o
                0x0000000000022084                CMU_AUXHFRCOBandSet
 .text.CMU_ClockEnable
                0x000000000002211c       0xcc ./emlib/em_cmu.o
                0x000000000002211c                CMU_ClockEnable
 .text.CMU_ClockFreqGet
                0x00000000000221e8      0x198 ./emlib/em_cmu.o
                0x00000000000221e8                CMU_ClockFreqGet
 .text.CMU_ClockSelectGet
                0x0000000000022380      0x190 ./emlib/em_cmu.o
                0x0000000000022380                CMU_ClockSelectGet
 .text.CMU_ClockSelectSet
                0x0000000000022510      0x25c ./emlib/em_cmu.o
                0x0000000000022510                CMU_ClockSelectSet
 .text.CMU_HFRCODevinfoGet
                0x000000000002276c       0xdc ./emlib/em_cmu.o
 .text.CMU_HFRCOBandSet
                0x0000000000022848       0xec ./emlib/em_cmu.o
                0x0000000000022848                CMU_HFRCOBandSet
 .text.CMU_HFXOAutostartEnable
                0x0000000000022934       0x7c ./emlib/em_cmu.o
                0x0000000000022934                CMU_HFXOAutostartEnable
 .text.CMU_HFXOInit
                0x00000000000229b0       0xf4 ./emlib/em_cmu.o
                0x00000000000229b0                CMU_HFXOInit
 .text.CMU_LFXOInit
                0x0000000000022aa4       0x50 ./emlib/em_cmu.o
                0x0000000000022aa4                CMU_LFXOInit
 .text.CMU_OscillatorEnable
                0x0000000000022af4      0x174 ./emlib/em_cmu.o
                0x0000000000022af4                CMU_OscillatorEnable
 .text.CMU_OscillatorTuningGet
                0x0000000000022c68       0x74 ./emlib/em_cmu.o
                0x0000000000022c68                CMU_OscillatorTuningGet
 .text.CMU_OscillatorTuningSet
                0x0000000000022cdc       0xfc ./emlib/em_cmu.o
                0x0000000000022cdc                CMU_OscillatorTuningSet
 .text.CMU_OscillatorTuningWait
                0x0000000000022dd8       0x8c ./emlib/em_cmu.o
                0x0000000000022dd8                CMU_OscillatorTuningWait
 .text.CMU_OscillatorTuningOptimize
                0x0000000000022e64       0x4c ./emlib/em_cmu.o
                0x0000000000022e64                CMU_OscillatorTuningOptimize
 .text.BUS_RegMaskedSet
                0x0000000000022eb0       0x24 ./emlib/em_gpio.o
 .text.BUS_RegMaskedClear
                0x0000000000022ed4       0x24 ./emlib/em_gpio.o
 .text.BUS_RegMaskedWrite
                0x0000000000022ef8       0x24 ./emlib/em_gpio.o
 .text.GPIO_PinOutClear
                0x0000000000022f1c       0x58 ./emlib/em_gpio.o
 .text.GPIO_PinOutSet
                0x0000000000022f74       0x58 ./emlib/em_gpio.o
 .text.GPIO_DriveStrengthSet
                0x0000000000022fcc       0x60 ./emlib/em_gpio.o
                0x0000000000022fcc                GPIO_DriveStrengthSet
 .text.GPIO_PinModeSet
                0x000000000002302c      0x108 ./emlib/em_gpio.o
                0x000000000002302c                GPIO_PinModeSet
 .text.LETIMER_CompareSet
                0x0000000000023134       0x58 ./emlib/em_letimer.o
                0x0000000000023134                LETIMER_CompareSet
 .text.LETIMER_Enable
                0x000000000002318c       0x2c ./emlib/em_letimer.o
                0x000000000002318c                LETIMER_Enable
 .text.LETIMER_Init
                0x00000000000231b8       0xcc ./emlib/em_letimer.o
                0x00000000000231b8                LETIMER_Init
 .text.RTCC_Init
                0x0000000000023284       0x60 ./emlib/em_rtcc.o
                0x0000000000023284                RTCC_Init
 .text.SYSTEM_ChipRevisionGet
                0x00000000000232e4       0x74 ./emlib/em_system.o
                0x00000000000232e4                SYSTEM_ChipRevisionGet
 .text.USART_BaudrateSyncSet
                0x0000000000023358       0x40 ./emlib/em_usart.o
                0x0000000000023358                USART_BaudrateSyncSet
 .text.USART_InitSync
                0x0000000000023398       0xec ./emlib/em_usart.o
                0x0000000000023398                USART_InitSync
 .text.USART_Reset
                0x0000000000023484       0x94 ./emlib/em_usart.o
                0x0000000000023484                USART_Reset
 .text.USART_SpiTransfer
                0x0000000000023518       0x40 ./emlib/em_usart.o
                0x0000000000023518                USART_SpiTransfer
 .text.BUS_RegMaskedSet
                0x0000000000023558       0x24 ./kit_flashpwr/BRD4302A/mx25flash_spi.o
 .text.BUS_RegMaskedClear
                0x000000000002357c       0x24 ./kit_flashpwr/BRD4302A/mx25flash_spi.o
 .text.GPIO_PinOutClear
                0x00000000000235a0       0x58 ./kit_flashpwr/BRD4302A/mx25flash_spi.o
 .text.GPIO_PinOutSet
                0x00000000000235f8       0x58 ./kit_flashpwr/BRD4302A/mx25flash_spi.o
 .text.MX25_init
                0x0000000000023650       0x98 ./kit_flashpwr/BRD4302A/mx25flash_spi.o
                0x0000000000023650                MX25_init
 .text.Wait_Flash_WarmUp
                0x00000000000236e8       0x24 ./kit_flashpwr/BRD4302A/mx25flash_spi.o
                0x00000000000236e8                Wait_Flash_WarmUp
 .text.Initial_Spi
                0x000000000002370c        0xc ./kit_flashpwr/BRD4302A/mx25flash_spi.o
                0x000000000002370c                Initial_Spi
 .text.CS_Low   0x0000000000023718       0x10 ./kit_flashpwr/BRD4302A/mx25flash_spi.o
                0x0000000000023718                CS_Low
 .text.CS_High  0x0000000000023728       0x10 ./kit_flashpwr/BRD4302A/mx25flash_spi.o
                0x0000000000023728                CS_High
 .text.SendByte
                0x0000000000023738       0x3c ./kit_flashpwr/BRD4302A/mx25flash_spi.o
                0x0000000000023738                SendByte
 .text.MX25_DP  0x0000000000023774       0x1c ./kit_flashpwr/BRD4302A/mx25flash_spi.o
                0x0000000000023774                MX25_DP
 .text.SYSTEM_GetProdRev
                0x0000000000023790       0x1c ./src/InitDevice.o
 .text.BUS_RegBitWrite
                0x00000000000237ac       0x2c ./src/InitDevice.o
 .text.CHIP_Init
                0x00000000000237d8       0xb4 ./src/InitDevice.o
 .text.enter_DefaultMode_from_RESET
                0x000000000002388c       0x2c ./src/InitDevice.o
                0x000000000002388c                enter_DefaultMode_from_RESET
 .text.EMU_enter_DefaultMode_from_RESET
                0x00000000000238b8       0x94 ./src/InitDevice.o
                0x00000000000238b8                EMU_enter_DefaultMode_from_RESET
 .text.LFXO_enter_DefaultMode_from_RESET
                0x000000000002394c        0xc ./src/InitDevice.o
                0x000000000002394c                LFXO_enter_DefaultMode_from_RESET
 .text.CMU_enter_DefaultMode_from_RESET
                0x0000000000023958      0x128 ./src/InitDevice.o
                0x0000000000023958                CMU_enter_DefaultMode_from_RESET
 .text.RTCC_enter_DefaultMode_from_RESET
                0x0000000000023a80       0x4c ./src/InitDevice.o
                0x0000000000023a80                RTCC_enter_DefaultMode_from_RESET
 .text.GPCRC_enter_DefaultMode_from_RESET
                0x0000000000023acc        0xc ./src/InitDevice.o
                0x0000000000023acc                GPCRC_enter_DefaultMode_from_RESET
 .text.LDMA_enter_DefaultMode_from_RESET
                0x0000000000023ad8        0xc ./src/InitDevice.o
                0x0000000000023ad8                LDMA_enter_DefaultMode_from_RESET
 .text.PRS_enter_DefaultMode_from_RESET
                0x0000000000023ae4       0x20 ./src/InitDevice.o
                0x0000000000023ae4                PRS_enter_DefaultMode_from_RESET
 .text.PORTIO_enter_DefaultMode_from_RESET
                0x0000000000023b04        0xc ./src/InitDevice.o
                0x0000000000023b04                PORTIO_enter_DefaultMode_from_RESET
 .text.NVIC_EnableIRQ
                0x0000000000023b10       0x2c ./src/adc.o
 .text.NVIC_ClearPendingIRQ
                0x0000000000023b3c       0x30 ./src/adc.o
 .text.ADC_IntClear
                0x0000000000023b6c       0x1c ./src/adc.o
 .text.ADC_IntEnable
                0x0000000000023b88       0x20 ./src/adc.o
 .text.ADC_IntGet
                0x0000000000023ba8       0x18 ./src/adc.o
 .text.ADC0_setup
                0x0000000000023bc0      0x144 ./src/adc.o
                0x0000000000023bc0                ADC0_setup
 .text.ADC0_IRQHandler
                0x0000000000023d04       0x70 ./src/adc.o
                0x0000000000023d04                ADC0_IRQHandler
 *fill*         0x0000000000023d74        0x4 
 .text.led1_tally
                0x0000000000023d78      0x150 ./src/adc.o
                0x0000000000023d78                led1_tally
 .text.cmu_init
                0x0000000000023ec8       0xc8 ./src/cmu.o
                0x0000000000023ec8                cmu_init
 .text.BUS_RegMaskedSet
                0x0000000000023f90       0x24 ./src/gpio.o
 .text.BUS_RegMaskedClear
                0x0000000000023fb4       0x24 ./src/gpio.o
 .text.GPIO_PinOutClear
                0x0000000000023fd8       0x58 ./src/gpio.o
 .text.GPIO_PinOutSet
                0x0000000000024030       0x58 ./src/gpio.o
 .text.gpio_init
                0x0000000000024088       0x4c ./src/gpio.o
                0x0000000000024088                gpio_init
 .text.led0_on  0x00000000000240d4       0x10 ./src/gpio.o
                0x00000000000240d4                led0_on
 .text.led0_off
                0x00000000000240e4       0x10 ./src/gpio.o
                0x00000000000240e4                led0_off
 .text.led1_on  0x00000000000240f4       0x10 ./src/gpio.o
                0x00000000000240f4                led1_on
 .text.led1_off
                0x0000000000024104       0x10 ./src/gpio.o
                0x0000000000024104                led1_off
 .text.NVIC_EnableIRQ
                0x0000000000024114       0x2c ./src/letimer.o
 .text.LETIMER_IntClear
                0x0000000000024140       0x1c ./src/letimer.o
 .text.LETIMER_IntGet
                0x000000000002415c       0x18 ./src/letimer.o
 *fill*         0x0000000000024174        0x4 
 .text.LETIMER0_setup
                0x0000000000024178      0x1c0 ./src/letimer.o
                0x0000000000024178                LETIMER0_setup
 .text.LETIMER0_IRQHandler
                0x0000000000024338       0x48 ./src/letimer.o
                0x0000000000024338                LETIMER0_IRQHandler
 .text.EMU_EnterEM1
                0x0000000000024380       0x20 ./src/sleep.o
 .text.sleep    0x00000000000243a0       0x3c ./src/sleep.o
                0x00000000000243a0                sleep
 .text.blockSleepMode
                0x00000000000243dc       0x2c ./src/sleep.o
                0x00000000000243dc                blockSleepMode
 .text.unblockSleepMode
                0x0000000000024408       0x38 ./src/sleep.o
                0x0000000000024408                unblockSleepMode
 .text          0x0000000000024440       0x18 /Applications/Simplicity Studio.app/Contents/Eclipse/developer/sdks/gecko_sdk_suite/v1.1//protocol/bluetooth_2.4/lib/EFR32BG1B/GCC/bgapi.a(gecko_bgapi_hardware.c.obj)
                0x0000000000024440                gecko_bgapi_class_hardware_init
 .text          0x0000000000024458       0x18 /Applications/Simplicity Studio.app/Contents/Eclipse/developer/sdks/gecko_sdk_suite/v1.1//protocol/bluetooth_2.4/lib/EFR32BG1B/GCC/bgapi.a(gecko_bgapi_test.c.obj)
                0x0000000000024458                gecko_bgapi_class_test_init
 .text          0x0000000000024470       0x18 /Applications/Simplicity Studio.app/Contents/Eclipse/developer/sdks/gecko_sdk_suite/v1.1//protocol/bluetooth_2.4/lib/EFR32BG1B/GCC/bgapi.a(gecko_bgapi_dfu.c.obj)
                0x0000000000024470                gecko_bgapi_class_dfu_init
 .text          0x0000000000024488       0x18 /Applications/Simplicity Studio.app/Contents/Eclipse/developer/sdks/gecko_sdk_suite/v1.1//protocol/bluetooth_2.4/lib/EFR32BG1B/GCC/bgapi.a(gecko_bgapi_gap.c.obj)
                0x0000000000024488                gecko_bgapi_class_le_gap_init
 .text          0x00000000000244a0       0x18 /Applications/Simplicity Studio.app/Contents/Eclipse/developer/sdks/gecko_sdk_suite/v1.1//protocol/bluetooth_2.4/lib/EFR32BG1B/GCC/bgapi.a(gecko_bgapi_gatt.c.obj)
                0x00000000000244a0                gecko_bgapi_class_gatt_init
 .text          0x00000000000244b8       0x18 /Applications/Simplicity Studio.app/Contents/Eclipse/developer/sdks/gecko_sdk_suite/v1.1//protocol/bluetooth_2.4/lib/EFR32BG1B/GCC/bgapi.a(gecko_bgapi_gatt_server.c.obj)
                0x00000000000244b8                gecko_bgapi_class_gatt_server_init
 .text          0x00000000000244d0       0x18 /Applications/Simplicity Studio.app/Contents/Eclipse/developer/sdks/gecko_sdk_suite/v1.1//protocol/bluetooth_2.4/lib/EFR32BG1B/GCC/bgapi.a(gecko_bgapi_flash.c.obj)
                0x00000000000244d0                gecko_bgapi_class_flash_init
 .text          0x00000000000244e8       0x18 /Applications/Simplicity Studio.app/Contents/Eclipse/developer/sdks/gecko_sdk_suite/v1.1//protocol/bluetooth_2.4/lib/EFR32BG1B/GCC/bgapi.a(gecko_bgapi_sm.c.obj)
                0x00000000000244e8                gecko_bgapi_class_sm_init
 .text          0x0000000000024500       0x18 /Applications/Simplicity Studio.app/Contents/Eclipse/developer/sdks/gecko_sdk_suite/v1.1//protocol/bluetooth_2.4/lib/EFR32BG1B/GCC/bgapi.a(gecko_bgapi_system.c.obj)
                0x0000000000024500                gecko_bgapi_class_system_init
 .text          0x0000000000024518       0x18 /Applications/Simplicity Studio.app/Contents/Eclipse/developer/sdks/gecko_sdk_suite/v1.1//protocol/bluetooth_2.4/lib/EFR32BG1B/GCC/bgapi.a(gecko_bgapi_endpoint.c.obj)
                0x0000000000024518                gecko_bgapi_class_endpoint_init
 .text          0x0000000000024530       0x18 /Applications/Simplicity Studio.app/Contents/Eclipse/developer/sdks/gecko_sdk_suite/v1.1//protocol/bluetooth_2.4/lib/EFR32BG1B/GCC/bgapi.a(gecko_bgapi_le_connection.c.obj)
                0x0000000000024530                gecko_bgapi_class_le_connection_init
 .text          0x0000000000024548      0x1d0 /Applications/Simplicity Studio.app/Contents/Eclipse/developer/sdks/gecko_sdk_suite/v1.1//protocol/bluetooth_2.4/lib/EFR32BG1B/GCC/bgapi.a(bgapi_hardware.c.obj)
                0x0000000000024548                soft_timer_comparison
                0x00000000000245dc                bgapi_hardware_soft_timer_listener
                0x000000000002461c                lib_hardware_handler_init
                0x0000000000024630                gecko_cmd_hardware_set_soft_timer
                0x0000000000024670                gecko_cmd_hardware_set_lazy_soft_timer
                0x00000000000246b0                gecko_cmd_hardware_get_time
                0x00000000000246e4                gecko_cmd_hardware_enable_dcdc
 .text          0x0000000000024718      0x330 /Applications/Simplicity Studio.app/Contents/Eclipse/developer/sdks/gecko_sdk_suite/v1.1//protocol/bluetooth_2.4/lib/EFR32BG1B/GCC/bgapi.a(bgapi_test_lib.c.obj)
                0x0000000000024718                bgapi_test_lib_msg_handler
                0x0000000000024770                lib_test_handler_init
                0x0000000000024790                disable_interrupts
                0x00000000000247b4                gecko_cmd_test_dtm_tx
                0x0000000000024848                gecko_cmd_test_dtm_rx
                0x0000000000024894                gecko_cmd_test_dtm_end
                0x00000000000248fc                gecko_cmd_test_debug_command
                0x00000000000249cc                gecko_cmd_test_debug_counter
 .text          0x0000000000024a48       0x8c /Applications/Simplicity Studio.app/Contents/Eclipse/developer/sdks/gecko_sdk_suite/v1.1//protocol/bluetooth_2.4/lib/EFR32BG1B/GCC/bgapi.a(bgapi_dfu.c.obj)
                0x0000000000024a48                lib_dfu_handler_init
                0x0000000000024a4a                gecko_cmd_dfu_reset
                0x0000000000024a50                gecko_cmd_dfu_flash_set_address
                0x0000000000024a7c                gecko_cmd_dfu_flash_upload
                0x0000000000024aa8                gecko_cmd_dfu_flash_upload_finish
 .text          0x0000000000024ad4      0x34c /Applications/Simplicity Studio.app/Contents/Eclipse/developer/sdks/gecko_sdk_suite/v1.1//protocol/bluetooth_2.4/lib/EFR32BG1B/GCC/bgapi.a(bgapi_gap.c.obj)
                0x0000000000024ad4                lib_le_gap_handler_init
                0x0000000000024ad6                gecko_cmd_le_gap_set_mode
                0x0000000000024b1c                gecko_cmd_le_gap_bt5_set_mode
                0x0000000000024b60                gecko_cmd_le_gap_set_adv_data
                0x0000000000024ba8                gecko_cmd_le_gap_bt5_set_adv_data
                0x0000000000024bdc                gecko_cmd_le_gap_set_adv_timeout
                0x0000000000024c30                gecko_cmd_le_gap_open
                0x0000000000024c94                gecko_cmd_le_gap_discover
                0x0000000000024cc0                gecko_cmd_le_gap_end_procedure
                0x0000000000024cec                gecko_cmd_le_gap_set_adv_parameters
                0x0000000000024d20                gecko_cmd_le_gap_bt5_set_adv_parameters
                0x0000000000024d5c                gecko_cmd_le_gap_set_scan_parameters
                0x0000000000024d8c                gecko_cmd_le_gap_set_conn_parameters
                0x0000000000024dc4                gecko_cmd_le_gap_set_phy
                0x0000000000024df0                gecko_cmd_le_gap_set_privacy_mode
 .text          0x0000000000024e20      0x6c4 /Applications/Simplicity Studio.app/Contents/Eclipse/developer/sdks/gecko_sdk_suite/v1.1//protocol/bluetooth_2.4/lib/EFR32BG1B/GCC/bgapi.a(bgapi_gatt_lib.c.obj)
                0x0000000000024e20                lib_gatt_handler_init
                0x0000000000024e24                lib_gatt_server_handler_init
                0x0000000000024e26                gecko_cmd_gatt_set_max_mtu
                0x0000000000024e60                gecko_cmd_gatt_discover_primary_services
                0x0000000000024e90                gecko_cmd_gatt_discover_primary_services_by_uuid
                0x0000000000024ecc                gecko_cmd_gatt_find_included_services
                0x0000000000024f00                gecko_cmd_gatt_discover_characteristics
                0x0000000000024f34                gecko_cmd_gatt_discover_characteristics_by_uuid
                0x0000000000024f74                gecko_cmd_gatt_read_characteristic_value
                0x0000000000024fac                gecko_cmd_gatt_read_characteristic_value_from_offset
                0x0000000000024fe8                gecko_cmd_gatt_read_characteristic_value_by_uuid
                0x0000000000025028                gecko_cmd_gatt_read_multiple_characteristic_values
                0x000000000002505c                gecko_cmd_gatt_write_characteristic_value
                0x0000000000025094                gecko_cmd_gatt_write_characteristic_value_without_response
                0x00000000000250d8                gecko_cmd_gatt_prepare_characteristic_value_write
                0x0000000000025128                gecko_cmd_gatt_execute_characteristic_value_write
                0x000000000002515c                gecko_cmd_gatt_set_characteristic_notification
                0x0000000000025194                gecko_cmd_gatt_discover_descriptors
                0x00000000000251c8                gecko_cmd_gatt_read_descriptor_value
                0x00000000000251fc                gecko_cmd_gatt_write_descriptor_value
                0x0000000000025234                gecko_cmd_gatt_server_read_attribute_value
                0x000000000002527c                gecko_cmd_gatt_server_read_attribute_type
                0x00000000000252c0                gecko_cmd_gatt_server_find_attribute
                0x00000000000252fc                gecko_cmd_gatt_server_write_attribute_value
                0x0000000000025330                gecko_cmd_gatt_server_send_user_read_response
                0x0000000000025380                gecko_cmd_gatt_server_send_user_write_response
                0x00000000000253b8                gecko_cmd_gatt_server_send_characteristic_notification
                0x0000000000025404                gecko_cmd_gatt_send_characteristic_confirmation
                0x0000000000025434                gecko_cmd_gatt_server_set_database
                0x0000000000025464                gecko_cmd_gatt_server_set_capabilities
                0x0000000000025494                gecko_cmd_gatt_prepare_characteristic_value_reliable_write
 .text          0x00000000000254e4      0x1d0 /Applications/Simplicity Studio.app/Contents/Eclipse/developer/sdks/gecko_sdk_suite/v1.1//protocol/bluetooth_2.4/lib/EFR32BG1B/GCC/bgapi.a(bgapi_ps.c.obj)
                0x00000000000254e4                bgapi_ps_dump_listener
                0x0000000000025524                lib_flash_handler_init
                0x0000000000025538                gecko_cmd_flash_ps_dump
                0x00000000000255d0                gecko_cmd_flash_ps_erase_all
                0x0000000000025600                gecko_cmd_flash_ps_save
                0x000000000002563c                gecko_cmd_flash_ps_load
                0x0000000000025680                gecko_cmd_flash_ps_erase
 .text          0x00000000000256b4      0x3cc /Applications/Simplicity Studio.app/Contents/Eclipse/developer/sdks/gecko_sdk_suite/v1.1//protocol/bluetooth_2.4/lib/EFR32BG1B/GCC/bgapi.a(bgapi_sm.c.obj)
                0x000000000002577c                lib_sm_handler_init
                0x0000000000025790                gecko_cmd_sm_list_all_bondings
                0x00000000000257c8                gecko_cmd_sm_increase_security
                0x00000000000257f8                gecko_cmd_sm_set_bondable_mode
                0x0000000000025824                gecko_cmd_sm_delete_bonding
                0x0000000000025854                gecko_cmd_sm_delete_bondings
                0x0000000000025884                gecko_cmd_sm_configure
                0x00000000000258b4                gecko_cmd_sm_enter_passkey
                0x00000000000258e8                gecko_cmd_sm_set_passkey
                0x0000000000025914                gecko_cmd_sm_passkey_confirm
                0x0000000000025948                gecko_cmd_sm_set_oob_data
                0x0000000000025978                gecko_cmd_sm_set_sc_remote_oob_data
                0x00000000000259a8                gecko_cmd_sm_use_sc_oob
                0x00000000000259e8                gecko_cmd_sm_store_bonding_configuration
                0x0000000000025a1c                gecko_cmd_sm_bonding_confirm
                0x0000000000025a50                gecko_cmd_sm_set_debug_mode
 .text          0x0000000000025a80      0x1d8 /Applications/Simplicity Studio.app/Contents/Eclipse/developer/sdks/gecko_sdk_suite/v1.1//protocol/bluetooth_2.4/lib/EFR32BG1B/GCC/bgapi.a(bgapi_system.c.obj)
                0x0000000000025a80                bgapi_system_listener
                0x0000000000025ab0                lib_system_handler_init
                0x0000000000025ac4                gecko_cmd_system_get_bt_address
                0x0000000000025afc                gecko_cmd_system_set_bt_address
                0x0000000000025b30                gecko_cmd_system_set_device_name
                0x0000000000025b6c                gecko_cmd_system_get_random_data
                0x0000000000025bb4                gecko_cmd_system_halt
                0x0000000000025be8                gecko_cmd_system_set_tx_power
                0x0000000000025c18                gecko_cmd_system_hello
                0x0000000000025c40                gecko_cmd_system_reset
                0x0000000000025c46                gecko_send_system_awake
 .text          0x0000000000025c58      0x1ac /Applications/Simplicity Studio.app/Contents/Eclipse/developer/sdks/gecko_sdk_suite/v1.1//protocol/bluetooth_2.4/lib/EFR32BG1B/GCC/bgapi.a(bgapi_endpoint.c.obj)
                0x0000000000025c58                lib_endpoint_handler_init
                0x0000000000025c5a                gecko_cmd_endpoint_send
                0x0000000000025d04                gecko_cmd_endpoint_set_streaming_destination
                0x0000000000025d5c                gecko_cmd_endpoint_close
                0x0000000000025db8                gecko_cmd_endpoint_set_flags
                0x0000000000025dba                gecko_cmd_endpoint_clr_flags
                0x0000000000025dbc                gecko_cmd_endpoint_read_counters
 .text          0x0000000000025e04      0x104 /Applications/Simplicity Studio.app/Contents/Eclipse/developer/sdks/gecko_sdk_suite/v1.1//protocol/bluetooth_2.4/lib/EFR32BG1B/GCC/bgapi.a(bgapi_le_connection.c.obj)
                0x0000000000025e04                lib_le_connection_handler_init
                0x0000000000025e06                gecko_cmd_le_connection_set_parameters
                0x0000000000025e54                gecko_cmd_le_connection_get_rssi
                0x0000000000025e84                gecko_cmd_le_connection_disable_slave_latency
                0x0000000000025ecc                gecko_cmd_le_connection_set_phy
 .text          0x0000000000025f08      0xdf0 /Applications/Simplicity Studio.app/Contents/Eclipse/developer/sdks/gecko_sdk_suite/v1.1//protocol/bluetooth_2.4/lib/EFR32BG1B/GCC/bgapi.a(gatt_client.c.obj)
                0x0000000000026170                gatt_discover_primary_services
                0x00000000000261ae                gatt_discover_primary_services_by_uuid
                0x0000000000026204                gatt_find_included_services
                0x0000000000026254                gatt_find_included_services_handler
                0x0000000000026304                gatt_discover_characteristics
                0x0000000000026326                gatt_discover_characteristics_by_uuid
                0x0000000000026368                gatt_discover_descriptors
                0x00000000000263a4                gatt_read_characteristic_value
                0x00000000000263dc                gatt_read_characteristic_value_by_uuid
                0x0000000000026416                gatt_read_multiple_characteristic_values
                0x000000000002643a                gatt_write_characteristic_value
                0x0000000000026460                gatt_write_characteristic_value_without_response
                0x000000000002647a                gatt_prepare_characteristic_value_write
                0x00000000000264f0                gatt_execute_characteristic_value_write
                0x0000000000026512                gatt_set_characteristic_notification
                0x0000000000026552                gatt_read_descriptor_value
                0x000000000002657a                gatt_write_descriptor_value
                0x00000000000265a0                gatt_handle_exchange_mtu_rsp
                0x00000000000265bc                gatt_handle_find_information_response
                0x000000000002670e                gatt_handle_find_by_type_value_response
                0x00000000000267aa                gatt_handle_read_response
                0x0000000000026908                gatt_handle_read_blob_response
                0x000000000002693e                gatt_handle_read_multiple_response
                0x000000000002697a                gatt_handle_read_by_type_response
                0x0000000000026ac4                gatt_handle_read_by_group_type_response
                0x0000000000026b6c                gatt_handle_write_response
                0x0000000000026b80                gatt_handle_prepare_write_response
                0x0000000000026c72                gatt_handle_execute_write_response
                0x0000000000026caa                gatt_client_handle_value_notification
                0x0000000000026cbc                gatt_client_handle_value_indication
                0x0000000000026cd0                gatt_send_characteristic_confirmation
                0x0000000000026cee                gatt_client_init
 .text          0x0000000000026cf8      0x250 /Applications/Simplicity Studio.app/Contents/Eclipse/developer/sdks/gecko_sdk_suite/v1.1//protocol/bluetooth_2.4/lib/EFR32BG1B/GCC/bgapi.a(ubt_gatt_client.c.obj)
                0x0000000000026cf8                ubt_gatt_discover_primary_services
                0x0000000000026d0e                ubt_gatt_discover_primary_services_by_uuid
                0x0000000000026d3a                ubt_gatt_find_included_services
                0x0000000000026d54                ubt_gatt_discover_characteristics
                0x0000000000026d6e                ubt_gatt_discover_characteristics_by_uuid
                0x0000000000026d9e                ubt_gatt_discover_descriptors
                0x0000000000026db8                ubt_gatt_read_characteristic_value
                0x0000000000026dda                ubt_gatt_read_characteristic_value_by_uuid
                0x0000000000026e0a                ubt_gatt_read_multiple_characteristic_values
                0x0000000000026e28                ubt_gatt_write_characteristic_value
                0x0000000000026e4a                ubt_gatt_write_characteristic_value_without_response
                0x0000000000026e84                ubt_gatt_prepare_characteristic_value_write
                0x0000000000026ebe                ubt_gatt_execute_characteristic_value_write
                0x0000000000026ed8                ubt_gatt_send_characteristic_confirmation
                0x0000000000026eee                ubt_gatt_read_descriptor_value
                0x0000000000026f08                ubt_gatt_write_descriptor_value
                0x0000000000026f2a                ubt_gatt_set_characteristic_notification
 .text          0x0000000000026f48      0x4ec /Applications/Simplicity Studio.app/Contents/Eclipse/developer/sdks/gecko_sdk_suite/v1.1//protocol/bluetooth_2.4/lib/EFR32BG1B/GCC/bgapi.a(att_client.c.obj)
                0x0000000000026f48                att_send_find_information_request
                0x0000000000026f6e                att_send_find_by_type_value_request
                0x0000000000026fa0                att_send_read_by_type_request
                0x0000000000026fcc                att_send_read_request
                0x0000000000026fec                att_send_read_blob_request
                0x0000000000027012                att_send_read_multiple_request
                0x000000000002703e                att_send_read_by_group_type_request
                0x000000000002706a                att_send_write_request
                0x0000000000027096                att_send_write_command
                0x00000000000270c2                att_send_signed_write_command
                0x00000000000270fc                att_send_prepare_write_request
                0x0000000000027138                att_send_execute_write_request
                0x0000000000027156                att_send_handle_value_confirmation
                0x000000000002716e                validate_gatt_client_pdu_len
                0x0000000000027228                att_gatt_client_handler
 .text          0x0000000000027434      0x370 /Applications/Simplicity Studio.app/Contents/Eclipse/developer/toolchains/gnu_arm/4.9_2015q3/bin/../lib/gcc/arm-none-eabi/4.9.3/armv7e-m/fpu/libgcc.a(_arm_addsubdf3.o)
                0x0000000000027434                __aeabi_drsub
                0x000000000002743c                __subdf3
                0x000000000002743c                __aeabi_dsub
                0x0000000000027440                __aeabi_dadd
                0x0000000000027440                __adddf3
                0x00000000000276b8                __aeabi_ui2d
                0x00000000000276b8                __floatunsidf
                0x00000000000276d8                __floatsidf
                0x00000000000276d8                __aeabi_i2d
                0x00000000000276fc                __extendsfdf2
                0x00000000000276fc                __aeabi_f2d
                0x0000000000027738                __aeabi_ul2d
                0x0000000000027738                __floatundidf
                0x0000000000027748                __aeabi_l2d
                0x0000000000027748                __floatdidf
 .text          0x00000000000277a4      0x424 /Applications/Simplicity Studio.app/Contents/Eclipse/developer/toolchains/gnu_arm/4.9_2015q3/bin/../lib/gcc/arm-none-eabi/4.9.3/armv7e-m/fpu/libgcc.a(_arm_muldivdf3.o)
                0x00000000000277a4                __aeabi_dmul
                0x00000000000277a4                __muldf3
                0x00000000000279f8                __aeabi_ddiv
                0x00000000000279f8                __divdf3
 .text          0x0000000000027bc8      0x110 /Applications/Simplicity Studio.app/Contents/Eclipse/developer/toolchains/gnu_arm/4.9_2015q3/bin/../lib/gcc/arm-none-eabi/4.9.3/armv7e-m/fpu/libgcc.a(_arm_cmpdf2.o)
                0x0000000000027bc8                __gtdf2
                0x0000000000027bc8                __gedf2
                0x0000000000027bd0                __ltdf2
                0x0000000000027bd0                __ledf2
                0x0000000000027bd8                __eqdf2
                0x0000000000027bd8                __nedf2
                0x0000000000027bd8                __cmpdf2
                0x0000000000027c54                __aeabi_cdrcmple
                0x0000000000027c64                __aeabi_cdcmple
                0x0000000000027c64                __aeabi_cdcmpeq
                0x0000000000027c74                __aeabi_dcmpeq
                0x0000000000027c88                __aeabi_dcmplt
                0x0000000000027c9c                __aeabi_dcmple
                0x0000000000027cb0                __aeabi_dcmpge
                0x0000000000027cc4                __aeabi_dcmpgt
 .text          0x0000000000027cd8       0x40 /Applications/Simplicity Studio.app/Contents/Eclipse/developer/toolchains/gnu_arm/4.9_2015q3/bin/../lib/gcc/arm-none-eabi/4.9.3/armv7e-m/fpu/libgcc.a(_arm_fixunsdfsi.o)
                0x0000000000027cd8                __fixunsdfsi
                0x0000000000027cd8                __aeabi_d2uiz
 .text          0x0000000000027d18       0xa0 /Applications/Simplicity Studio.app/Contents/Eclipse/developer/toolchains/gnu_arm/4.9_2015q3/bin/../lib/gcc/arm-none-eabi/4.9.3/armv7e-m/fpu/libgcc.a(_arm_truncdfsf2.o)
                0x0000000000027d18                __aeabi_d2f
                0x0000000000027d18                __truncdfsf2
 .text.exit     0x0000000000027db8       0x20 /Applications/Simplicity Studio.app/Contents/Eclipse/developer/toolchains/gnu_arm/4.9_2015q3/bin/../lib/gcc/arm-none-eabi/4.9.3/../../../../arm-none-eabi/lib/armv7e-m/fpu/libc.a(lib_a-exit.o)
                0x0000000000027db8                exit
 .text.__libc_init_array
                0x0000000000027dd8       0x50 /Applications/Simplicity Studio.app/Contents/Eclipse/developer/toolchains/gnu_arm/4.9_2015q3/bin/../lib/gcc/arm-none-eabi/4.9.3/../../../../arm-none-eabi/lib/armv7e-m/fpu/libc.a(lib_a-init.o)
                0x0000000000027dd8                __libc_init_array
 .text.memcmp   0x0000000000027e28       0x64 /Applications/Simplicity Studio.app/Contents/Eclipse/developer/toolchains/gnu_arm/4.9_2015q3/bin/../lib/gcc/arm-none-eabi/4.9.3/../../../../arm-none-eabi/lib/armv7e-m/fpu/libc.a(lib_a-memcmp.o)
                0x0000000000027e28                memcmp
 .text          0x0000000000027e8c      0x134 /Applications/Simplicity Studio.app/Contents/Eclipse/developer/toolchains/gnu_arm/4.9_2015q3/bin/../lib/gcc/arm-none-eabi/4.9.3/../../../../arm-none-eabi/lib/armv7e-m/fpu/libc.a(lib_a-memcpy.o)
                0x0000000000027e8c                memcpy
 .text.memset   0x0000000000027fc0       0x9c /Applications/Simplicity Studio.app/Contents/Eclipse/developer/toolchains/gnu_arm/4.9_2015q3/bin/../lib/gcc/arm-none-eabi/4.9.3/../../../../arm-none-eabi/lib/armv7e-m/fpu/libc.a(lib_a-memset.o)
                0x0000000000027fc0                memset
 .text.startup.register_fini
                0x000000000002805c       0x14 /Applications/Simplicity Studio.app/Contents/Eclipse/developer/toolchains/gnu_arm/4.9_2015q3/bin/../lib/gcc/arm-none-eabi/4.9.3/../../../../arm-none-eabi/lib/armv7e-m/fpu/libc.a(lib_a-__call_atexit.o)
 .text.__call_exitprocs
                0x0000000000028070       0xd4 /Applications/Simplicity Studio.app/Contents/Eclipse/developer/toolchains/gnu_arm/4.9_2015q3/bin/../lib/gcc/arm-none-eabi/4.9.3/../../../../arm-none-eabi/lib/armv7e-m/fpu/libc.a(lib_a-__call_atexit.o)
                0x0000000000028070                __call_exitprocs
 .text.atexit   0x0000000000028144        0xc /Applications/Simplicity Studio.app/Contents/Eclipse/developer/toolchains/gnu_arm/4.9_2015q3/bin/../lib/gcc/arm-none-eabi/4.9.3/../../../../arm-none-eabi/lib/armv7e-m/fpu/libc.a(lib_a-atexit.o)
                0x0000000000028144                atexit
 .text.__libc_fini_array
                0x0000000000028150       0x2c /Applications/Simplicity Studio.app/Contents/Eclipse/developer/toolchains/gnu_arm/4.9_2015q3/bin/../lib/gcc/arm-none-eabi/4.9.3/../../../../arm-none-eabi/lib/armv7e-m/fpu/libc.a(lib_a-fini.o)
                0x0000000000028150                __libc_fini_array
 .text.__register_exitproc
                0x000000000002817c       0xa4 /Applications/Simplicity Studio.app/Contents/Eclipse/developer/toolchains/gnu_arm/4.9_2015q3/bin/../lib/gcc/arm-none-eabi/4.9.3/../../../../arm-none-eabi/lib/armv7e-m/fpu/libc.a(lib_a-__atexit.o)
                0x000000000002817c                __register_exitproc
 .text._exit    0x0000000000028220        0x4 /Applications/Simplicity Studio.app/Contents/Eclipse/developer/toolchains/gnu_arm/4.9_2015q3/bin/../lib/gcc/arm-none-eabi/4.9.3/../../../../arm-none-eabi/lib/armv7e-m/fpu/libnosys.a(_exit.o)
                0x0000000000028220                _exit
 *(.init)
 .init          0x0000000000028224        0x4 /Applications/Simplicity Studio.app/Contents/Eclipse/developer/toolchains/gnu_arm/4.9_2015q3/bin/../lib/gcc/arm-none-eabi/4.9.3/armv7e-m/fpu/crti.o
                0x0000000000028224                _init
 .init          0x0000000000028228        0x8 /Applications/Simplicity Studio.app/Contents/Eclipse/developer/toolchains/gnu_arm/4.9_2015q3/bin/../lib/gcc/arm-none-eabi/4.9.3/armv7e-m/fpu/crtn.o
 *(.fini)
 .fini          0x0000000000028230        0x4 /Applications/Simplicity Studio.app/Contents/Eclipse/developer/toolchains/gnu_arm/4.9_2015q3/bin/../lib/gcc/arm-none-eabi/4.9.3/armv7e-m/fpu/crti.o
                0x0000000000028230                _fini
 .fini          0x0000000000028234        0x8 /Applications/Simplicity Studio.app/Contents/Eclipse/developer/toolchains/gnu_arm/4.9_2015q3/bin/../lib/gcc/arm-none-eabi/4.9.3/armv7e-m/fpu/crtn.o
 *crtbegin.o(.ctors)
 *crtbegin?.o(.ctors)
 *(EXCLUDE_FILE(*crtend.o *crtend?.o) .ctors)
 *(SORT(.ctors.*))
 *(.ctors)
 *crtbegin.o(.dtors)
 *crtbegin?.o(.dtors)
 *(EXCLUDE_FILE(*crtend.o *crtend?.o) .dtors)
 *(SORT(.dtors.*))
 *(.dtors)
 *(.rodata*)
 .rodata.ptiInit
                0x000000000002823c       0x24 ./main.o
 .rodata        0x0000000000028260        0x4 ./main.o
 .rodata.config
                0x0000000000028264       0x38 ./main.o
 .rodata        0x000000000002829c       0x24 ./kit_flashpwr/BRD4302A/mx25flash_spi.o
 .rodata        0x00000000000282c0       0x50 ./src/InitDevice.o
 .rodata        0x0000000000028310       0x14 ./src/letimer.o
 .rodata        0x0000000000028324       0x28 /Applications/Simplicity Studio.app/Contents/Eclipse/developer/sdks/gecko_sdk_suite/v1.1//protocol/bluetooth_2.4/lib/EFR32BG1B/GCC/bgapi.a(gecko_bgapi_hardware.c.obj)
 .rodata        0x000000000002834c       0x30 /Applications/Simplicity Studio.app/Contents/Eclipse/developer/sdks/gecko_sdk_suite/v1.1//protocol/bluetooth_2.4/lib/EFR32BG1B/GCC/bgapi.a(gecko_bgapi_test.c.obj)
 .rodata        0x000000000002837c       0x28 /Applications/Simplicity Studio.app/Contents/Eclipse/developer/sdks/gecko_sdk_suite/v1.1//protocol/bluetooth_2.4/lib/EFR32BG1B/GCC/bgapi.a(gecko_bgapi_dfu.c.obj)
 .rodata        0x00000000000283a4       0x78 /Applications/Simplicity Studio.app/Contents/Eclipse/developer/sdks/gecko_sdk_suite/v1.1//protocol/bluetooth_2.4/lib/EFR32BG1B/GCC/bgapi.a(gecko_bgapi_gap.c.obj)
 .rodata        0x000000000002841c       0xa8 /Applications/Simplicity Studio.app/Contents/Eclipse/developer/sdks/gecko_sdk_suite/v1.1//protocol/bluetooth_2.4/lib/EFR32BG1B/GCC/bgapi.a(gecko_bgapi_gatt.c.obj)
 .rodata        0x00000000000284c4       0x50 /Applications/Simplicity Studio.app/Contents/Eclipse/developer/sdks/gecko_sdk_suite/v1.1//protocol/bluetooth_2.4/lib/EFR32BG1B/GCC/bgapi.a(gecko_bgapi_gatt_server.c.obj)
 .rodata        0x0000000000028514       0x30 /Applications/Simplicity Studio.app/Contents/Eclipse/developer/sdks/gecko_sdk_suite/v1.1//protocol/bluetooth_2.4/lib/EFR32BG1B/GCC/bgapi.a(gecko_bgapi_flash.c.obj)
 .rodata        0x0000000000028544       0x80 /Applications/Simplicity Studio.app/Contents/Eclipse/developer/sdks/gecko_sdk_suite/v1.1//protocol/bluetooth_2.4/lib/EFR32BG1B/GCC/bgapi.a(gecko_bgapi_sm.c.obj)
 .rodata        0x00000000000285c4       0x48 /Applications/Simplicity Studio.app/Contents/Eclipse/developer/sdks/gecko_sdk_suite/v1.1//protocol/bluetooth_2.4/lib/EFR32BG1B/GCC/bgapi.a(gecko_bgapi_system.c.obj)
 .rodata        0x000000000002860c       0x38 /Applications/Simplicity Studio.app/Contents/Eclipse/developer/sdks/gecko_sdk_suite/v1.1//protocol/bluetooth_2.4/lib/EFR32BG1B/GCC/bgapi.a(gecko_bgapi_endpoint.c.obj)
 .rodata        0x0000000000028644       0x28 /Applications/Simplicity Studio.app/Contents/Eclipse/developer/sdks/gecko_sdk_suite/v1.1//protocol/bluetooth_2.4/lib/EFR32BG1B/GCC/bgapi.a(gecko_bgapi_le_connection.c.obj)
 .rodata        0x000000000002866c       0x18 /Applications/Simplicity Studio.app/Contents/Eclipse/developer/sdks/gecko_sdk_suite/v1.1//protocol/bluetooth_2.4/lib/EFR32BG1B/GCC/bgapi.a(bgapi_sm.c.obj)
 .rodata        0x0000000000028684        0x4 /Applications/Simplicity Studio.app/Contents/Eclipse/developer/sdks/gecko_sdk_suite/v1.1//protocol/bluetooth_2.4/lib/EFR32BG1B/GCC/bgapi.a(gatt_client.c.obj)
 .rodata.str1.4
                0x0000000000028688        0x4 /Applications/Simplicity Studio.app/Contents/Eclipse/developer/toolchains/gnu_arm/4.9_2015q3/bin/../lib/gcc/arm-none-eabi/4.9.3/../../../../arm-none-eabi/lib/armv7e-m/fpu/libc.a(lib_a-impure.o)
                                          0x2 (size before relaxing)
 .rodata._global_impure_ptr
                0x000000000002868c        0x4 /Applications/Simplicity Studio.app/Contents/Eclipse/developer/toolchains/gnu_arm/4.9_2015q3/bin/../lib/gcc/arm-none-eabi/4.9.3/../../../../arm-none-eabi/lib/armv7e-m/fpu/libc.a(lib_a-impure.o)
                0x000000000002868c                _global_impure_ptr
 *(.eh_frame*)
 .eh_frame      0x0000000000028690        0x0 /Applications/Simplicity Studio.app/Contents/Eclipse/developer/toolchains/gnu_arm/4.9_2015q3/bin/../lib/gcc/arm-none-eabi/4.9.3/armv7e-m/fpu/crtbegin.o
 .eh_frame      0x0000000000028690        0x4 /Applications/Simplicity Studio.app/Contents/Eclipse/developer/toolchains/gnu_arm/4.9_2015q3/bin/../lib/gcc/arm-none-eabi/4.9.3/armv7e-m/fpu/crtend.o
                0x0000000000028694                . = ALIGN (0x4)

.glue_7         0x0000000000028694        0x0
 .glue_7        0x0000000000000000        0x0 linker stubs

.glue_7t        0x0000000000028694        0x0
 .glue_7t       0x0000000000000000        0x0 linker stubs

.vfp11_veneer   0x0000000000028694        0x0
 .vfp11_veneer  0x0000000000000000        0x0 linker stubs

.v4_bx          0x0000000000028694        0x0
 .v4_bx         0x0000000000000000        0x0 linker stubs

.iplt           0x0000000000028694        0x0
 .iplt          0x0000000000000000        0x0 /Applications/Simplicity Studio.app/Contents/Eclipse/developer/toolchains/gnu_arm/4.9_2015q3/bin/../lib/gcc/arm-none-eabi/4.9.3/armv7e-m/fpu/crtbegin.o

.igot.plt       0x0000000000028694        0x0
 .igot.plt      0x0000000000000000        0x0 /Applications/Simplicity Studio.app/Contents/Eclipse/developer/toolchains/gnu_arm/4.9_2015q3/bin/../lib/gcc/arm-none-eabi/4.9.3/armv7e-m/fpu/crtbegin.o

.text_app_ARM.extab
 *(.ARM.extab* .gnu.linkonce.armextab.*)
                0x0000000000028694                __exidx_start = .

.text_app_ARM.exidx
                0x0000000000028694        0x8
 *(.ARM.exidx* .gnu.linkonce.armexidx.*)
 .ARM.exidx     0x0000000000028694        0x8 /Applications/Simplicity Studio.app/Contents/Eclipse/developer/toolchains/gnu_arm/4.9_2015q3/bin/../lib/gcc/arm-none-eabi/4.9.3/../../../../arm-none-eabi/lib/armv7e-m/fpu/crt0.o
                0x000000000002869c                __exidx_end = .
                0x000000000002869c                __etext = .

.rel.dyn        0x000000000002869c        0x0
 .rel.iplt      0x0000000000000000        0x0 /Applications/Simplicity Studio.app/Contents/Eclipse/developer/toolchains/gnu_arm/4.9_2015q3/bin/../lib/gcc/arm-none-eabi/4.9.3/armv7e-m/fpu/crtbegin.o

.text_app_data  0x0000000020003000      0x450 load address 0x000000000002869c
                0x0000000020003000                __data_start__ = .
 *(vtable)
 *(.data*)
 .data.bg_gattdb_data_attribute_field_6_data
                0x0000000020003000        0xd ./gatt_db.o
                0x0000000020003000                bg_gattdb_data_attribute_field_6_data
 *fill*         0x000000002000300d        0x3 
 .data.auxHfrcoFreq
                0x0000000020003010        0x4 ./emlib/em_cmu.o
 *fill*         0x0000000020003014        0x4 
 .data.impure_data
                0x0000000020003018      0x428 /Applications/Simplicity Studio.app/Contents/Eclipse/developer/toolchains/gnu_arm/4.9_2015q3/bin/../lib/gcc/arm-none-eabi/4.9.3/../../../../arm-none-eabi/lib/armv7e-m/fpu/libc.a(lib_a-impure.o)
                0x0000000020003440                . = ALIGN (0x4)
 *(.ram)
                0x0000000020003440                . = ALIGN (0x4)
                0x0000000020003440                PROVIDE (__preinit_array_start, .)
 *(.preinit_array)
                0x0000000020003440                PROVIDE (__preinit_array_end, .)
                0x0000000020003440                . = ALIGN (0x4)
                0x0000000020003440                PROVIDE (__init_array_start, .)
 *(SORT(.init_array.*))
 .init_array.00000
                0x0000000020003440        0x4 /Applications/Simplicity Studio.app/Contents/Eclipse/developer/toolchains/gnu_arm/4.9_2015q3/bin/../lib/gcc/arm-none-eabi/4.9.3/../../../../arm-none-eabi/lib/armv7e-m/fpu/libc.a(lib_a-__call_atexit.o)
 *(.init_array)
 .init_array    0x0000000020003444        0x4 /Applications/Simplicity Studio.app/Contents/Eclipse/developer/toolchains/gnu_arm/4.9_2015q3/bin/../lib/gcc/arm-none-eabi/4.9.3/armv7e-m/fpu/crtbegin.o
                0x0000000020003448                PROVIDE (__init_array_end, .)
                0x0000000020003448                . = ALIGN (0x4)
                0x0000000020003448                PROVIDE (__fini_array_start, .)
 *(SORT(.fini_array.*))
 *(.fini_array)
 .fini_array    0x0000000020003448        0x4 /Applications/Simplicity Studio.app/Contents/Eclipse/developer/toolchains/gnu_arm/4.9_2015q3/bin/../lib/gcc/arm-none-eabi/4.9.3/armv7e-m/fpu/crtbegin.o
                0x000000002000344c                PROVIDE (__fini_array_end, .)
 *(.jcr*)
 .jcr           0x000000002000344c        0x0 /Applications/Simplicity Studio.app/Contents/Eclipse/developer/toolchains/gnu_arm/4.9_2015q3/bin/../lib/gcc/arm-none-eabi/4.9.3/armv7e-m/fpu/crtbegin.o
 .jcr           0x000000002000344c        0x4 /Applications/Simplicity Studio.app/Contents/Eclipse/developer/toolchains/gnu_arm/4.9_2015q3/bin/../lib/gcc/arm-none-eabi/4.9.3/armv7e-m/fpu/crtend.o
                0x0000000020003450                . = ALIGN (0x4)
                0x0000000020003450                __data_end__ = .

.bss            0x0000000020003450     0x1c54 load address 0x0000000000028aec
                0x0000000020003450                . = ALIGN (0x4)
                0x0000000020003450                __bss_start__ = .
 *(.bss*)
 .bss           0x0000000020003450       0x1c /Applications/Simplicity Studio.app/Contents/Eclipse/developer/toolchains/gnu_arm/4.9_2015q3/bin/../lib/gcc/arm-none-eabi/4.9.3/armv7e-m/fpu/crtbegin.o
 .bss.bg_gattdb_data_attribute_field_2_data
                0x000000002000346c        0x4 ./gatt_db.o
                0x000000002000346c                bg_gattdb_data_attribute_field_2_data
 .bss.chTable   0x0000000020003470       0xa0 ./bgapi/dmadrv.o
 .bss.dmaXfer   0x0000000020003510      0x100 ./bgapi/dmadrv.o
 .bss.adc_sample_count
                0x0000000020003610        0x2 ./src/adc.o
                0x0000000020003610                adc_sample_count
 *fill*         0x0000000020003612        0x2 
 .bss.adc_sample_buffer
                0x0000000020003614      0x190 ./src/adc.o
                0x0000000020003614                adc_sample_buffer
 .bss           0x00000000200037a4        0x4 /Applications/Simplicity Studio.app/Contents/Eclipse/developer/sdks/gecko_sdk_suite/v1.1//protocol/bluetooth_2.4/lib/EFR32BG1B/GCC/bgapi.a(bgapi_hardware.c.obj)
 .bss           0x00000000200037a8        0x4 /Applications/Simplicity Studio.app/Contents/Eclipse/developer/sdks/gecko_sdk_suite/v1.1//protocol/bluetooth_2.4/lib/EFR32BG1B/GCC/bgapi.a(bgapi_test_lib.c.obj)
 .bss           0x00000000200037ac        0x2 /Applications/Simplicity Studio.app/Contents/Eclipse/developer/sdks/gecko_sdk_suite/v1.1//protocol/bluetooth_2.4/lib/EFR32BG1B/GCC/bgapi.a(bgapi_gap.c.obj)
                0x00000000200037ac                legacy_maxadv_events
 *fill*         0x00000000200037ae        0x2 
 .bss           0x00000000200037b0        0x4 /Applications/Simplicity Studio.app/Contents/Eclipse/developer/sdks/gecko_sdk_suite/v1.1//protocol/bluetooth_2.4/lib/EFR32BG1B/GCC/bgapi.a(bgapi_ps.c.obj)
 .bss           0x00000000200037b4        0x4 /Applications/Simplicity Studio.app/Contents/Eclipse/developer/sdks/gecko_sdk_suite/v1.1//protocol/bluetooth_2.4/lib/EFR32BG1B/GCC/bgapi.a(bgapi_sm.c.obj)
 .bss           0x00000000200037b8        0x4 /Applications/Simplicity Studio.app/Contents/Eclipse/developer/sdks/gecko_sdk_suite/v1.1//protocol/bluetooth_2.4/lib/EFR32BG1B/GCC/bgapi.a(bgapi_system.c.obj)
 *(COMMON)
 COMMON         0x00000000200037bc     0x18d0 ./main.o
                0x00000000200037bc                bluetooth_stack_heap
 COMMON         0x000000002000508c       0x14 ./src/sleep.o
                0x000000002000508c                sleep_block_counter
 COMMON         0x00000000200050a0        0x4 /Applications/Simplicity Studio.app/Contents/Eclipse/developer/sdks/gecko_sdk_suite/v1.1//protocol/bluetooth_2.4/lib/EFR32BG1B/GCC/bgapi.a(bgapi_test_lib.c.obj)
                0x00000000200050a0                msg_sender
                0x00000000200050a4                . = ALIGN (0x4)
                0x00000000200050a4                __bss_end__ = .

.heap           0x00000000200050a8      0xc00
                0x00000000200050a8                __HeapBase = .
                0x00000000200050a8                __end__ = .
                0x00000000200050a8                end = __end__
                0x00000000200050a8                _end = __end__
 *(.heap*)
 .heap          0x00000000200050a8      0xc00 ./device/EFR32_B_1_1_B/gcc/startup_efr32bg1b.o
                0x0000000020005ca8                __HeapLimit = .

.stack_dummy    0x0000000020005ca8      0x400
 *(.stack*)
 .stack         0x0000000020005ca8      0x400 ./device/EFR32_B_1_1_B/gcc/startup_efr32bg1b.o
                0x0000000020007bfc                __StackTop = (ORIGIN (RAM) + 0x4bfc)
                0x00000000200077fc                __StackLimit = (__StackTop - SIZEOF (.stack_dummy))
                0x0000000020007bfc                PROVIDE (__stack, __StackTop)
                0x0000000000000001                ASSERT ((__StackLimit >= __HeapLimit), region RAM overflowed with stack)
OUTPUT(LED_Blinking.axf elf32-littlearm)

.ARM.attributes
                0x0000000000000000       0x30
 .ARM.attributes
                0x0000000000000000       0x22 /Applications/Simplicity Studio.app/Contents/Eclipse/developer/toolchains/gnu_arm/4.9_2015q3/bin/../lib/gcc/arm-none-eabi/4.9.3/armv7e-m/fpu/crti.o
 .ARM.attributes
                0x0000000000000022       0x34 /Applications/Simplicity Studio.app/Contents/Eclipse/developer/toolchains/gnu_arm/4.9_2015q3/bin/../lib/gcc/arm-none-eabi/4.9.3/armv7e-m/fpu/crtbegin.o
 .ARM.attributes
                0x0000000000000056       0x20 /Applications/Simplicity Studio.app/Contents/Eclipse/developer/toolchains/gnu_arm/4.9_2015q3/bin/../lib/gcc/arm-none-eabi/4.9.3/../../../../arm-none-eabi/lib/armv7e-m/fpu/crt0.o
 .ARM.attributes
                0x0000000000000076       0x39 ./application_properties.o
 .ARM.attributes
                0x00000000000000af       0x39 ./gatt_db.o
 .ARM.attributes
                0x00000000000000e8       0x39 ./main.o
 .ARM.attributes
                0x0000000000000121       0x39 ./bgapi/dmadrv.o
 .ARM.attributes
                0x000000000000015a       0x39 ./bgapi/em_adc.o
 .ARM.attributes
                0x0000000000000193       0x39 ./device/EFR32_B_1_1_B/gcc/startup_efr32bg1b.o
 .ARM.attributes
                0x00000000000001cc       0x39 ./emlib/em_cmu.o
 .ARM.attributes
                0x0000000000000205       0x39 ./emlib/em_gpio.o
 .ARM.attributes
                0x000000000000023e       0x39 ./emlib/em_letimer.o
 .ARM.attributes
                0x0000000000000277       0x39 ./emlib/em_rtcc.o
 .ARM.attributes
                0x00000000000002b0       0x39 ./emlib/em_system.o
 .ARM.attributes
                0x00000000000002e9       0x39 ./emlib/em_usart.o
 .ARM.attributes
                0x0000000000000322       0x39 ./kit_flashpwr/BRD4302A/mx25flash_spi.o
 .ARM.attributes
                0x000000000000035b       0x39 ./src/InitDevice.o
 .ARM.attributes
                0x0000000000000394       0x39 ./src/adc.o
 .ARM.attributes
                0x00000000000003cd       0x39 ./src/cmu.o
 .ARM.attributes
                0x0000000000000406       0x39 ./src/gpio.o
 .ARM.attributes
                0x000000000000043f       0x39 ./src/letimer.o
 .ARM.attributes
                0x0000000000000478       0x39 ./src/sleep.o
 .ARM.attributes
                0x00000000000004b1       0x1c /Applications/Simplicity Studio.app/Contents/Eclipse/developer/sdks/gecko_sdk_suite/v1.1//protocol/bluetooth_2.4/lib/EFR32BG1B/EABI/binstack.o
 .ARM.attributes
                0x00000000000004cd       0x1c /Applications/Simplicity Studio.app/Contents/Eclipse/developer/sdks/gecko_sdk_suite/v1.1//protocol/bluetooth_2.4/lib/EFR32BG1B/EABI/binbootloader.o
 .ARM.attributes
                0x00000000000004e9       0x39 /Applications/Simplicity Studio.app/Contents/Eclipse/developer/sdks/gecko_sdk_suite/v1.1//protocol/bluetooth_2.4/lib/EFR32BG1B/GCC/bgapi.a(gecko_bgapi_hardware.c.obj)
 .ARM.attributes
                0x0000000000000522       0x39 /Applications/Simplicity Studio.app/Contents/Eclipse/developer/sdks/gecko_sdk_suite/v1.1//protocol/bluetooth_2.4/lib/EFR32BG1B/GCC/bgapi.a(gecko_bgapi_test.c.obj)
 .ARM.attributes
                0x000000000000055b       0x39 /Applications/Simplicity Studio.app/Contents/Eclipse/developer/sdks/gecko_sdk_suite/v1.1//protocol/bluetooth_2.4/lib/EFR32BG1B/GCC/bgapi.a(gecko_bgapi_dfu.c.obj)
 .ARM.attributes
                0x0000000000000594       0x39 /Applications/Simplicity Studio.app/Contents/Eclipse/developer/sdks/gecko_sdk_suite/v1.1//protocol/bluetooth_2.4/lib/EFR32BG1B/GCC/bgapi.a(gecko_bgapi_gap.c.obj)
 .ARM.attributes
                0x00000000000005cd       0x39 /Applications/Simplicity Studio.app/Contents/Eclipse/developer/sdks/gecko_sdk_suite/v1.1//protocol/bluetooth_2.4/lib/EFR32BG1B/GCC/bgapi.a(gecko_bgapi_gatt.c.obj)
 .ARM.attributes
                0x0000000000000606       0x39 /Applications/Simplicity Studio.app/Contents/Eclipse/developer/sdks/gecko_sdk_suite/v1.1//protocol/bluetooth_2.4/lib/EFR32BG1B/GCC/bgapi.a(gecko_bgapi_gatt_server.c.obj)
 .ARM.attributes
                0x000000000000063f       0x39 /Applications/Simplicity Studio.app/Contents/Eclipse/developer/sdks/gecko_sdk_suite/v1.1//protocol/bluetooth_2.4/lib/EFR32BG1B/GCC/bgapi.a(gecko_bgapi_flash.c.obj)
 .ARM.attributes
                0x0000000000000678       0x39 /Applications/Simplicity Studio.app/Contents/Eclipse/developer/sdks/gecko_sdk_suite/v1.1//protocol/bluetooth_2.4/lib/EFR32BG1B/GCC/bgapi.a(gecko_bgapi_sm.c.obj)
 .ARM.attributes
                0x00000000000006b1       0x39 /Applications/Simplicity Studio.app/Contents/Eclipse/developer/sdks/gecko_sdk_suite/v1.1//protocol/bluetooth_2.4/lib/EFR32BG1B/GCC/bgapi.a(gecko_bgapi_system.c.obj)
 .ARM.attributes
                0x00000000000006ea       0x39 /Applications/Simplicity Studio.app/Contents/Eclipse/developer/sdks/gecko_sdk_suite/v1.1//protocol/bluetooth_2.4/lib/EFR32BG1B/GCC/bgapi.a(gecko_bgapi_endpoint.c.obj)
 .ARM.attributes
                0x0000000000000723       0x39 /Applications/Simplicity Studio.app/Contents/Eclipse/developer/sdks/gecko_sdk_suite/v1.1//protocol/bluetooth_2.4/lib/EFR32BG1B/GCC/bgapi.a(gecko_bgapi_le_connection.c.obj)
 .ARM.attributes
                0x000000000000075c       0x39 /Applications/Simplicity Studio.app/Contents/Eclipse/developer/sdks/gecko_sdk_suite/v1.1//protocol/bluetooth_2.4/lib/EFR32BG1B/GCC/bgapi.a(bgapi_hardware.c.obj)
 .ARM.attributes
                0x0000000000000795       0x39 /Applications/Simplicity Studio.app/Contents/Eclipse/developer/sdks/gecko_sdk_suite/v1.1//protocol/bluetooth_2.4/lib/EFR32BG1B/GCC/bgapi.a(bgapi_test_lib.c.obj)
 .ARM.attributes
                0x00000000000007ce       0x39 /Applications/Simplicity Studio.app/Contents/Eclipse/developer/sdks/gecko_sdk_suite/v1.1//protocol/bluetooth_2.4/lib/EFR32BG1B/GCC/bgapi.a(bgapi_dfu.c.obj)
 .ARM.attributes
                0x0000000000000807       0x39 /Applications/Simplicity Studio.app/Contents/Eclipse/developer/sdks/gecko_sdk_suite/v1.1//protocol/bluetooth_2.4/lib/EFR32BG1B/GCC/bgapi.a(bgapi_gap.c.obj)
 .ARM.attributes
                0x0000000000000840       0x39 /Applications/Simplicity Studio.app/Contents/Eclipse/developer/sdks/gecko_sdk_suite/v1.1//protocol/bluetooth_2.4/lib/EFR32BG1B/GCC/bgapi.a(bgapi_gatt_lib.c.obj)
 .ARM.attributes
                0x0000000000000879       0x39 /Applications/Simplicity Studio.app/Contents/Eclipse/developer/sdks/gecko_sdk_suite/v1.1//protocol/bluetooth_2.4/lib/EFR32BG1B/GCC/bgapi.a(bgapi_ps.c.obj)
 .ARM.attributes
                0x00000000000008b2       0x39 /Applications/Simplicity Studio.app/Contents/Eclipse/developer/sdks/gecko_sdk_suite/v1.1//protocol/bluetooth_2.4/lib/EFR32BG1B/GCC/bgapi.a(bgapi_sm.c.obj)
 .ARM.attributes
                0x00000000000008eb       0x39 /Applications/Simplicity Studio.app/Contents/Eclipse/developer/sdks/gecko_sdk_suite/v1.1//protocol/bluetooth_2.4/lib/EFR32BG1B/GCC/bgapi.a(bgapi_system.c.obj)
 .ARM.attributes
                0x0000000000000924       0x39 /Applications/Simplicity Studio.app/Contents/Eclipse/developer/sdks/gecko_sdk_suite/v1.1//protocol/bluetooth_2.4/lib/EFR32BG1B/GCC/bgapi.a(bgapi_endpoint.c.obj)
 .ARM.attributes
                0x000000000000095d       0x39 /Applications/Simplicity Studio.app/Contents/Eclipse/developer/sdks/gecko_sdk_suite/v1.1//protocol/bluetooth_2.4/lib/EFR32BG1B/GCC/bgapi.a(bgapi_le_connection.c.obj)
 .ARM.attributes
                0x0000000000000996       0x39 /Applications/Simplicity Studio.app/Contents/Eclipse/developer/sdks/gecko_sdk_suite/v1.1//protocol/bluetooth_2.4/lib/EFR32BG1B/GCC/bgapi.a(gatt_client.c.obj)
 .ARM.attributes
                0x00000000000009cf       0x39 /Applications/Simplicity Studio.app/Contents/Eclipse/developer/sdks/gecko_sdk_suite/v1.1//protocol/bluetooth_2.4/lib/EFR32BG1B/GCC/bgapi.a(ubt_gatt_client.c.obj)
 .ARM.attributes
                0x0000000000000a08       0x39 /Applications/Simplicity Studio.app/Contents/Eclipse/developer/sdks/gecko_sdk_suite/v1.1//protocol/bluetooth_2.4/lib/EFR32BG1B/GCC/bgapi.a(att_client.c.obj)
 .ARM.attributes
                0x0000000000000a41       0x22 /Applications/Simplicity Studio.app/Contents/Eclipse/developer/toolchains/gnu_arm/4.9_2015q3/bin/../lib/gcc/arm-none-eabi/4.9.3/armv7e-m/fpu/libgcc.a(_arm_addsubdf3.o)
 .ARM.attributes
                0x0000000000000a63       0x22 /Applications/Simplicity Studio.app/Contents/Eclipse/developer/toolchains/gnu_arm/4.9_2015q3/bin/../lib/gcc/arm-none-eabi/4.9.3/armv7e-m/fpu/libgcc.a(_arm_muldivdf3.o)
 .ARM.attributes
                0x0000000000000a85       0x22 /Applications/Simplicity Studio.app/Contents/Eclipse/developer/toolchains/gnu_arm/4.9_2015q3/bin/../lib/gcc/arm-none-eabi/4.9.3/armv7e-m/fpu/libgcc.a(_arm_cmpdf2.o)
 .ARM.attributes
                0x0000000000000aa7       0x22 /Applications/Simplicity Studio.app/Contents/Eclipse/developer/toolchains/gnu_arm/4.9_2015q3/bin/../lib/gcc/arm-none-eabi/4.9.3/armv7e-m/fpu/libgcc.a(_arm_fixunsdfsi.o)
 .ARM.attributes
                0x0000000000000ac9       0x22 /Applications/Simplicity Studio.app/Contents/Eclipse/developer/toolchains/gnu_arm/4.9_2015q3/bin/../lib/gcc/arm-none-eabi/4.9.3/armv7e-m/fpu/libgcc.a(_arm_truncdfsf2.o)
 .ARM.attributes
                0x0000000000000aeb       0x34 /Applications/Simplicity Studio.app/Contents/Eclipse/developer/toolchains/gnu_arm/4.9_2015q3/bin/../lib/gcc/arm-none-eabi/4.9.3/../../../../arm-none-eabi/lib/armv7e-m/fpu/libc.a(lib_a-exit.o)
 .ARM.attributes
                0x0000000000000b1f       0x34 /Applications/Simplicity Studio.app/Contents/Eclipse/developer/toolchains/gnu_arm/4.9_2015q3/bin/../lib/gcc/arm-none-eabi/4.9.3/../../../../arm-none-eabi/lib/armv7e-m/fpu/libc.a(lib_a-impure.o)
 .ARM.attributes
                0x0000000000000b53       0x34 /Applications/Simplicity Studio.app/Contents/Eclipse/developer/toolchains/gnu_arm/4.9_2015q3/bin/../lib/gcc/arm-none-eabi/4.9.3/../../../../arm-none-eabi/lib/armv7e-m/fpu/libc.a(lib_a-init.o)
 .ARM.attributes
                0x0000000000000b87       0x34 /Applications/Simplicity Studio.app/Contents/Eclipse/developer/toolchains/gnu_arm/4.9_2015q3/bin/../lib/gcc/arm-none-eabi/4.9.3/../../../../arm-none-eabi/lib/armv7e-m/fpu/libc.a(lib_a-memcmp.o)
 .ARM.attributes
                0x0000000000000bbb       0x20 /Applications/Simplicity Studio.app/Contents/Eclipse/developer/toolchains/gnu_arm/4.9_2015q3/bin/../lib/gcc/arm-none-eabi/4.9.3/../../../../arm-none-eabi/lib/armv7e-m/fpu/libc.a(lib_a-memcpy.o)
 .ARM.attributes
                0x0000000000000bdb       0x34 /Applications/Simplicity Studio.app/Contents/Eclipse/developer/toolchains/gnu_arm/4.9_2015q3/bin/../lib/gcc/arm-none-eabi/4.9.3/../../../../arm-none-eabi/lib/armv7e-m/fpu/libc.a(lib_a-memset.o)
 .ARM.attributes
                0x0000000000000c0f       0x34 /Applications/Simplicity Studio.app/Contents/Eclipse/developer/toolchains/gnu_arm/4.9_2015q3/bin/../lib/gcc/arm-none-eabi/4.9.3/../../../../arm-none-eabi/lib/armv7e-m/fpu/libc.a(lib_a-__call_atexit.o)
 .ARM.attributes
                0x0000000000000c43       0x34 /Applications/Simplicity Studio.app/Contents/Eclipse/developer/toolchains/gnu_arm/4.9_2015q3/bin/../lib/gcc/arm-none-eabi/4.9.3/../../../../arm-none-eabi/lib/armv7e-m/fpu/libc.a(lib_a-atexit.o)
 .ARM.attributes
                0x0000000000000c77       0x34 /Applications/Simplicity Studio.app/Contents/Eclipse/developer/toolchains/gnu_arm/4.9_2015q3/bin/../lib/gcc/arm-none-eabi/4.9.3/../../../../arm-none-eabi/lib/armv7e-m/fpu/libc.a(lib_a-fini.o)
 .ARM.attributes
                0x0000000000000cab       0x34 /Applications/Simplicity Studio.app/Contents/Eclipse/developer/toolchains/gnu_arm/4.9_2015q3/bin/../lib/gcc/arm-none-eabi/4.9.3/../../../../arm-none-eabi/lib/armv7e-m/fpu/libc.a(lib_a-__atexit.o)
 .ARM.attributes
                0x0000000000000cdf       0x34 /Applications/Simplicity Studio.app/Contents/Eclipse/developer/toolchains/gnu_arm/4.9_2015q3/bin/../lib/gcc/arm-none-eabi/4.9.3/../../../../arm-none-eabi/lib/armv7e-m/fpu/libnosys.a(_exit.o)
 .ARM.attributes
                0x0000000000000d13       0x34 /Applications/Simplicity Studio.app/Contents/Eclipse/developer/toolchains/gnu_arm/4.9_2015q3/bin/../lib/gcc/arm-none-eabi/4.9.3/armv7e-m/fpu/crtend.o
 .ARM.attributes
                0x0000000000000d47       0x22 /Applications/Simplicity Studio.app/Contents/Eclipse/developer/toolchains/gnu_arm/4.9_2015q3/bin/../lib/gcc/arm-none-eabi/4.9.3/armv7e-m/fpu/crtn.o

.comment        0x0000000000000000       0xde
 .comment       0x0000000000000000       0x70 ./application_properties.o
                                         0x71 (size before relaxing)
 .comment       0x0000000000000000       0x71 ./gatt_db.o
 .comment       0x0000000000000000       0x71 ./main.o
 .comment       0x0000000000000000       0x71 ./bgapi/dmadrv.o
 .comment       0x0000000000000000       0x71 ./bgapi/em_adc.o
 .comment       0x0000000000000000       0x71 ./device/EFR32_B_1_1_B/gcc/startup_efr32bg1b.o
 .comment       0x0000000000000000       0x71 ./emlib/em_cmu.o
 .comment       0x0000000000000000       0x71 ./emlib/em_gpio.o
 .comment       0x0000000000000000       0x71 ./emlib/em_letimer.o
 .comment       0x0000000000000000       0x71 ./emlib/em_rtcc.o
 .comment       0x0000000000000000       0x71 ./emlib/em_system.o
 .comment       0x0000000000000000       0x71 ./emlib/em_usart.o
 .comment       0x0000000000000000       0x71 ./kit_flashpwr/BRD4302A/mx25flash_spi.o
 .comment       0x0000000000000000       0x71 ./src/InitDevice.o
 .comment       0x0000000000000000       0x71 ./src/adc.o
 .comment       0x0000000000000000       0x71 ./src/cmu.o
 .comment       0x0000000000000000       0x71 ./src/gpio.o
 .comment       0x0000000000000000       0x71 ./src/letimer.o
 .comment       0x0000000000000000       0x71 ./src/sleep.o
 .comment       0x0000000000000070       0x6e /Applications/Simplicity Studio.app/Contents/Eclipse/developer/sdks/gecko_sdk_suite/v1.1//protocol/bluetooth_2.4/lib/EFR32BG1B/GCC/bgapi.a(gecko_bgapi_hardware.c.obj)
                                         0x6f (size before relaxing)
 .comment       0x0000000000000000       0x6f /Applications/Simplicity Studio.app/Contents/Eclipse/developer/sdks/gecko_sdk_suite/v1.1//protocol/bluetooth_2.4/lib/EFR32BG1B/GCC/bgapi.a(gecko_bgapi_test.c.obj)
 .comment       0x0000000000000000       0x6f /Applications/Simplicity Studio.app/Contents/Eclipse/developer/sdks/gecko_sdk_suite/v1.1//protocol/bluetooth_2.4/lib/EFR32BG1B/GCC/bgapi.a(gecko_bgapi_dfu.c.obj)
 .comment       0x0000000000000000       0x6f /Applications/Simplicity Studio.app/Contents/Eclipse/developer/sdks/gecko_sdk_suite/v1.1//protocol/bluetooth_2.4/lib/EFR32BG1B/GCC/bgapi.a(gecko_bgapi_gap.c.obj)
 .comment       0x0000000000000000       0x6f /Applications/Simplicity Studio.app/Contents/Eclipse/developer/sdks/gecko_sdk_suite/v1.1//protocol/bluetooth_2.4/lib/EFR32BG1B/GCC/bgapi.a(gecko_bgapi_gatt.c.obj)
 .comment       0x0000000000000000       0x6f /Applications/Simplicity Studio.app/Contents/Eclipse/developer/sdks/gecko_sdk_suite/v1.1//protocol/bluetooth_2.4/lib/EFR32BG1B/GCC/bgapi.a(gecko_bgapi_gatt_server.c.obj)
 .comment       0x0000000000000000       0x6f /Applications/Simplicity Studio.app/Contents/Eclipse/developer/sdks/gecko_sdk_suite/v1.1//protocol/bluetooth_2.4/lib/EFR32BG1B/GCC/bgapi.a(gecko_bgapi_flash.c.obj)
 .comment       0x0000000000000000       0x6f /Applications/Simplicity Studio.app/Contents/Eclipse/developer/sdks/gecko_sdk_suite/v1.1//protocol/bluetooth_2.4/lib/EFR32BG1B/GCC/bgapi.a(gecko_bgapi_sm.c.obj)
 .comment       0x0000000000000000       0x6f /Applications/Simplicity Studio.app/Contents/Eclipse/developer/sdks/gecko_sdk_suite/v1.1//protocol/bluetooth_2.4/lib/EFR32BG1B/GCC/bgapi.a(gecko_bgapi_system.c.obj)
 .comment       0x0000000000000000       0x6f /Applications/Simplicity Studio.app/Contents/Eclipse/developer/sdks/gecko_sdk_suite/v1.1//protocol/bluetooth_2.4/lib/EFR32BG1B/GCC/bgapi.a(gecko_bgapi_endpoint.c.obj)
 .comment       0x0000000000000000       0x6f /Applications/Simplicity Studio.app/Contents/Eclipse/developer/sdks/gecko_sdk_suite/v1.1//protocol/bluetooth_2.4/lib/EFR32BG1B/GCC/bgapi.a(gecko_bgapi_le_connection.c.obj)
 .comment       0x0000000000000000       0x6f /Applications/Simplicity Studio.app/Contents/Eclipse/developer/sdks/gecko_sdk_suite/v1.1//protocol/bluetooth_2.4/lib/EFR32BG1B/GCC/bgapi.a(bgapi_hardware.c.obj)
 .comment       0x0000000000000000       0x6f /Applications/Simplicity Studio.app/Contents/Eclipse/developer/sdks/gecko_sdk_suite/v1.1//protocol/bluetooth_2.4/lib/EFR32BG1B/GCC/bgapi.a(bgapi_test_lib.c.obj)
 .comment       0x0000000000000000       0x6f /Applications/Simplicity Studio.app/Contents/Eclipse/developer/sdks/gecko_sdk_suite/v1.1//protocol/bluetooth_2.4/lib/EFR32BG1B/GCC/bgapi.a(bgapi_dfu.c.obj)
 .comment       0x0000000000000000       0x6f /Applications/Simplicity Studio.app/Contents/Eclipse/developer/sdks/gecko_sdk_suite/v1.1//protocol/bluetooth_2.4/lib/EFR32BG1B/GCC/bgapi.a(bgapi_gap.c.obj)
 .comment       0x0000000000000000       0x6f /Applications/Simplicity Studio.app/Contents/Eclipse/developer/sdks/gecko_sdk_suite/v1.1//protocol/bluetooth_2.4/lib/EFR32BG1B/GCC/bgapi.a(bgapi_gatt_lib.c.obj)
 .comment       0x0000000000000000       0x6f /Applications/Simplicity Studio.app/Contents/Eclipse/developer/sdks/gecko_sdk_suite/v1.1//protocol/bluetooth_2.4/lib/EFR32BG1B/GCC/bgapi.a(bgapi_ps.c.obj)
 .comment       0x0000000000000000       0x6f /Applications/Simplicity Studio.app/Contents/Eclipse/developer/sdks/gecko_sdk_suite/v1.1//protocol/bluetooth_2.4/lib/EFR32BG1B/GCC/bgapi.a(bgapi_sm.c.obj)
 .comment       0x0000000000000000       0x6f /Applications/Simplicity Studio.app/Contents/Eclipse/developer/sdks/gecko_sdk_suite/v1.1//protocol/bluetooth_2.4/lib/EFR32BG1B/GCC/bgapi.a(bgapi_system.c.obj)
 .comment       0x0000000000000000       0x6f /Applications/Simplicity Studio.app/Contents/Eclipse/developer/sdks/gecko_sdk_suite/v1.1//protocol/bluetooth_2.4/lib/EFR32BG1B/GCC/bgapi.a(bgapi_endpoint.c.obj)
 .comment       0x0000000000000000       0x6f /Applications/Simplicity Studio.app/Contents/Eclipse/developer/sdks/gecko_sdk_suite/v1.1//protocol/bluetooth_2.4/lib/EFR32BG1B/GCC/bgapi.a(bgapi_le_connection.c.obj)
 .comment       0x0000000000000000       0x6f /Applications/Simplicity Studio.app/Contents/Eclipse/developer/sdks/gecko_sdk_suite/v1.1//protocol/bluetooth_2.4/lib/EFR32BG1B/GCC/bgapi.a(gatt_client.c.obj)
 .comment       0x0000000000000000       0x6f /Applications/Simplicity Studio.app/Contents/Eclipse/developer/sdks/gecko_sdk_suite/v1.1//protocol/bluetooth_2.4/lib/EFR32BG1B/GCC/bgapi.a(ubt_gatt_client.c.obj)
 .comment       0x0000000000000000       0x6f /Applications/Simplicity Studio.app/Contents/Eclipse/developer/sdks/gecko_sdk_suite/v1.1//protocol/bluetooth_2.4/lib/EFR32BG1B/GCC/bgapi.a(att_client.c.obj)

.debug_info     0x0000000000000000    0x11a48
 .debug_info    0x0000000000000000      0x168 ./application_properties.o
 .debug_info    0x0000000000000168      0x58e ./gatt_db.o
 .debug_info    0x00000000000006f6     0x4136 ./main.o
 .debug_info    0x000000000000482c     0x13f4 ./bgapi/dmadrv.o
 .debug_info    0x0000000000005c20     0x1a66 ./bgapi/em_adc.o
 .debug_info    0x0000000000007686      0x1b4 ./device/EFR32_B_1_1_B/gcc/startup_efr32bg1b.o
 .debug_info    0x000000000000783a     0x1b9c ./emlib/em_cmu.o
 .debug_info    0x00000000000093d6      0xa05 ./emlib/em_gpio.o
 .debug_info    0x0000000000009ddb      0x507 ./emlib/em_letimer.o
 .debug_info    0x000000000000a2e2      0x6b8 ./emlib/em_rtcc.o
 .debug_info    0x000000000000a99a      0x276 ./emlib/em_system.o
 .debug_info    0x000000000000ac10      0xf55 ./emlib/em_usart.o
 .debug_info    0x000000000000bb65     0x15b7 ./kit_flashpwr/BRD4302A/mx25flash_spi.o
 .debug_info    0x000000000000d11c     0x185d ./src/InitDevice.o
 .debug_info    0x000000000000e979     0x13e7 ./src/adc.o
 .debug_info    0x000000000000fd60      0x7e6 ./src/cmu.o
 .debug_info    0x0000000000010546      0x645 ./src/gpio.o
 .debug_info    0x0000000000010b8b      0xb3d ./src/letimer.o
 .debug_info    0x00000000000116c8      0x380 ./src/sleep.o

.debug_abbrev   0x0000000000000000     0x1f47
 .debug_abbrev  0x0000000000000000       0x97 ./application_properties.o
 .debug_abbrev  0x0000000000000097       0xbd ./gatt_db.o
 .debug_abbrev  0x0000000000000154      0x203 ./main.o
 .debug_abbrev  0x0000000000000357      0x25f ./bgapi/dmadrv.o
 .debug_abbrev  0x00000000000005b6      0x223 ./bgapi/em_adc.o
 .debug_abbrev  0x00000000000007d9       0xdb ./device/EFR32_B_1_1_B/gcc/startup_efr32bg1b.o
 .debug_abbrev  0x00000000000008b4      0x2de ./emlib/em_cmu.o
 .debug_abbrev  0x0000000000000b92      0x1da ./emlib/em_gpio.o
 .debug_abbrev  0x0000000000000d6c      0x189 ./emlib/em_letimer.o
 .debug_abbrev  0x0000000000000ef5      0x177 ./emlib/em_rtcc.o
 .debug_abbrev  0x000000000000106c      0x109 ./emlib/em_system.o
 .debug_abbrev  0x0000000000001175      0x1d9 ./emlib/em_usart.o
 .debug_abbrev  0x000000000000134e      0x29a ./kit_flashpwr/BRD4302A/mx25flash_spi.o
 .debug_abbrev  0x00000000000015e8      0x1dd ./src/InitDevice.o
 .debug_abbrev  0x00000000000017c5      0x1f2 ./src/adc.o
 .debug_abbrev  0x00000000000019b7       0xfb ./src/cmu.o
 .debug_abbrev  0x0000000000001ab2      0x179 ./src/gpio.o
 .debug_abbrev  0x0000000000001c2b      0x1cb ./src/letimer.o
 .debug_abbrev  0x0000000000001df6      0x151 ./src/sleep.o

.debug_aranges  0x0000000000000000      0x960
 .debug_aranges
                0x0000000000000000       0x18 ./application_properties.o
 .debug_aranges
                0x0000000000000018       0x18 ./gatt_db.o
 .debug_aranges
                0x0000000000000030       0x28 ./main.o
 .debug_aranges
                0x0000000000000058       0xa0 ./bgapi/dmadrv.o
 .debug_aranges
                0x00000000000000f8       0x98 ./bgapi/em_adc.o
 .debug_aranges
                0x0000000000000190       0x28 ./device/EFR32_B_1_1_B/gcc/startup_efr32bg1b.o
 .debug_aranges
                0x00000000000001b8      0x1a8 ./emlib/em_cmu.o
 .debug_aranges
                0x0000000000000360       0x88 ./emlib/em_gpio.o
 .debug_aranges
                0x00000000000003e8       0x50 ./emlib/em_letimer.o
 .debug_aranges
                0x0000000000000438       0x50 ./emlib/em_rtcc.o
 .debug_aranges
                0x0000000000000488       0x28 ./emlib/em_system.o
 .debug_aranges
                0x00000000000004b0       0xb8 ./emlib/em_usart.o
 .debug_aranges
                0x0000000000000568      0x1c0 ./kit_flashpwr/BRD4302A/mx25flash_spi.o
 .debug_aranges
                0x0000000000000728       0xe8 ./src/InitDevice.o
 .debug_aranges
                0x0000000000000810       0x58 ./src/adc.o
 .debug_aranges
                0x0000000000000868       0x20 ./src/cmu.o
 .debug_aranges
                0x0000000000000888       0x60 ./src/gpio.o
 .debug_aranges
                0x00000000000008e8       0x40 ./src/letimer.o
 .debug_aranges
                0x0000000000000928       0x38 ./src/sleep.o

.debug_line     0x0000000000000000     0x5a81
 .debug_line    0x0000000000000000      0x1dd ./application_properties.o
 .debug_line    0x00000000000001dd      0x1d9 ./gatt_db.o
 .debug_line    0x00000000000003b6      0x58b ./main.o
 .debug_line    0x0000000000000941      0x63a ./bgapi/dmadrv.o
 .debug_line    0x0000000000000f7b      0x570 ./bgapi/em_adc.o
 .debug_line    0x00000000000014eb      0x192 ./device/EFR32_B_1_1_B/gcc/startup_efr32bg1b.o
 .debug_line    0x000000000000167d      0xb81 ./emlib/em_cmu.o
 .debug_line    0x00000000000021fe      0x531 ./emlib/em_gpio.o
 .debug_line    0x000000000000272f      0x3e1 ./emlib/em_letimer.o
 .debug_line    0x0000000000002b10      0x3ec ./emlib/em_rtcc.o
 .debug_line    0x0000000000002efc      0x320 ./emlib/em_system.o
 .debug_line    0x000000000000321c      0x5ec ./emlib/em_usart.o
 .debug_line    0x0000000000003808      0xaf1 ./kit_flashpwr/BRD4302A/mx25flash_spi.o
 .debug_line    0x00000000000042f9      0x602 ./src/InitDevice.o
 .debug_line    0x00000000000048fb      0x3fd ./src/adc.o
 .debug_line    0x0000000000004cf8      0x30c ./src/cmu.o
 .debug_line    0x0000000000005004      0x40c ./src/gpio.o
 .debug_line    0x0000000000005410      0x3aa ./src/letimer.o
 .debug_line    0x00000000000057ba      0x2c7 ./src/sleep.o

.debug_str      0x0000000000000000     0xba12
 .debug_str     0x0000000000000000      0x257 ./application_properties.o
                                        0x2ae (size before relaxing)
 .debug_str     0x0000000000000257      0x564 ./gatt_db.o
                                        0x75e (size before relaxing)
 .debug_str     0x00000000000007bb     0x49d5 ./main.o
                                       0x4f42 (size before relaxing)
 .debug_str     0x0000000000005190      0xe4b ./bgapi/dmadrv.o
                                       0x10bd (size before relaxing)
 .debug_str     0x0000000000005fdb     0x27d0 ./bgapi/em_adc.o
                                       0x2a71 (size before relaxing)
 .debug_str     0x00000000000087ab       0x90 ./device/EFR32_B_1_1_B/gcc/startup_efr32bg1b.o
                                        0x294 (size before relaxing)
 .debug_str     0x000000000000883b      0xcbe ./emlib/em_cmu.o
                                       0x13db (size before relaxing)
 .debug_str     0x00000000000094f9      0x505 ./emlib/em_gpio.o
                                        0x82c (size before relaxing)
 .debug_str     0x00000000000099fe      0x1e8 ./emlib/em_letimer.o
                                        0x44f (size before relaxing)
 .debug_str     0x0000000000009be6      0x578 ./emlib/em_rtcc.o
                                        0x7f4 (size before relaxing)
 .debug_str     0x000000000000a15e       0xd6 ./emlib/em_system.o
                                        0x2f9 (size before relaxing)
 .debug_str     0x000000000000a234      0x8f4 ./emlib/em_usart.o
                                        0xdfa (size before relaxing)
 .debug_str     0x000000000000ab28      0x3e6 ./kit_flashpwr/BRD4302A/mx25flash_spi.o
                                        0xe95 (size before relaxing)
 .debug_str     0x000000000000af0e      0x683 ./src/InitDevice.o
                                       0x162a (size before relaxing)
 .debug_str     0x000000000000b591      0x293 ./src/adc.o
                                       0x275f (size before relaxing)
 .debug_str     0x000000000000b824       0x26 ./src/cmu.o
                                        0x98d (size before relaxing)
 .debug_str     0x000000000000b84a       0x3a ./src/gpio.o
                                        0x794 (size before relaxing)
 .debug_str     0x000000000000b884       0xe7 ./src/letimer.o
                                        0x931 (size before relaxing)
 .debug_str     0x000000000000b96b       0xa7 ./src/sleep.o
                                        0x2f1 (size before relaxing)

.debug_loc      0x0000000000000000     0x4ab2
 .debug_loc     0x0000000000000000       0x7c ./main.o
 .debug_loc     0x000000000000007c      0x568 ./bgapi/dmadrv.o
 .debug_loc     0x00000000000005e4      0x560 ./bgapi/em_adc.o
 .debug_loc     0x0000000000000b44       0x64 ./device/EFR32_B_1_1_B/gcc/startup_efr32bg1b.o
 .debug_loc     0x0000000000000ba8     0x1000 ./emlib/em_cmu.o
 .debug_loc     0x0000000000001ba8      0x4b4 ./emlib/em_gpio.o
 .debug_loc     0x000000000000205c      0x284 ./emlib/em_letimer.o
 .debug_loc     0x00000000000022e0      0x23c ./emlib/em_rtcc.o
 .debug_loc     0x000000000000251c       0xb8 ./emlib/em_system.o
 .debug_loc     0x00000000000025d4      0x6d2 ./emlib/em_usart.o
 .debug_loc     0x0000000000002ca6      0xeec ./kit_flashpwr/BRD4302A/mx25flash_spi.o